[2026-08-24T14:42:34.820+0000] {local_task_job_runner.py:120} INFO - ::group::Pre task execution logs
[2026-08-24T14:42:34.850+0000] {taskinstance.py:2076} INFO - Dependencies all met for dep_context=non-requeueable deps ti=<TaskInstance: dag_pipeline_ecommerce_olist.mover_dados_para_bronze manual__2026-08-24T14:42:18.171036+00:00 [queued]>
[2026-08-24T14:42:34.859+0000] {taskinstance.py:2076} INFO - Dependencies all met for dep_context=requeueable deps ti=<TaskInstance: dag_pipeline_ecommerce_olist.mover_dados_para_bronze manual__2026-08-24T14:42:18.171036+00:00 [queued]>
[2026-08-24T14:42:34.860+0000] {taskinstance.py:2306} INFO - Starting attempt 1 of 3
[2026-08-24T14:42:34.876+0000] {taskinstance.py:2330} INFO - Executing <Task(PythonOperator): mover_dados_para_bronze> on 2026-08-24 14:42:18.171036+00:00
[2026-08-24T14:42:34.885+0000] {warnings.py:110} WARNING - /home/***/.local/lib/python3.12/site-packages/***/task/task_runner/standard_task_runner.py:61: DeprecationWarning: This process (pid=122) is multi-threaded, use of fork() may lead to deadlocks in the child.
  pid = os.fork()

[2026-08-24T14:42:34.887+0000] {standard_task_runner.py:63} INFO - Started process 124 to run task
[2026-08-24T14:42:34.887+0000] {standard_task_runner.py:90} INFO - Running: ['***', 'tasks', 'run', 'dag_pipeline_ecommerce_olist', 'mover_dados_para_bronze', 'manual__2026-08-24T14:42:18.171036+00:00', '--job-id', '158', '--raw', '--subdir', 'DAGS_FOLDER/dag_pipeline.py', '--cfg-path', '/tmp/tmp2i9kgnam']
[2026-08-24T14:42:34.889+0000] {standard_task_runner.py:91} INFO - Job 158: Subtask mover_dados_para_bronze
[2026-08-24T14:42:34.956+0000] {task_command.py:426} INFO - Running <TaskInstance: dag_pipeline_ecommerce_olist.mover_dados_para_bronze manual__2026-08-24T14:42:18.171036+00:00 [running]> on host 62a41669850e
[2026-08-24T14:42:35.059+0000] {taskinstance.py:2648} INFO - Exporting env vars: AIRFLOW_CTX_DAG_OWNER='Tailan' AIRFLOW_CTX_DAG_ID='dag_pipeline_ecommerce_olist' AIRFLOW_CTX_TASK_ID='mover_dados_para_bronze' AIRFLOW_CTX_EXECUTION_DATE='2026-08-24T14:42:18.171036+00:00' AIRFLOW_CTX_TRY_NUMBER='1' AIRFLOW_CTX_DAG_RUN_ID='manual__2026-08-24T14:42:18.171036+00:00'
[2026-08-24T14:42:35.061+0000] {taskinstance.py:430} INFO - ::endgroup::
[2026-08-24T14:42:35.067+0000] {ingest_raw_to_bronze.py:34} INFO - Processando: olist_customers_dataset.csv -> /opt/***/data/bronze/customers.parquet
[2026-08-24T14:42:35.482+0000] {ingest_raw_to_bronze.py:34} INFO - Processando: olist_geolocation_dataset.csv -> /opt/***/data/bronze/geolocation.parquet
[2026-08-24T14:42:36.931+0000] {ingest_raw_to_bronze.py:34} INFO - Processando: olist_orders_dataset.csv -> /opt/***/data/bronze/orders.parquet
[2026-08-24T14:42:37.633+0000] {ingest_raw_to_bronze.py:34} INFO - Processando: olist_order_items_dataset.csv -> /opt/***/data/bronze/order_items.parquet
[2026-08-24T14:42:38.198+0000] {ingest_raw_to_bronze.py:34} INFO - Processando: olist_order_payments_dataset.csv -> /opt/***/data/bronze/order_payments.parquet
[2026-08-24T14:42:38.411+0000] {ingest_raw_to_bronze.py:34} INFO - Processando: olist_order_reviews_dataset.csv -> /opt/***/data/bronze/order_reviews.parquet
[2026-08-24T14:42:39.010+0000] {ingest_raw_to_bronze.py:34} INFO - Processando: olist_products_dataset.csv -> /opt/***/data/bronze/products.parquet
[2026-08-24T14:42:39.130+0000] {ingest_raw_to_bronze.py:34} INFO - Processando: olist_sellers_dataset.csv -> /opt/***/data/bronze/sellers.parquet
[2026-08-24T14:42:39.159+0000] {ingest_raw_to_bronze.py:34} INFO - Processando: product_category_name_translation.csv -> /opt/***/data/bronze/product_category_name_translation.parquet
[2026-08-24T14:42:39.177+0000] {python.py:237} INFO - Done. Returned value was: None
[2026-08-24T14:42:39.177+0000] {taskinstance.py:441} INFO - ::group::Post task execution logs
[2026-08-24T14:42:39.187+0000] {taskinstance.py:1206} INFO - Marking task as SUCCESS. dag_id=dag_pipeline_ecommerce_olist, task_id=mover_dados_para_bronze, run_id=manual__2026-08-24T14:42:18.171036+00:00, execution_date=20260824T144218, start_date=20260824T144234, end_date=20260824T144239
[2026-08-24T14:42:39.235+0000] {local_task_job_runner.py:240} INFO - Task exited with return code 0
[2026-08-24T14:42:39.265+0000] {taskinstance.py:3498} INFO - 1 downstream tasks scheduled from follow-on schedule check
[2026-08-24T14:42:39.267+0000] {local_task_job_runner.py:222} INFO - ::endgroup::
