[2026-08-27T14:54:49.054+0000] {processor.py:161} INFO - Started process (PID=84) to work on /opt/airflow/dags/dag_pipeline.py
[2026-08-27T14:54:49.057+0000] {processor.py:830} INFO - Processing file /opt/airflow/dags/dag_pipeline.py for tasks to queue
[2026-08-27T14:54:49.071+0000] {logging_mixin.py:188} INFO - [2026-08-27T14:54:49.070+0000] {dagbag.py:545} INFO - Filling up the DagBag from /opt/airflow/dags/dag_pipeline.py
[2026-08-27T14:54:51.860+0000] {processor.py:840} INFO - DAG(s) 'dag_pipeline_ecommerce_olist' retrieved from /opt/airflow/dags/dag_pipeline.py
[2026-08-27T14:54:52.228+0000] {logging_mixin.py:188} INFO - [2026-08-27T14:54:52.225+0000] {dag.py:3096} INFO - Sync 1 DAGs
[2026-08-27T14:54:52.297+0000] {logging_mixin.py:188} INFO - [2026-08-27T14:54:52.297+0000] {dag.py:3954} INFO - Setting next_dagrun for dag_pipeline_ecommerce_olist to 2026-08-24 00:00:00+00:00, run_after=2026-08-25 00:00:00+00:00
[2026-08-27T14:54:52.340+0000] {processor.py:183} INFO - Processing /opt/airflow/dags/dag_pipeline.py took 3.303 seconds
[2026-08-27T14:55:22.901+0000] {processor.py:161} INFO - Started process (PID=151) to work on /opt/airflow/dags/dag_pipeline.py
[2026-08-27T14:55:22.911+0000] {processor.py:830} INFO - Processing file /opt/airflow/dags/dag_pipeline.py for tasks to queue
[2026-08-27T14:55:22.956+0000] {logging_mixin.py:188} INFO - [2026-08-27T14:55:22.955+0000] {dagbag.py:545} INFO - Filling up the DagBag from /opt/airflow/dags/dag_pipeline.py
[2026-08-27T14:55:28.336+0000] {processor.py:840} INFO - DAG(s) 'dag_pipeline_ecommerce_olist' retrieved from /opt/airflow/dags/dag_pipeline.py
[2026-08-27T14:55:28.428+0000] {logging_mixin.py:188} INFO - [2026-08-27T14:55:28.427+0000] {dag.py:3096} INFO - Sync 1 DAGs
[2026-08-27T14:55:28.550+0000] {logging_mixin.py:188} INFO - [2026-08-27T14:55:28.550+0000] {dag.py:3954} INFO - Setting next_dagrun for dag_pipeline_ecommerce_olist to 2026-08-27 00:00:00+00:00, run_after=2026-08-28 00:00:00+00:00
[2026-08-27T14:55:28.683+0000] {processor.py:183} INFO - Processing /opt/airflow/dags/dag_pipeline.py took 5.871 seconds
[2026-08-27T14:55:58.818+0000] {processor.py:161} INFO - Started process (PID=215) to work on /opt/airflow/dags/dag_pipeline.py
[2026-08-27T14:55:58.820+0000] {processor.py:830} INFO - Processing file /opt/airflow/dags/dag_pipeline.py for tasks to queue
[2026-08-27T14:55:58.823+0000] {logging_mixin.py:188} INFO - [2026-08-27T14:55:58.823+0000] {dagbag.py:545} INFO - Filling up the DagBag from /opt/airflow/dags/dag_pipeline.py
[2026-08-27T14:55:59.899+0000] {processor.py:840} INFO - DAG(s) 'dag_pipeline_ecommerce_olist' retrieved from /opt/airflow/dags/dag_pipeline.py
[2026-08-27T14:55:59.926+0000] {logging_mixin.py:188} INFO - [2026-08-27T14:55:59.926+0000] {dag.py:3096} INFO - Sync 1 DAGs
[2026-08-27T14:55:59.956+0000] {logging_mixin.py:188} INFO - [2026-08-27T14:55:59.956+0000] {dag.py:3954} INFO - Setting next_dagrun for dag_pipeline_ecommerce_olist to 2026-08-27 00:00:00+00:00, run_after=2026-08-28 00:00:00+00:00
[2026-08-27T14:55:59.986+0000] {processor.py:183} INFO - Processing /opt/airflow/dags/dag_pipeline.py took 1.178 seconds
[2026-08-27T14:56:30.325+0000] {processor.py:161} INFO - Started process (PID=275) to work on /opt/airflow/dags/dag_pipeline.py
[2026-08-27T14:56:30.326+0000] {processor.py:830} INFO - Processing file /opt/airflow/dags/dag_pipeline.py for tasks to queue
[2026-08-27T14:56:30.329+0000] {logging_mixin.py:188} INFO - [2026-08-27T14:56:30.329+0000] {dagbag.py:545} INFO - Filling up the DagBag from /opt/airflow/dags/dag_pipeline.py
[2026-08-27T14:56:31.391+0000] {processor.py:840} INFO - DAG(s) 'dag_pipeline_ecommerce_olist' retrieved from /opt/airflow/dags/dag_pipeline.py
[2026-08-27T14:56:31.412+0000] {logging_mixin.py:188} INFO - [2026-08-27T14:56:31.411+0000] {dag.py:3096} INFO - Sync 1 DAGs
[2026-08-27T14:56:31.435+0000] {logging_mixin.py:188} INFO - [2026-08-27T14:56:31.434+0000] {dag.py:3954} INFO - Setting next_dagrun for dag_pipeline_ecommerce_olist to 2026-08-27 00:00:00+00:00, run_after=2026-08-28 00:00:00+00:00
[2026-08-27T14:56:31.457+0000] {processor.py:183} INFO - Processing /opt/airflow/dags/dag_pipeline.py took 1.139 seconds
[2026-08-27T14:57:01.554+0000] {processor.py:161} INFO - Started process (PID=338) to work on /opt/airflow/dags/dag_pipeline.py
[2026-08-27T14:57:01.556+0000] {processor.py:830} INFO - Processing file /opt/airflow/dags/dag_pipeline.py for tasks to queue
[2026-08-27T14:57:01.562+0000] {logging_mixin.py:188} INFO - [2026-08-27T14:57:01.561+0000] {dagbag.py:545} INFO - Filling up the DagBag from /opt/airflow/dags/dag_pipeline.py
[2026-08-27T14:57:02.957+0000] {processor.py:840} INFO - DAG(s) 'dag_pipeline_ecommerce_olist' retrieved from /opt/airflow/dags/dag_pipeline.py
[2026-08-27T14:57:02.986+0000] {logging_mixin.py:188} INFO - [2026-08-27T14:57:02.986+0000] {dag.py:3096} INFO - Sync 1 DAGs
[2026-08-27T14:57:03.014+0000] {logging_mixin.py:188} INFO - [2026-08-27T14:57:03.014+0000] {dag.py:3954} INFO - Setting next_dagrun for dag_pipeline_ecommerce_olist to 2026-08-27 00:00:00+00:00, run_after=2026-08-28 00:00:00+00:00
[2026-08-27T14:57:03.050+0000] {processor.py:183} INFO - Processing /opt/airflow/dags/dag_pipeline.py took 1.505 seconds
[2026-08-27T14:57:33.717+0000] {processor.py:161} INFO - Started process (PID=402) to work on /opt/airflow/dags/dag_pipeline.py
[2026-08-27T14:57:33.718+0000] {processor.py:830} INFO - Processing file /opt/airflow/dags/dag_pipeline.py for tasks to queue
[2026-08-27T14:57:33.720+0000] {logging_mixin.py:188} INFO - [2026-08-27T14:57:33.720+0000] {dagbag.py:545} INFO - Filling up the DagBag from /opt/airflow/dags/dag_pipeline.py
[2026-08-27T14:57:34.657+0000] {processor.py:840} INFO - DAG(s) 'dag_pipeline_ecommerce_olist' retrieved from /opt/airflow/dags/dag_pipeline.py
[2026-08-27T14:57:34.679+0000] {logging_mixin.py:188} INFO - [2026-08-27T14:57:34.678+0000] {dag.py:3096} INFO - Sync 1 DAGs
[2026-08-27T14:57:34.704+0000] {logging_mixin.py:188} INFO - [2026-08-27T14:57:34.704+0000] {dag.py:3954} INFO - Setting next_dagrun for dag_pipeline_ecommerce_olist to 2026-08-27 00:00:00+00:00, run_after=2026-08-28 00:00:00+00:00
[2026-08-27T14:57:34.724+0000] {processor.py:183} INFO - Processing /opt/airflow/dags/dag_pipeline.py took 1.015 seconds
[2026-08-27T14:58:05.376+0000] {processor.py:161} INFO - Started process (PID=464) to work on /opt/airflow/dags/dag_pipeline.py
[2026-08-27T14:58:05.398+0000] {processor.py:830} INFO - Processing file /opt/airflow/dags/dag_pipeline.py for tasks to queue
[2026-08-27T14:58:05.401+0000] {logging_mixin.py:188} INFO - [2026-08-27T14:58:05.401+0000] {dagbag.py:545} INFO - Filling up the DagBag from /opt/airflow/dags/dag_pipeline.py
[2026-08-27T14:58:06.888+0000] {processor.py:840} INFO - DAG(s) 'dag_pipeline_ecommerce_olist' retrieved from /opt/airflow/dags/dag_pipeline.py
[2026-08-27T14:58:06.911+0000] {logging_mixin.py:188} INFO - [2026-08-27T14:58:06.911+0000] {dag.py:3096} INFO - Sync 1 DAGs
[2026-08-27T14:58:06.944+0000] {logging_mixin.py:188} INFO - [2026-08-27T14:58:06.943+0000] {dag.py:3954} INFO - Setting next_dagrun for dag_pipeline_ecommerce_olist to 2026-08-27 00:00:00+00:00, run_after=2026-08-28 00:00:00+00:00
[2026-08-27T14:58:06.994+0000] {processor.py:183} INFO - Processing /opt/airflow/dags/dag_pipeline.py took 1.627 seconds
[2026-08-27T14:58:37.935+0000] {processor.py:161} INFO - Started process (PID=532) to work on /opt/airflow/dags/dag_pipeline.py
[2026-08-27T14:58:37.937+0000] {processor.py:830} INFO - Processing file /opt/airflow/dags/dag_pipeline.py for tasks to queue
[2026-08-27T14:58:37.944+0000] {logging_mixin.py:188} INFO - [2026-08-27T14:58:37.943+0000] {dagbag.py:545} INFO - Filling up the DagBag from /opt/airflow/dags/dag_pipeline.py
[2026-08-27T14:58:40.019+0000] {processor.py:840} INFO - DAG(s) 'dag_pipeline_ecommerce_olist' retrieved from /opt/airflow/dags/dag_pipeline.py
[2026-08-27T14:58:40.047+0000] {logging_mixin.py:188} INFO - [2026-08-27T14:58:40.046+0000] {dag.py:3096} INFO - Sync 1 DAGs
[2026-08-27T14:58:40.081+0000] {logging_mixin.py:188} INFO - [2026-08-27T14:58:40.081+0000] {dag.py:3954} INFO - Setting next_dagrun for dag_pipeline_ecommerce_olist to 2026-08-27 00:00:00+00:00, run_after=2026-08-28 00:00:00+00:00
[2026-08-27T14:58:40.120+0000] {processor.py:183} INFO - Processing /opt/airflow/dags/dag_pipeline.py took 2.196 seconds
