[2026-08-24T13:51:06.737+0000] {processor.py:161} INFO - Started process (PID=126) to work on /home/airflow/.local/lib/python3.12/site-packages/airflow/example_dags/example_sensors.py
[2026-08-24T13:51:06.739+0000] {processor.py:830} INFO - Processing file /home/airflow/.local/lib/python3.12/site-packages/airflow/example_dags/example_sensors.py for tasks to queue
[2026-08-24T13:51:06.742+0000] {logging_mixin.py:188} INFO - [2026-08-24T13:51:06.741+0000] {dagbag.py:545} INFO - Filling up the DagBag from /home/airflow/.local/lib/python3.12/site-packages/airflow/example_dags/example_sensors.py
[2026-08-24T13:51:06.755+0000] {processor.py:840} INFO - DAG(s) 'example_sensors' retrieved from /home/airflow/.local/lib/python3.12/site-packages/airflow/example_dags/example_sensors.py
[2026-08-24T13:51:06.930+0000] {logging_mixin.py:188} INFO - [2026-08-24T13:51:06.930+0000] {dag.py:3096} INFO - Sync 1 DAGs
[2026-08-24T13:51:06.945+0000] {logging_mixin.py:188} INFO - [2026-08-24T13:51:06.944+0000] {dag.py:3954} INFO - Setting next_dagrun for example_sensors to None, run_after=None
[2026-08-24T13:51:06.971+0000] {processor.py:183} INFO - Processing /home/airflow/.local/lib/python3.12/site-packages/airflow/example_dags/example_sensors.py took 0.242 seconds
[2026-08-24T13:51:45.069+0000] {processor.py:161} INFO - Started process (PID=113) to work on /home/airflow/.local/lib/python3.12/site-packages/airflow/example_dags/example_sensors.py
[2026-08-24T13:51:45.071+0000] {processor.py:830} INFO - Processing file /home/airflow/.local/lib/python3.12/site-packages/airflow/example_dags/example_sensors.py for tasks to queue
[2026-08-24T13:51:45.073+0000] {logging_mixin.py:188} INFO - [2026-08-24T13:51:45.073+0000] {dagbag.py:545} INFO - Filling up the DagBag from /home/airflow/.local/lib/python3.12/site-packages/airflow/example_dags/example_sensors.py
[2026-08-24T13:51:45.087+0000] {processor.py:840} INFO - DAG(s) 'example_sensors' retrieved from /home/airflow/.local/lib/python3.12/site-packages/airflow/example_dags/example_sensors.py
[2026-08-24T13:51:45.121+0000] {logging_mixin.py:188} INFO - [2026-08-24T13:51:45.120+0000] {dag.py:3096} INFO - Sync 1 DAGs
[2026-08-24T13:51:45.139+0000] {logging_mixin.py:188} INFO - [2026-08-24T13:51:45.139+0000] {dag.py:3954} INFO - Setting next_dagrun for example_sensors to None, run_after=None
[2026-08-24T13:51:45.163+0000] {processor.py:183} INFO - Processing /home/airflow/.local/lib/python3.12/site-packages/airflow/example_dags/example_sensors.py took 0.101 seconds
[2026-08-24T13:52:15.709+0000] {processor.py:161} INFO - Started process (PID=172) to work on /home/airflow/.local/lib/python3.12/site-packages/airflow/example_dags/example_sensors.py
[2026-08-24T13:52:15.711+0000] {processor.py:830} INFO - Processing file /home/airflow/.local/lib/python3.12/site-packages/airflow/example_dags/example_sensors.py for tasks to queue
[2026-08-24T13:52:15.714+0000] {logging_mixin.py:188} INFO - [2026-08-24T13:52:15.713+0000] {dagbag.py:545} INFO - Filling up the DagBag from /home/airflow/.local/lib/python3.12/site-packages/airflow/example_dags/example_sensors.py
[2026-08-24T13:52:15.730+0000] {processor.py:840} INFO - DAG(s) 'example_sensors' retrieved from /home/airflow/.local/lib/python3.12/site-packages/airflow/example_dags/example_sensors.py
[2026-08-24T13:52:15.780+0000] {logging_mixin.py:188} INFO - [2026-08-24T13:52:15.780+0000] {dag.py:3096} INFO - Sync 1 DAGs
[2026-08-24T13:52:15.803+0000] {logging_mixin.py:188} INFO - [2026-08-24T13:52:15.802+0000] {dag.py:3954} INFO - Setting next_dagrun for example_sensors to None, run_after=None
[2026-08-24T13:52:15.836+0000] {processor.py:183} INFO - Processing /home/airflow/.local/lib/python3.12/site-packages/airflow/example_dags/example_sensors.py took 0.136 seconds
[2026-08-24T13:52:46.184+0000] {processor.py:161} INFO - Started process (PID=231) to work on /home/airflow/.local/lib/python3.12/site-packages/airflow/example_dags/example_sensors.py
[2026-08-24T13:52:46.186+0000] {processor.py:830} INFO - Processing file /home/airflow/.local/lib/python3.12/site-packages/airflow/example_dags/example_sensors.py for tasks to queue
[2026-08-24T13:52:46.188+0000] {logging_mixin.py:188} INFO - [2026-08-24T13:52:46.188+0000] {dagbag.py:545} INFO - Filling up the DagBag from /home/airflow/.local/lib/python3.12/site-packages/airflow/example_dags/example_sensors.py
[2026-08-24T13:52:46.199+0000] {processor.py:840} INFO - DAG(s) 'example_sensors' retrieved from /home/airflow/.local/lib/python3.12/site-packages/airflow/example_dags/example_sensors.py
[2026-08-24T13:52:46.230+0000] {logging_mixin.py:188} INFO - [2026-08-24T13:52:46.230+0000] {dag.py:3096} INFO - Sync 1 DAGs
[2026-08-24T13:52:46.253+0000] {logging_mixin.py:188} INFO - [2026-08-24T13:52:46.252+0000] {dag.py:3954} INFO - Setting next_dagrun for example_sensors to None, run_after=None
[2026-08-24T13:52:46.283+0000] {processor.py:183} INFO - Processing /home/airflow/.local/lib/python3.12/site-packages/airflow/example_dags/example_sensors.py took 0.106 seconds
[2026-08-24T13:53:17.049+0000] {processor.py:161} INFO - Started process (PID=290) to work on /home/airflow/.local/lib/python3.12/site-packages/airflow/example_dags/example_sensors.py
[2026-08-24T13:53:17.051+0000] {processor.py:830} INFO - Processing file /home/airflow/.local/lib/python3.12/site-packages/airflow/example_dags/example_sensors.py for tasks to queue
[2026-08-24T13:53:17.055+0000] {logging_mixin.py:188} INFO - [2026-08-24T13:53:17.054+0000] {dagbag.py:545} INFO - Filling up the DagBag from /home/airflow/.local/lib/python3.12/site-packages/airflow/example_dags/example_sensors.py
[2026-08-24T13:53:17.067+0000] {processor.py:840} INFO - DAG(s) 'example_sensors' retrieved from /home/airflow/.local/lib/python3.12/site-packages/airflow/example_dags/example_sensors.py
[2026-08-24T13:53:17.098+0000] {logging_mixin.py:188} INFO - [2026-08-24T13:53:17.098+0000] {dag.py:3096} INFO - Sync 1 DAGs
[2026-08-24T13:53:17.113+0000] {logging_mixin.py:188} INFO - [2026-08-24T13:53:17.113+0000] {dag.py:3954} INFO - Setting next_dagrun for example_sensors to None, run_after=None
[2026-08-24T13:53:17.135+0000] {processor.py:183} INFO - Processing /home/airflow/.local/lib/python3.12/site-packages/airflow/example_dags/example_sensors.py took 0.094 seconds
[2026-08-24T13:53:47.905+0000] {processor.py:161} INFO - Started process (PID=349) to work on /home/airflow/.local/lib/python3.12/site-packages/airflow/example_dags/example_sensors.py
[2026-08-24T13:53:47.907+0000] {processor.py:830} INFO - Processing file /home/airflow/.local/lib/python3.12/site-packages/airflow/example_dags/example_sensors.py for tasks to queue
[2026-08-24T13:53:47.910+0000] {logging_mixin.py:188} INFO - [2026-08-24T13:53:47.909+0000] {dagbag.py:545} INFO - Filling up the DagBag from /home/airflow/.local/lib/python3.12/site-packages/airflow/example_dags/example_sensors.py
[2026-08-24T13:53:47.921+0000] {processor.py:840} INFO - DAG(s) 'example_sensors' retrieved from /home/airflow/.local/lib/python3.12/site-packages/airflow/example_dags/example_sensors.py
[2026-08-24T13:53:47.980+0000] {logging_mixin.py:188} INFO - [2026-08-24T13:53:47.980+0000] {dag.py:3096} INFO - Sync 1 DAGs
[2026-08-24T13:53:47.996+0000] {logging_mixin.py:188} INFO - [2026-08-24T13:53:47.995+0000] {dag.py:3954} INFO - Setting next_dagrun for example_sensors to None, run_after=None
[2026-08-24T13:53:48.018+0000] {processor.py:183} INFO - Processing /home/airflow/.local/lib/python3.12/site-packages/airflow/example_dags/example_sensors.py took 0.123 seconds
[2026-08-24T13:54:18.922+0000] {processor.py:161} INFO - Started process (PID=408) to work on /home/airflow/.local/lib/python3.12/site-packages/airflow/example_dags/example_sensors.py
[2026-08-24T13:54:18.923+0000] {processor.py:830} INFO - Processing file /home/airflow/.local/lib/python3.12/site-packages/airflow/example_dags/example_sensors.py for tasks to queue
[2026-08-24T13:54:18.926+0000] {logging_mixin.py:188} INFO - [2026-08-24T13:54:18.925+0000] {dagbag.py:545} INFO - Filling up the DagBag from /home/airflow/.local/lib/python3.12/site-packages/airflow/example_dags/example_sensors.py
[2026-08-24T13:54:18.938+0000] {processor.py:840} INFO - DAG(s) 'example_sensors' retrieved from /home/airflow/.local/lib/python3.12/site-packages/airflow/example_dags/example_sensors.py
[2026-08-24T13:54:18.986+0000] {logging_mixin.py:188} INFO - [2026-08-24T13:54:18.986+0000] {dag.py:3096} INFO - Sync 1 DAGs
[2026-08-24T13:54:19.013+0000] {logging_mixin.py:188} INFO - [2026-08-24T13:54:19.013+0000] {dag.py:3954} INFO - Setting next_dagrun for example_sensors to None, run_after=None
[2026-08-24T13:54:19.050+0000] {processor.py:183} INFO - Processing /home/airflow/.local/lib/python3.12/site-packages/airflow/example_dags/example_sensors.py took 0.137 seconds
[2026-08-24T13:54:49.096+0000] {processor.py:161} INFO - Started process (PID=466) to work on /home/airflow/.local/lib/python3.12/site-packages/airflow/example_dags/example_sensors.py
[2026-08-24T13:54:49.098+0000] {processor.py:830} INFO - Processing file /home/airflow/.local/lib/python3.12/site-packages/airflow/example_dags/example_sensors.py for tasks to queue
[2026-08-24T13:54:49.101+0000] {logging_mixin.py:188} INFO - [2026-08-24T13:54:49.100+0000] {dagbag.py:545} INFO - Filling up the DagBag from /home/airflow/.local/lib/python3.12/site-packages/airflow/example_dags/example_sensors.py
[2026-08-24T13:54:49.112+0000] {processor.py:840} INFO - DAG(s) 'example_sensors' retrieved from /home/airflow/.local/lib/python3.12/site-packages/airflow/example_dags/example_sensors.py
[2026-08-24T13:54:49.127+0000] {logging_mixin.py:188} INFO - [2026-08-24T13:54:49.127+0000] {dag.py:3096} INFO - Sync 1 DAGs
[2026-08-24T13:54:49.147+0000] {logging_mixin.py:188} INFO - [2026-08-24T13:54:49.147+0000] {dag.py:3954} INFO - Setting next_dagrun for example_sensors to None, run_after=None
[2026-08-24T13:54:49.176+0000] {processor.py:183} INFO - Processing /home/airflow/.local/lib/python3.12/site-packages/airflow/example_dags/example_sensors.py took 0.088 seconds
[2026-08-24T13:55:25.527+0000] {processor.py:161} INFO - Started process (PID=525) to work on /home/airflow/.local/lib/python3.12/site-packages/airflow/example_dags/example_sensors.py
[2026-08-24T13:55:25.529+0000] {processor.py:830} INFO - Processing file /home/airflow/.local/lib/python3.12/site-packages/airflow/example_dags/example_sensors.py for tasks to queue
[2026-08-24T13:55:25.533+0000] {logging_mixin.py:188} INFO - [2026-08-24T13:55:25.532+0000] {dagbag.py:545} INFO - Filling up the DagBag from /home/airflow/.local/lib/python3.12/site-packages/airflow/example_dags/example_sensors.py
[2026-08-24T13:55:25.550+0000] {processor.py:840} INFO - DAG(s) 'example_sensors' retrieved from /home/airflow/.local/lib/python3.12/site-packages/airflow/example_dags/example_sensors.py
[2026-08-24T13:55:25.746+0000] {logging_mixin.py:188} INFO - [2026-08-24T13:55:25.746+0000] {dag.py:3096} INFO - Sync 1 DAGs
[2026-08-24T13:55:25.769+0000] {logging_mixin.py:188} INFO - [2026-08-24T13:55:25.769+0000] {dag.py:3954} INFO - Setting next_dagrun for example_sensors to None, run_after=None
[2026-08-24T13:55:25.806+0000] {processor.py:183} INFO - Processing /home/airflow/.local/lib/python3.12/site-packages/airflow/example_dags/example_sensors.py took 0.290 seconds
[2026-08-24T13:55:56.772+0000] {processor.py:161} INFO - Started process (PID=586) to work on /home/airflow/.local/lib/python3.12/site-packages/airflow/example_dags/example_sensors.py
[2026-08-24T13:55:56.774+0000] {processor.py:830} INFO - Processing file /home/airflow/.local/lib/python3.12/site-packages/airflow/example_dags/example_sensors.py for tasks to queue
[2026-08-24T13:55:56.777+0000] {logging_mixin.py:188} INFO - [2026-08-24T13:55:56.776+0000] {dagbag.py:545} INFO - Filling up the DagBag from /home/airflow/.local/lib/python3.12/site-packages/airflow/example_dags/example_sensors.py
[2026-08-24T13:55:56.793+0000] {processor.py:840} INFO - DAG(s) 'example_sensors' retrieved from /home/airflow/.local/lib/python3.12/site-packages/airflow/example_dags/example_sensors.py
[2026-08-24T13:55:56.860+0000] {logging_mixin.py:188} INFO - [2026-08-24T13:55:56.859+0000] {dag.py:3096} INFO - Sync 1 DAGs
[2026-08-24T13:55:56.896+0000] {logging_mixin.py:188} INFO - [2026-08-24T13:55:56.896+0000] {dag.py:3954} INFO - Setting next_dagrun for example_sensors to None, run_after=None
[2026-08-24T13:55:56.945+0000] {processor.py:183} INFO - Processing /home/airflow/.local/lib/python3.12/site-packages/airflow/example_dags/example_sensors.py took 0.183 seconds
[2026-08-24T13:56:27.129+0000] {processor.py:161} INFO - Started process (PID=645) to work on /home/airflow/.local/lib/python3.12/site-packages/airflow/example_dags/example_sensors.py
[2026-08-24T13:56:27.131+0000] {processor.py:830} INFO - Processing file /home/airflow/.local/lib/python3.12/site-packages/airflow/example_dags/example_sensors.py for tasks to queue
[2026-08-24T13:56:27.139+0000] {logging_mixin.py:188} INFO - [2026-08-24T13:56:27.136+0000] {dagbag.py:545} INFO - Filling up the DagBag from /home/airflow/.local/lib/python3.12/site-packages/airflow/example_dags/example_sensors.py
[2026-08-24T13:56:27.157+0000] {processor.py:840} INFO - DAG(s) 'example_sensors' retrieved from /home/airflow/.local/lib/python3.12/site-packages/airflow/example_dags/example_sensors.py
[2026-08-24T13:56:27.213+0000] {logging_mixin.py:188} INFO - [2026-08-24T13:56:27.212+0000] {dag.py:3096} INFO - Sync 1 DAGs
[2026-08-24T13:56:27.238+0000] {logging_mixin.py:188} INFO - [2026-08-24T13:56:27.238+0000] {dag.py:3954} INFO - Setting next_dagrun for example_sensors to None, run_after=None
[2026-08-24T13:56:27.274+0000] {processor.py:183} INFO - Processing /home/airflow/.local/lib/python3.12/site-packages/airflow/example_dags/example_sensors.py took 0.156 seconds
[2026-08-24T13:56:57.415+0000] {processor.py:161} INFO - Started process (PID=704) to work on /home/airflow/.local/lib/python3.12/site-packages/airflow/example_dags/example_sensors.py
[2026-08-24T13:56:57.417+0000] {processor.py:830} INFO - Processing file /home/airflow/.local/lib/python3.12/site-packages/airflow/example_dags/example_sensors.py for tasks to queue
[2026-08-24T13:56:57.420+0000] {logging_mixin.py:188} INFO - [2026-08-24T13:56:57.419+0000] {dagbag.py:545} INFO - Filling up the DagBag from /home/airflow/.local/lib/python3.12/site-packages/airflow/example_dags/example_sensors.py
[2026-08-24T13:56:57.433+0000] {processor.py:840} INFO - DAG(s) 'example_sensors' retrieved from /home/airflow/.local/lib/python3.12/site-packages/airflow/example_dags/example_sensors.py
[2026-08-24T13:56:57.471+0000] {logging_mixin.py:188} INFO - [2026-08-24T13:56:57.470+0000] {dag.py:3096} INFO - Sync 1 DAGs
[2026-08-24T13:56:57.488+0000] {logging_mixin.py:188} INFO - [2026-08-24T13:56:57.488+0000] {dag.py:3954} INFO - Setting next_dagrun for example_sensors to None, run_after=None
[2026-08-24T13:56:57.520+0000] {processor.py:183} INFO - Processing /home/airflow/.local/lib/python3.12/site-packages/airflow/example_dags/example_sensors.py took 0.115 seconds
[2026-08-24T13:57:27.878+0000] {processor.py:161} INFO - Started process (PID=764) to work on /home/airflow/.local/lib/python3.12/site-packages/airflow/example_dags/example_sensors.py
[2026-08-24T13:57:27.880+0000] {processor.py:830} INFO - Processing file /home/airflow/.local/lib/python3.12/site-packages/airflow/example_dags/example_sensors.py for tasks to queue
[2026-08-24T13:57:27.882+0000] {logging_mixin.py:188} INFO - [2026-08-24T13:57:27.881+0000] {dagbag.py:545} INFO - Filling up the DagBag from /home/airflow/.local/lib/python3.12/site-packages/airflow/example_dags/example_sensors.py
[2026-08-24T13:57:27.894+0000] {processor.py:840} INFO - DAG(s) 'example_sensors' retrieved from /home/airflow/.local/lib/python3.12/site-packages/airflow/example_dags/example_sensors.py
[2026-08-24T13:57:27.925+0000] {logging_mixin.py:188} INFO - [2026-08-24T13:57:27.924+0000] {dag.py:3096} INFO - Sync 1 DAGs
[2026-08-24T13:57:27.940+0000] {logging_mixin.py:188} INFO - [2026-08-24T13:57:27.940+0000] {dag.py:3954} INFO - Setting next_dagrun for example_sensors to None, run_after=None
[2026-08-24T13:57:27.965+0000] {processor.py:183} INFO - Processing /home/airflow/.local/lib/python3.12/site-packages/airflow/example_dags/example_sensors.py took 0.095 seconds
[2026-08-24T13:57:58.680+0000] {processor.py:161} INFO - Started process (PID=823) to work on /home/airflow/.local/lib/python3.12/site-packages/airflow/example_dags/example_sensors.py
[2026-08-24T13:57:58.681+0000] {processor.py:830} INFO - Processing file /home/airflow/.local/lib/python3.12/site-packages/airflow/example_dags/example_sensors.py for tasks to queue
[2026-08-24T13:57:58.684+0000] {logging_mixin.py:188} INFO - [2026-08-24T13:57:58.683+0000] {dagbag.py:545} INFO - Filling up the DagBag from /home/airflow/.local/lib/python3.12/site-packages/airflow/example_dags/example_sensors.py
[2026-08-24T13:57:58.696+0000] {processor.py:840} INFO - DAG(s) 'example_sensors' retrieved from /home/airflow/.local/lib/python3.12/site-packages/airflow/example_dags/example_sensors.py
[2026-08-24T13:57:58.728+0000] {logging_mixin.py:188} INFO - [2026-08-24T13:57:58.728+0000] {dag.py:3096} INFO - Sync 1 DAGs
[2026-08-24T13:57:58.745+0000] {logging_mixin.py:188} INFO - [2026-08-24T13:57:58.745+0000] {dag.py:3954} INFO - Setting next_dagrun for example_sensors to None, run_after=None
[2026-08-24T13:57:58.876+0000] {processor.py:183} INFO - Processing /home/airflow/.local/lib/python3.12/site-packages/airflow/example_dags/example_sensors.py took 0.205 seconds
[2026-08-24T13:58:29.870+0000] {processor.py:161} INFO - Started process (PID=883) to work on /home/airflow/.local/lib/python3.12/site-packages/airflow/example_dags/example_sensors.py
[2026-08-24T13:58:29.871+0000] {processor.py:830} INFO - Processing file /home/airflow/.local/lib/python3.12/site-packages/airflow/example_dags/example_sensors.py for tasks to queue
[2026-08-24T13:58:29.874+0000] {logging_mixin.py:188} INFO - [2026-08-24T13:58:29.873+0000] {dagbag.py:545} INFO - Filling up the DagBag from /home/airflow/.local/lib/python3.12/site-packages/airflow/example_dags/example_sensors.py
[2026-08-24T13:58:29.885+0000] {processor.py:840} INFO - DAG(s) 'example_sensors' retrieved from /home/airflow/.local/lib/python3.12/site-packages/airflow/example_dags/example_sensors.py
[2026-08-24T13:58:29.914+0000] {logging_mixin.py:188} INFO - [2026-08-24T13:58:29.914+0000] {dag.py:3096} INFO - Sync 1 DAGs
[2026-08-24T13:58:29.930+0000] {logging_mixin.py:188} INFO - [2026-08-24T13:58:29.930+0000] {dag.py:3954} INFO - Setting next_dagrun for example_sensors to None, run_after=None
[2026-08-24T13:58:29.954+0000] {processor.py:183} INFO - Processing /home/airflow/.local/lib/python3.12/site-packages/airflow/example_dags/example_sensors.py took 0.092 seconds
[2026-08-24T13:59:00.128+0000] {processor.py:161} INFO - Started process (PID=942) to work on /home/airflow/.local/lib/python3.12/site-packages/airflow/example_dags/example_sensors.py
[2026-08-24T13:59:00.129+0000] {processor.py:830} INFO - Processing file /home/airflow/.local/lib/python3.12/site-packages/airflow/example_dags/example_sensors.py for tasks to queue
[2026-08-24T13:59:00.132+0000] {logging_mixin.py:188} INFO - [2026-08-24T13:59:00.131+0000] {dagbag.py:545} INFO - Filling up the DagBag from /home/airflow/.local/lib/python3.12/site-packages/airflow/example_dags/example_sensors.py
[2026-08-24T13:59:00.148+0000] {processor.py:840} INFO - DAG(s) 'example_sensors' retrieved from /home/airflow/.local/lib/python3.12/site-packages/airflow/example_dags/example_sensors.py
[2026-08-24T13:59:00.191+0000] {logging_mixin.py:188} INFO - [2026-08-24T13:59:00.190+0000] {dag.py:3096} INFO - Sync 1 DAGs
[2026-08-24T13:59:00.209+0000] {logging_mixin.py:188} INFO - [2026-08-24T13:59:00.209+0000] {dag.py:3954} INFO - Setting next_dagrun for example_sensors to None, run_after=None
[2026-08-24T13:59:00.246+0000] {processor.py:183} INFO - Processing /home/airflow/.local/lib/python3.12/site-packages/airflow/example_dags/example_sensors.py took 0.125 seconds
[2026-08-24T14:00:40.717+0000] {processor.py:161} INFO - Started process (PID=125) to work on /home/airflow/.local/lib/python3.12/site-packages/airflow/example_dags/example_sensors.py
[2026-08-24T14:00:40.719+0000] {processor.py:830} INFO - Processing file /home/airflow/.local/lib/python3.12/site-packages/airflow/example_dags/example_sensors.py for tasks to queue
[2026-08-24T14:00:40.722+0000] {logging_mixin.py:188} INFO - [2026-08-24T14:00:40.721+0000] {dagbag.py:545} INFO - Filling up the DagBag from /home/airflow/.local/lib/python3.12/site-packages/airflow/example_dags/example_sensors.py
[2026-08-24T14:00:40.741+0000] {processor.py:840} INFO - DAG(s) 'example_sensors' retrieved from /home/airflow/.local/lib/python3.12/site-packages/airflow/example_dags/example_sensors.py
[2026-08-24T14:00:40.919+0000] {logging_mixin.py:188} INFO - [2026-08-24T14:00:40.918+0000] {dag.py:3096} INFO - Sync 1 DAGs
[2026-08-24T14:00:40.936+0000] {logging_mixin.py:188} INFO - [2026-08-24T14:00:40.936+0000] {dag.py:3954} INFO - Setting next_dagrun for example_sensors to None, run_after=None
[2026-08-24T14:00:40.969+0000] {processor.py:183} INFO - Processing /home/airflow/.local/lib/python3.12/site-packages/airflow/example_dags/example_sensors.py took 0.263 seconds
[2026-08-24T14:01:11.489+0000] {processor.py:161} INFO - Started process (PID=184) to work on /home/airflow/.local/lib/python3.12/site-packages/airflow/example_dags/example_sensors.py
[2026-08-24T14:01:11.490+0000] {processor.py:830} INFO - Processing file /home/airflow/.local/lib/python3.12/site-packages/airflow/example_dags/example_sensors.py for tasks to queue
[2026-08-24T14:01:11.494+0000] {logging_mixin.py:188} INFO - [2026-08-24T14:01:11.493+0000] {dagbag.py:545} INFO - Filling up the DagBag from /home/airflow/.local/lib/python3.12/site-packages/airflow/example_dags/example_sensors.py
[2026-08-24T14:01:11.511+0000] {processor.py:840} INFO - DAG(s) 'example_sensors' retrieved from /home/airflow/.local/lib/python3.12/site-packages/airflow/example_dags/example_sensors.py
[2026-08-24T14:01:11.561+0000] {logging_mixin.py:188} INFO - [2026-08-24T14:01:11.560+0000] {dag.py:3096} INFO - Sync 1 DAGs
[2026-08-24T14:01:11.587+0000] {logging_mixin.py:188} INFO - [2026-08-24T14:01:11.587+0000] {dag.py:3954} INFO - Setting next_dagrun for example_sensors to None, run_after=None
[2026-08-24T14:01:11.624+0000] {processor.py:183} INFO - Processing /home/airflow/.local/lib/python3.12/site-packages/airflow/example_dags/example_sensors.py took 0.146 seconds
[2026-08-24T14:01:41.727+0000] {processor.py:161} INFO - Started process (PID=243) to work on /home/airflow/.local/lib/python3.12/site-packages/airflow/example_dags/example_sensors.py
[2026-08-24T14:01:41.728+0000] {processor.py:830} INFO - Processing file /home/airflow/.local/lib/python3.12/site-packages/airflow/example_dags/example_sensors.py for tasks to queue
[2026-08-24T14:01:41.731+0000] {logging_mixin.py:188} INFO - [2026-08-24T14:01:41.730+0000] {dagbag.py:545} INFO - Filling up the DagBag from /home/airflow/.local/lib/python3.12/site-packages/airflow/example_dags/example_sensors.py
[2026-08-24T14:01:41.744+0000] {processor.py:840} INFO - DAG(s) 'example_sensors' retrieved from /home/airflow/.local/lib/python3.12/site-packages/airflow/example_dags/example_sensors.py
[2026-08-24T14:01:41.778+0000] {logging_mixin.py:188} INFO - [2026-08-24T14:01:41.777+0000] {dag.py:3096} INFO - Sync 1 DAGs
[2026-08-24T14:01:41.798+0000] {logging_mixin.py:188} INFO - [2026-08-24T14:01:41.798+0000] {dag.py:3954} INFO - Setting next_dagrun for example_sensors to None, run_after=None
[2026-08-24T14:01:41.823+0000] {processor.py:183} INFO - Processing /home/airflow/.local/lib/python3.12/site-packages/airflow/example_dags/example_sensors.py took 0.106 seconds
[2026-08-24T14:02:12.101+0000] {processor.py:161} INFO - Started process (PID=302) to work on /home/airflow/.local/lib/python3.12/site-packages/airflow/example_dags/example_sensors.py
[2026-08-24T14:02:12.102+0000] {processor.py:830} INFO - Processing file /home/airflow/.local/lib/python3.12/site-packages/airflow/example_dags/example_sensors.py for tasks to queue
[2026-08-24T14:02:12.105+0000] {logging_mixin.py:188} INFO - [2026-08-24T14:02:12.105+0000] {dagbag.py:545} INFO - Filling up the DagBag from /home/airflow/.local/lib/python3.12/site-packages/airflow/example_dags/example_sensors.py
[2026-08-24T14:02:12.118+0000] {processor.py:840} INFO - DAG(s) 'example_sensors' retrieved from /home/airflow/.local/lib/python3.12/site-packages/airflow/example_dags/example_sensors.py
[2026-08-24T14:02:12.152+0000] {logging_mixin.py:188} INFO - [2026-08-24T14:02:12.152+0000] {dag.py:3096} INFO - Sync 1 DAGs
[2026-08-24T14:02:12.169+0000] {logging_mixin.py:188} INFO - [2026-08-24T14:02:12.169+0000] {dag.py:3954} INFO - Setting next_dagrun for example_sensors to None, run_after=None
[2026-08-24T14:02:12.202+0000] {processor.py:183} INFO - Processing /home/airflow/.local/lib/python3.12/site-packages/airflow/example_dags/example_sensors.py took 0.109 seconds
[2026-08-24T14:02:42.392+0000] {processor.py:161} INFO - Started process (PID=362) to work on /home/airflow/.local/lib/python3.12/site-packages/airflow/example_dags/example_sensors.py
[2026-08-24T14:02:42.394+0000] {processor.py:830} INFO - Processing file /home/airflow/.local/lib/python3.12/site-packages/airflow/example_dags/example_sensors.py for tasks to queue
[2026-08-24T14:02:42.396+0000] {logging_mixin.py:188} INFO - [2026-08-24T14:02:42.396+0000] {dagbag.py:545} INFO - Filling up the DagBag from /home/airflow/.local/lib/python3.12/site-packages/airflow/example_dags/example_sensors.py
[2026-08-24T14:02:42.407+0000] {processor.py:840} INFO - DAG(s) 'example_sensors' retrieved from /home/airflow/.local/lib/python3.12/site-packages/airflow/example_dags/example_sensors.py
[2026-08-24T14:02:42.438+0000] {logging_mixin.py:188} INFO - [2026-08-24T14:02:42.438+0000] {dag.py:3096} INFO - Sync 1 DAGs
[2026-08-24T14:02:42.457+0000] {logging_mixin.py:188} INFO - [2026-08-24T14:02:42.456+0000] {dag.py:3954} INFO - Setting next_dagrun for example_sensors to None, run_after=None
[2026-08-24T14:02:42.481+0000] {processor.py:183} INFO - Processing /home/airflow/.local/lib/python3.12/site-packages/airflow/example_dags/example_sensors.py took 0.095 seconds
[2026-08-24T14:07:43.955+0000] {processor.py:161} INFO - Started process (PID=131) to work on /home/airflow/.local/lib/python3.12/site-packages/airflow/example_dags/example_sensors.py
[2026-08-24T14:07:43.956+0000] {processor.py:830} INFO - Processing file /home/airflow/.local/lib/python3.12/site-packages/airflow/example_dags/example_sensors.py for tasks to queue
[2026-08-24T14:07:43.959+0000] {logging_mixin.py:188} INFO - [2026-08-24T14:07:43.958+0000] {dagbag.py:545} INFO - Filling up the DagBag from /home/airflow/.local/lib/python3.12/site-packages/airflow/example_dags/example_sensors.py
[2026-08-24T14:07:43.981+0000] {processor.py:840} INFO - DAG(s) 'example_sensors' retrieved from /home/airflow/.local/lib/python3.12/site-packages/airflow/example_dags/example_sensors.py
[2026-08-24T14:07:44.142+0000] {logging_mixin.py:188} INFO - [2026-08-24T14:07:44.142+0000] {dag.py:3096} INFO - Sync 1 DAGs
[2026-08-24T14:07:44.155+0000] {logging_mixin.py:188} INFO - [2026-08-24T14:07:44.155+0000] {dag.py:3954} INFO - Setting next_dagrun for example_sensors to None, run_after=None
[2026-08-24T14:07:44.181+0000] {processor.py:183} INFO - Processing /home/airflow/.local/lib/python3.12/site-packages/airflow/example_dags/example_sensors.py took 0.235 seconds
[2026-08-24T14:08:14.346+0000] {processor.py:161} INFO - Started process (PID=190) to work on /home/airflow/.local/lib/python3.12/site-packages/airflow/example_dags/example_sensors.py
[2026-08-24T14:08:14.348+0000] {processor.py:830} INFO - Processing file /home/airflow/.local/lib/python3.12/site-packages/airflow/example_dags/example_sensors.py for tasks to queue
[2026-08-24T14:08:14.352+0000] {logging_mixin.py:188} INFO - [2026-08-24T14:08:14.352+0000] {dagbag.py:545} INFO - Filling up the DagBag from /home/airflow/.local/lib/python3.12/site-packages/airflow/example_dags/example_sensors.py
[2026-08-24T14:08:14.368+0000] {processor.py:840} INFO - DAG(s) 'example_sensors' retrieved from /home/airflow/.local/lib/python3.12/site-packages/airflow/example_dags/example_sensors.py
[2026-08-24T14:08:14.417+0000] {logging_mixin.py:188} INFO - [2026-08-24T14:08:14.416+0000] {dag.py:3096} INFO - Sync 1 DAGs
[2026-08-24T14:08:14.443+0000] {logging_mixin.py:188} INFO - [2026-08-24T14:08:14.443+0000] {dag.py:3954} INFO - Setting next_dagrun for example_sensors to None, run_after=None
[2026-08-24T14:08:14.472+0000] {processor.py:183} INFO - Processing /home/airflow/.local/lib/python3.12/site-packages/airflow/example_dags/example_sensors.py took 0.136 seconds
[2026-08-24T14:08:44.532+0000] {processor.py:161} INFO - Started process (PID=249) to work on /home/airflow/.local/lib/python3.12/site-packages/airflow/example_dags/example_sensors.py
[2026-08-24T14:08:44.533+0000] {processor.py:830} INFO - Processing file /home/airflow/.local/lib/python3.12/site-packages/airflow/example_dags/example_sensors.py for tasks to queue
[2026-08-24T14:08:44.537+0000] {logging_mixin.py:188} INFO - [2026-08-24T14:08:44.536+0000] {dagbag.py:545} INFO - Filling up the DagBag from /home/airflow/.local/lib/python3.12/site-packages/airflow/example_dags/example_sensors.py
[2026-08-24T14:08:44.550+0000] {processor.py:840} INFO - DAG(s) 'example_sensors' retrieved from /home/airflow/.local/lib/python3.12/site-packages/airflow/example_dags/example_sensors.py
[2026-08-24T14:08:44.585+0000] {logging_mixin.py:188} INFO - [2026-08-24T14:08:44.584+0000] {dag.py:3096} INFO - Sync 1 DAGs
[2026-08-24T14:08:44.602+0000] {logging_mixin.py:188} INFO - [2026-08-24T14:08:44.602+0000] {dag.py:3954} INFO - Setting next_dagrun for example_sensors to None, run_after=None
[2026-08-24T14:08:44.630+0000] {processor.py:183} INFO - Processing /home/airflow/.local/lib/python3.12/site-packages/airflow/example_dags/example_sensors.py took 0.105 seconds
[2026-08-24T14:09:15.415+0000] {processor.py:161} INFO - Started process (PID=308) to work on /home/airflow/.local/lib/python3.12/site-packages/airflow/example_dags/example_sensors.py
[2026-08-24T14:09:15.416+0000] {processor.py:830} INFO - Processing file /home/airflow/.local/lib/python3.12/site-packages/airflow/example_dags/example_sensors.py for tasks to queue
[2026-08-24T14:09:15.418+0000] {logging_mixin.py:188} INFO - [2026-08-24T14:09:15.418+0000] {dagbag.py:545} INFO - Filling up the DagBag from /home/airflow/.local/lib/python3.12/site-packages/airflow/example_dags/example_sensors.py
[2026-08-24T14:09:15.431+0000] {processor.py:840} INFO - DAG(s) 'example_sensors' retrieved from /home/airflow/.local/lib/python3.12/site-packages/airflow/example_dags/example_sensors.py
[2026-08-24T14:09:15.465+0000] {logging_mixin.py:188} INFO - [2026-08-24T14:09:15.465+0000] {dag.py:3096} INFO - Sync 1 DAGs
[2026-08-24T14:09:15.486+0000] {logging_mixin.py:188} INFO - [2026-08-24T14:09:15.486+0000] {dag.py:3954} INFO - Setting next_dagrun for example_sensors to None, run_after=None
[2026-08-24T14:09:15.512+0000] {processor.py:183} INFO - Processing /home/airflow/.local/lib/python3.12/site-packages/airflow/example_dags/example_sensors.py took 0.104 seconds
[2026-08-24T14:09:45.928+0000] {processor.py:161} INFO - Started process (PID=367) to work on /home/airflow/.local/lib/python3.12/site-packages/airflow/example_dags/example_sensors.py
[2026-08-24T14:09:45.930+0000] {processor.py:830} INFO - Processing file /home/airflow/.local/lib/python3.12/site-packages/airflow/example_dags/example_sensors.py for tasks to queue
[2026-08-24T14:09:45.933+0000] {logging_mixin.py:188} INFO - [2026-08-24T14:09:45.933+0000] {dagbag.py:545} INFO - Filling up the DagBag from /home/airflow/.local/lib/python3.12/site-packages/airflow/example_dags/example_sensors.py
[2026-08-24T14:09:45.949+0000] {processor.py:840} INFO - DAG(s) 'example_sensors' retrieved from /home/airflow/.local/lib/python3.12/site-packages/airflow/example_dags/example_sensors.py
[2026-08-24T14:09:45.992+0000] {logging_mixin.py:188} INFO - [2026-08-24T14:09:45.992+0000] {dag.py:3096} INFO - Sync 1 DAGs
[2026-08-24T14:09:46.020+0000] {logging_mixin.py:188} INFO - [2026-08-24T14:09:46.019+0000] {dag.py:3954} INFO - Setting next_dagrun for example_sensors to None, run_after=None
[2026-08-24T14:09:46.058+0000] {processor.py:183} INFO - Processing /home/airflow/.local/lib/python3.12/site-packages/airflow/example_dags/example_sensors.py took 0.139 seconds
[2026-08-24T14:10:16.477+0000] {processor.py:161} INFO - Started process (PID=426) to work on /home/airflow/.local/lib/python3.12/site-packages/airflow/example_dags/example_sensors.py
[2026-08-24T14:10:16.478+0000] {processor.py:830} INFO - Processing file /home/airflow/.local/lib/python3.12/site-packages/airflow/example_dags/example_sensors.py for tasks to queue
[2026-08-24T14:10:16.481+0000] {logging_mixin.py:188} INFO - [2026-08-24T14:10:16.480+0000] {dagbag.py:545} INFO - Filling up the DagBag from /home/airflow/.local/lib/python3.12/site-packages/airflow/example_dags/example_sensors.py
[2026-08-24T14:10:16.493+0000] {processor.py:840} INFO - DAG(s) 'example_sensors' retrieved from /home/airflow/.local/lib/python3.12/site-packages/airflow/example_dags/example_sensors.py
[2026-08-24T14:10:16.529+0000] {logging_mixin.py:188} INFO - [2026-08-24T14:10:16.529+0000] {dag.py:3096} INFO - Sync 1 DAGs
[2026-08-24T14:10:16.548+0000] {logging_mixin.py:188} INFO - [2026-08-24T14:10:16.547+0000] {dag.py:3954} INFO - Setting next_dagrun for example_sensors to None, run_after=None
[2026-08-24T14:10:16.576+0000] {processor.py:183} INFO - Processing /home/airflow/.local/lib/python3.12/site-packages/airflow/example_dags/example_sensors.py took 0.107 seconds
[2026-08-24T14:10:47.074+0000] {processor.py:161} INFO - Started process (PID=485) to work on /home/airflow/.local/lib/python3.12/site-packages/airflow/example_dags/example_sensors.py
[2026-08-24T14:10:47.075+0000] {processor.py:830} INFO - Processing file /home/airflow/.local/lib/python3.12/site-packages/airflow/example_dags/example_sensors.py for tasks to queue
[2026-08-24T14:10:47.077+0000] {logging_mixin.py:188} INFO - [2026-08-24T14:10:47.077+0000] {dagbag.py:545} INFO - Filling up the DagBag from /home/airflow/.local/lib/python3.12/site-packages/airflow/example_dags/example_sensors.py
[2026-08-24T14:10:47.091+0000] {processor.py:840} INFO - DAG(s) 'example_sensors' retrieved from /home/airflow/.local/lib/python3.12/site-packages/airflow/example_dags/example_sensors.py
[2026-08-24T14:10:47.125+0000] {logging_mixin.py:188} INFO - [2026-08-24T14:10:47.124+0000] {dag.py:3096} INFO - Sync 1 DAGs
[2026-08-24T14:10:47.143+0000] {logging_mixin.py:188} INFO - [2026-08-24T14:10:47.143+0000] {dag.py:3954} INFO - Setting next_dagrun for example_sensors to None, run_after=None
[2026-08-24T14:10:47.168+0000] {processor.py:183} INFO - Processing /home/airflow/.local/lib/python3.12/site-packages/airflow/example_dags/example_sensors.py took 0.103 seconds
[2026-08-24T14:13:30.200+0000] {processor.py:161} INFO - Started process (PID=135) to work on /home/airflow/.local/lib/python3.12/site-packages/airflow/example_dags/example_sensors.py
[2026-08-24T14:13:30.201+0000] {processor.py:830} INFO - Processing file /home/airflow/.local/lib/python3.12/site-packages/airflow/example_dags/example_sensors.py for tasks to queue
[2026-08-24T14:13:30.204+0000] {logging_mixin.py:188} INFO - [2026-08-24T14:13:30.204+0000] {dagbag.py:545} INFO - Filling up the DagBag from /home/airflow/.local/lib/python3.12/site-packages/airflow/example_dags/example_sensors.py
[2026-08-24T14:13:30.218+0000] {processor.py:840} INFO - DAG(s) 'example_sensors' retrieved from /home/airflow/.local/lib/python3.12/site-packages/airflow/example_dags/example_sensors.py
[2026-08-24T14:13:30.392+0000] {logging_mixin.py:188} INFO - [2026-08-24T14:13:30.392+0000] {dag.py:3096} INFO - Sync 1 DAGs
[2026-08-24T14:13:30.406+0000] {logging_mixin.py:188} INFO - [2026-08-24T14:13:30.405+0000] {dag.py:3954} INFO - Setting next_dagrun for example_sensors to None, run_after=None
[2026-08-24T14:13:30.447+0000] {processor.py:183} INFO - Processing /home/airflow/.local/lib/python3.12/site-packages/airflow/example_dags/example_sensors.py took 0.257 seconds
[2026-08-24T14:14:00.560+0000] {processor.py:161} INFO - Started process (PID=194) to work on /home/airflow/.local/lib/python3.12/site-packages/airflow/example_dags/example_sensors.py
[2026-08-24T14:14:00.562+0000] {processor.py:830} INFO - Processing file /home/airflow/.local/lib/python3.12/site-packages/airflow/example_dags/example_sensors.py for tasks to queue
[2026-08-24T14:14:00.565+0000] {logging_mixin.py:188} INFO - [2026-08-24T14:14:00.564+0000] {dagbag.py:545} INFO - Filling up the DagBag from /home/airflow/.local/lib/python3.12/site-packages/airflow/example_dags/example_sensors.py
[2026-08-24T14:14:00.576+0000] {processor.py:840} INFO - DAG(s) 'example_sensors' retrieved from /home/airflow/.local/lib/python3.12/site-packages/airflow/example_dags/example_sensors.py
[2026-08-24T14:14:00.610+0000] {logging_mixin.py:188} INFO - [2026-08-24T14:14:00.610+0000] {dag.py:3096} INFO - Sync 1 DAGs
[2026-08-24T14:14:00.634+0000] {logging_mixin.py:188} INFO - [2026-08-24T14:14:00.633+0000] {dag.py:3954} INFO - Setting next_dagrun for example_sensors to None, run_after=None
[2026-08-24T14:14:00.655+0000] {processor.py:183} INFO - Processing /home/airflow/.local/lib/python3.12/site-packages/airflow/example_dags/example_sensors.py took 0.102 seconds
[2026-08-24T14:14:30.700+0000] {processor.py:161} INFO - Started process (PID=253) to work on /home/airflow/.local/lib/python3.12/site-packages/airflow/example_dags/example_sensors.py
[2026-08-24T14:14:30.701+0000] {processor.py:830} INFO - Processing file /home/airflow/.local/lib/python3.12/site-packages/airflow/example_dags/example_sensors.py for tasks to queue
[2026-08-24T14:14:30.705+0000] {logging_mixin.py:188} INFO - [2026-08-24T14:14:30.704+0000] {dagbag.py:545} INFO - Filling up the DagBag from /home/airflow/.local/lib/python3.12/site-packages/airflow/example_dags/example_sensors.py
[2026-08-24T14:14:30.716+0000] {processor.py:840} INFO - DAG(s) 'example_sensors' retrieved from /home/airflow/.local/lib/python3.12/site-packages/airflow/example_dags/example_sensors.py
[2026-08-24T14:14:30.752+0000] {logging_mixin.py:188} INFO - [2026-08-24T14:14:30.751+0000] {dag.py:3096} INFO - Sync 1 DAGs
[2026-08-24T14:14:30.771+0000] {logging_mixin.py:188} INFO - [2026-08-24T14:14:30.771+0000] {dag.py:3954} INFO - Setting next_dagrun for example_sensors to None, run_after=None
[2026-08-24T14:14:30.799+0000] {processor.py:183} INFO - Processing /home/airflow/.local/lib/python3.12/site-packages/airflow/example_dags/example_sensors.py took 0.107 seconds
[2026-08-24T14:15:01.778+0000] {processor.py:161} INFO - Started process (PID=312) to work on /home/airflow/.local/lib/python3.12/site-packages/airflow/example_dags/example_sensors.py
[2026-08-24T14:15:01.779+0000] {processor.py:830} INFO - Processing file /home/airflow/.local/lib/python3.12/site-packages/airflow/example_dags/example_sensors.py for tasks to queue
[2026-08-24T14:15:01.782+0000] {logging_mixin.py:188} INFO - [2026-08-24T14:15:01.781+0000] {dagbag.py:545} INFO - Filling up the DagBag from /home/airflow/.local/lib/python3.12/site-packages/airflow/example_dags/example_sensors.py
[2026-08-24T14:15:01.793+0000] {processor.py:840} INFO - DAG(s) 'example_sensors' retrieved from /home/airflow/.local/lib/python3.12/site-packages/airflow/example_dags/example_sensors.py
[2026-08-24T14:15:01.825+0000] {logging_mixin.py:188} INFO - [2026-08-24T14:15:01.825+0000] {dag.py:3096} INFO - Sync 1 DAGs
[2026-08-24T14:15:01.841+0000] {logging_mixin.py:188} INFO - [2026-08-24T14:15:01.841+0000] {dag.py:3954} INFO - Setting next_dagrun for example_sensors to None, run_after=None
[2026-08-24T14:15:01.864+0000] {processor.py:183} INFO - Processing /home/airflow/.local/lib/python3.12/site-packages/airflow/example_dags/example_sensors.py took 0.093 seconds
[2026-08-24T14:15:32.690+0000] {processor.py:161} INFO - Started process (PID=371) to work on /home/airflow/.local/lib/python3.12/site-packages/airflow/example_dags/example_sensors.py
[2026-08-24T14:15:32.691+0000] {processor.py:830} INFO - Processing file /home/airflow/.local/lib/python3.12/site-packages/airflow/example_dags/example_sensors.py for tasks to queue
[2026-08-24T14:15:32.694+0000] {logging_mixin.py:188} INFO - [2026-08-24T14:15:32.693+0000] {dagbag.py:545} INFO - Filling up the DagBag from /home/airflow/.local/lib/python3.12/site-packages/airflow/example_dags/example_sensors.py
[2026-08-24T14:15:32.706+0000] {processor.py:840} INFO - DAG(s) 'example_sensors' retrieved from /home/airflow/.local/lib/python3.12/site-packages/airflow/example_dags/example_sensors.py
[2026-08-24T14:15:32.739+0000] {logging_mixin.py:188} INFO - [2026-08-24T14:15:32.738+0000] {dag.py:3096} INFO - Sync 1 DAGs
[2026-08-24T14:15:32.756+0000] {logging_mixin.py:188} INFO - [2026-08-24T14:15:32.756+0000] {dag.py:3954} INFO - Setting next_dagrun for example_sensors to None, run_after=None
[2026-08-24T14:15:32.782+0000] {processor.py:183} INFO - Processing /home/airflow/.local/lib/python3.12/site-packages/airflow/example_dags/example_sensors.py took 0.100 seconds
[2026-08-24T14:16:03.556+0000] {processor.py:161} INFO - Started process (PID=430) to work on /home/airflow/.local/lib/python3.12/site-packages/airflow/example_dags/example_sensors.py
[2026-08-24T14:16:03.557+0000] {processor.py:830} INFO - Processing file /home/airflow/.local/lib/python3.12/site-packages/airflow/example_dags/example_sensors.py for tasks to queue
[2026-08-24T14:16:03.560+0000] {logging_mixin.py:188} INFO - [2026-08-24T14:16:03.559+0000] {dagbag.py:545} INFO - Filling up the DagBag from /home/airflow/.local/lib/python3.12/site-packages/airflow/example_dags/example_sensors.py
[2026-08-24T14:16:03.573+0000] {processor.py:840} INFO - DAG(s) 'example_sensors' retrieved from /home/airflow/.local/lib/python3.12/site-packages/airflow/example_dags/example_sensors.py
[2026-08-24T14:16:03.605+0000] {logging_mixin.py:188} INFO - [2026-08-24T14:16:03.605+0000] {dag.py:3096} INFO - Sync 1 DAGs
[2026-08-24T14:16:03.621+0000] {logging_mixin.py:188} INFO - [2026-08-24T14:16:03.621+0000] {dag.py:3954} INFO - Setting next_dagrun for example_sensors to None, run_after=None
[2026-08-24T14:16:03.655+0000] {processor.py:183} INFO - Processing /home/airflow/.local/lib/python3.12/site-packages/airflow/example_dags/example_sensors.py took 0.107 seconds
[2026-08-24T14:16:33.743+0000] {processor.py:161} INFO - Started process (PID=489) to work on /home/airflow/.local/lib/python3.12/site-packages/airflow/example_dags/example_sensors.py
[2026-08-24T14:16:33.745+0000] {processor.py:830} INFO - Processing file /home/airflow/.local/lib/python3.12/site-packages/airflow/example_dags/example_sensors.py for tasks to queue
[2026-08-24T14:16:33.747+0000] {logging_mixin.py:188} INFO - [2026-08-24T14:16:33.747+0000] {dagbag.py:545} INFO - Filling up the DagBag from /home/airflow/.local/lib/python3.12/site-packages/airflow/example_dags/example_sensors.py
[2026-08-24T14:16:33.758+0000] {processor.py:840} INFO - DAG(s) 'example_sensors' retrieved from /home/airflow/.local/lib/python3.12/site-packages/airflow/example_dags/example_sensors.py
[2026-08-24T14:16:33.791+0000] {logging_mixin.py:188} INFO - [2026-08-24T14:16:33.791+0000] {dag.py:3096} INFO - Sync 1 DAGs
[2026-08-24T14:16:33.808+0000] {logging_mixin.py:188} INFO - [2026-08-24T14:16:33.807+0000] {dag.py:3954} INFO - Setting next_dagrun for example_sensors to None, run_after=None
[2026-08-24T14:16:33.831+0000] {processor.py:183} INFO - Processing /home/airflow/.local/lib/python3.12/site-packages/airflow/example_dags/example_sensors.py took 0.096 seconds
[2026-08-24T14:17:04.192+0000] {processor.py:161} INFO - Started process (PID=548) to work on /home/airflow/.local/lib/python3.12/site-packages/airflow/example_dags/example_sensors.py
[2026-08-24T14:17:04.194+0000] {processor.py:830} INFO - Processing file /home/airflow/.local/lib/python3.12/site-packages/airflow/example_dags/example_sensors.py for tasks to queue
[2026-08-24T14:17:04.197+0000] {logging_mixin.py:188} INFO - [2026-08-24T14:17:04.196+0000] {dagbag.py:545} INFO - Filling up the DagBag from /home/airflow/.local/lib/python3.12/site-packages/airflow/example_dags/example_sensors.py
[2026-08-24T14:17:04.213+0000] {processor.py:840} INFO - DAG(s) 'example_sensors' retrieved from /home/airflow/.local/lib/python3.12/site-packages/airflow/example_dags/example_sensors.py
[2026-08-24T14:17:04.246+0000] {logging_mixin.py:188} INFO - [2026-08-24T14:17:04.245+0000] {dag.py:3096} INFO - Sync 1 DAGs
[2026-08-24T14:17:04.262+0000] {logging_mixin.py:188} INFO - [2026-08-24T14:17:04.262+0000] {dag.py:3954} INFO - Setting next_dagrun for example_sensors to None, run_after=None
[2026-08-24T14:17:04.286+0000] {processor.py:183} INFO - Processing /home/airflow/.local/lib/python3.12/site-packages/airflow/example_dags/example_sensors.py took 0.101 seconds
[2026-08-24T14:17:35.197+0000] {processor.py:161} INFO - Started process (PID=607) to work on /home/airflow/.local/lib/python3.12/site-packages/airflow/example_dags/example_sensors.py
[2026-08-24T14:17:35.198+0000] {processor.py:830} INFO - Processing file /home/airflow/.local/lib/python3.12/site-packages/airflow/example_dags/example_sensors.py for tasks to queue
[2026-08-24T14:17:35.201+0000] {logging_mixin.py:188} INFO - [2026-08-24T14:17:35.201+0000] {dagbag.py:545} INFO - Filling up the DagBag from /home/airflow/.local/lib/python3.12/site-packages/airflow/example_dags/example_sensors.py
[2026-08-24T14:17:35.217+0000] {processor.py:840} INFO - DAG(s) 'example_sensors' retrieved from /home/airflow/.local/lib/python3.12/site-packages/airflow/example_dags/example_sensors.py
[2026-08-24T14:17:35.252+0000] {logging_mixin.py:188} INFO - [2026-08-24T14:17:35.251+0000] {dag.py:3096} INFO - Sync 1 DAGs
[2026-08-24T14:17:35.278+0000] {logging_mixin.py:188} INFO - [2026-08-24T14:17:35.277+0000] {dag.py:3954} INFO - Setting next_dagrun for example_sensors to None, run_after=None
[2026-08-24T14:17:35.308+0000] {processor.py:183} INFO - Processing /home/airflow/.local/lib/python3.12/site-packages/airflow/example_dags/example_sensors.py took 0.119 seconds
[2026-08-24T14:18:06.199+0000] {processor.py:161} INFO - Started process (PID=672) to work on /home/airflow/.local/lib/python3.12/site-packages/airflow/example_dags/example_sensors.py
[2026-08-24T14:18:06.201+0000] {processor.py:830} INFO - Processing file /home/airflow/.local/lib/python3.12/site-packages/airflow/example_dags/example_sensors.py for tasks to queue
[2026-08-24T14:18:06.205+0000] {logging_mixin.py:188} INFO - [2026-08-24T14:18:06.204+0000] {dagbag.py:545} INFO - Filling up the DagBag from /home/airflow/.local/lib/python3.12/site-packages/airflow/example_dags/example_sensors.py
[2026-08-24T14:18:06.226+0000] {processor.py:840} INFO - DAG(s) 'example_sensors' retrieved from /home/airflow/.local/lib/python3.12/site-packages/airflow/example_dags/example_sensors.py
[2026-08-24T14:18:06.270+0000] {logging_mixin.py:188} INFO - [2026-08-24T14:18:06.270+0000] {dag.py:3096} INFO - Sync 1 DAGs
[2026-08-24T14:18:06.293+0000] {logging_mixin.py:188} INFO - [2026-08-24T14:18:06.292+0000] {dag.py:3954} INFO - Setting next_dagrun for example_sensors to None, run_after=None
[2026-08-24T14:18:06.323+0000] {processor.py:183} INFO - Processing /home/airflow/.local/lib/python3.12/site-packages/airflow/example_dags/example_sensors.py took 0.144 seconds
[2026-08-24T14:18:37.130+0000] {processor.py:161} INFO - Started process (PID=732) to work on /home/airflow/.local/lib/python3.12/site-packages/airflow/example_dags/example_sensors.py
[2026-08-24T14:18:37.131+0000] {processor.py:830} INFO - Processing file /home/airflow/.local/lib/python3.12/site-packages/airflow/example_dags/example_sensors.py for tasks to queue
[2026-08-24T14:18:37.135+0000] {logging_mixin.py:188} INFO - [2026-08-24T14:18:37.135+0000] {dagbag.py:545} INFO - Filling up the DagBag from /home/airflow/.local/lib/python3.12/site-packages/airflow/example_dags/example_sensors.py
[2026-08-24T14:18:37.155+0000] {processor.py:840} INFO - DAG(s) 'example_sensors' retrieved from /home/airflow/.local/lib/python3.12/site-packages/airflow/example_dags/example_sensors.py
[2026-08-24T14:18:37.206+0000] {logging_mixin.py:188} INFO - [2026-08-24T14:18:37.206+0000] {dag.py:3096} INFO - Sync 1 DAGs
[2026-08-24T14:18:37.229+0000] {logging_mixin.py:188} INFO - [2026-08-24T14:18:37.228+0000] {dag.py:3954} INFO - Setting next_dagrun for example_sensors to None, run_after=None
[2026-08-24T14:18:37.266+0000] {processor.py:183} INFO - Processing /home/airflow/.local/lib/python3.12/site-packages/airflow/example_dags/example_sensors.py took 0.148 seconds
[2026-08-24T14:19:08.039+0000] {processor.py:161} INFO - Started process (PID=792) to work on /home/airflow/.local/lib/python3.12/site-packages/airflow/example_dags/example_sensors.py
[2026-08-24T14:19:08.041+0000] {processor.py:830} INFO - Processing file /home/airflow/.local/lib/python3.12/site-packages/airflow/example_dags/example_sensors.py for tasks to queue
[2026-08-24T14:19:08.044+0000] {logging_mixin.py:188} INFO - [2026-08-24T14:19:08.043+0000] {dagbag.py:545} INFO - Filling up the DagBag from /home/airflow/.local/lib/python3.12/site-packages/airflow/example_dags/example_sensors.py
[2026-08-24T14:19:08.057+0000] {processor.py:840} INFO - DAG(s) 'example_sensors' retrieved from /home/airflow/.local/lib/python3.12/site-packages/airflow/example_dags/example_sensors.py
[2026-08-24T14:19:08.088+0000] {logging_mixin.py:188} INFO - [2026-08-24T14:19:08.087+0000] {dag.py:3096} INFO - Sync 1 DAGs
[2026-08-24T14:19:08.103+0000] {logging_mixin.py:188} INFO - [2026-08-24T14:19:08.103+0000] {dag.py:3954} INFO - Setting next_dagrun for example_sensors to None, run_after=None
[2026-08-24T14:19:08.125+0000] {processor.py:183} INFO - Processing /home/airflow/.local/lib/python3.12/site-packages/airflow/example_dags/example_sensors.py took 0.095 seconds
[2026-08-24T14:19:38.643+0000] {processor.py:161} INFO - Started process (PID=852) to work on /home/airflow/.local/lib/python3.12/site-packages/airflow/example_dags/example_sensors.py
[2026-08-24T14:19:38.646+0000] {processor.py:830} INFO - Processing file /home/airflow/.local/lib/python3.12/site-packages/airflow/example_dags/example_sensors.py for tasks to queue
[2026-08-24T14:19:38.654+0000] {logging_mixin.py:188} INFO - [2026-08-24T14:19:38.652+0000] {dagbag.py:545} INFO - Filling up the DagBag from /home/airflow/.local/lib/python3.12/site-packages/airflow/example_dags/example_sensors.py
[2026-08-24T14:19:38.680+0000] {processor.py:840} INFO - DAG(s) 'example_sensors' retrieved from /home/airflow/.local/lib/python3.12/site-packages/airflow/example_dags/example_sensors.py
[2026-08-24T14:19:38.736+0000] {logging_mixin.py:188} INFO - [2026-08-24T14:19:38.736+0000] {dag.py:3096} INFO - Sync 1 DAGs
[2026-08-24T14:19:38.762+0000] {logging_mixin.py:188} INFO - [2026-08-24T14:19:38.761+0000] {dag.py:3954} INFO - Setting next_dagrun for example_sensors to None, run_after=None
[2026-08-24T14:19:38.810+0000] {processor.py:183} INFO - Processing /home/airflow/.local/lib/python3.12/site-packages/airflow/example_dags/example_sensors.py took 0.180 seconds
[2026-08-24T14:20:09.996+0000] {processor.py:161} INFO - Started process (PID=912) to work on /home/airflow/.local/lib/python3.12/site-packages/airflow/example_dags/example_sensors.py
[2026-08-24T14:20:09.998+0000] {processor.py:830} INFO - Processing file /home/airflow/.local/lib/python3.12/site-packages/airflow/example_dags/example_sensors.py for tasks to queue
[2026-08-24T14:20:10.000+0000] {logging_mixin.py:188} INFO - [2026-08-24T14:20:10.000+0000] {dagbag.py:545} INFO - Filling up the DagBag from /home/airflow/.local/lib/python3.12/site-packages/airflow/example_dags/example_sensors.py
[2026-08-24T14:20:10.012+0000] {processor.py:840} INFO - DAG(s) 'example_sensors' retrieved from /home/airflow/.local/lib/python3.12/site-packages/airflow/example_dags/example_sensors.py
[2026-08-24T14:20:10.059+0000] {logging_mixin.py:188} INFO - [2026-08-24T14:20:10.058+0000] {dag.py:3096} INFO - Sync 1 DAGs
[2026-08-24T14:20:10.080+0000] {logging_mixin.py:188} INFO - [2026-08-24T14:20:10.080+0000] {dag.py:3954} INFO - Setting next_dagrun for example_sensors to None, run_after=None
[2026-08-24T14:20:10.112+0000] {processor.py:183} INFO - Processing /home/airflow/.local/lib/python3.12/site-packages/airflow/example_dags/example_sensors.py took 0.124 seconds
[2026-08-24T14:22:22.306+0000] {processor.py:161} INFO - Started process (PID=135) to work on /home/airflow/.local/lib/python3.12/site-packages/airflow/example_dags/example_sensors.py
[2026-08-24T14:22:22.307+0000] {processor.py:830} INFO - Processing file /home/airflow/.local/lib/python3.12/site-packages/airflow/example_dags/example_sensors.py for tasks to queue
[2026-08-24T14:22:22.311+0000] {logging_mixin.py:188} INFO - [2026-08-24T14:22:22.310+0000] {dagbag.py:545} INFO - Filling up the DagBag from /home/airflow/.local/lib/python3.12/site-packages/airflow/example_dags/example_sensors.py
[2026-08-24T14:22:22.327+0000] {processor.py:840} INFO - DAG(s) 'example_sensors' retrieved from /home/airflow/.local/lib/python3.12/site-packages/airflow/example_dags/example_sensors.py
[2026-08-24T14:22:22.483+0000] {logging_mixin.py:188} INFO - [2026-08-24T14:22:22.483+0000] {dag.py:3096} INFO - Sync 1 DAGs
[2026-08-24T14:22:22.499+0000] {logging_mixin.py:188} INFO - [2026-08-24T14:22:22.498+0000] {dag.py:3954} INFO - Setting next_dagrun for example_sensors to None, run_after=None
[2026-08-24T14:22:22.528+0000] {processor.py:183} INFO - Processing /home/airflow/.local/lib/python3.12/site-packages/airflow/example_dags/example_sensors.py took 0.230 seconds
[2026-08-24T14:23:03.606+0000] {processor.py:161} INFO - Started process (PID=120) to work on /home/airflow/.local/lib/python3.12/site-packages/airflow/example_dags/example_sensors.py
[2026-08-24T14:23:03.608+0000] {processor.py:830} INFO - Processing file /home/airflow/.local/lib/python3.12/site-packages/airflow/example_dags/example_sensors.py for tasks to queue
[2026-08-24T14:23:03.611+0000] {logging_mixin.py:188} INFO - [2026-08-24T14:23:03.611+0000] {dagbag.py:545} INFO - Filling up the DagBag from /home/airflow/.local/lib/python3.12/site-packages/airflow/example_dags/example_sensors.py
[2026-08-24T14:23:03.628+0000] {processor.py:840} INFO - DAG(s) 'example_sensors' retrieved from /home/airflow/.local/lib/python3.12/site-packages/airflow/example_dags/example_sensors.py
[2026-08-24T14:23:03.681+0000] {logging_mixin.py:188} INFO - [2026-08-24T14:23:03.681+0000] {dag.py:3096} INFO - Sync 1 DAGs
[2026-08-24T14:23:03.706+0000] {logging_mixin.py:188} INFO - [2026-08-24T14:23:03.706+0000] {dag.py:3954} INFO - Setting next_dagrun for example_sensors to None, run_after=None
[2026-08-24T14:23:03.741+0000] {processor.py:183} INFO - Processing /home/airflow/.local/lib/python3.12/site-packages/airflow/example_dags/example_sensors.py took 0.145 seconds
[2026-08-24T14:23:35.108+0000] {processor.py:161} INFO - Started process (PID=180) to work on /home/airflow/.local/lib/python3.12/site-packages/airflow/example_dags/example_sensors.py
[2026-08-24T14:23:35.110+0000] {processor.py:830} INFO - Processing file /home/airflow/.local/lib/python3.12/site-packages/airflow/example_dags/example_sensors.py for tasks to queue
[2026-08-24T14:23:35.114+0000] {logging_mixin.py:188} INFO - [2026-08-24T14:23:35.114+0000] {dagbag.py:545} INFO - Filling up the DagBag from /home/airflow/.local/lib/python3.12/site-packages/airflow/example_dags/example_sensors.py
[2026-08-24T14:23:35.144+0000] {processor.py:840} INFO - DAG(s) 'example_sensors' retrieved from /home/airflow/.local/lib/python3.12/site-packages/airflow/example_dags/example_sensors.py
[2026-08-24T14:23:35.229+0000] {logging_mixin.py:188} INFO - [2026-08-24T14:23:35.228+0000] {dag.py:3096} INFO - Sync 1 DAGs
[2026-08-24T14:23:35.274+0000] {logging_mixin.py:188} INFO - [2026-08-24T14:23:35.273+0000] {dag.py:3954} INFO - Setting next_dagrun for example_sensors to None, run_after=None
[2026-08-24T14:23:35.328+0000] {processor.py:183} INFO - Processing /home/airflow/.local/lib/python3.12/site-packages/airflow/example_dags/example_sensors.py took 0.234 seconds
[2026-08-24T14:24:06.205+0000] {processor.py:161} INFO - Started process (PID=240) to work on /home/airflow/.local/lib/python3.12/site-packages/airflow/example_dags/example_sensors.py
[2026-08-24T14:24:06.206+0000] {processor.py:830} INFO - Processing file /home/airflow/.local/lib/python3.12/site-packages/airflow/example_dags/example_sensors.py for tasks to queue
[2026-08-24T14:24:06.209+0000] {logging_mixin.py:188} INFO - [2026-08-24T14:24:06.208+0000] {dagbag.py:545} INFO - Filling up the DagBag from /home/airflow/.local/lib/python3.12/site-packages/airflow/example_dags/example_sensors.py
[2026-08-24T14:24:06.223+0000] {processor.py:840} INFO - DAG(s) 'example_sensors' retrieved from /home/airflow/.local/lib/python3.12/site-packages/airflow/example_dags/example_sensors.py
[2026-08-24T14:24:06.266+0000] {logging_mixin.py:188} INFO - [2026-08-24T14:24:06.266+0000] {dag.py:3096} INFO - Sync 1 DAGs
[2026-08-24T14:24:06.292+0000] {logging_mixin.py:188} INFO - [2026-08-24T14:24:06.291+0000] {dag.py:3954} INFO - Setting next_dagrun for example_sensors to None, run_after=None
[2026-08-24T14:24:06.323+0000] {processor.py:183} INFO - Processing /home/airflow/.local/lib/python3.12/site-packages/airflow/example_dags/example_sensors.py took 0.125 seconds
[2026-08-24T14:24:37.227+0000] {processor.py:161} INFO - Started process (PID=300) to work on /home/airflow/.local/lib/python3.12/site-packages/airflow/example_dags/example_sensors.py
[2026-08-24T14:24:37.228+0000] {processor.py:830} INFO - Processing file /home/airflow/.local/lib/python3.12/site-packages/airflow/example_dags/example_sensors.py for tasks to queue
[2026-08-24T14:24:37.231+0000] {logging_mixin.py:188} INFO - [2026-08-24T14:24:37.230+0000] {dagbag.py:545} INFO - Filling up the DagBag from /home/airflow/.local/lib/python3.12/site-packages/airflow/example_dags/example_sensors.py
[2026-08-24T14:24:37.244+0000] {processor.py:840} INFO - DAG(s) 'example_sensors' retrieved from /home/airflow/.local/lib/python3.12/site-packages/airflow/example_dags/example_sensors.py
[2026-08-24T14:24:37.279+0000] {logging_mixin.py:188} INFO - [2026-08-24T14:24:37.278+0000] {dag.py:3096} INFO - Sync 1 DAGs
[2026-08-24T14:24:37.296+0000] {logging_mixin.py:188} INFO - [2026-08-24T14:24:37.296+0000] {dag.py:3954} INFO - Setting next_dagrun for example_sensors to None, run_after=None
[2026-08-24T14:24:37.321+0000] {processor.py:183} INFO - Processing /home/airflow/.local/lib/python3.12/site-packages/airflow/example_dags/example_sensors.py took 0.103 seconds
[2026-08-24T14:25:08.125+0000] {processor.py:161} INFO - Started process (PID=360) to work on /home/airflow/.local/lib/python3.12/site-packages/airflow/example_dags/example_sensors.py
[2026-08-24T14:25:08.127+0000] {processor.py:830} INFO - Processing file /home/airflow/.local/lib/python3.12/site-packages/airflow/example_dags/example_sensors.py for tasks to queue
[2026-08-24T14:25:08.130+0000] {logging_mixin.py:188} INFO - [2026-08-24T14:25:08.130+0000] {dagbag.py:545} INFO - Filling up the DagBag from /home/airflow/.local/lib/python3.12/site-packages/airflow/example_dags/example_sensors.py
[2026-08-24T14:25:08.144+0000] {processor.py:840} INFO - DAG(s) 'example_sensors' retrieved from /home/airflow/.local/lib/python3.12/site-packages/airflow/example_dags/example_sensors.py
[2026-08-24T14:25:08.176+0000] {logging_mixin.py:188} INFO - [2026-08-24T14:25:08.175+0000] {dag.py:3096} INFO - Sync 1 DAGs
[2026-08-24T14:25:08.192+0000] {logging_mixin.py:188} INFO - [2026-08-24T14:25:08.191+0000] {dag.py:3954} INFO - Setting next_dagrun for example_sensors to None, run_after=None
[2026-08-24T14:25:08.215+0000] {processor.py:183} INFO - Processing /home/airflow/.local/lib/python3.12/site-packages/airflow/example_dags/example_sensors.py took 0.097 seconds
[2026-08-24T14:25:39.140+0000] {processor.py:161} INFO - Started process (PID=420) to work on /home/airflow/.local/lib/python3.12/site-packages/airflow/example_dags/example_sensors.py
[2026-08-24T14:25:39.141+0000] {processor.py:830} INFO - Processing file /home/airflow/.local/lib/python3.12/site-packages/airflow/example_dags/example_sensors.py for tasks to queue
[2026-08-24T14:25:39.144+0000] {logging_mixin.py:188} INFO - [2026-08-24T14:25:39.143+0000] {dagbag.py:545} INFO - Filling up the DagBag from /home/airflow/.local/lib/python3.12/site-packages/airflow/example_dags/example_sensors.py
[2026-08-24T14:25:39.155+0000] {processor.py:840} INFO - DAG(s) 'example_sensors' retrieved from /home/airflow/.local/lib/python3.12/site-packages/airflow/example_dags/example_sensors.py
[2026-08-24T14:25:39.186+0000] {logging_mixin.py:188} INFO - [2026-08-24T14:25:39.186+0000] {dag.py:3096} INFO - Sync 1 DAGs
[2026-08-24T14:25:39.203+0000] {logging_mixin.py:188} INFO - [2026-08-24T14:25:39.203+0000] {dag.py:3954} INFO - Setting next_dagrun for example_sensors to None, run_after=None
[2026-08-24T14:25:39.226+0000] {processor.py:183} INFO - Processing /home/airflow/.local/lib/python3.12/site-packages/airflow/example_dags/example_sensors.py took 0.094 seconds
[2026-08-24T14:26:10.318+0000] {processor.py:161} INFO - Started process (PID=480) to work on /home/airflow/.local/lib/python3.12/site-packages/airflow/example_dags/example_sensors.py
[2026-08-24T14:26:10.319+0000] {processor.py:830} INFO - Processing file /home/airflow/.local/lib/python3.12/site-packages/airflow/example_dags/example_sensors.py for tasks to queue
[2026-08-24T14:26:10.324+0000] {logging_mixin.py:188} INFO - [2026-08-24T14:26:10.323+0000] {dagbag.py:545} INFO - Filling up the DagBag from /home/airflow/.local/lib/python3.12/site-packages/airflow/example_dags/example_sensors.py
[2026-08-24T14:26:10.335+0000] {processor.py:840} INFO - DAG(s) 'example_sensors' retrieved from /home/airflow/.local/lib/python3.12/site-packages/airflow/example_dags/example_sensors.py
[2026-08-24T14:26:10.367+0000] {logging_mixin.py:188} INFO - [2026-08-24T14:26:10.367+0000] {dag.py:3096} INFO - Sync 1 DAGs
[2026-08-24T14:26:10.384+0000] {logging_mixin.py:188} INFO - [2026-08-24T14:26:10.384+0000] {dag.py:3954} INFO - Setting next_dagrun for example_sensors to None, run_after=None
[2026-08-24T14:26:10.408+0000] {processor.py:183} INFO - Processing /home/airflow/.local/lib/python3.12/site-packages/airflow/example_dags/example_sensors.py took 0.097 seconds
[2026-08-24T14:26:41.002+0000] {processor.py:161} INFO - Started process (PID=540) to work on /home/airflow/.local/lib/python3.12/site-packages/airflow/example_dags/example_sensors.py
[2026-08-24T14:26:41.004+0000] {processor.py:830} INFO - Processing file /home/airflow/.local/lib/python3.12/site-packages/airflow/example_dags/example_sensors.py for tasks to queue
[2026-08-24T14:26:41.006+0000] {logging_mixin.py:188} INFO - [2026-08-24T14:26:41.006+0000] {dagbag.py:545} INFO - Filling up the DagBag from /home/airflow/.local/lib/python3.12/site-packages/airflow/example_dags/example_sensors.py
[2026-08-24T14:26:41.018+0000] {processor.py:840} INFO - DAG(s) 'example_sensors' retrieved from /home/airflow/.local/lib/python3.12/site-packages/airflow/example_dags/example_sensors.py
[2026-08-24T14:26:41.055+0000] {logging_mixin.py:188} INFO - [2026-08-24T14:26:41.055+0000] {dag.py:3096} INFO - Sync 1 DAGs
[2026-08-24T14:26:41.073+0000] {logging_mixin.py:188} INFO - [2026-08-24T14:26:41.073+0000] {dag.py:3954} INFO - Setting next_dagrun for example_sensors to None, run_after=None
[2026-08-24T14:26:41.102+0000] {processor.py:183} INFO - Processing /home/airflow/.local/lib/python3.12/site-packages/airflow/example_dags/example_sensors.py took 0.108 seconds
[2026-08-24T14:27:11.609+0000] {processor.py:161} INFO - Started process (PID=600) to work on /home/airflow/.local/lib/python3.12/site-packages/airflow/example_dags/example_sensors.py
[2026-08-24T14:27:11.610+0000] {processor.py:830} INFO - Processing file /home/airflow/.local/lib/python3.12/site-packages/airflow/example_dags/example_sensors.py for tasks to queue
[2026-08-24T14:27:11.614+0000] {logging_mixin.py:188} INFO - [2026-08-24T14:27:11.613+0000] {dagbag.py:545} INFO - Filling up the DagBag from /home/airflow/.local/lib/python3.12/site-packages/airflow/example_dags/example_sensors.py
[2026-08-24T14:27:11.626+0000] {processor.py:840} INFO - DAG(s) 'example_sensors' retrieved from /home/airflow/.local/lib/python3.12/site-packages/airflow/example_dags/example_sensors.py
[2026-08-24T14:27:11.664+0000] {logging_mixin.py:188} INFO - [2026-08-24T14:27:11.664+0000] {dag.py:3096} INFO - Sync 1 DAGs
[2026-08-24T14:27:11.680+0000] {logging_mixin.py:188} INFO - [2026-08-24T14:27:11.679+0000] {dag.py:3954} INFO - Setting next_dagrun for example_sensors to None, run_after=None
[2026-08-24T14:27:11.703+0000] {processor.py:183} INFO - Processing /home/airflow/.local/lib/python3.12/site-packages/airflow/example_dags/example_sensors.py took 0.104 seconds
[2026-08-24T14:27:42.338+0000] {processor.py:161} INFO - Started process (PID=660) to work on /home/airflow/.local/lib/python3.12/site-packages/airflow/example_dags/example_sensors.py
[2026-08-24T14:27:42.339+0000] {processor.py:830} INFO - Processing file /home/airflow/.local/lib/python3.12/site-packages/airflow/example_dags/example_sensors.py for tasks to queue
[2026-08-24T14:27:42.342+0000] {logging_mixin.py:188} INFO - [2026-08-24T14:27:42.342+0000] {dagbag.py:545} INFO - Filling up the DagBag from /home/airflow/.local/lib/python3.12/site-packages/airflow/example_dags/example_sensors.py
[2026-08-24T14:27:42.358+0000] {processor.py:840} INFO - DAG(s) 'example_sensors' retrieved from /home/airflow/.local/lib/python3.12/site-packages/airflow/example_dags/example_sensors.py
[2026-08-24T14:27:42.418+0000] {logging_mixin.py:188} INFO - [2026-08-24T14:27:42.418+0000] {dag.py:3096} INFO - Sync 1 DAGs
[2026-08-24T14:27:42.445+0000] {logging_mixin.py:188} INFO - [2026-08-24T14:27:42.445+0000] {dag.py:3954} INFO - Setting next_dagrun for example_sensors to None, run_after=None
[2026-08-24T14:27:42.480+0000] {processor.py:183} INFO - Processing /home/airflow/.local/lib/python3.12/site-packages/airflow/example_dags/example_sensors.py took 0.149 seconds
[2026-08-24T14:28:12.971+0000] {processor.py:161} INFO - Started process (PID=719) to work on /home/airflow/.local/lib/python3.12/site-packages/airflow/example_dags/example_sensors.py
[2026-08-24T14:28:12.972+0000] {processor.py:830} INFO - Processing file /home/airflow/.local/lib/python3.12/site-packages/airflow/example_dags/example_sensors.py for tasks to queue
[2026-08-24T14:28:12.974+0000] {logging_mixin.py:188} INFO - [2026-08-24T14:28:12.974+0000] {dagbag.py:545} INFO - Filling up the DagBag from /home/airflow/.local/lib/python3.12/site-packages/airflow/example_dags/example_sensors.py
[2026-08-24T14:28:12.985+0000] {processor.py:840} INFO - DAG(s) 'example_sensors' retrieved from /home/airflow/.local/lib/python3.12/site-packages/airflow/example_dags/example_sensors.py
[2026-08-24T14:28:13.022+0000] {logging_mixin.py:188} INFO - [2026-08-24T14:28:13.021+0000] {dag.py:3096} INFO - Sync 1 DAGs
[2026-08-24T14:28:13.043+0000] {logging_mixin.py:188} INFO - [2026-08-24T14:28:13.042+0000] {dag.py:3954} INFO - Setting next_dagrun for example_sensors to None, run_after=None
[2026-08-24T14:28:13.065+0000] {processor.py:183} INFO - Processing /home/airflow/.local/lib/python3.12/site-packages/airflow/example_dags/example_sensors.py took 0.102 seconds
[2026-08-24T14:28:43.393+0000] {processor.py:161} INFO - Started process (PID=778) to work on /home/airflow/.local/lib/python3.12/site-packages/airflow/example_dags/example_sensors.py
[2026-08-24T14:28:43.394+0000] {processor.py:830} INFO - Processing file /home/airflow/.local/lib/python3.12/site-packages/airflow/example_dags/example_sensors.py for tasks to queue
[2026-08-24T14:28:43.399+0000] {logging_mixin.py:188} INFO - [2026-08-24T14:28:43.398+0000] {dagbag.py:545} INFO - Filling up the DagBag from /home/airflow/.local/lib/python3.12/site-packages/airflow/example_dags/example_sensors.py
[2026-08-24T14:28:43.412+0000] {processor.py:840} INFO - DAG(s) 'example_sensors' retrieved from /home/airflow/.local/lib/python3.12/site-packages/airflow/example_dags/example_sensors.py
[2026-08-24T14:28:43.450+0000] {logging_mixin.py:188} INFO - [2026-08-24T14:28:43.449+0000] {dag.py:3096} INFO - Sync 1 DAGs
[2026-08-24T14:28:43.468+0000] {logging_mixin.py:188} INFO - [2026-08-24T14:28:43.468+0000] {dag.py:3954} INFO - Setting next_dagrun for example_sensors to None, run_after=None
[2026-08-24T14:28:43.491+0000] {processor.py:183} INFO - Processing /home/airflow/.local/lib/python3.12/site-packages/airflow/example_dags/example_sensors.py took 0.106 seconds
[2026-08-24T14:29:13.769+0000] {processor.py:161} INFO - Started process (PID=838) to work on /home/airflow/.local/lib/python3.12/site-packages/airflow/example_dags/example_sensors.py
[2026-08-24T14:29:13.770+0000] {processor.py:830} INFO - Processing file /home/airflow/.local/lib/python3.12/site-packages/airflow/example_dags/example_sensors.py for tasks to queue
[2026-08-24T14:29:13.773+0000] {logging_mixin.py:188} INFO - [2026-08-24T14:29:13.772+0000] {dagbag.py:545} INFO - Filling up the DagBag from /home/airflow/.local/lib/python3.12/site-packages/airflow/example_dags/example_sensors.py
[2026-08-24T14:29:13.789+0000] {processor.py:840} INFO - DAG(s) 'example_sensors' retrieved from /home/airflow/.local/lib/python3.12/site-packages/airflow/example_dags/example_sensors.py
[2026-08-24T14:29:13.826+0000] {logging_mixin.py:188} INFO - [2026-08-24T14:29:13.825+0000] {dag.py:3096} INFO - Sync 1 DAGs
[2026-08-24T14:29:13.844+0000] {logging_mixin.py:188} INFO - [2026-08-24T14:29:13.844+0000] {dag.py:3954} INFO - Setting next_dagrun for example_sensors to None, run_after=None
[2026-08-24T14:29:13.878+0000] {processor.py:183} INFO - Processing /home/airflow/.local/lib/python3.12/site-packages/airflow/example_dags/example_sensors.py took 0.118 seconds
[2026-08-24T14:29:44.190+0000] {processor.py:161} INFO - Started process (PID=899) to work on /home/airflow/.local/lib/python3.12/site-packages/airflow/example_dags/example_sensors.py
[2026-08-24T14:29:44.192+0000] {processor.py:830} INFO - Processing file /home/airflow/.local/lib/python3.12/site-packages/airflow/example_dags/example_sensors.py for tasks to queue
[2026-08-24T14:29:44.194+0000] {logging_mixin.py:188} INFO - [2026-08-24T14:29:44.194+0000] {dagbag.py:545} INFO - Filling up the DagBag from /home/airflow/.local/lib/python3.12/site-packages/airflow/example_dags/example_sensors.py
[2026-08-24T14:29:44.206+0000] {processor.py:840} INFO - DAG(s) 'example_sensors' retrieved from /home/airflow/.local/lib/python3.12/site-packages/airflow/example_dags/example_sensors.py
[2026-08-24T14:29:44.243+0000] {logging_mixin.py:188} INFO - [2026-08-24T14:29:44.242+0000] {dag.py:3096} INFO - Sync 1 DAGs
[2026-08-24T14:29:44.455+0000] {logging_mixin.py:188} INFO - [2026-08-24T14:29:44.455+0000] {dag.py:3954} INFO - Setting next_dagrun for example_sensors to None, run_after=None
[2026-08-24T14:29:44.483+0000] {processor.py:183} INFO - Processing /home/airflow/.local/lib/python3.12/site-packages/airflow/example_dags/example_sensors.py took 0.301 seconds
[2026-08-24T14:30:14.971+0000] {processor.py:161} INFO - Started process (PID=959) to work on /home/airflow/.local/lib/python3.12/site-packages/airflow/example_dags/example_sensors.py
[2026-08-24T14:30:14.973+0000] {processor.py:830} INFO - Processing file /home/airflow/.local/lib/python3.12/site-packages/airflow/example_dags/example_sensors.py for tasks to queue
[2026-08-24T14:30:14.976+0000] {logging_mixin.py:188} INFO - [2026-08-24T14:30:14.976+0000] {dagbag.py:545} INFO - Filling up the DagBag from /home/airflow/.local/lib/python3.12/site-packages/airflow/example_dags/example_sensors.py
[2026-08-24T14:30:14.989+0000] {processor.py:840} INFO - DAG(s) 'example_sensors' retrieved from /home/airflow/.local/lib/python3.12/site-packages/airflow/example_dags/example_sensors.py
[2026-08-24T14:30:15.024+0000] {logging_mixin.py:188} INFO - [2026-08-24T14:30:15.023+0000] {dag.py:3096} INFO - Sync 1 DAGs
[2026-08-24T14:30:15.041+0000] {logging_mixin.py:188} INFO - [2026-08-24T14:30:15.041+0000] {dag.py:3954} INFO - Setting next_dagrun for example_sensors to None, run_after=None
[2026-08-24T14:30:15.067+0000] {processor.py:183} INFO - Processing /home/airflow/.local/lib/python3.12/site-packages/airflow/example_dags/example_sensors.py took 0.104 seconds
[2026-08-24T14:30:45.450+0000] {processor.py:161} INFO - Started process (PID=1020) to work on /home/airflow/.local/lib/python3.12/site-packages/airflow/example_dags/example_sensors.py
[2026-08-24T14:30:45.451+0000] {processor.py:830} INFO - Processing file /home/airflow/.local/lib/python3.12/site-packages/airflow/example_dags/example_sensors.py for tasks to queue
[2026-08-24T14:30:45.454+0000] {logging_mixin.py:188} INFO - [2026-08-24T14:30:45.453+0000] {dagbag.py:545} INFO - Filling up the DagBag from /home/airflow/.local/lib/python3.12/site-packages/airflow/example_dags/example_sensors.py
[2026-08-24T14:30:45.465+0000] {processor.py:840} INFO - DAG(s) 'example_sensors' retrieved from /home/airflow/.local/lib/python3.12/site-packages/airflow/example_dags/example_sensors.py
[2026-08-24T14:30:45.497+0000] {logging_mixin.py:188} INFO - [2026-08-24T14:30:45.497+0000] {dag.py:3096} INFO - Sync 1 DAGs
[2026-08-24T14:30:45.517+0000] {logging_mixin.py:188} INFO - [2026-08-24T14:30:45.516+0000] {dag.py:3954} INFO - Setting next_dagrun for example_sensors to None, run_after=None
[2026-08-24T14:30:45.542+0000] {processor.py:183} INFO - Processing /home/airflow/.local/lib/python3.12/site-packages/airflow/example_dags/example_sensors.py took 0.099 seconds
[2026-08-24T14:35:29.533+0000] {processor.py:161} INFO - Started process (PID=143) to work on /home/airflow/.local/lib/python3.12/site-packages/airflow/example_dags/example_sensors.py
[2026-08-24T14:35:29.535+0000] {processor.py:830} INFO - Processing file /home/airflow/.local/lib/python3.12/site-packages/airflow/example_dags/example_sensors.py for tasks to queue
[2026-08-24T14:35:29.539+0000] {logging_mixin.py:188} INFO - [2026-08-24T14:35:29.538+0000] {dagbag.py:545} INFO - Filling up the DagBag from /home/airflow/.local/lib/python3.12/site-packages/airflow/example_dags/example_sensors.py
[2026-08-24T14:35:29.563+0000] {processor.py:840} INFO - DAG(s) 'example_sensors' retrieved from /home/airflow/.local/lib/python3.12/site-packages/airflow/example_dags/example_sensors.py
[2026-08-24T14:35:29.746+0000] {logging_mixin.py:188} INFO - [2026-08-24T14:35:29.746+0000] {dag.py:3096} INFO - Sync 1 DAGs
[2026-08-24T14:35:29.763+0000] {logging_mixin.py:188} INFO - [2026-08-24T14:35:29.762+0000] {dag.py:3954} INFO - Setting next_dagrun for example_sensors to None, run_after=None
[2026-08-24T14:35:30.005+0000] {processor.py:183} INFO - Processing /home/airflow/.local/lib/python3.12/site-packages/airflow/example_dags/example_sensors.py took 0.483 seconds
[2026-08-24T14:36:00.105+0000] {processor.py:161} INFO - Started process (PID=203) to work on /home/airflow/.local/lib/python3.12/site-packages/airflow/example_dags/example_sensors.py
[2026-08-24T14:36:00.106+0000] {processor.py:830} INFO - Processing file /home/airflow/.local/lib/python3.12/site-packages/airflow/example_dags/example_sensors.py for tasks to queue
[2026-08-24T14:36:00.109+0000] {logging_mixin.py:188} INFO - [2026-08-24T14:36:00.108+0000] {dagbag.py:545} INFO - Filling up the DagBag from /home/airflow/.local/lib/python3.12/site-packages/airflow/example_dags/example_sensors.py
[2026-08-24T14:36:00.120+0000] {processor.py:840} INFO - DAG(s) 'example_sensors' retrieved from /home/airflow/.local/lib/python3.12/site-packages/airflow/example_dags/example_sensors.py
[2026-08-24T14:36:00.150+0000] {logging_mixin.py:188} INFO - [2026-08-24T14:36:00.150+0000] {dag.py:3096} INFO - Sync 1 DAGs
[2026-08-24T14:36:00.166+0000] {logging_mixin.py:188} INFO - [2026-08-24T14:36:00.166+0000] {dag.py:3954} INFO - Setting next_dagrun for example_sensors to None, run_after=None
[2026-08-24T14:36:00.191+0000] {processor.py:183} INFO - Processing /home/airflow/.local/lib/python3.12/site-packages/airflow/example_dags/example_sensors.py took 0.093 seconds
[2026-08-24T14:36:30.739+0000] {processor.py:161} INFO - Started process (PID=264) to work on /home/airflow/.local/lib/python3.12/site-packages/airflow/example_dags/example_sensors.py
[2026-08-24T14:36:30.740+0000] {processor.py:830} INFO - Processing file /home/airflow/.local/lib/python3.12/site-packages/airflow/example_dags/example_sensors.py for tasks to queue
[2026-08-24T14:36:30.743+0000] {logging_mixin.py:188} INFO - [2026-08-24T14:36:30.742+0000] {dagbag.py:545} INFO - Filling up the DagBag from /home/airflow/.local/lib/python3.12/site-packages/airflow/example_dags/example_sensors.py
[2026-08-24T14:36:30.754+0000] {processor.py:840} INFO - DAG(s) 'example_sensors' retrieved from /home/airflow/.local/lib/python3.12/site-packages/airflow/example_dags/example_sensors.py
[2026-08-24T14:36:30.785+0000] {logging_mixin.py:188} INFO - [2026-08-24T14:36:30.785+0000] {dag.py:3096} INFO - Sync 1 DAGs
[2026-08-24T14:36:30.801+0000] {logging_mixin.py:188} INFO - [2026-08-24T14:36:30.801+0000] {dag.py:3954} INFO - Setting next_dagrun for example_sensors to None, run_after=None
[2026-08-24T14:36:30.831+0000] {processor.py:183} INFO - Processing /home/airflow/.local/lib/python3.12/site-packages/airflow/example_dags/example_sensors.py took 0.100 seconds
[2026-08-24T14:37:00.986+0000] {processor.py:161} INFO - Started process (PID=324) to work on /home/airflow/.local/lib/python3.12/site-packages/airflow/example_dags/example_sensors.py
[2026-08-24T14:37:00.988+0000] {processor.py:830} INFO - Processing file /home/airflow/.local/lib/python3.12/site-packages/airflow/example_dags/example_sensors.py for tasks to queue
[2026-08-24T14:37:00.990+0000] {logging_mixin.py:188} INFO - [2026-08-24T14:37:00.990+0000] {dagbag.py:545} INFO - Filling up the DagBag from /home/airflow/.local/lib/python3.12/site-packages/airflow/example_dags/example_sensors.py
[2026-08-24T14:37:01.004+0000] {processor.py:840} INFO - DAG(s) 'example_sensors' retrieved from /home/airflow/.local/lib/python3.12/site-packages/airflow/example_dags/example_sensors.py
[2026-08-24T14:37:01.040+0000] {logging_mixin.py:188} INFO - [2026-08-24T14:37:01.039+0000] {dag.py:3096} INFO - Sync 1 DAGs
[2026-08-24T14:37:01.057+0000] {logging_mixin.py:188} INFO - [2026-08-24T14:37:01.057+0000] {dag.py:3954} INFO - Setting next_dagrun for example_sensors to None, run_after=None
[2026-08-24T14:37:01.267+0000] {processor.py:183} INFO - Processing /home/airflow/.local/lib/python3.12/site-packages/airflow/example_dags/example_sensors.py took 0.291 seconds
[2026-08-24T14:37:32.248+0000] {processor.py:161} INFO - Started process (PID=384) to work on /home/airflow/.local/lib/python3.12/site-packages/airflow/example_dags/example_sensors.py
[2026-08-24T14:37:32.249+0000] {processor.py:830} INFO - Processing file /home/airflow/.local/lib/python3.12/site-packages/airflow/example_dags/example_sensors.py for tasks to queue
[2026-08-24T14:37:32.252+0000] {logging_mixin.py:188} INFO - [2026-08-24T14:37:32.252+0000] {dagbag.py:545} INFO - Filling up the DagBag from /home/airflow/.local/lib/python3.12/site-packages/airflow/example_dags/example_sensors.py
[2026-08-24T14:37:32.267+0000] {processor.py:840} INFO - DAG(s) 'example_sensors' retrieved from /home/airflow/.local/lib/python3.12/site-packages/airflow/example_dags/example_sensors.py
[2026-08-24T14:37:32.306+0000] {logging_mixin.py:188} INFO - [2026-08-24T14:37:32.305+0000] {dag.py:3096} INFO - Sync 1 DAGs
[2026-08-24T14:37:32.324+0000] {logging_mixin.py:188} INFO - [2026-08-24T14:37:32.323+0000] {dag.py:3954} INFO - Setting next_dagrun for example_sensors to None, run_after=None
[2026-08-24T14:37:32.355+0000] {processor.py:183} INFO - Processing /home/airflow/.local/lib/python3.12/site-packages/airflow/example_dags/example_sensors.py took 0.115 seconds
[2026-08-24T14:38:02.775+0000] {processor.py:161} INFO - Started process (PID=445) to work on /home/airflow/.local/lib/python3.12/site-packages/airflow/example_dags/example_sensors.py
[2026-08-24T14:38:02.776+0000] {processor.py:830} INFO - Processing file /home/airflow/.local/lib/python3.12/site-packages/airflow/example_dags/example_sensors.py for tasks to queue
[2026-08-24T14:38:02.780+0000] {logging_mixin.py:188} INFO - [2026-08-24T14:38:02.779+0000] {dagbag.py:545} INFO - Filling up the DagBag from /home/airflow/.local/lib/python3.12/site-packages/airflow/example_dags/example_sensors.py
[2026-08-24T14:38:02.793+0000] {processor.py:840} INFO - DAG(s) 'example_sensors' retrieved from /home/airflow/.local/lib/python3.12/site-packages/airflow/example_dags/example_sensors.py
[2026-08-24T14:38:02.827+0000] {logging_mixin.py:188} INFO - [2026-08-24T14:38:02.827+0000] {dag.py:3096} INFO - Sync 1 DAGs
[2026-08-24T14:38:02.847+0000] {logging_mixin.py:188} INFO - [2026-08-24T14:38:02.847+0000] {dag.py:3954} INFO - Setting next_dagrun for example_sensors to None, run_after=None
[2026-08-24T14:38:02.871+0000] {processor.py:183} INFO - Processing /home/airflow/.local/lib/python3.12/site-packages/airflow/example_dags/example_sensors.py took 0.104 seconds
[2026-08-24T14:38:33.766+0000] {processor.py:161} INFO - Started process (PID=505) to work on /home/airflow/.local/lib/python3.12/site-packages/airflow/example_dags/example_sensors.py
[2026-08-24T14:38:33.768+0000] {processor.py:830} INFO - Processing file /home/airflow/.local/lib/python3.12/site-packages/airflow/example_dags/example_sensors.py for tasks to queue
[2026-08-24T14:38:33.770+0000] {logging_mixin.py:188} INFO - [2026-08-24T14:38:33.770+0000] {dagbag.py:545} INFO - Filling up the DagBag from /home/airflow/.local/lib/python3.12/site-packages/airflow/example_dags/example_sensors.py
[2026-08-24T14:38:33.786+0000] {processor.py:840} INFO - DAG(s) 'example_sensors' retrieved from /home/airflow/.local/lib/python3.12/site-packages/airflow/example_dags/example_sensors.py
[2026-08-24T14:38:33.823+0000] {logging_mixin.py:188} INFO - [2026-08-24T14:38:33.823+0000] {dag.py:3096} INFO - Sync 1 DAGs
[2026-08-24T14:38:33.842+0000] {logging_mixin.py:188} INFO - [2026-08-24T14:38:33.842+0000] {dag.py:3954} INFO - Setting next_dagrun for example_sensors to None, run_after=None
[2026-08-24T14:38:33.868+0000] {processor.py:183} INFO - Processing /home/airflow/.local/lib/python3.12/site-packages/airflow/example_dags/example_sensors.py took 0.111 seconds
[2026-08-24T14:39:04.447+0000] {processor.py:161} INFO - Started process (PID=565) to work on /home/airflow/.local/lib/python3.12/site-packages/airflow/example_dags/example_sensors.py
[2026-08-24T14:39:04.448+0000] {processor.py:830} INFO - Processing file /home/airflow/.local/lib/python3.12/site-packages/airflow/example_dags/example_sensors.py for tasks to queue
[2026-08-24T14:39:04.451+0000] {logging_mixin.py:188} INFO - [2026-08-24T14:39:04.451+0000] {dagbag.py:545} INFO - Filling up the DagBag from /home/airflow/.local/lib/python3.12/site-packages/airflow/example_dags/example_sensors.py
[2026-08-24T14:39:04.467+0000] {processor.py:840} INFO - DAG(s) 'example_sensors' retrieved from /home/airflow/.local/lib/python3.12/site-packages/airflow/example_dags/example_sensors.py
[2026-08-24T14:39:04.500+0000] {logging_mixin.py:188} INFO - [2026-08-24T14:39:04.500+0000] {dag.py:3096} INFO - Sync 1 DAGs
[2026-08-24T14:39:04.521+0000] {logging_mixin.py:188} INFO - [2026-08-24T14:39:04.520+0000] {dag.py:3954} INFO - Setting next_dagrun for example_sensors to None, run_after=None
[2026-08-24T14:39:04.546+0000] {processor.py:183} INFO - Processing /home/airflow/.local/lib/python3.12/site-packages/airflow/example_dags/example_sensors.py took 0.110 seconds
[2026-08-24T14:41:22.288+0000] {processor.py:161} INFO - Started process (PID=142) to work on /home/airflow/.local/lib/python3.12/site-packages/airflow/example_dags/example_sensors.py
[2026-08-24T14:41:22.289+0000] {processor.py:830} INFO - Processing file /home/airflow/.local/lib/python3.12/site-packages/airflow/example_dags/example_sensors.py for tasks to queue
[2026-08-24T14:41:22.292+0000] {logging_mixin.py:188} INFO - [2026-08-24T14:41:22.291+0000] {dagbag.py:545} INFO - Filling up the DagBag from /home/airflow/.local/lib/python3.12/site-packages/airflow/example_dags/example_sensors.py
[2026-08-24T14:41:22.308+0000] {processor.py:840} INFO - DAG(s) 'example_sensors' retrieved from /home/airflow/.local/lib/python3.12/site-packages/airflow/example_dags/example_sensors.py
[2026-08-24T14:41:22.455+0000] {logging_mixin.py:188} INFO - [2026-08-24T14:41:22.454+0000] {dag.py:3096} INFO - Sync 1 DAGs
[2026-08-24T14:41:22.468+0000] {logging_mixin.py:188} INFO - [2026-08-24T14:41:22.468+0000] {dag.py:3954} INFO - Setting next_dagrun for example_sensors to None, run_after=None
[2026-08-24T14:41:22.643+0000] {processor.py:183} INFO - Processing /home/airflow/.local/lib/python3.12/site-packages/airflow/example_dags/example_sensors.py took 0.363 seconds
[2026-08-24T14:41:53.175+0000] {processor.py:161} INFO - Started process (PID=202) to work on /home/airflow/.local/lib/python3.12/site-packages/airflow/example_dags/example_sensors.py
[2026-08-24T14:41:53.177+0000] {processor.py:830} INFO - Processing file /home/airflow/.local/lib/python3.12/site-packages/airflow/example_dags/example_sensors.py for tasks to queue
[2026-08-24T14:41:53.179+0000] {logging_mixin.py:188} INFO - [2026-08-24T14:41:53.179+0000] {dagbag.py:545} INFO - Filling up the DagBag from /home/airflow/.local/lib/python3.12/site-packages/airflow/example_dags/example_sensors.py
[2026-08-24T14:41:53.193+0000] {processor.py:840} INFO - DAG(s) 'example_sensors' retrieved from /home/airflow/.local/lib/python3.12/site-packages/airflow/example_dags/example_sensors.py
[2026-08-24T14:41:53.228+0000] {logging_mixin.py:188} INFO - [2026-08-24T14:41:53.228+0000] {dag.py:3096} INFO - Sync 1 DAGs
[2026-08-24T14:41:53.246+0000] {logging_mixin.py:188} INFO - [2026-08-24T14:41:53.246+0000] {dag.py:3954} INFO - Setting next_dagrun for example_sensors to None, run_after=None
[2026-08-24T14:41:53.270+0000] {processor.py:183} INFO - Processing /home/airflow/.local/lib/python3.12/site-packages/airflow/example_dags/example_sensors.py took 0.102 seconds
[2026-08-24T14:42:24.166+0000] {processor.py:161} INFO - Started process (PID=262) to work on /home/airflow/.local/lib/python3.12/site-packages/airflow/example_dags/example_sensors.py
[2026-08-24T14:42:24.167+0000] {processor.py:830} INFO - Processing file /home/airflow/.local/lib/python3.12/site-packages/airflow/example_dags/example_sensors.py for tasks to queue
[2026-08-24T14:42:24.172+0000] {logging_mixin.py:188} INFO - [2026-08-24T14:42:24.171+0000] {dagbag.py:545} INFO - Filling up the DagBag from /home/airflow/.local/lib/python3.12/site-packages/airflow/example_dags/example_sensors.py
[2026-08-24T14:42:24.191+0000] {processor.py:840} INFO - DAG(s) 'example_sensors' retrieved from /home/airflow/.local/lib/python3.12/site-packages/airflow/example_dags/example_sensors.py
[2026-08-24T14:42:24.243+0000] {logging_mixin.py:188} INFO - [2026-08-24T14:42:24.243+0000] {dag.py:3096} INFO - Sync 1 DAGs
[2026-08-24T14:42:24.267+0000] {logging_mixin.py:188} INFO - [2026-08-24T14:42:24.267+0000] {dag.py:3954} INFO - Setting next_dagrun for example_sensors to None, run_after=None
[2026-08-24T14:42:24.300+0000] {processor.py:183} INFO - Processing /home/airflow/.local/lib/python3.12/site-packages/airflow/example_dags/example_sensors.py took 0.145 seconds
[2026-08-24T14:42:54.756+0000] {processor.py:161} INFO - Started process (PID=322) to work on /home/airflow/.local/lib/python3.12/site-packages/airflow/example_dags/example_sensors.py
[2026-08-24T14:42:54.757+0000] {processor.py:830} INFO - Processing file /home/airflow/.local/lib/python3.12/site-packages/airflow/example_dags/example_sensors.py for tasks to queue
[2026-08-24T14:42:54.761+0000] {logging_mixin.py:188} INFO - [2026-08-24T14:42:54.760+0000] {dagbag.py:545} INFO - Filling up the DagBag from /home/airflow/.local/lib/python3.12/site-packages/airflow/example_dags/example_sensors.py
[2026-08-24T14:42:54.772+0000] {processor.py:840} INFO - DAG(s) 'example_sensors' retrieved from /home/airflow/.local/lib/python3.12/site-packages/airflow/example_dags/example_sensors.py
[2026-08-24T14:42:54.804+0000] {logging_mixin.py:188} INFO - [2026-08-24T14:42:54.804+0000] {dag.py:3096} INFO - Sync 1 DAGs
[2026-08-24T14:42:54.831+0000] {logging_mixin.py:188} INFO - [2026-08-24T14:42:54.831+0000] {dag.py:3954} INFO - Setting next_dagrun for example_sensors to None, run_after=None
[2026-08-24T14:42:54.861+0000] {processor.py:183} INFO - Processing /home/airflow/.local/lib/python3.12/site-packages/airflow/example_dags/example_sensors.py took 0.113 seconds
[2026-08-24T14:43:25.632+0000] {processor.py:161} INFO - Started process (PID=382) to work on /home/airflow/.local/lib/python3.12/site-packages/airflow/example_dags/example_sensors.py
[2026-08-24T14:43:25.634+0000] {processor.py:830} INFO - Processing file /home/airflow/.local/lib/python3.12/site-packages/airflow/example_dags/example_sensors.py for tasks to queue
[2026-08-24T14:43:25.636+0000] {logging_mixin.py:188} INFO - [2026-08-24T14:43:25.636+0000] {dagbag.py:545} INFO - Filling up the DagBag from /home/airflow/.local/lib/python3.12/site-packages/airflow/example_dags/example_sensors.py
[2026-08-24T14:43:25.654+0000] {processor.py:840} INFO - DAG(s) 'example_sensors' retrieved from /home/airflow/.local/lib/python3.12/site-packages/airflow/example_dags/example_sensors.py
[2026-08-24T14:43:25.689+0000] {logging_mixin.py:188} INFO - [2026-08-24T14:43:25.689+0000] {dag.py:3096} INFO - Sync 1 DAGs
[2026-08-24T14:43:25.707+0000] {logging_mixin.py:188} INFO - [2026-08-24T14:43:25.706+0000] {dag.py:3954} INFO - Setting next_dagrun for example_sensors to None, run_after=None
[2026-08-24T14:43:25.734+0000] {processor.py:183} INFO - Processing /home/airflow/.local/lib/python3.12/site-packages/airflow/example_dags/example_sensors.py took 0.114 seconds
[2026-08-24T14:43:56.181+0000] {processor.py:161} INFO - Started process (PID=442) to work on /home/airflow/.local/lib/python3.12/site-packages/airflow/example_dags/example_sensors.py
[2026-08-24T14:43:56.183+0000] {processor.py:830} INFO - Processing file /home/airflow/.local/lib/python3.12/site-packages/airflow/example_dags/example_sensors.py for tasks to queue
[2026-08-24T14:43:56.187+0000] {logging_mixin.py:188} INFO - [2026-08-24T14:43:56.186+0000] {dagbag.py:545} INFO - Filling up the DagBag from /home/airflow/.local/lib/python3.12/site-packages/airflow/example_dags/example_sensors.py
[2026-08-24T14:43:56.201+0000] {processor.py:840} INFO - DAG(s) 'example_sensors' retrieved from /home/airflow/.local/lib/python3.12/site-packages/airflow/example_dags/example_sensors.py
[2026-08-24T14:43:56.240+0000] {logging_mixin.py:188} INFO - [2026-08-24T14:43:56.240+0000] {dag.py:3096} INFO - Sync 1 DAGs
[2026-08-24T14:43:56.264+0000] {logging_mixin.py:188} INFO - [2026-08-24T14:43:56.264+0000] {dag.py:3954} INFO - Setting next_dagrun for example_sensors to None, run_after=None
[2026-08-24T14:43:56.293+0000] {processor.py:183} INFO - Processing /home/airflow/.local/lib/python3.12/site-packages/airflow/example_dags/example_sensors.py took 0.122 seconds
[2026-08-24T14:44:26.655+0000] {processor.py:161} INFO - Started process (PID=502) to work on /home/airflow/.local/lib/python3.12/site-packages/airflow/example_dags/example_sensors.py
[2026-08-24T14:44:26.657+0000] {processor.py:830} INFO - Processing file /home/airflow/.local/lib/python3.12/site-packages/airflow/example_dags/example_sensors.py for tasks to queue
[2026-08-24T14:44:26.659+0000] {logging_mixin.py:188} INFO - [2026-08-24T14:44:26.659+0000] {dagbag.py:545} INFO - Filling up the DagBag from /home/airflow/.local/lib/python3.12/site-packages/airflow/example_dags/example_sensors.py
[2026-08-24T14:44:26.671+0000] {processor.py:840} INFO - DAG(s) 'example_sensors' retrieved from /home/airflow/.local/lib/python3.12/site-packages/airflow/example_dags/example_sensors.py
[2026-08-24T14:44:26.708+0000] {logging_mixin.py:188} INFO - [2026-08-24T14:44:26.707+0000] {dag.py:3096} INFO - Sync 1 DAGs
[2026-08-24T14:44:26.724+0000] {logging_mixin.py:188} INFO - [2026-08-24T14:44:26.724+0000] {dag.py:3954} INFO - Setting next_dagrun for example_sensors to None, run_after=None
[2026-08-24T14:44:26.749+0000] {processor.py:183} INFO - Processing /home/airflow/.local/lib/python3.12/site-packages/airflow/example_dags/example_sensors.py took 0.102 seconds
[2026-08-24T14:49:25.558+0000] {processor.py:161} INFO - Started process (PID=141) to work on /home/airflow/.local/lib/python3.12/site-packages/airflow/example_dags/example_sensors.py
[2026-08-24T14:49:25.560+0000] {processor.py:830} INFO - Processing file /home/airflow/.local/lib/python3.12/site-packages/airflow/example_dags/example_sensors.py for tasks to queue
[2026-08-24T14:49:25.562+0000] {logging_mixin.py:188} INFO - [2026-08-24T14:49:25.562+0000] {dagbag.py:545} INFO - Filling up the DagBag from /home/airflow/.local/lib/python3.12/site-packages/airflow/example_dags/example_sensors.py
[2026-08-24T14:49:25.576+0000] {processor.py:840} INFO - DAG(s) 'example_sensors' retrieved from /home/airflow/.local/lib/python3.12/site-packages/airflow/example_dags/example_sensors.py
[2026-08-24T14:49:25.722+0000] {logging_mixin.py:188} INFO - [2026-08-24T14:49:25.722+0000] {dag.py:3096} INFO - Sync 1 DAGs
[2026-08-24T14:49:25.735+0000] {logging_mixin.py:188} INFO - [2026-08-24T14:49:25.734+0000] {dag.py:3954} INFO - Setting next_dagrun for example_sensors to None, run_after=None
[2026-08-24T14:49:25.759+0000] {processor.py:183} INFO - Processing /home/airflow/.local/lib/python3.12/site-packages/airflow/example_dags/example_sensors.py took 0.208 seconds
[2026-08-24T14:50:18.632+0000] {processor.py:161} INFO - Started process (PID=121) to work on /home/airflow/.local/lib/python3.12/site-packages/airflow/example_dags/example_sensors.py
[2026-08-24T14:50:18.634+0000] {processor.py:830} INFO - Processing file /home/airflow/.local/lib/python3.12/site-packages/airflow/example_dags/example_sensors.py for tasks to queue
[2026-08-24T14:50:18.639+0000] {logging_mixin.py:188} INFO - [2026-08-24T14:50:18.638+0000] {dagbag.py:545} INFO - Filling up the DagBag from /home/airflow/.local/lib/python3.12/site-packages/airflow/example_dags/example_sensors.py
[2026-08-24T14:50:18.655+0000] {processor.py:840} INFO - DAG(s) 'example_sensors' retrieved from /home/airflow/.local/lib/python3.12/site-packages/airflow/example_dags/example_sensors.py
[2026-08-24T14:50:18.710+0000] {logging_mixin.py:188} INFO - [2026-08-24T14:50:18.710+0000] {dag.py:3096} INFO - Sync 1 DAGs
[2026-08-24T14:50:18.731+0000] {logging_mixin.py:188} INFO - [2026-08-24T14:50:18.731+0000] {dag.py:3954} INFO - Setting next_dagrun for example_sensors to None, run_after=None
[2026-08-24T14:50:18.765+0000] {processor.py:183} INFO - Processing /home/airflow/.local/lib/python3.12/site-packages/airflow/example_dags/example_sensors.py took 0.142 seconds
[2026-08-24T14:50:49.467+0000] {processor.py:161} INFO - Started process (PID=181) to work on /home/airflow/.local/lib/python3.12/site-packages/airflow/example_dags/example_sensors.py
[2026-08-24T14:50:49.469+0000] {processor.py:830} INFO - Processing file /home/airflow/.local/lib/python3.12/site-packages/airflow/example_dags/example_sensors.py for tasks to queue
[2026-08-24T14:50:49.473+0000] {logging_mixin.py:188} INFO - [2026-08-24T14:50:49.472+0000] {dagbag.py:545} INFO - Filling up the DagBag from /home/airflow/.local/lib/python3.12/site-packages/airflow/example_dags/example_sensors.py
[2026-08-24T14:50:49.487+0000] {processor.py:840} INFO - DAG(s) 'example_sensors' retrieved from /home/airflow/.local/lib/python3.12/site-packages/airflow/example_dags/example_sensors.py
[2026-08-24T14:50:49.524+0000] {logging_mixin.py:188} INFO - [2026-08-24T14:50:49.523+0000] {dag.py:3096} INFO - Sync 1 DAGs
[2026-08-24T14:50:49.637+0000] {logging_mixin.py:188} INFO - [2026-08-24T14:50:49.636+0000] {dag.py:3954} INFO - Setting next_dagrun for example_sensors to None, run_after=None
[2026-08-24T14:50:49.669+0000] {processor.py:183} INFO - Processing /home/airflow/.local/lib/python3.12/site-packages/airflow/example_dags/example_sensors.py took 0.213 seconds
[2026-08-24T14:51:20.089+0000] {processor.py:161} INFO - Started process (PID=241) to work on /home/airflow/.local/lib/python3.12/site-packages/airflow/example_dags/example_sensors.py
[2026-08-24T14:51:20.090+0000] {processor.py:830} INFO - Processing file /home/airflow/.local/lib/python3.12/site-packages/airflow/example_dags/example_sensors.py for tasks to queue
[2026-08-24T14:51:20.092+0000] {logging_mixin.py:188} INFO - [2026-08-24T14:51:20.092+0000] {dagbag.py:545} INFO - Filling up the DagBag from /home/airflow/.local/lib/python3.12/site-packages/airflow/example_dags/example_sensors.py
[2026-08-24T14:51:20.103+0000] {processor.py:840} INFO - DAG(s) 'example_sensors' retrieved from /home/airflow/.local/lib/python3.12/site-packages/airflow/example_dags/example_sensors.py
[2026-08-24T14:51:20.135+0000] {logging_mixin.py:188} INFO - [2026-08-24T14:51:20.135+0000] {dag.py:3096} INFO - Sync 1 DAGs
[2026-08-24T14:51:20.152+0000] {logging_mixin.py:188} INFO - [2026-08-24T14:51:20.151+0000] {dag.py:3954} INFO - Setting next_dagrun for example_sensors to None, run_after=None
[2026-08-24T14:51:20.178+0000] {processor.py:183} INFO - Processing /home/airflow/.local/lib/python3.12/site-packages/airflow/example_dags/example_sensors.py took 0.097 seconds
