[2026-08-24T13:51:05.935+0000] {processor.py:161} INFO - Started process (PID=120) to work on /home/airflow/.local/lib/python3.12/site-packages/airflow/example_dags/tutorial.py
[2026-08-24T13:51:05.937+0000] {processor.py:830} INFO - Processing file /home/airflow/.local/lib/python3.12/site-packages/airflow/example_dags/tutorial.py for tasks to queue
[2026-08-24T13:51:05.939+0000] {logging_mixin.py:188} INFO - [2026-08-24T13:51:05.939+0000] {dagbag.py:545} INFO - Filling up the DagBag from /home/airflow/.local/lib/python3.12/site-packages/airflow/example_dags/tutorial.py
[2026-08-24T13:51:05.950+0000] {processor.py:840} INFO - DAG(s) 'tutorial' retrieved from /home/airflow/.local/lib/python3.12/site-packages/airflow/example_dags/tutorial.py
[2026-08-24T13:51:06.101+0000] {logging_mixin.py:188} INFO - [2026-08-24T13:51:06.101+0000] {dag.py:3096} INFO - Sync 1 DAGs
[2026-08-24T13:51:06.127+0000] {logging_mixin.py:188} INFO - [2026-08-24T13:51:06.126+0000] {dag.py:3954} INFO - Setting next_dagrun for tutorial to 2026-08-23 00:00:00+00:00, run_after=2026-08-24 00:00:00+00:00
[2026-08-24T13:51:06.155+0000] {processor.py:183} INFO - Processing /home/airflow/.local/lib/python3.12/site-packages/airflow/example_dags/tutorial.py took 0.228 seconds
[2026-08-24T13:51:44.638+0000] {processor.py:161} INFO - Started process (PID=107) to work on /home/airflow/.local/lib/python3.12/site-packages/airflow/example_dags/tutorial.py
[2026-08-24T13:51:44.639+0000] {processor.py:830} INFO - Processing file /home/airflow/.local/lib/python3.12/site-packages/airflow/example_dags/tutorial.py for tasks to queue
[2026-08-24T13:51:44.642+0000] {logging_mixin.py:188} INFO - [2026-08-24T13:51:44.641+0000] {dagbag.py:545} INFO - Filling up the DagBag from /home/airflow/.local/lib/python3.12/site-packages/airflow/example_dags/tutorial.py
[2026-08-24T13:51:44.652+0000] {processor.py:840} INFO - DAG(s) 'tutorial' retrieved from /home/airflow/.local/lib/python3.12/site-packages/airflow/example_dags/tutorial.py
[2026-08-24T13:51:44.680+0000] {logging_mixin.py:188} INFO - [2026-08-24T13:51:44.680+0000] {dag.py:3096} INFO - Sync 1 DAGs
[2026-08-24T13:51:44.730+0000] {logging_mixin.py:188} INFO - [2026-08-24T13:51:44.729+0000] {dag.py:3954} INFO - Setting next_dagrun for tutorial to 2026-08-23 00:00:00+00:00, run_after=2026-08-24 00:00:00+00:00
[2026-08-24T13:51:44.758+0000] {processor.py:183} INFO - Processing /home/airflow/.local/lib/python3.12/site-packages/airflow/example_dags/tutorial.py took 0.128 seconds
[2026-08-24T13:52:15.197+0000] {processor.py:161} INFO - Started process (PID=166) to work on /home/airflow/.local/lib/python3.12/site-packages/airflow/example_dags/tutorial.py
[2026-08-24T13:52:15.198+0000] {processor.py:830} INFO - Processing file /home/airflow/.local/lib/python3.12/site-packages/airflow/example_dags/tutorial.py for tasks to queue
[2026-08-24T13:52:15.200+0000] {logging_mixin.py:188} INFO - [2026-08-24T13:52:15.200+0000] {dagbag.py:545} INFO - Filling up the DagBag from /home/airflow/.local/lib/python3.12/site-packages/airflow/example_dags/tutorial.py
[2026-08-24T13:52:15.207+0000] {processor.py:840} INFO - DAG(s) 'tutorial' retrieved from /home/airflow/.local/lib/python3.12/site-packages/airflow/example_dags/tutorial.py
[2026-08-24T13:52:15.232+0000] {logging_mixin.py:188} INFO - [2026-08-24T13:52:15.232+0000] {dag.py:3096} INFO - Sync 1 DAGs
[2026-08-24T13:52:15.258+0000] {logging_mixin.py:188} INFO - [2026-08-24T13:52:15.258+0000] {dag.py:3954} INFO - Setting next_dagrun for tutorial to 2026-08-23 00:00:00+00:00, run_after=2026-08-24 00:00:00+00:00
[2026-08-24T13:52:15.280+0000] {processor.py:183} INFO - Processing /home/airflow/.local/lib/python3.12/site-packages/airflow/example_dags/tutorial.py took 0.090 seconds
[2026-08-24T13:52:45.773+0000] {processor.py:161} INFO - Started process (PID=225) to work on /home/airflow/.local/lib/python3.12/site-packages/airflow/example_dags/tutorial.py
[2026-08-24T13:52:45.775+0000] {processor.py:830} INFO - Processing file /home/airflow/.local/lib/python3.12/site-packages/airflow/example_dags/tutorial.py for tasks to queue
[2026-08-24T13:52:45.779+0000] {logging_mixin.py:188} INFO - [2026-08-24T13:52:45.778+0000] {dagbag.py:545} INFO - Filling up the DagBag from /home/airflow/.local/lib/python3.12/site-packages/airflow/example_dags/tutorial.py
[2026-08-24T13:52:45.791+0000] {processor.py:840} INFO - DAG(s) 'tutorial' retrieved from /home/airflow/.local/lib/python3.12/site-packages/airflow/example_dags/tutorial.py
[2026-08-24T13:52:45.826+0000] {logging_mixin.py:188} INFO - [2026-08-24T13:52:45.825+0000] {dag.py:3096} INFO - Sync 1 DAGs
[2026-08-24T13:52:45.869+0000] {logging_mixin.py:188} INFO - [2026-08-24T13:52:45.868+0000] {dag.py:3954} INFO - Setting next_dagrun for tutorial to 2026-08-23 00:00:00+00:00, run_after=2026-08-24 00:00:00+00:00
[2026-08-24T13:52:45.895+0000] {processor.py:183} INFO - Processing /home/airflow/.local/lib/python3.12/site-packages/airflow/example_dags/tutorial.py took 0.131 seconds
[2026-08-24T13:53:16.552+0000] {processor.py:161} INFO - Started process (PID=284) to work on /home/airflow/.local/lib/python3.12/site-packages/airflow/example_dags/tutorial.py
[2026-08-24T13:53:16.554+0000] {processor.py:830} INFO - Processing file /home/airflow/.local/lib/python3.12/site-packages/airflow/example_dags/tutorial.py for tasks to queue
[2026-08-24T13:53:16.556+0000] {logging_mixin.py:188} INFO - [2026-08-24T13:53:16.556+0000] {dagbag.py:545} INFO - Filling up the DagBag from /home/airflow/.local/lib/python3.12/site-packages/airflow/example_dags/tutorial.py
[2026-08-24T13:53:16.563+0000] {processor.py:840} INFO - DAG(s) 'tutorial' retrieved from /home/airflow/.local/lib/python3.12/site-packages/airflow/example_dags/tutorial.py
[2026-08-24T13:53:16.593+0000] {logging_mixin.py:188} INFO - [2026-08-24T13:53:16.593+0000] {dag.py:3096} INFO - Sync 1 DAGs
[2026-08-24T13:53:16.620+0000] {logging_mixin.py:188} INFO - [2026-08-24T13:53:16.619+0000] {dag.py:3954} INFO - Setting next_dagrun for tutorial to 2026-08-23 00:00:00+00:00, run_after=2026-08-24 00:00:00+00:00
[2026-08-24T13:53:16.644+0000] {processor.py:183} INFO - Processing /home/airflow/.local/lib/python3.12/site-packages/airflow/example_dags/tutorial.py took 0.099 seconds
[2026-08-24T13:53:47.377+0000] {processor.py:161} INFO - Started process (PID=343) to work on /home/airflow/.local/lib/python3.12/site-packages/airflow/example_dags/tutorial.py
[2026-08-24T13:53:47.378+0000] {processor.py:830} INFO - Processing file /home/airflow/.local/lib/python3.12/site-packages/airflow/example_dags/tutorial.py for tasks to queue
[2026-08-24T13:53:47.381+0000] {logging_mixin.py:188} INFO - [2026-08-24T13:53:47.380+0000] {dagbag.py:545} INFO - Filling up the DagBag from /home/airflow/.local/lib/python3.12/site-packages/airflow/example_dags/tutorial.py
[2026-08-24T13:53:47.388+0000] {processor.py:840} INFO - DAG(s) 'tutorial' retrieved from /home/airflow/.local/lib/python3.12/site-packages/airflow/example_dags/tutorial.py
[2026-08-24T13:53:47.411+0000] {logging_mixin.py:188} INFO - [2026-08-24T13:53:47.411+0000] {dag.py:3096} INFO - Sync 1 DAGs
[2026-08-24T13:53:47.438+0000] {logging_mixin.py:188} INFO - [2026-08-24T13:53:47.438+0000] {dag.py:3954} INFO - Setting next_dagrun for tutorial to 2026-08-23 00:00:00+00:00, run_after=2026-08-24 00:00:00+00:00
[2026-08-24T13:53:47.468+0000] {processor.py:183} INFO - Processing /home/airflow/.local/lib/python3.12/site-packages/airflow/example_dags/tutorial.py took 0.099 seconds
[2026-08-24T13:54:17.945+0000] {processor.py:161} INFO - Started process (PID=402) to work on /home/airflow/.local/lib/python3.12/site-packages/airflow/example_dags/tutorial.py
[2026-08-24T13:54:17.948+0000] {processor.py:830} INFO - Processing file /home/airflow/.local/lib/python3.12/site-packages/airflow/example_dags/tutorial.py for tasks to queue
[2026-08-24T13:54:17.952+0000] {logging_mixin.py:188} INFO - [2026-08-24T13:54:17.952+0000] {dagbag.py:545} INFO - Filling up the DagBag from /home/airflow/.local/lib/python3.12/site-packages/airflow/example_dags/tutorial.py
[2026-08-24T13:54:17.980+0000] {processor.py:840} INFO - DAG(s) 'tutorial' retrieved from /home/airflow/.local/lib/python3.12/site-packages/airflow/example_dags/tutorial.py
[2026-08-24T13:54:18.044+0000] {logging_mixin.py:188} INFO - [2026-08-24T13:54:18.043+0000] {dag.py:3096} INFO - Sync 1 DAGs
[2026-08-24T13:54:18.094+0000] {logging_mixin.py:188} INFO - [2026-08-24T13:54:18.094+0000] {dag.py:3954} INFO - Setting next_dagrun for tutorial to 2026-08-23 00:00:00+00:00, run_after=2026-08-24 00:00:00+00:00
[2026-08-24T13:54:18.133+0000] {processor.py:183} INFO - Processing /home/airflow/.local/lib/python3.12/site-packages/airflow/example_dags/tutorial.py took 0.201 seconds
[2026-08-24T13:54:48.664+0000] {processor.py:161} INFO - Started process (PID=461) to work on /home/airflow/.local/lib/python3.12/site-packages/airflow/example_dags/tutorial.py
[2026-08-24T13:54:48.665+0000] {processor.py:830} INFO - Processing file /home/airflow/.local/lib/python3.12/site-packages/airflow/example_dags/tutorial.py for tasks to queue
[2026-08-24T13:54:48.668+0000] {logging_mixin.py:188} INFO - [2026-08-24T13:54:48.667+0000] {dagbag.py:545} INFO - Filling up the DagBag from /home/airflow/.local/lib/python3.12/site-packages/airflow/example_dags/tutorial.py
[2026-08-24T13:54:48.677+0000] {processor.py:840} INFO - DAG(s) 'tutorial' retrieved from /home/airflow/.local/lib/python3.12/site-packages/airflow/example_dags/tutorial.py
[2026-08-24T13:54:48.697+0000] {logging_mixin.py:188} INFO - [2026-08-24T13:54:48.696+0000] {dag.py:3096} INFO - Sync 1 DAGs
[2026-08-24T13:54:48.733+0000] {logging_mixin.py:188} INFO - [2026-08-24T13:54:48.732+0000] {dag.py:3954} INFO - Setting next_dagrun for tutorial to 2026-08-23 00:00:00+00:00, run_after=2026-08-24 00:00:00+00:00
[2026-08-24T13:54:48.765+0000] {processor.py:183} INFO - Processing /home/airflow/.local/lib/python3.12/site-packages/airflow/example_dags/tutorial.py took 0.110 seconds
[2026-08-24T13:55:24.776+0000] {processor.py:161} INFO - Started process (PID=520) to work on /home/airflow/.local/lib/python3.12/site-packages/airflow/example_dags/tutorial.py
[2026-08-24T13:55:24.778+0000] {processor.py:830} INFO - Processing file /home/airflow/.local/lib/python3.12/site-packages/airflow/example_dags/tutorial.py for tasks to queue
[2026-08-24T13:55:24.780+0000] {logging_mixin.py:188} INFO - [2026-08-24T13:55:24.780+0000] {dagbag.py:545} INFO - Filling up the DagBag from /home/airflow/.local/lib/python3.12/site-packages/airflow/example_dags/tutorial.py
[2026-08-24T13:55:24.787+0000] {processor.py:840} INFO - DAG(s) 'tutorial' retrieved from /home/airflow/.local/lib/python3.12/site-packages/airflow/example_dags/tutorial.py
[2026-08-24T13:55:24.935+0000] {logging_mixin.py:188} INFO - [2026-08-24T13:55:24.935+0000] {dag.py:3096} INFO - Sync 1 DAGs
[2026-08-24T13:55:24.966+0000] {logging_mixin.py:188} INFO - [2026-08-24T13:55:24.966+0000] {dag.py:3954} INFO - Setting next_dagrun for tutorial to 2026-08-23 00:00:00+00:00, run_after=2026-08-24 00:00:00+00:00
[2026-08-24T13:55:25.008+0000] {processor.py:183} INFO - Processing /home/airflow/.local/lib/python3.12/site-packages/airflow/example_dags/tutorial.py took 0.239 seconds
[2026-08-24T13:55:55.068+0000] {processor.py:161} INFO - Started process (PID=579) to work on /home/airflow/.local/lib/python3.12/site-packages/airflow/example_dags/tutorial.py
[2026-08-24T13:55:55.071+0000] {processor.py:830} INFO - Processing file /home/airflow/.local/lib/python3.12/site-packages/airflow/example_dags/tutorial.py for tasks to queue
[2026-08-24T13:55:55.075+0000] {logging_mixin.py:188} INFO - [2026-08-24T13:55:55.074+0000] {dagbag.py:545} INFO - Filling up the DagBag from /home/airflow/.local/lib/python3.12/site-packages/airflow/example_dags/tutorial.py
[2026-08-24T13:55:55.087+0000] {processor.py:840} INFO - DAG(s) 'tutorial' retrieved from /home/airflow/.local/lib/python3.12/site-packages/airflow/example_dags/tutorial.py
[2026-08-24T13:55:55.123+0000] {logging_mixin.py:188} INFO - [2026-08-24T13:55:55.123+0000] {dag.py:3096} INFO - Sync 1 DAGs
[2026-08-24T13:55:55.168+0000] {logging_mixin.py:188} INFO - [2026-08-24T13:55:55.167+0000] {dag.py:3954} INFO - Setting next_dagrun for tutorial to 2026-08-23 00:00:00+00:00, run_after=2026-08-24 00:00:00+00:00
[2026-08-24T13:55:55.204+0000] {processor.py:183} INFO - Processing /home/airflow/.local/lib/python3.12/site-packages/airflow/example_dags/tutorial.py took 0.147 seconds
[2026-08-24T13:56:25.337+0000] {processor.py:161} INFO - Started process (PID=638) to work on /home/airflow/.local/lib/python3.12/site-packages/airflow/example_dags/tutorial.py
[2026-08-24T13:56:25.339+0000] {processor.py:830} INFO - Processing file /home/airflow/.local/lib/python3.12/site-packages/airflow/example_dags/tutorial.py for tasks to queue
[2026-08-24T13:56:25.343+0000] {logging_mixin.py:188} INFO - [2026-08-24T13:56:25.342+0000] {dagbag.py:545} INFO - Filling up the DagBag from /home/airflow/.local/lib/python3.12/site-packages/airflow/example_dags/tutorial.py
[2026-08-24T13:56:25.357+0000] {processor.py:840} INFO - DAG(s) 'tutorial' retrieved from /home/airflow/.local/lib/python3.12/site-packages/airflow/example_dags/tutorial.py
[2026-08-24T13:56:25.404+0000] {logging_mixin.py:188} INFO - [2026-08-24T13:56:25.403+0000] {dag.py:3096} INFO - Sync 1 DAGs
[2026-08-24T13:56:25.452+0000] {logging_mixin.py:188} INFO - [2026-08-24T13:56:25.452+0000] {dag.py:3954} INFO - Setting next_dagrun for tutorial to 2026-08-23 00:00:00+00:00, run_after=2026-08-24 00:00:00+00:00
[2026-08-24T13:56:25.492+0000] {processor.py:183} INFO - Processing /home/airflow/.local/lib/python3.12/site-packages/airflow/example_dags/tutorial.py took 0.165 seconds
[2026-08-24T13:56:55.639+0000] {processor.py:161} INFO - Started process (PID=697) to work on /home/airflow/.local/lib/python3.12/site-packages/airflow/example_dags/tutorial.py
[2026-08-24T13:56:55.640+0000] {processor.py:830} INFO - Processing file /home/airflow/.local/lib/python3.12/site-packages/airflow/example_dags/tutorial.py for tasks to queue
[2026-08-24T13:56:55.643+0000] {logging_mixin.py:188} INFO - [2026-08-24T13:56:55.643+0000] {dagbag.py:545} INFO - Filling up the DagBag from /home/airflow/.local/lib/python3.12/site-packages/airflow/example_dags/tutorial.py
[2026-08-24T13:56:55.654+0000] {processor.py:840} INFO - DAG(s) 'tutorial' retrieved from /home/airflow/.local/lib/python3.12/site-packages/airflow/example_dags/tutorial.py
[2026-08-24T13:56:55.687+0000] {logging_mixin.py:188} INFO - [2026-08-24T13:56:55.686+0000] {dag.py:3096} INFO - Sync 1 DAGs
[2026-08-24T13:56:55.714+0000] {logging_mixin.py:188} INFO - [2026-08-24T13:56:55.713+0000] {dag.py:3954} INFO - Setting next_dagrun for tutorial to 2026-08-23 00:00:00+00:00, run_after=2026-08-24 00:00:00+00:00
[2026-08-24T13:56:55.742+0000] {processor.py:183} INFO - Processing /home/airflow/.local/lib/python3.12/site-packages/airflow/example_dags/tutorial.py took 0.112 seconds
[2026-08-24T13:57:26.287+0000] {processor.py:161} INFO - Started process (PID=757) to work on /home/airflow/.local/lib/python3.12/site-packages/airflow/example_dags/tutorial.py
[2026-08-24T13:57:26.289+0000] {processor.py:830} INFO - Processing file /home/airflow/.local/lib/python3.12/site-packages/airflow/example_dags/tutorial.py for tasks to queue
[2026-08-24T13:57:26.291+0000] {logging_mixin.py:188} INFO - [2026-08-24T13:57:26.291+0000] {dagbag.py:545} INFO - Filling up the DagBag from /home/airflow/.local/lib/python3.12/site-packages/airflow/example_dags/tutorial.py
[2026-08-24T13:57:26.299+0000] {processor.py:840} INFO - DAG(s) 'tutorial' retrieved from /home/airflow/.local/lib/python3.12/site-packages/airflow/example_dags/tutorial.py
[2026-08-24T13:57:26.324+0000] {logging_mixin.py:188} INFO - [2026-08-24T13:57:26.323+0000] {dag.py:3096} INFO - Sync 1 DAGs
[2026-08-24T13:57:26.351+0000] {logging_mixin.py:188} INFO - [2026-08-24T13:57:26.351+0000] {dag.py:3954} INFO - Setting next_dagrun for tutorial to 2026-08-23 00:00:00+00:00, run_after=2026-08-24 00:00:00+00:00
[2026-08-24T13:57:26.375+0000] {processor.py:183} INFO - Processing /home/airflow/.local/lib/python3.12/site-packages/airflow/example_dags/tutorial.py took 0.095 seconds
[2026-08-24T13:57:57.099+0000] {processor.py:161} INFO - Started process (PID=816) to work on /home/airflow/.local/lib/python3.12/site-packages/airflow/example_dags/tutorial.py
[2026-08-24T13:57:57.101+0000] {processor.py:830} INFO - Processing file /home/airflow/.local/lib/python3.12/site-packages/airflow/example_dags/tutorial.py for tasks to queue
[2026-08-24T13:57:57.103+0000] {logging_mixin.py:188} INFO - [2026-08-24T13:57:57.103+0000] {dagbag.py:545} INFO - Filling up the DagBag from /home/airflow/.local/lib/python3.12/site-packages/airflow/example_dags/tutorial.py
[2026-08-24T13:57:57.111+0000] {processor.py:840} INFO - DAG(s) 'tutorial' retrieved from /home/airflow/.local/lib/python3.12/site-packages/airflow/example_dags/tutorial.py
[2026-08-24T13:57:57.135+0000] {logging_mixin.py:188} INFO - [2026-08-24T13:57:57.135+0000] {dag.py:3096} INFO - Sync 1 DAGs
[2026-08-24T13:57:57.164+0000] {logging_mixin.py:188} INFO - [2026-08-24T13:57:57.163+0000] {dag.py:3954} INFO - Setting next_dagrun for tutorial to 2026-08-23 00:00:00+00:00, run_after=2026-08-24 00:00:00+00:00
[2026-08-24T13:57:57.187+0000] {processor.py:183} INFO - Processing /home/airflow/.local/lib/python3.12/site-packages/airflow/example_dags/tutorial.py took 0.095 seconds
[2026-08-24T13:58:27.380+0000] {processor.py:161} INFO - Started process (PID=876) to work on /home/airflow/.local/lib/python3.12/site-packages/airflow/example_dags/tutorial.py
[2026-08-24T13:58:27.381+0000] {processor.py:830} INFO - Processing file /home/airflow/.local/lib/python3.12/site-packages/airflow/example_dags/tutorial.py for tasks to queue
[2026-08-24T13:58:27.383+0000] {logging_mixin.py:188} INFO - [2026-08-24T13:58:27.383+0000] {dagbag.py:545} INFO - Filling up the DagBag from /home/airflow/.local/lib/python3.12/site-packages/airflow/example_dags/tutorial.py
[2026-08-24T13:58:27.392+0000] {processor.py:840} INFO - DAG(s) 'tutorial' retrieved from /home/airflow/.local/lib/python3.12/site-packages/airflow/example_dags/tutorial.py
[2026-08-24T13:58:27.415+0000] {logging_mixin.py:188} INFO - [2026-08-24T13:58:27.415+0000] {dag.py:3096} INFO - Sync 1 DAGs
[2026-08-24T13:58:27.448+0000] {logging_mixin.py:188} INFO - [2026-08-24T13:58:27.447+0000] {dag.py:3954} INFO - Setting next_dagrun for tutorial to 2026-08-23 00:00:00+00:00, run_after=2026-08-24 00:00:00+00:00
[2026-08-24T13:58:27.472+0000] {processor.py:183} INFO - Processing /home/airflow/.local/lib/python3.12/site-packages/airflow/example_dags/tutorial.py took 0.100 seconds
[2026-08-24T13:58:58.459+0000] {processor.py:161} INFO - Started process (PID=935) to work on /home/airflow/.local/lib/python3.12/site-packages/airflow/example_dags/tutorial.py
[2026-08-24T13:58:58.461+0000] {processor.py:830} INFO - Processing file /home/airflow/.local/lib/python3.12/site-packages/airflow/example_dags/tutorial.py for tasks to queue
[2026-08-24T13:58:58.463+0000] {logging_mixin.py:188} INFO - [2026-08-24T13:58:58.463+0000] {dagbag.py:545} INFO - Filling up the DagBag from /home/airflow/.local/lib/python3.12/site-packages/airflow/example_dags/tutorial.py
[2026-08-24T13:58:58.471+0000] {processor.py:840} INFO - DAG(s) 'tutorial' retrieved from /home/airflow/.local/lib/python3.12/site-packages/airflow/example_dags/tutorial.py
[2026-08-24T13:58:58.499+0000] {logging_mixin.py:188} INFO - [2026-08-24T13:58:58.498+0000] {dag.py:3096} INFO - Sync 1 DAGs
[2026-08-24T13:58:58.530+0000] {logging_mixin.py:188} INFO - [2026-08-24T13:58:58.529+0000] {dag.py:3954} INFO - Setting next_dagrun for tutorial to 2026-08-23 00:00:00+00:00, run_after=2026-08-24 00:00:00+00:00
[2026-08-24T13:58:58.553+0000] {processor.py:183} INFO - Processing /home/airflow/.local/lib/python3.12/site-packages/airflow/example_dags/tutorial.py took 0.102 seconds
[2026-08-24T14:00:39.459+0000] {processor.py:161} INFO - Started process (PID=119) to work on /home/airflow/.local/lib/python3.12/site-packages/airflow/example_dags/tutorial.py
[2026-08-24T14:00:39.463+0000] {processor.py:830} INFO - Processing file /home/airflow/.local/lib/python3.12/site-packages/airflow/example_dags/tutorial.py for tasks to queue
[2026-08-24T14:00:39.467+0000] {logging_mixin.py:188} INFO - [2026-08-24T14:00:39.466+0000] {dagbag.py:545} INFO - Filling up the DagBag from /home/airflow/.local/lib/python3.12/site-packages/airflow/example_dags/tutorial.py
[2026-08-24T14:00:39.488+0000] {processor.py:840} INFO - DAG(s) 'tutorial' retrieved from /home/airflow/.local/lib/python3.12/site-packages/airflow/example_dags/tutorial.py
[2026-08-24T14:00:39.740+0000] {logging_mixin.py:188} INFO - [2026-08-24T14:00:39.736+0000] {dag.py:3096} INFO - Sync 1 DAGs
[2026-08-24T14:00:39.820+0000] {logging_mixin.py:188} INFO - [2026-08-24T14:00:39.819+0000] {dag.py:3954} INFO - Setting next_dagrun for tutorial to 2026-08-23 00:00:00+00:00, run_after=2026-08-24 00:00:00+00:00
[2026-08-24T14:00:39.876+0000] {processor.py:183} INFO - Processing /home/airflow/.local/lib/python3.12/site-packages/airflow/example_dags/tutorial.py took 0.430 seconds
[2026-08-24T14:01:10.225+0000] {processor.py:161} INFO - Started process (PID=178) to work on /home/airflow/.local/lib/python3.12/site-packages/airflow/example_dags/tutorial.py
[2026-08-24T14:01:10.227+0000] {processor.py:830} INFO - Processing file /home/airflow/.local/lib/python3.12/site-packages/airflow/example_dags/tutorial.py for tasks to queue
[2026-08-24T14:01:10.230+0000] {logging_mixin.py:188} INFO - [2026-08-24T14:01:10.229+0000] {dagbag.py:545} INFO - Filling up the DagBag from /home/airflow/.local/lib/python3.12/site-packages/airflow/example_dags/tutorial.py
[2026-08-24T14:01:10.238+0000] {processor.py:840} INFO - DAG(s) 'tutorial' retrieved from /home/airflow/.local/lib/python3.12/site-packages/airflow/example_dags/tutorial.py
[2026-08-24T14:01:10.262+0000] {logging_mixin.py:188} INFO - [2026-08-24T14:01:10.261+0000] {dag.py:3096} INFO - Sync 1 DAGs
[2026-08-24T14:01:10.291+0000] {logging_mixin.py:188} INFO - [2026-08-24T14:01:10.291+0000] {dag.py:3954} INFO - Setting next_dagrun for tutorial to 2026-08-23 00:00:00+00:00, run_after=2026-08-24 00:00:00+00:00
[2026-08-24T14:01:10.318+0000] {processor.py:183} INFO - Processing /home/airflow/.local/lib/python3.12/site-packages/airflow/example_dags/tutorial.py took 0.100 seconds
[2026-08-24T14:01:40.419+0000] {processor.py:161} INFO - Started process (PID=237) to work on /home/airflow/.local/lib/python3.12/site-packages/airflow/example_dags/tutorial.py
[2026-08-24T14:01:40.421+0000] {processor.py:830} INFO - Processing file /home/airflow/.local/lib/python3.12/site-packages/airflow/example_dags/tutorial.py for tasks to queue
[2026-08-24T14:01:40.423+0000] {logging_mixin.py:188} INFO - [2026-08-24T14:01:40.422+0000] {dagbag.py:545} INFO - Filling up the DagBag from /home/airflow/.local/lib/python3.12/site-packages/airflow/example_dags/tutorial.py
[2026-08-24T14:01:40.430+0000] {processor.py:840} INFO - DAG(s) 'tutorial' retrieved from /home/airflow/.local/lib/python3.12/site-packages/airflow/example_dags/tutorial.py
[2026-08-24T14:01:40.455+0000] {logging_mixin.py:188} INFO - [2026-08-24T14:01:40.455+0000] {dag.py:3096} INFO - Sync 1 DAGs
[2026-08-24T14:01:40.484+0000] {logging_mixin.py:188} INFO - [2026-08-24T14:01:40.483+0000] {dag.py:3954} INFO - Setting next_dagrun for tutorial to 2026-08-23 00:00:00+00:00, run_after=2026-08-24 00:00:00+00:00
[2026-08-24T14:01:40.507+0000] {processor.py:183} INFO - Processing /home/airflow/.local/lib/python3.12/site-packages/airflow/example_dags/tutorial.py took 0.096 seconds
[2026-08-24T14:02:10.660+0000] {processor.py:161} INFO - Started process (PID=296) to work on /home/airflow/.local/lib/python3.12/site-packages/airflow/example_dags/tutorial.py
[2026-08-24T14:02:10.662+0000] {processor.py:830} INFO - Processing file /home/airflow/.local/lib/python3.12/site-packages/airflow/example_dags/tutorial.py for tasks to queue
[2026-08-24T14:02:10.664+0000] {logging_mixin.py:188} INFO - [2026-08-24T14:02:10.664+0000] {dagbag.py:545} INFO - Filling up the DagBag from /home/airflow/.local/lib/python3.12/site-packages/airflow/example_dags/tutorial.py
[2026-08-24T14:02:10.672+0000] {processor.py:840} INFO - DAG(s) 'tutorial' retrieved from /home/airflow/.local/lib/python3.12/site-packages/airflow/example_dags/tutorial.py
[2026-08-24T14:02:10.697+0000] {logging_mixin.py:188} INFO - [2026-08-24T14:02:10.697+0000] {dag.py:3096} INFO - Sync 1 DAGs
[2026-08-24T14:02:10.724+0000] {logging_mixin.py:188} INFO - [2026-08-24T14:02:10.724+0000] {dag.py:3954} INFO - Setting next_dagrun for tutorial to 2026-08-23 00:00:00+00:00, run_after=2026-08-24 00:00:00+00:00
[2026-08-24T14:02:10.747+0000] {processor.py:183} INFO - Processing /home/airflow/.local/lib/python3.12/site-packages/airflow/example_dags/tutorial.py took 0.095 seconds
[2026-08-24T14:02:41.064+0000] {processor.py:161} INFO - Started process (PID=356) to work on /home/airflow/.local/lib/python3.12/site-packages/airflow/example_dags/tutorial.py
[2026-08-24T14:02:41.065+0000] {processor.py:830} INFO - Processing file /home/airflow/.local/lib/python3.12/site-packages/airflow/example_dags/tutorial.py for tasks to queue
[2026-08-24T14:02:41.068+0000] {logging_mixin.py:188} INFO - [2026-08-24T14:02:41.067+0000] {dagbag.py:545} INFO - Filling up the DagBag from /home/airflow/.local/lib/python3.12/site-packages/airflow/example_dags/tutorial.py
[2026-08-24T14:02:41.076+0000] {processor.py:840} INFO - DAG(s) 'tutorial' retrieved from /home/airflow/.local/lib/python3.12/site-packages/airflow/example_dags/tutorial.py
[2026-08-24T14:02:41.100+0000] {logging_mixin.py:188} INFO - [2026-08-24T14:02:41.099+0000] {dag.py:3096} INFO - Sync 1 DAGs
[2026-08-24T14:02:41.129+0000] {logging_mixin.py:188} INFO - [2026-08-24T14:02:41.128+0000] {dag.py:3954} INFO - Setting next_dagrun for tutorial to 2026-08-23 00:00:00+00:00, run_after=2026-08-24 00:00:00+00:00
[2026-08-24T14:02:41.151+0000] {processor.py:183} INFO - Processing /home/airflow/.local/lib/python3.12/site-packages/airflow/example_dags/tutorial.py took 0.099 seconds
[2026-08-24T14:07:42.961+0000] {processor.py:161} INFO - Started process (PID=125) to work on /home/airflow/.local/lib/python3.12/site-packages/airflow/example_dags/tutorial.py
[2026-08-24T14:07:42.962+0000] {processor.py:830} INFO - Processing file /home/airflow/.local/lib/python3.12/site-packages/airflow/example_dags/tutorial.py for tasks to queue
[2026-08-24T14:07:42.966+0000] {logging_mixin.py:188} INFO - [2026-08-24T14:07:42.965+0000] {dagbag.py:545} INFO - Filling up the DagBag from /home/airflow/.local/lib/python3.12/site-packages/airflow/example_dags/tutorial.py
[2026-08-24T14:07:42.976+0000] {processor.py:840} INFO - DAG(s) 'tutorial' retrieved from /home/airflow/.local/lib/python3.12/site-packages/airflow/example_dags/tutorial.py
[2026-08-24T14:07:43.208+0000] {logging_mixin.py:188} INFO - [2026-08-24T14:07:43.207+0000] {dag.py:3096} INFO - Sync 1 DAGs
[2026-08-24T14:07:43.241+0000] {logging_mixin.py:188} INFO - [2026-08-24T14:07:43.241+0000] {dag.py:3954} INFO - Setting next_dagrun for tutorial to 2026-08-23 00:00:00+00:00, run_after=2026-08-24 00:00:00+00:00
[2026-08-24T14:07:43.278+0000] {processor.py:183} INFO - Processing /home/airflow/.local/lib/python3.12/site-packages/airflow/example_dags/tutorial.py took 0.327 seconds
[2026-08-24T14:08:13.361+0000] {processor.py:161} INFO - Started process (PID=184) to work on /home/airflow/.local/lib/python3.12/site-packages/airflow/example_dags/tutorial.py
[2026-08-24T14:08:13.363+0000] {processor.py:830} INFO - Processing file /home/airflow/.local/lib/python3.12/site-packages/airflow/example_dags/tutorial.py for tasks to queue
[2026-08-24T14:08:13.366+0000] {logging_mixin.py:188} INFO - [2026-08-24T14:08:13.366+0000] {dagbag.py:545} INFO - Filling up the DagBag from /home/airflow/.local/lib/python3.12/site-packages/airflow/example_dags/tutorial.py
[2026-08-24T14:08:13.375+0000] {processor.py:840} INFO - DAG(s) 'tutorial' retrieved from /home/airflow/.local/lib/python3.12/site-packages/airflow/example_dags/tutorial.py
[2026-08-24T14:08:13.408+0000] {logging_mixin.py:188} INFO - [2026-08-24T14:08:13.408+0000] {dag.py:3096} INFO - Sync 1 DAGs
[2026-08-24T14:08:13.437+0000] {logging_mixin.py:188} INFO - [2026-08-24T14:08:13.437+0000] {dag.py:3954} INFO - Setting next_dagrun for tutorial to 2026-08-23 00:00:00+00:00, run_after=2026-08-24 00:00:00+00:00
[2026-08-24T14:08:13.465+0000] {processor.py:183} INFO - Processing /home/airflow/.local/lib/python3.12/site-packages/airflow/example_dags/tutorial.py took 0.112 seconds
[2026-08-24T14:08:43.694+0000] {processor.py:161} INFO - Started process (PID=243) to work on /home/airflow/.local/lib/python3.12/site-packages/airflow/example_dags/tutorial.py
[2026-08-24T14:08:43.695+0000] {processor.py:830} INFO - Processing file /home/airflow/.local/lib/python3.12/site-packages/airflow/example_dags/tutorial.py for tasks to queue
[2026-08-24T14:08:43.698+0000] {logging_mixin.py:188} INFO - [2026-08-24T14:08:43.697+0000] {dagbag.py:545} INFO - Filling up the DagBag from /home/airflow/.local/lib/python3.12/site-packages/airflow/example_dags/tutorial.py
[2026-08-24T14:08:43.706+0000] {processor.py:840} INFO - DAG(s) 'tutorial' retrieved from /home/airflow/.local/lib/python3.12/site-packages/airflow/example_dags/tutorial.py
[2026-08-24T14:08:43.731+0000] {logging_mixin.py:188} INFO - [2026-08-24T14:08:43.731+0000] {dag.py:3096} INFO - Sync 1 DAGs
[2026-08-24T14:08:43.774+0000] {logging_mixin.py:188} INFO - [2026-08-24T14:08:43.774+0000] {dag.py:3954} INFO - Setting next_dagrun for tutorial to 2026-08-23 00:00:00+00:00, run_after=2026-08-24 00:00:00+00:00
[2026-08-24T14:08:43.808+0000] {processor.py:183} INFO - Processing /home/airflow/.local/lib/python3.12/site-packages/airflow/example_dags/tutorial.py took 0.122 seconds
[2026-08-24T14:09:13.937+0000] {processor.py:161} INFO - Started process (PID=302) to work on /home/airflow/.local/lib/python3.12/site-packages/airflow/example_dags/tutorial.py
[2026-08-24T14:09:13.939+0000] {processor.py:830} INFO - Processing file /home/airflow/.local/lib/python3.12/site-packages/airflow/example_dags/tutorial.py for tasks to queue
[2026-08-24T14:09:13.942+0000] {logging_mixin.py:188} INFO - [2026-08-24T14:09:13.942+0000] {dagbag.py:545} INFO - Filling up the DagBag from /home/airflow/.local/lib/python3.12/site-packages/airflow/example_dags/tutorial.py
[2026-08-24T14:09:13.951+0000] {processor.py:840} INFO - DAG(s) 'tutorial' retrieved from /home/airflow/.local/lib/python3.12/site-packages/airflow/example_dags/tutorial.py
[2026-08-24T14:09:13.981+0000] {logging_mixin.py:188} INFO - [2026-08-24T14:09:13.981+0000] {dag.py:3096} INFO - Sync 1 DAGs
[2026-08-24T14:09:14.017+0000] {logging_mixin.py:188} INFO - [2026-08-24T14:09:14.016+0000] {dag.py:3954} INFO - Setting next_dagrun for tutorial to 2026-08-23 00:00:00+00:00, run_after=2026-08-24 00:00:00+00:00
[2026-08-24T14:09:14.039+0000] {processor.py:183} INFO - Processing /home/airflow/.local/lib/python3.12/site-packages/airflow/example_dags/tutorial.py took 0.110 seconds
[2026-08-24T14:09:44.481+0000] {processor.py:161} INFO - Started process (PID=361) to work on /home/airflow/.local/lib/python3.12/site-packages/airflow/example_dags/tutorial.py
[2026-08-24T14:09:44.482+0000] {processor.py:830} INFO - Processing file /home/airflow/.local/lib/python3.12/site-packages/airflow/example_dags/tutorial.py for tasks to queue
[2026-08-24T14:09:44.487+0000] {logging_mixin.py:188} INFO - [2026-08-24T14:09:44.486+0000] {dagbag.py:545} INFO - Filling up the DagBag from /home/airflow/.local/lib/python3.12/site-packages/airflow/example_dags/tutorial.py
[2026-08-24T14:09:44.497+0000] {processor.py:840} INFO - DAG(s) 'tutorial' retrieved from /home/airflow/.local/lib/python3.12/site-packages/airflow/example_dags/tutorial.py
[2026-08-24T14:09:44.525+0000] {logging_mixin.py:188} INFO - [2026-08-24T14:09:44.525+0000] {dag.py:3096} INFO - Sync 1 DAGs
[2026-08-24T14:09:44.563+0000] {logging_mixin.py:188} INFO - [2026-08-24T14:09:44.562+0000] {dag.py:3954} INFO - Setting next_dagrun for tutorial to 2026-08-23 00:00:00+00:00, run_after=2026-08-24 00:00:00+00:00
[2026-08-24T14:09:44.595+0000] {processor.py:183} INFO - Processing /home/airflow/.local/lib/python3.12/site-packages/airflow/example_dags/tutorial.py took 0.127 seconds
[2026-08-24T14:10:15.054+0000] {processor.py:161} INFO - Started process (PID=420) to work on /home/airflow/.local/lib/python3.12/site-packages/airflow/example_dags/tutorial.py
[2026-08-24T14:10:15.055+0000] {processor.py:830} INFO - Processing file /home/airflow/.local/lib/python3.12/site-packages/airflow/example_dags/tutorial.py for tasks to queue
[2026-08-24T14:10:15.058+0000] {logging_mixin.py:188} INFO - [2026-08-24T14:10:15.057+0000] {dagbag.py:545} INFO - Filling up the DagBag from /home/airflow/.local/lib/python3.12/site-packages/airflow/example_dags/tutorial.py
[2026-08-24T14:10:15.066+0000] {processor.py:840} INFO - DAG(s) 'tutorial' retrieved from /home/airflow/.local/lib/python3.12/site-packages/airflow/example_dags/tutorial.py
[2026-08-24T14:10:15.093+0000] {logging_mixin.py:188} INFO - [2026-08-24T14:10:15.093+0000] {dag.py:3096} INFO - Sync 1 DAGs
[2026-08-24T14:10:15.125+0000] {logging_mixin.py:188} INFO - [2026-08-24T14:10:15.125+0000] {dag.py:3954} INFO - Setting next_dagrun for tutorial to 2026-08-23 00:00:00+00:00, run_after=2026-08-24 00:00:00+00:00
[2026-08-24T14:10:15.150+0000] {processor.py:183} INFO - Processing /home/airflow/.local/lib/python3.12/site-packages/airflow/example_dags/tutorial.py took 0.104 seconds
[2026-08-24T14:10:45.622+0000] {processor.py:161} INFO - Started process (PID=479) to work on /home/airflow/.local/lib/python3.12/site-packages/airflow/example_dags/tutorial.py
[2026-08-24T14:10:45.623+0000] {processor.py:830} INFO - Processing file /home/airflow/.local/lib/python3.12/site-packages/airflow/example_dags/tutorial.py for tasks to queue
[2026-08-24T14:10:45.626+0000] {logging_mixin.py:188} INFO - [2026-08-24T14:10:45.626+0000] {dagbag.py:545} INFO - Filling up the DagBag from /home/airflow/.local/lib/python3.12/site-packages/airflow/example_dags/tutorial.py
[2026-08-24T14:10:45.637+0000] {processor.py:840} INFO - DAG(s) 'tutorial' retrieved from /home/airflow/.local/lib/python3.12/site-packages/airflow/example_dags/tutorial.py
[2026-08-24T14:10:45.665+0000] {logging_mixin.py:188} INFO - [2026-08-24T14:10:45.664+0000] {dag.py:3096} INFO - Sync 1 DAGs
[2026-08-24T14:10:45.700+0000] {logging_mixin.py:188} INFO - [2026-08-24T14:10:45.700+0000] {dag.py:3954} INFO - Setting next_dagrun for tutorial to 2026-08-23 00:00:00+00:00, run_after=2026-08-24 00:00:00+00:00
[2026-08-24T14:10:45.725+0000] {processor.py:183} INFO - Processing /home/airflow/.local/lib/python3.12/site-packages/airflow/example_dags/tutorial.py took 0.112 seconds
[2026-08-24T14:13:29.466+0000] {processor.py:161} INFO - Started process (PID=129) to work on /home/airflow/.local/lib/python3.12/site-packages/airflow/example_dags/tutorial.py
[2026-08-24T14:13:29.468+0000] {processor.py:830} INFO - Processing file /home/airflow/.local/lib/python3.12/site-packages/airflow/example_dags/tutorial.py for tasks to queue
[2026-08-24T14:13:29.470+0000] {logging_mixin.py:188} INFO - [2026-08-24T14:13:29.470+0000] {dagbag.py:545} INFO - Filling up the DagBag from /home/airflow/.local/lib/python3.12/site-packages/airflow/example_dags/tutorial.py
[2026-08-24T14:13:29.479+0000] {processor.py:840} INFO - DAG(s) 'tutorial' retrieved from /home/airflow/.local/lib/python3.12/site-packages/airflow/example_dags/tutorial.py
[2026-08-24T14:13:29.620+0000] {logging_mixin.py:188} INFO - [2026-08-24T14:13:29.620+0000] {dag.py:3096} INFO - Sync 1 DAGs
[2026-08-24T14:13:29.646+0000] {logging_mixin.py:188} INFO - [2026-08-24T14:13:29.646+0000] {dag.py:3954} INFO - Setting next_dagrun for tutorial to 2026-08-23 00:00:00+00:00, run_after=2026-08-24 00:00:00+00:00
[2026-08-24T14:13:29.673+0000] {processor.py:183} INFO - Processing /home/airflow/.local/lib/python3.12/site-packages/airflow/example_dags/tutorial.py took 0.215 seconds
[2026-08-24T14:13:59.757+0000] {processor.py:161} INFO - Started process (PID=188) to work on /home/airflow/.local/lib/python3.12/site-packages/airflow/example_dags/tutorial.py
[2026-08-24T14:13:59.759+0000] {processor.py:830} INFO - Processing file /home/airflow/.local/lib/python3.12/site-packages/airflow/example_dags/tutorial.py for tasks to queue
[2026-08-24T14:13:59.761+0000] {logging_mixin.py:188} INFO - [2026-08-24T14:13:59.761+0000] {dagbag.py:545} INFO - Filling up the DagBag from /home/airflow/.local/lib/python3.12/site-packages/airflow/example_dags/tutorial.py
[2026-08-24T14:13:59.769+0000] {processor.py:840} INFO - DAG(s) 'tutorial' retrieved from /home/airflow/.local/lib/python3.12/site-packages/airflow/example_dags/tutorial.py
[2026-08-24T14:13:59.795+0000] {logging_mixin.py:188} INFO - [2026-08-24T14:13:59.795+0000] {dag.py:3096} INFO - Sync 1 DAGs
[2026-08-24T14:13:59.825+0000] {logging_mixin.py:188} INFO - [2026-08-24T14:13:59.825+0000] {dag.py:3954} INFO - Setting next_dagrun for tutorial to 2026-08-23 00:00:00+00:00, run_after=2026-08-24 00:00:00+00:00
[2026-08-24T14:13:59.847+0000] {processor.py:183} INFO - Processing /home/airflow/.local/lib/python3.12/site-packages/airflow/example_dags/tutorial.py took 0.097 seconds
[2026-08-24T14:14:30.087+0000] {processor.py:161} INFO - Started process (PID=247) to work on /home/airflow/.local/lib/python3.12/site-packages/airflow/example_dags/tutorial.py
[2026-08-24T14:14:30.089+0000] {processor.py:830} INFO - Processing file /home/airflow/.local/lib/python3.12/site-packages/airflow/example_dags/tutorial.py for tasks to queue
[2026-08-24T14:14:30.092+0000] {logging_mixin.py:188} INFO - [2026-08-24T14:14:30.091+0000] {dagbag.py:545} INFO - Filling up the DagBag from /home/airflow/.local/lib/python3.12/site-packages/airflow/example_dags/tutorial.py
[2026-08-24T14:14:30.102+0000] {processor.py:840} INFO - DAG(s) 'tutorial' retrieved from /home/airflow/.local/lib/python3.12/site-packages/airflow/example_dags/tutorial.py
[2026-08-24T14:14:30.128+0000] {logging_mixin.py:188} INFO - [2026-08-24T14:14:30.128+0000] {dag.py:3096} INFO - Sync 1 DAGs
[2026-08-24T14:14:30.156+0000] {logging_mixin.py:188} INFO - [2026-08-24T14:14:30.156+0000] {dag.py:3954} INFO - Setting next_dagrun for tutorial to 2026-08-23 00:00:00+00:00, run_after=2026-08-24 00:00:00+00:00
[2026-08-24T14:14:30.180+0000] {processor.py:183} INFO - Processing /home/airflow/.local/lib/python3.12/site-packages/airflow/example_dags/tutorial.py took 0.101 seconds
[2026-08-24T14:15:00.229+0000] {processor.py:161} INFO - Started process (PID=306) to work on /home/airflow/.local/lib/python3.12/site-packages/airflow/example_dags/tutorial.py
[2026-08-24T14:15:00.230+0000] {processor.py:830} INFO - Processing file /home/airflow/.local/lib/python3.12/site-packages/airflow/example_dags/tutorial.py for tasks to queue
[2026-08-24T14:15:00.233+0000] {logging_mixin.py:188} INFO - [2026-08-24T14:15:00.232+0000] {dagbag.py:545} INFO - Filling up the DagBag from /home/airflow/.local/lib/python3.12/site-packages/airflow/example_dags/tutorial.py
[2026-08-24T14:15:00.242+0000] {processor.py:840} INFO - DAG(s) 'tutorial' retrieved from /home/airflow/.local/lib/python3.12/site-packages/airflow/example_dags/tutorial.py
[2026-08-24T14:15:00.267+0000] {logging_mixin.py:188} INFO - [2026-08-24T14:15:00.267+0000] {dag.py:3096} INFO - Sync 1 DAGs
[2026-08-24T14:15:00.295+0000] {logging_mixin.py:188} INFO - [2026-08-24T14:15:00.295+0000] {dag.py:3954} INFO - Setting next_dagrun for tutorial to 2026-08-23 00:00:00+00:00, run_after=2026-08-24 00:00:00+00:00
[2026-08-24T14:15:00.319+0000] {processor.py:183} INFO - Processing /home/airflow/.local/lib/python3.12/site-packages/airflow/example_dags/tutorial.py took 0.098 seconds
[2026-08-24T14:15:31.276+0000] {processor.py:161} INFO - Started process (PID=365) to work on /home/airflow/.local/lib/python3.12/site-packages/airflow/example_dags/tutorial.py
[2026-08-24T14:15:31.277+0000] {processor.py:830} INFO - Processing file /home/airflow/.local/lib/python3.12/site-packages/airflow/example_dags/tutorial.py for tasks to queue
[2026-08-24T14:15:31.280+0000] {logging_mixin.py:188} INFO - [2026-08-24T14:15:31.279+0000] {dagbag.py:545} INFO - Filling up the DagBag from /home/airflow/.local/lib/python3.12/site-packages/airflow/example_dags/tutorial.py
[2026-08-24T14:15:31.288+0000] {processor.py:840} INFO - DAG(s) 'tutorial' retrieved from /home/airflow/.local/lib/python3.12/site-packages/airflow/example_dags/tutorial.py
[2026-08-24T14:15:31.313+0000] {logging_mixin.py:188} INFO - [2026-08-24T14:15:31.313+0000] {dag.py:3096} INFO - Sync 1 DAGs
[2026-08-24T14:15:31.341+0000] {logging_mixin.py:188} INFO - [2026-08-24T14:15:31.340+0000] {dag.py:3954} INFO - Setting next_dagrun for tutorial to 2026-08-23 00:00:00+00:00, run_after=2026-08-24 00:00:00+00:00
[2026-08-24T14:15:31.363+0000] {processor.py:183} INFO - Processing /home/airflow/.local/lib/python3.12/site-packages/airflow/example_dags/tutorial.py took 0.095 seconds
[2026-08-24T14:16:02.103+0000] {processor.py:161} INFO - Started process (PID=424) to work on /home/airflow/.local/lib/python3.12/site-packages/airflow/example_dags/tutorial.py
[2026-08-24T14:16:02.104+0000] {processor.py:830} INFO - Processing file /home/airflow/.local/lib/python3.12/site-packages/airflow/example_dags/tutorial.py for tasks to queue
[2026-08-24T14:16:02.108+0000] {logging_mixin.py:188} INFO - [2026-08-24T14:16:02.108+0000] {dagbag.py:545} INFO - Filling up the DagBag from /home/airflow/.local/lib/python3.12/site-packages/airflow/example_dags/tutorial.py
[2026-08-24T14:16:02.117+0000] {processor.py:840} INFO - DAG(s) 'tutorial' retrieved from /home/airflow/.local/lib/python3.12/site-packages/airflow/example_dags/tutorial.py
[2026-08-24T14:16:02.147+0000] {logging_mixin.py:188} INFO - [2026-08-24T14:16:02.147+0000] {dag.py:3096} INFO - Sync 1 DAGs
[2026-08-24T14:16:02.176+0000] {logging_mixin.py:188} INFO - [2026-08-24T14:16:02.176+0000] {dag.py:3954} INFO - Setting next_dagrun for tutorial to 2026-08-23 00:00:00+00:00, run_after=2026-08-24 00:00:00+00:00
[2026-08-24T14:16:02.217+0000] {processor.py:183} INFO - Processing /home/airflow/.local/lib/python3.12/site-packages/airflow/example_dags/tutorial.py took 0.122 seconds
[2026-08-24T14:16:32.309+0000] {processor.py:161} INFO - Started process (PID=483) to work on /home/airflow/.local/lib/python3.12/site-packages/airflow/example_dags/tutorial.py
[2026-08-24T14:16:32.310+0000] {processor.py:830} INFO - Processing file /home/airflow/.local/lib/python3.12/site-packages/airflow/example_dags/tutorial.py for tasks to queue
[2026-08-24T14:16:32.312+0000] {logging_mixin.py:188} INFO - [2026-08-24T14:16:32.312+0000] {dagbag.py:545} INFO - Filling up the DagBag from /home/airflow/.local/lib/python3.12/site-packages/airflow/example_dags/tutorial.py
[2026-08-24T14:16:32.320+0000] {processor.py:840} INFO - DAG(s) 'tutorial' retrieved from /home/airflow/.local/lib/python3.12/site-packages/airflow/example_dags/tutorial.py
[2026-08-24T14:16:32.351+0000] {logging_mixin.py:188} INFO - [2026-08-24T14:16:32.350+0000] {dag.py:3096} INFO - Sync 1 DAGs
[2026-08-24T14:16:32.388+0000] {logging_mixin.py:188} INFO - [2026-08-24T14:16:32.387+0000] {dag.py:3954} INFO - Setting next_dagrun for tutorial to 2026-08-23 00:00:00+00:00, run_after=2026-08-24 00:00:00+00:00
[2026-08-24T14:16:32.416+0000] {processor.py:183} INFO - Processing /home/airflow/.local/lib/python3.12/site-packages/airflow/example_dags/tutorial.py took 0.116 seconds
[2026-08-24T14:17:02.630+0000] {processor.py:161} INFO - Started process (PID=542) to work on /home/airflow/.local/lib/python3.12/site-packages/airflow/example_dags/tutorial.py
[2026-08-24T14:17:02.631+0000] {processor.py:830} INFO - Processing file /home/airflow/.local/lib/python3.12/site-packages/airflow/example_dags/tutorial.py for tasks to queue
[2026-08-24T14:17:02.634+0000] {logging_mixin.py:188} INFO - [2026-08-24T14:17:02.634+0000] {dagbag.py:545} INFO - Filling up the DagBag from /home/airflow/.local/lib/python3.12/site-packages/airflow/example_dags/tutorial.py
[2026-08-24T14:17:02.642+0000] {processor.py:840} INFO - DAG(s) 'tutorial' retrieved from /home/airflow/.local/lib/python3.12/site-packages/airflow/example_dags/tutorial.py
[2026-08-24T14:17:02.669+0000] {logging_mixin.py:188} INFO - [2026-08-24T14:17:02.669+0000] {dag.py:3096} INFO - Sync 1 DAGs
[2026-08-24T14:17:02.701+0000] {logging_mixin.py:188} INFO - [2026-08-24T14:17:02.700+0000] {dag.py:3954} INFO - Setting next_dagrun for tutorial to 2026-08-23 00:00:00+00:00, run_after=2026-08-24 00:00:00+00:00
[2026-08-24T14:17:02.730+0000] {processor.py:183} INFO - Processing /home/airflow/.local/lib/python3.12/site-packages/airflow/example_dags/tutorial.py took 0.107 seconds
[2026-08-24T14:17:33.717+0000] {processor.py:161} INFO - Started process (PID=601) to work on /home/airflow/.local/lib/python3.12/site-packages/airflow/example_dags/tutorial.py
[2026-08-24T14:17:33.718+0000] {processor.py:830} INFO - Processing file /home/airflow/.local/lib/python3.12/site-packages/airflow/example_dags/tutorial.py for tasks to queue
[2026-08-24T14:17:33.721+0000] {logging_mixin.py:188} INFO - [2026-08-24T14:17:33.720+0000] {dagbag.py:545} INFO - Filling up the DagBag from /home/airflow/.local/lib/python3.12/site-packages/airflow/example_dags/tutorial.py
[2026-08-24T14:17:33.729+0000] {processor.py:840} INFO - DAG(s) 'tutorial' retrieved from /home/airflow/.local/lib/python3.12/site-packages/airflow/example_dags/tutorial.py
[2026-08-24T14:17:33.756+0000] {logging_mixin.py:188} INFO - [2026-08-24T14:17:33.756+0000] {dag.py:3096} INFO - Sync 1 DAGs
[2026-08-24T14:17:33.791+0000] {logging_mixin.py:188} INFO - [2026-08-24T14:17:33.791+0000] {dag.py:3954} INFO - Setting next_dagrun for tutorial to 2026-08-23 00:00:00+00:00, run_after=2026-08-24 00:00:00+00:00
[2026-08-24T14:17:33.816+0000] {processor.py:183} INFO - Processing /home/airflow/.local/lib/python3.12/site-packages/airflow/example_dags/tutorial.py took 0.108 seconds
[2026-08-24T14:18:04.582+0000] {processor.py:161} INFO - Started process (PID=660) to work on /home/airflow/.local/lib/python3.12/site-packages/airflow/example_dags/tutorial.py
[2026-08-24T14:18:04.585+0000] {processor.py:830} INFO - Processing file /home/airflow/.local/lib/python3.12/site-packages/airflow/example_dags/tutorial.py for tasks to queue
[2026-08-24T14:18:04.590+0000] {logging_mixin.py:188} INFO - [2026-08-24T14:18:04.589+0000] {dagbag.py:545} INFO - Filling up the DagBag from /home/airflow/.local/lib/python3.12/site-packages/airflow/example_dags/tutorial.py
[2026-08-24T14:18:04.602+0000] {processor.py:840} INFO - DAG(s) 'tutorial' retrieved from /home/airflow/.local/lib/python3.12/site-packages/airflow/example_dags/tutorial.py
[2026-08-24T14:18:04.634+0000] {logging_mixin.py:188} INFO - [2026-08-24T14:18:04.634+0000] {dag.py:3096} INFO - Sync 1 DAGs
[2026-08-24T14:18:04.668+0000] {logging_mixin.py:188} INFO - [2026-08-24T14:18:04.668+0000] {dag.py:3954} INFO - Setting next_dagrun for tutorial to 2026-08-23 00:00:00+00:00, run_after=2026-08-24 00:00:00+00:00
[2026-08-24T14:18:04.695+0000] {processor.py:183} INFO - Processing /home/airflow/.local/lib/python3.12/site-packages/airflow/example_dags/tutorial.py took 0.127 seconds
[2026-08-24T14:18:35.595+0000] {processor.py:161} INFO - Started process (PID=720) to work on /home/airflow/.local/lib/python3.12/site-packages/airflow/example_dags/tutorial.py
[2026-08-24T14:18:35.597+0000] {processor.py:830} INFO - Processing file /home/airflow/.local/lib/python3.12/site-packages/airflow/example_dags/tutorial.py for tasks to queue
[2026-08-24T14:18:35.607+0000] {logging_mixin.py:188} INFO - [2026-08-24T14:18:35.606+0000] {dagbag.py:545} INFO - Filling up the DagBag from /home/airflow/.local/lib/python3.12/site-packages/airflow/example_dags/tutorial.py
[2026-08-24T14:18:35.617+0000] {processor.py:840} INFO - DAG(s) 'tutorial' retrieved from /home/airflow/.local/lib/python3.12/site-packages/airflow/example_dags/tutorial.py
[2026-08-24T14:18:35.655+0000] {logging_mixin.py:188} INFO - [2026-08-24T14:18:35.655+0000] {dag.py:3096} INFO - Sync 1 DAGs
[2026-08-24T14:18:35.696+0000] {logging_mixin.py:188} INFO - [2026-08-24T14:18:35.696+0000] {dag.py:3954} INFO - Setting next_dagrun for tutorial to 2026-08-23 00:00:00+00:00, run_after=2026-08-24 00:00:00+00:00
[2026-08-24T14:18:35.726+0000] {processor.py:183} INFO - Processing /home/airflow/.local/lib/python3.12/site-packages/airflow/example_dags/tutorial.py took 0.143 seconds
[2026-08-24T14:19:06.614+0000] {processor.py:161} INFO - Started process (PID=786) to work on /home/airflow/.local/lib/python3.12/site-packages/airflow/example_dags/tutorial.py
[2026-08-24T14:19:06.616+0000] {processor.py:830} INFO - Processing file /home/airflow/.local/lib/python3.12/site-packages/airflow/example_dags/tutorial.py for tasks to queue
[2026-08-24T14:19:06.620+0000] {logging_mixin.py:188} INFO - [2026-08-24T14:19:06.619+0000] {dagbag.py:545} INFO - Filling up the DagBag from /home/airflow/.local/lib/python3.12/site-packages/airflow/example_dags/tutorial.py
[2026-08-24T14:19:06.631+0000] {processor.py:840} INFO - DAG(s) 'tutorial' retrieved from /home/airflow/.local/lib/python3.12/site-packages/airflow/example_dags/tutorial.py
[2026-08-24T14:19:06.656+0000] {logging_mixin.py:188} INFO - [2026-08-24T14:19:06.656+0000] {dag.py:3096} INFO - Sync 1 DAGs
[2026-08-24T14:19:06.685+0000] {logging_mixin.py:188} INFO - [2026-08-24T14:19:06.685+0000] {dag.py:3954} INFO - Setting next_dagrun for tutorial to 2026-08-23 00:00:00+00:00, run_after=2026-08-24 00:00:00+00:00
[2026-08-24T14:19:06.716+0000] {processor.py:183} INFO - Processing /home/airflow/.local/lib/python3.12/site-packages/airflow/example_dags/tutorial.py took 0.111 seconds
[2026-08-24T14:19:37.913+0000] {processor.py:161} INFO - Started process (PID=846) to work on /home/airflow/.local/lib/python3.12/site-packages/airflow/example_dags/tutorial.py
[2026-08-24T14:19:37.914+0000] {processor.py:830} INFO - Processing file /home/airflow/.local/lib/python3.12/site-packages/airflow/example_dags/tutorial.py for tasks to queue
[2026-08-24T14:19:37.918+0000] {logging_mixin.py:188} INFO - [2026-08-24T14:19:37.917+0000] {dagbag.py:545} INFO - Filling up the DagBag from /home/airflow/.local/lib/python3.12/site-packages/airflow/example_dags/tutorial.py
[2026-08-24T14:19:37.927+0000] {processor.py:840} INFO - DAG(s) 'tutorial' retrieved from /home/airflow/.local/lib/python3.12/site-packages/airflow/example_dags/tutorial.py
[2026-08-24T14:19:37.954+0000] {logging_mixin.py:188} INFO - [2026-08-24T14:19:37.954+0000] {dag.py:3096} INFO - Sync 1 DAGs
[2026-08-24T14:19:37.984+0000] {logging_mixin.py:188} INFO - [2026-08-24T14:19:37.984+0000] {dag.py:3954} INFO - Setting next_dagrun for tutorial to 2026-08-23 00:00:00+00:00, run_after=2026-08-24 00:00:00+00:00
[2026-08-24T14:19:38.011+0000] {processor.py:183} INFO - Processing /home/airflow/.local/lib/python3.12/site-packages/airflow/example_dags/tutorial.py took 0.106 seconds
[2026-08-24T14:20:09.563+0000] {processor.py:161} INFO - Started process (PID=906) to work on /home/airflow/.local/lib/python3.12/site-packages/airflow/example_dags/tutorial.py
[2026-08-24T14:20:09.565+0000] {processor.py:830} INFO - Processing file /home/airflow/.local/lib/python3.12/site-packages/airflow/example_dags/tutorial.py for tasks to queue
[2026-08-24T14:20:09.567+0000] {logging_mixin.py:188} INFO - [2026-08-24T14:20:09.567+0000] {dagbag.py:545} INFO - Filling up the DagBag from /home/airflow/.local/lib/python3.12/site-packages/airflow/example_dags/tutorial.py
[2026-08-24T14:20:09.577+0000] {processor.py:840} INFO - DAG(s) 'tutorial' retrieved from /home/airflow/.local/lib/python3.12/site-packages/airflow/example_dags/tutorial.py
[2026-08-24T14:20:09.605+0000] {logging_mixin.py:188} INFO - [2026-08-24T14:20:09.605+0000] {dag.py:3096} INFO - Sync 1 DAGs
[2026-08-24T14:20:09.637+0000] {logging_mixin.py:188} INFO - [2026-08-24T14:20:09.637+0000] {dag.py:3954} INFO - Setting next_dagrun for tutorial to 2026-08-23 00:00:00+00:00, run_after=2026-08-24 00:00:00+00:00
[2026-08-24T14:20:09.661+0000] {processor.py:183} INFO - Processing /home/airflow/.local/lib/python3.12/site-packages/airflow/example_dags/tutorial.py took 0.109 seconds
[2026-08-24T14:22:20.889+0000] {processor.py:161} INFO - Started process (PID=129) to work on /home/airflow/.local/lib/python3.12/site-packages/airflow/example_dags/tutorial.py
[2026-08-24T14:22:20.891+0000] {processor.py:830} INFO - Processing file /home/airflow/.local/lib/python3.12/site-packages/airflow/example_dags/tutorial.py for tasks to queue
[2026-08-24T14:22:20.893+0000] {logging_mixin.py:188} INFO - [2026-08-24T14:22:20.893+0000] {dagbag.py:545} INFO - Filling up the DagBag from /home/airflow/.local/lib/python3.12/site-packages/airflow/example_dags/tutorial.py
[2026-08-24T14:22:20.902+0000] {processor.py:840} INFO - DAG(s) 'tutorial' retrieved from /home/airflow/.local/lib/python3.12/site-packages/airflow/example_dags/tutorial.py
[2026-08-24T14:22:21.063+0000] {logging_mixin.py:188} INFO - [2026-08-24T14:22:21.063+0000] {dag.py:3096} INFO - Sync 1 DAGs
[2026-08-24T14:22:21.089+0000] {logging_mixin.py:188} INFO - [2026-08-24T14:22:21.089+0000] {dag.py:3954} INFO - Setting next_dagrun for tutorial to 2026-08-23 00:00:00+00:00, run_after=2026-08-24 00:00:00+00:00
[2026-08-24T14:22:21.116+0000] {processor.py:183} INFO - Processing /home/airflow/.local/lib/python3.12/site-packages/airflow/example_dags/tutorial.py took 0.235 seconds
[2026-08-24T14:23:02.903+0000] {processor.py:161} INFO - Started process (PID=114) to work on /home/airflow/.local/lib/python3.12/site-packages/airflow/example_dags/tutorial.py
[2026-08-24T14:23:02.905+0000] {processor.py:830} INFO - Processing file /home/airflow/.local/lib/python3.12/site-packages/airflow/example_dags/tutorial.py for tasks to queue
[2026-08-24T14:23:02.907+0000] {logging_mixin.py:188} INFO - [2026-08-24T14:23:02.907+0000] {dagbag.py:545} INFO - Filling up the DagBag from /home/airflow/.local/lib/python3.12/site-packages/airflow/example_dags/tutorial.py
[2026-08-24T14:23:02.928+0000] {processor.py:840} INFO - DAG(s) 'tutorial' retrieved from /home/airflow/.local/lib/python3.12/site-packages/airflow/example_dags/tutorial.py
[2026-08-24T14:23:02.966+0000] {logging_mixin.py:188} INFO - [2026-08-24T14:23:02.965+0000] {dag.py:3096} INFO - Sync 1 DAGs
[2026-08-24T14:23:03.008+0000] {logging_mixin.py:188} INFO - [2026-08-24T14:23:03.008+0000] {dag.py:3954} INFO - Setting next_dagrun for tutorial to 2026-08-23 00:00:00+00:00, run_after=2026-08-24 00:00:00+00:00
[2026-08-24T14:23:03.038+0000] {processor.py:183} INFO - Processing /home/airflow/.local/lib/python3.12/site-packages/airflow/example_dags/tutorial.py took 0.144 seconds
[2026-08-24T14:23:34.170+0000] {processor.py:161} INFO - Started process (PID=174) to work on /home/airflow/.local/lib/python3.12/site-packages/airflow/example_dags/tutorial.py
[2026-08-24T14:23:34.175+0000] {processor.py:830} INFO - Processing file /home/airflow/.local/lib/python3.12/site-packages/airflow/example_dags/tutorial.py for tasks to queue
[2026-08-24T14:23:34.180+0000] {logging_mixin.py:188} INFO - [2026-08-24T14:23:34.180+0000] {dagbag.py:545} INFO - Filling up the DagBag from /home/airflow/.local/lib/python3.12/site-packages/airflow/example_dags/tutorial.py
[2026-08-24T14:23:34.198+0000] {processor.py:840} INFO - DAG(s) 'tutorial' retrieved from /home/airflow/.local/lib/python3.12/site-packages/airflow/example_dags/tutorial.py
[2026-08-24T14:23:34.261+0000] {logging_mixin.py:188} INFO - [2026-08-24T14:23:34.261+0000] {dag.py:3096} INFO - Sync 1 DAGs
[2026-08-24T14:23:34.338+0000] {logging_mixin.py:188} INFO - [2026-08-24T14:23:34.337+0000] {dag.py:3954} INFO - Setting next_dagrun for tutorial to 2026-08-23 00:00:00+00:00, run_after=2026-08-24 00:00:00+00:00
[2026-08-24T14:23:34.390+0000] {processor.py:183} INFO - Processing /home/airflow/.local/lib/python3.12/site-packages/airflow/example_dags/tutorial.py took 0.240 seconds
[2026-08-24T14:24:05.755+0000] {processor.py:161} INFO - Started process (PID=234) to work on /home/airflow/.local/lib/python3.12/site-packages/airflow/example_dags/tutorial.py
[2026-08-24T14:24:05.756+0000] {processor.py:830} INFO - Processing file /home/airflow/.local/lib/python3.12/site-packages/airflow/example_dags/tutorial.py for tasks to queue
[2026-08-24T14:24:05.760+0000] {logging_mixin.py:188} INFO - [2026-08-24T14:24:05.760+0000] {dagbag.py:545} INFO - Filling up the DagBag from /home/airflow/.local/lib/python3.12/site-packages/airflow/example_dags/tutorial.py
[2026-08-24T14:24:05.768+0000] {processor.py:840} INFO - DAG(s) 'tutorial' retrieved from /home/airflow/.local/lib/python3.12/site-packages/airflow/example_dags/tutorial.py
[2026-08-24T14:24:05.798+0000] {logging_mixin.py:188} INFO - [2026-08-24T14:24:05.798+0000] {dag.py:3096} INFO - Sync 1 DAGs
[2026-08-24T14:24:05.837+0000] {logging_mixin.py:188} INFO - [2026-08-24T14:24:05.836+0000] {dag.py:3954} INFO - Setting next_dagrun for tutorial to 2026-08-23 00:00:00+00:00, run_after=2026-08-24 00:00:00+00:00
[2026-08-24T14:24:05.866+0000] {processor.py:183} INFO - Processing /home/airflow/.local/lib/python3.12/site-packages/airflow/example_dags/tutorial.py took 0.119 seconds
[2026-08-24T14:24:36.810+0000] {processor.py:161} INFO - Started process (PID=294) to work on /home/airflow/.local/lib/python3.12/site-packages/airflow/example_dags/tutorial.py
[2026-08-24T14:24:36.812+0000] {processor.py:830} INFO - Processing file /home/airflow/.local/lib/python3.12/site-packages/airflow/example_dags/tutorial.py for tasks to queue
[2026-08-24T14:24:36.816+0000] {logging_mixin.py:188} INFO - [2026-08-24T14:24:36.815+0000] {dagbag.py:545} INFO - Filling up the DagBag from /home/airflow/.local/lib/python3.12/site-packages/airflow/example_dags/tutorial.py
[2026-08-24T14:24:36.825+0000] {processor.py:840} INFO - DAG(s) 'tutorial' retrieved from /home/airflow/.local/lib/python3.12/site-packages/airflow/example_dags/tutorial.py
[2026-08-24T14:24:36.857+0000] {logging_mixin.py:188} INFO - [2026-08-24T14:24:36.857+0000] {dag.py:3096} INFO - Sync 1 DAGs
[2026-08-24T14:24:36.888+0000] {logging_mixin.py:188} INFO - [2026-08-24T14:24:36.887+0000] {dag.py:3954} INFO - Setting next_dagrun for tutorial to 2026-08-23 00:00:00+00:00, run_after=2026-08-24 00:00:00+00:00
[2026-08-24T14:24:36.913+0000] {processor.py:183} INFO - Processing /home/airflow/.local/lib/python3.12/site-packages/airflow/example_dags/tutorial.py took 0.112 seconds
[2026-08-24T14:25:07.744+0000] {processor.py:161} INFO - Started process (PID=354) to work on /home/airflow/.local/lib/python3.12/site-packages/airflow/example_dags/tutorial.py
[2026-08-24T14:25:07.745+0000] {processor.py:830} INFO - Processing file /home/airflow/.local/lib/python3.12/site-packages/airflow/example_dags/tutorial.py for tasks to queue
[2026-08-24T14:25:07.749+0000] {logging_mixin.py:188} INFO - [2026-08-24T14:25:07.748+0000] {dagbag.py:545} INFO - Filling up the DagBag from /home/airflow/.local/lib/python3.12/site-packages/airflow/example_dags/tutorial.py
[2026-08-24T14:25:07.757+0000] {processor.py:840} INFO - DAG(s) 'tutorial' retrieved from /home/airflow/.local/lib/python3.12/site-packages/airflow/example_dags/tutorial.py
[2026-08-24T14:25:07.782+0000] {logging_mixin.py:188} INFO - [2026-08-24T14:25:07.782+0000] {dag.py:3096} INFO - Sync 1 DAGs
[2026-08-24T14:25:07.809+0000] {logging_mixin.py:188} INFO - [2026-08-24T14:25:07.809+0000] {dag.py:3954} INFO - Setting next_dagrun for tutorial to 2026-08-23 00:00:00+00:00, run_after=2026-08-24 00:00:00+00:00
[2026-08-24T14:25:07.831+0000] {processor.py:183} INFO - Processing /home/airflow/.local/lib/python3.12/site-packages/airflow/example_dags/tutorial.py took 0.095 seconds
[2026-08-24T14:25:38.637+0000] {processor.py:161} INFO - Started process (PID=414) to work on /home/airflow/.local/lib/python3.12/site-packages/airflow/example_dags/tutorial.py
[2026-08-24T14:25:38.638+0000] {processor.py:830} INFO - Processing file /home/airflow/.local/lib/python3.12/site-packages/airflow/example_dags/tutorial.py for tasks to queue
[2026-08-24T14:25:38.641+0000] {logging_mixin.py:188} INFO - [2026-08-24T14:25:38.640+0000] {dagbag.py:545} INFO - Filling up the DagBag from /home/airflow/.local/lib/python3.12/site-packages/airflow/example_dags/tutorial.py
[2026-08-24T14:25:38.649+0000] {processor.py:840} INFO - DAG(s) 'tutorial' retrieved from /home/airflow/.local/lib/python3.12/site-packages/airflow/example_dags/tutorial.py
[2026-08-24T14:25:38.674+0000] {logging_mixin.py:188} INFO - [2026-08-24T14:25:38.674+0000] {dag.py:3096} INFO - Sync 1 DAGs
[2026-08-24T14:25:38.705+0000] {logging_mixin.py:188} INFO - [2026-08-24T14:25:38.705+0000] {dag.py:3954} INFO - Setting next_dagrun for tutorial to 2026-08-23 00:00:00+00:00, run_after=2026-08-24 00:00:00+00:00
[2026-08-24T14:25:38.732+0000] {processor.py:183} INFO - Processing /home/airflow/.local/lib/python3.12/site-packages/airflow/example_dags/tutorial.py took 0.103 seconds
[2026-08-24T14:26:09.925+0000] {processor.py:161} INFO - Started process (PID=474) to work on /home/airflow/.local/lib/python3.12/site-packages/airflow/example_dags/tutorial.py
[2026-08-24T14:26:09.927+0000] {processor.py:830} INFO - Processing file /home/airflow/.local/lib/python3.12/site-packages/airflow/example_dags/tutorial.py for tasks to queue
[2026-08-24T14:26:09.929+0000] {logging_mixin.py:188} INFO - [2026-08-24T14:26:09.929+0000] {dagbag.py:545} INFO - Filling up the DagBag from /home/airflow/.local/lib/python3.12/site-packages/airflow/example_dags/tutorial.py
[2026-08-24T14:26:09.940+0000] {processor.py:840} INFO - DAG(s) 'tutorial' retrieved from /home/airflow/.local/lib/python3.12/site-packages/airflow/example_dags/tutorial.py
[2026-08-24T14:26:09.971+0000] {logging_mixin.py:188} INFO - [2026-08-24T14:26:09.971+0000] {dag.py:3096} INFO - Sync 1 DAGs
[2026-08-24T14:26:10.002+0000] {logging_mixin.py:188} INFO - [2026-08-24T14:26:10.002+0000] {dag.py:3954} INFO - Setting next_dagrun for tutorial to 2026-08-23 00:00:00+00:00, run_after=2026-08-24 00:00:00+00:00
[2026-08-24T14:26:10.025+0000] {processor.py:183} INFO - Processing /home/airflow/.local/lib/python3.12/site-packages/airflow/example_dags/tutorial.py took 0.109 seconds
[2026-08-24T14:26:40.558+0000] {processor.py:161} INFO - Started process (PID=534) to work on /home/airflow/.local/lib/python3.12/site-packages/airflow/example_dags/tutorial.py
[2026-08-24T14:26:40.559+0000] {processor.py:830} INFO - Processing file /home/airflow/.local/lib/python3.12/site-packages/airflow/example_dags/tutorial.py for tasks to queue
[2026-08-24T14:26:40.563+0000] {logging_mixin.py:188} INFO - [2026-08-24T14:26:40.562+0000] {dagbag.py:545} INFO - Filling up the DagBag from /home/airflow/.local/lib/python3.12/site-packages/airflow/example_dags/tutorial.py
[2026-08-24T14:26:40.573+0000] {processor.py:840} INFO - DAG(s) 'tutorial' retrieved from /home/airflow/.local/lib/python3.12/site-packages/airflow/example_dags/tutorial.py
[2026-08-24T14:26:40.612+0000] {logging_mixin.py:188} INFO - [2026-08-24T14:26:40.612+0000] {dag.py:3096} INFO - Sync 1 DAGs
[2026-08-24T14:26:40.649+0000] {logging_mixin.py:188} INFO - [2026-08-24T14:26:40.648+0000] {dag.py:3954} INFO - Setting next_dagrun for tutorial to 2026-08-23 00:00:00+00:00, run_after=2026-08-24 00:00:00+00:00
[2026-08-24T14:26:40.676+0000] {processor.py:183} INFO - Processing /home/airflow/.local/lib/python3.12/site-packages/airflow/example_dags/tutorial.py took 0.130 seconds
[2026-08-24T14:27:11.218+0000] {processor.py:161} INFO - Started process (PID=594) to work on /home/airflow/.local/lib/python3.12/site-packages/airflow/example_dags/tutorial.py
[2026-08-24T14:27:11.219+0000] {processor.py:830} INFO - Processing file /home/airflow/.local/lib/python3.12/site-packages/airflow/example_dags/tutorial.py for tasks to queue
[2026-08-24T14:27:11.222+0000] {logging_mixin.py:188} INFO - [2026-08-24T14:27:11.221+0000] {dagbag.py:545} INFO - Filling up the DagBag from /home/airflow/.local/lib/python3.12/site-packages/airflow/example_dags/tutorial.py
[2026-08-24T14:27:11.229+0000] {processor.py:840} INFO - DAG(s) 'tutorial' retrieved from /home/airflow/.local/lib/python3.12/site-packages/airflow/example_dags/tutorial.py
[2026-08-24T14:27:11.252+0000] {logging_mixin.py:188} INFO - [2026-08-24T14:27:11.252+0000] {dag.py:3096} INFO - Sync 1 DAGs
[2026-08-24T14:27:11.281+0000] {logging_mixin.py:188} INFO - [2026-08-24T14:27:11.281+0000] {dag.py:3954} INFO - Setting next_dagrun for tutorial to 2026-08-23 00:00:00+00:00, run_after=2026-08-24 00:00:00+00:00
[2026-08-24T14:27:11.305+0000] {processor.py:183} INFO - Processing /home/airflow/.local/lib/python3.12/site-packages/airflow/example_dags/tutorial.py took 0.094 seconds
[2026-08-24T14:27:41.532+0000] {processor.py:161} INFO - Started process (PID=653) to work on /home/airflow/.local/lib/python3.12/site-packages/airflow/example_dags/tutorial.py
[2026-08-24T14:27:41.534+0000] {processor.py:830} INFO - Processing file /home/airflow/.local/lib/python3.12/site-packages/airflow/example_dags/tutorial.py for tasks to queue
[2026-08-24T14:27:41.537+0000] {logging_mixin.py:188} INFO - [2026-08-24T14:27:41.536+0000] {dagbag.py:545} INFO - Filling up the DagBag from /home/airflow/.local/lib/python3.12/site-packages/airflow/example_dags/tutorial.py
[2026-08-24T14:27:41.547+0000] {processor.py:840} INFO - DAG(s) 'tutorial' retrieved from /home/airflow/.local/lib/python3.12/site-packages/airflow/example_dags/tutorial.py
[2026-08-24T14:27:41.573+0000] {logging_mixin.py:188} INFO - [2026-08-24T14:27:41.573+0000] {dag.py:3096} INFO - Sync 1 DAGs
[2026-08-24T14:27:41.600+0000] {logging_mixin.py:188} INFO - [2026-08-24T14:27:41.600+0000] {dag.py:3954} INFO - Setting next_dagrun for tutorial to 2026-08-23 00:00:00+00:00, run_after=2026-08-24 00:00:00+00:00
[2026-08-24T14:27:41.625+0000] {processor.py:183} INFO - Processing /home/airflow/.local/lib/python3.12/site-packages/airflow/example_dags/tutorial.py took 0.101 seconds
[2026-08-24T14:28:12.361+0000] {processor.py:161} INFO - Started process (PID=712) to work on /home/airflow/.local/lib/python3.12/site-packages/airflow/example_dags/tutorial.py
[2026-08-24T14:28:12.362+0000] {processor.py:830} INFO - Processing file /home/airflow/.local/lib/python3.12/site-packages/airflow/example_dags/tutorial.py for tasks to queue
[2026-08-24T14:28:12.365+0000] {logging_mixin.py:188} INFO - [2026-08-24T14:28:12.364+0000] {dagbag.py:545} INFO - Filling up the DagBag from /home/airflow/.local/lib/python3.12/site-packages/airflow/example_dags/tutorial.py
[2026-08-24T14:28:12.372+0000] {processor.py:840} INFO - DAG(s) 'tutorial' retrieved from /home/airflow/.local/lib/python3.12/site-packages/airflow/example_dags/tutorial.py
[2026-08-24T14:28:12.409+0000] {logging_mixin.py:188} INFO - [2026-08-24T14:28:12.409+0000] {dag.py:3096} INFO - Sync 1 DAGs
[2026-08-24T14:28:12.457+0000] {logging_mixin.py:188} INFO - [2026-08-24T14:28:12.456+0000] {dag.py:3954} INFO - Setting next_dagrun for tutorial to 2026-08-23 00:00:00+00:00, run_after=2026-08-24 00:00:00+00:00
[2026-08-24T14:28:12.493+0000] {processor.py:183} INFO - Processing /home/airflow/.local/lib/python3.12/site-packages/airflow/example_dags/tutorial.py took 0.139 seconds
[2026-08-24T14:28:42.990+0000] {processor.py:161} INFO - Started process (PID=772) to work on /home/airflow/.local/lib/python3.12/site-packages/airflow/example_dags/tutorial.py
[2026-08-24T14:28:42.991+0000] {processor.py:830} INFO - Processing file /home/airflow/.local/lib/python3.12/site-packages/airflow/example_dags/tutorial.py for tasks to queue
[2026-08-24T14:28:42.994+0000] {logging_mixin.py:188} INFO - [2026-08-24T14:28:42.994+0000] {dagbag.py:545} INFO - Filling up the DagBag from /home/airflow/.local/lib/python3.12/site-packages/airflow/example_dags/tutorial.py
[2026-08-24T14:28:43.003+0000] {processor.py:840} INFO - DAG(s) 'tutorial' retrieved from /home/airflow/.local/lib/python3.12/site-packages/airflow/example_dags/tutorial.py
[2026-08-24T14:28:43.029+0000] {logging_mixin.py:188} INFO - [2026-08-24T14:28:43.028+0000] {dag.py:3096} INFO - Sync 1 DAGs
[2026-08-24T14:28:43.058+0000] {logging_mixin.py:188} INFO - [2026-08-24T14:28:43.058+0000] {dag.py:3954} INFO - Setting next_dagrun for tutorial to 2026-08-23 00:00:00+00:00, run_after=2026-08-24 00:00:00+00:00
[2026-08-24T14:28:43.082+0000] {processor.py:183} INFO - Processing /home/airflow/.local/lib/python3.12/site-packages/airflow/example_dags/tutorial.py took 0.100 seconds
[2026-08-24T14:29:13.208+0000] {processor.py:161} INFO - Started process (PID=832) to work on /home/airflow/.local/lib/python3.12/site-packages/airflow/example_dags/tutorial.py
[2026-08-24T14:29:13.210+0000] {processor.py:830} INFO - Processing file /home/airflow/.local/lib/python3.12/site-packages/airflow/example_dags/tutorial.py for tasks to queue
[2026-08-24T14:29:13.213+0000] {logging_mixin.py:188} INFO - [2026-08-24T14:29:13.212+0000] {dagbag.py:545} INFO - Filling up the DagBag from /home/airflow/.local/lib/python3.12/site-packages/airflow/example_dags/tutorial.py
[2026-08-24T14:29:13.223+0000] {processor.py:840} INFO - DAG(s) 'tutorial' retrieved from /home/airflow/.local/lib/python3.12/site-packages/airflow/example_dags/tutorial.py
[2026-08-24T14:29:13.251+0000] {logging_mixin.py:188} INFO - [2026-08-24T14:29:13.250+0000] {dag.py:3096} INFO - Sync 1 DAGs
[2026-08-24T14:29:13.279+0000] {logging_mixin.py:188} INFO - [2026-08-24T14:29:13.278+0000] {dag.py:3954} INFO - Setting next_dagrun for tutorial to 2026-08-23 00:00:00+00:00, run_after=2026-08-24 00:00:00+00:00
[2026-08-24T14:29:13.307+0000] {processor.py:183} INFO - Processing /home/airflow/.local/lib/python3.12/site-packages/airflow/example_dags/tutorial.py took 0.107 seconds
[2026-08-24T14:29:43.539+0000] {processor.py:161} INFO - Started process (PID=893) to work on /home/airflow/.local/lib/python3.12/site-packages/airflow/example_dags/tutorial.py
[2026-08-24T14:29:43.540+0000] {processor.py:830} INFO - Processing file /home/airflow/.local/lib/python3.12/site-packages/airflow/example_dags/tutorial.py for tasks to queue
[2026-08-24T14:29:43.544+0000] {logging_mixin.py:188} INFO - [2026-08-24T14:29:43.543+0000] {dagbag.py:545} INFO - Filling up the DagBag from /home/airflow/.local/lib/python3.12/site-packages/airflow/example_dags/tutorial.py
[2026-08-24T14:29:43.555+0000] {processor.py:840} INFO - DAG(s) 'tutorial' retrieved from /home/airflow/.local/lib/python3.12/site-packages/airflow/example_dags/tutorial.py
[2026-08-24T14:29:43.586+0000] {logging_mixin.py:188} INFO - [2026-08-24T14:29:43.586+0000] {dag.py:3096} INFO - Sync 1 DAGs
[2026-08-24T14:29:43.622+0000] {logging_mixin.py:188} INFO - [2026-08-24T14:29:43.621+0000] {dag.py:3954} INFO - Setting next_dagrun for tutorial to 2026-08-23 00:00:00+00:00, run_after=2026-08-24 00:00:00+00:00
[2026-08-24T14:29:43.649+0000] {processor.py:183} INFO - Processing /home/airflow/.local/lib/python3.12/site-packages/airflow/example_dags/tutorial.py took 0.117 seconds
[2026-08-24T14:30:14.494+0000] {processor.py:161} INFO - Started process (PID=953) to work on /home/airflow/.local/lib/python3.12/site-packages/airflow/example_dags/tutorial.py
[2026-08-24T14:30:14.496+0000] {processor.py:830} INFO - Processing file /home/airflow/.local/lib/python3.12/site-packages/airflow/example_dags/tutorial.py for tasks to queue
[2026-08-24T14:30:14.499+0000] {logging_mixin.py:188} INFO - [2026-08-24T14:30:14.498+0000] {dagbag.py:545} INFO - Filling up the DagBag from /home/airflow/.local/lib/python3.12/site-packages/airflow/example_dags/tutorial.py
[2026-08-24T14:30:14.508+0000] {processor.py:840} INFO - DAG(s) 'tutorial' retrieved from /home/airflow/.local/lib/python3.12/site-packages/airflow/example_dags/tutorial.py
[2026-08-24T14:30:14.537+0000] {logging_mixin.py:188} INFO - [2026-08-24T14:30:14.537+0000] {dag.py:3096} INFO - Sync 1 DAGs
[2026-08-24T14:30:14.569+0000] {logging_mixin.py:188} INFO - [2026-08-24T14:30:14.569+0000] {dag.py:3954} INFO - Setting next_dagrun for tutorial to 2026-08-23 00:00:00+00:00, run_after=2026-08-24 00:00:00+00:00
[2026-08-24T14:30:14.596+0000] {processor.py:183} INFO - Processing /home/airflow/.local/lib/python3.12/site-packages/airflow/example_dags/tutorial.py took 0.110 seconds
[2026-08-24T14:30:45.070+0000] {processor.py:161} INFO - Started process (PID=1014) to work on /home/airflow/.local/lib/python3.12/site-packages/airflow/example_dags/tutorial.py
[2026-08-24T14:30:45.071+0000] {processor.py:830} INFO - Processing file /home/airflow/.local/lib/python3.12/site-packages/airflow/example_dags/tutorial.py for tasks to queue
[2026-08-24T14:30:45.074+0000] {logging_mixin.py:188} INFO - [2026-08-24T14:30:45.074+0000] {dagbag.py:545} INFO - Filling up the DagBag from /home/airflow/.local/lib/python3.12/site-packages/airflow/example_dags/tutorial.py
[2026-08-24T14:30:45.084+0000] {processor.py:840} INFO - DAG(s) 'tutorial' retrieved from /home/airflow/.local/lib/python3.12/site-packages/airflow/example_dags/tutorial.py
[2026-08-24T14:30:45.109+0000] {logging_mixin.py:188} INFO - [2026-08-24T14:30:45.109+0000] {dag.py:3096} INFO - Sync 1 DAGs
[2026-08-24T14:30:45.140+0000] {logging_mixin.py:188} INFO - [2026-08-24T14:30:45.139+0000] {dag.py:3954} INFO - Setting next_dagrun for tutorial to 2026-08-23 00:00:00+00:00, run_after=2026-08-24 00:00:00+00:00
[2026-08-24T14:30:45.162+0000] {processor.py:183} INFO - Processing /home/airflow/.local/lib/python3.12/site-packages/airflow/example_dags/tutorial.py took 0.102 seconds
[2026-08-24T14:35:28.498+0000] {processor.py:161} INFO - Started process (PID=131) to work on /home/airflow/.local/lib/python3.12/site-packages/airflow/example_dags/tutorial.py
[2026-08-24T14:35:28.499+0000] {processor.py:830} INFO - Processing file /home/airflow/.local/lib/python3.12/site-packages/airflow/example_dags/tutorial.py for tasks to queue
[2026-08-24T14:35:28.502+0000] {logging_mixin.py:188} INFO - [2026-08-24T14:35:28.502+0000] {dagbag.py:545} INFO - Filling up the DagBag from /home/airflow/.local/lib/python3.12/site-packages/airflow/example_dags/tutorial.py
[2026-08-24T14:35:28.516+0000] {processor.py:840} INFO - DAG(s) 'tutorial' retrieved from /home/airflow/.local/lib/python3.12/site-packages/airflow/example_dags/tutorial.py
[2026-08-24T14:35:28.700+0000] {logging_mixin.py:188} INFO - [2026-08-24T14:35:28.700+0000] {dag.py:3096} INFO - Sync 1 DAGs
[2026-08-24T14:35:28.731+0000] {logging_mixin.py:188} INFO - [2026-08-24T14:35:28.731+0000] {dag.py:3954} INFO - Setting next_dagrun for tutorial to 2026-08-23 00:00:00+00:00, run_after=2026-08-24 00:00:00+00:00
[2026-08-24T14:35:28.765+0000] {processor.py:183} INFO - Processing /home/airflow/.local/lib/python3.12/site-packages/airflow/example_dags/tutorial.py took 0.275 seconds
[2026-08-24T14:35:59.600+0000] {processor.py:161} INFO - Started process (PID=197) to work on /home/airflow/.local/lib/python3.12/site-packages/airflow/example_dags/tutorial.py
[2026-08-24T14:35:59.601+0000] {processor.py:830} INFO - Processing file /home/airflow/.local/lib/python3.12/site-packages/airflow/example_dags/tutorial.py for tasks to queue
[2026-08-24T14:35:59.604+0000] {logging_mixin.py:188} INFO - [2026-08-24T14:35:59.603+0000] {dagbag.py:545} INFO - Filling up the DagBag from /home/airflow/.local/lib/python3.12/site-packages/airflow/example_dags/tutorial.py
[2026-08-24T14:35:59.611+0000] {processor.py:840} INFO - DAG(s) 'tutorial' retrieved from /home/airflow/.local/lib/python3.12/site-packages/airflow/example_dags/tutorial.py
[2026-08-24T14:35:59.636+0000] {logging_mixin.py:188} INFO - [2026-08-24T14:35:59.635+0000] {dag.py:3096} INFO - Sync 1 DAGs
[2026-08-24T14:35:59.669+0000] {logging_mixin.py:188} INFO - [2026-08-24T14:35:59.669+0000] {dag.py:3954} INFO - Setting next_dagrun for tutorial to 2026-08-23 00:00:00+00:00, run_after=2026-08-24 00:00:00+00:00
[2026-08-24T14:35:59.697+0000] {processor.py:183} INFO - Processing /home/airflow/.local/lib/python3.12/site-packages/airflow/example_dags/tutorial.py took 0.105 seconds
[2026-08-24T14:36:30.068+0000] {processor.py:161} INFO - Started process (PID=258) to work on /home/airflow/.local/lib/python3.12/site-packages/airflow/example_dags/tutorial.py
[2026-08-24T14:36:30.069+0000] {processor.py:830} INFO - Processing file /home/airflow/.local/lib/python3.12/site-packages/airflow/example_dags/tutorial.py for tasks to queue
[2026-08-24T14:36:30.072+0000] {logging_mixin.py:188} INFO - [2026-08-24T14:36:30.071+0000] {dagbag.py:545} INFO - Filling up the DagBag from /home/airflow/.local/lib/python3.12/site-packages/airflow/example_dags/tutorial.py
[2026-08-24T14:36:30.082+0000] {processor.py:840} INFO - DAG(s) 'tutorial' retrieved from /home/airflow/.local/lib/python3.12/site-packages/airflow/example_dags/tutorial.py
[2026-08-24T14:36:30.119+0000] {logging_mixin.py:188} INFO - [2026-08-24T14:36:30.119+0000] {dag.py:3096} INFO - Sync 1 DAGs
[2026-08-24T14:36:30.170+0000] {logging_mixin.py:188} INFO - [2026-08-24T14:36:30.169+0000] {dag.py:3954} INFO - Setting next_dagrun for tutorial to 2026-08-23 00:00:00+00:00, run_after=2026-08-24 00:00:00+00:00
[2026-08-24T14:36:30.209+0000] {processor.py:183} INFO - Processing /home/airflow/.local/lib/python3.12/site-packages/airflow/example_dags/tutorial.py took 0.150 seconds
[2026-08-24T14:37:00.554+0000] {processor.py:161} INFO - Started process (PID=318) to work on /home/airflow/.local/lib/python3.12/site-packages/airflow/example_dags/tutorial.py
[2026-08-24T14:37:00.556+0000] {processor.py:830} INFO - Processing file /home/airflow/.local/lib/python3.12/site-packages/airflow/example_dags/tutorial.py for tasks to queue
[2026-08-24T14:37:00.558+0000] {logging_mixin.py:188} INFO - [2026-08-24T14:37:00.558+0000] {dagbag.py:545} INFO - Filling up the DagBag from /home/airflow/.local/lib/python3.12/site-packages/airflow/example_dags/tutorial.py
[2026-08-24T14:37:00.566+0000] {processor.py:840} INFO - DAG(s) 'tutorial' retrieved from /home/airflow/.local/lib/python3.12/site-packages/airflow/example_dags/tutorial.py
[2026-08-24T14:37:00.597+0000] {logging_mixin.py:188} INFO - [2026-08-24T14:37:00.597+0000] {dag.py:3096} INFO - Sync 1 DAGs
[2026-08-24T14:37:00.630+0000] {logging_mixin.py:188} INFO - [2026-08-24T14:37:00.630+0000] {dag.py:3954} INFO - Setting next_dagrun for tutorial to 2026-08-23 00:00:00+00:00, run_after=2026-08-24 00:00:00+00:00
[2026-08-24T14:37:00.659+0000] {processor.py:183} INFO - Processing /home/airflow/.local/lib/python3.12/site-packages/airflow/example_dags/tutorial.py took 0.114 seconds
[2026-08-24T14:37:30.860+0000] {processor.py:161} INFO - Started process (PID=378) to work on /home/airflow/.local/lib/python3.12/site-packages/airflow/example_dags/tutorial.py
[2026-08-24T14:37:30.862+0000] {processor.py:830} INFO - Processing file /home/airflow/.local/lib/python3.12/site-packages/airflow/example_dags/tutorial.py for tasks to queue
[2026-08-24T14:37:30.865+0000] {logging_mixin.py:188} INFO - [2026-08-24T14:37:30.865+0000] {dagbag.py:545} INFO - Filling up the DagBag from /home/airflow/.local/lib/python3.12/site-packages/airflow/example_dags/tutorial.py
[2026-08-24T14:37:30.877+0000] {processor.py:840} INFO - DAG(s) 'tutorial' retrieved from /home/airflow/.local/lib/python3.12/site-packages/airflow/example_dags/tutorial.py
[2026-08-24T14:37:30.909+0000] {logging_mixin.py:188} INFO - [2026-08-24T14:37:30.909+0000] {dag.py:3096} INFO - Sync 1 DAGs
[2026-08-24T14:37:30.948+0000] {logging_mixin.py:188} INFO - [2026-08-24T14:37:30.948+0000] {dag.py:3954} INFO - Setting next_dagrun for tutorial to 2026-08-23 00:00:00+00:00, run_after=2026-08-24 00:00:00+00:00
[2026-08-24T14:37:30.980+0000] {processor.py:183} INFO - Processing /home/airflow/.local/lib/python3.12/site-packages/airflow/example_dags/tutorial.py took 0.131 seconds
[2026-08-24T14:38:02.342+0000] {processor.py:161} INFO - Started process (PID=439) to work on /home/airflow/.local/lib/python3.12/site-packages/airflow/example_dags/tutorial.py
[2026-08-24T14:38:02.344+0000] {processor.py:830} INFO - Processing file /home/airflow/.local/lib/python3.12/site-packages/airflow/example_dags/tutorial.py for tasks to queue
[2026-08-24T14:38:02.346+0000] {logging_mixin.py:188} INFO - [2026-08-24T14:38:02.346+0000] {dagbag.py:545} INFO - Filling up the DagBag from /home/airflow/.local/lib/python3.12/site-packages/airflow/example_dags/tutorial.py
[2026-08-24T14:38:02.357+0000] {processor.py:840} INFO - DAG(s) 'tutorial' retrieved from /home/airflow/.local/lib/python3.12/site-packages/airflow/example_dags/tutorial.py
[2026-08-24T14:38:02.386+0000] {logging_mixin.py:188} INFO - [2026-08-24T14:38:02.386+0000] {dag.py:3096} INFO - Sync 1 DAGs
[2026-08-24T14:38:02.419+0000] {logging_mixin.py:188} INFO - [2026-08-24T14:38:02.419+0000] {dag.py:3954} INFO - Setting next_dagrun for tutorial to 2026-08-23 00:00:00+00:00, run_after=2026-08-24 00:00:00+00:00
[2026-08-24T14:38:02.445+0000] {processor.py:183} INFO - Processing /home/airflow/.local/lib/python3.12/site-packages/airflow/example_dags/tutorial.py took 0.112 seconds
[2026-08-24T14:38:33.377+0000] {processor.py:161} INFO - Started process (PID=499) to work on /home/airflow/.local/lib/python3.12/site-packages/airflow/example_dags/tutorial.py
[2026-08-24T14:38:33.378+0000] {processor.py:830} INFO - Processing file /home/airflow/.local/lib/python3.12/site-packages/airflow/example_dags/tutorial.py for tasks to queue
[2026-08-24T14:38:33.381+0000] {logging_mixin.py:188} INFO - [2026-08-24T14:38:33.381+0000] {dagbag.py:545} INFO - Filling up the DagBag from /home/airflow/.local/lib/python3.12/site-packages/airflow/example_dags/tutorial.py
[2026-08-24T14:38:33.389+0000] {processor.py:840} INFO - DAG(s) 'tutorial' retrieved from /home/airflow/.local/lib/python3.12/site-packages/airflow/example_dags/tutorial.py
[2026-08-24T14:38:33.414+0000] {logging_mixin.py:188} INFO - [2026-08-24T14:38:33.414+0000] {dag.py:3096} INFO - Sync 1 DAGs
[2026-08-24T14:38:33.447+0000] {logging_mixin.py:188} INFO - [2026-08-24T14:38:33.447+0000] {dag.py:3954} INFO - Setting next_dagrun for tutorial to 2026-08-23 00:00:00+00:00, run_after=2026-08-24 00:00:00+00:00
[2026-08-24T14:38:33.473+0000] {processor.py:183} INFO - Processing /home/airflow/.local/lib/python3.12/site-packages/airflow/example_dags/tutorial.py took 0.105 seconds
[2026-08-24T14:39:03.533+0000] {processor.py:161} INFO - Started process (PID=558) to work on /home/airflow/.local/lib/python3.12/site-packages/airflow/example_dags/tutorial.py
[2026-08-24T14:39:03.534+0000] {processor.py:830} INFO - Processing file /home/airflow/.local/lib/python3.12/site-packages/airflow/example_dags/tutorial.py for tasks to queue
[2026-08-24T14:39:03.537+0000] {logging_mixin.py:188} INFO - [2026-08-24T14:39:03.536+0000] {dagbag.py:545} INFO - Filling up the DagBag from /home/airflow/.local/lib/python3.12/site-packages/airflow/example_dags/tutorial.py
[2026-08-24T14:39:03.544+0000] {processor.py:840} INFO - DAG(s) 'tutorial' retrieved from /home/airflow/.local/lib/python3.12/site-packages/airflow/example_dags/tutorial.py
[2026-08-24T14:39:03.571+0000] {logging_mixin.py:188} INFO - [2026-08-24T14:39:03.571+0000] {dag.py:3096} INFO - Sync 1 DAGs
[2026-08-24T14:39:03.600+0000] {logging_mixin.py:188} INFO - [2026-08-24T14:39:03.600+0000] {dag.py:3954} INFO - Setting next_dagrun for tutorial to 2026-08-23 00:00:00+00:00, run_after=2026-08-24 00:00:00+00:00
[2026-08-24T14:39:03.623+0000] {processor.py:183} INFO - Processing /home/airflow/.local/lib/python3.12/site-packages/airflow/example_dags/tutorial.py took 0.098 seconds
[2026-08-24T14:41:21.244+0000] {processor.py:161} INFO - Started process (PID=136) to work on /home/airflow/.local/lib/python3.12/site-packages/airflow/example_dags/tutorial.py
[2026-08-24T14:41:21.246+0000] {processor.py:830} INFO - Processing file /home/airflow/.local/lib/python3.12/site-packages/airflow/example_dags/tutorial.py for tasks to queue
[2026-08-24T14:41:21.248+0000] {logging_mixin.py:188} INFO - [2026-08-24T14:41:21.248+0000] {dagbag.py:545} INFO - Filling up the DagBag from /home/airflow/.local/lib/python3.12/site-packages/airflow/example_dags/tutorial.py
[2026-08-24T14:41:21.257+0000] {processor.py:840} INFO - DAG(s) 'tutorial' retrieved from /home/airflow/.local/lib/python3.12/site-packages/airflow/example_dags/tutorial.py
[2026-08-24T14:41:21.418+0000] {logging_mixin.py:188} INFO - [2026-08-24T14:41:21.418+0000] {dag.py:3096} INFO - Sync 1 DAGs
[2026-08-24T14:41:21.445+0000] {logging_mixin.py:188} INFO - [2026-08-24T14:41:21.445+0000] {dag.py:3954} INFO - Setting next_dagrun for tutorial to 2026-08-23 00:00:00+00:00, run_after=2026-08-24 00:00:00+00:00
[2026-08-24T14:41:21.470+0000] {processor.py:183} INFO - Processing /home/airflow/.local/lib/python3.12/site-packages/airflow/example_dags/tutorial.py took 0.234 seconds
[2026-08-24T14:41:51.699+0000] {processor.py:161} INFO - Started process (PID=196) to work on /home/airflow/.local/lib/python3.12/site-packages/airflow/example_dags/tutorial.py
[2026-08-24T14:41:51.701+0000] {processor.py:830} INFO - Processing file /home/airflow/.local/lib/python3.12/site-packages/airflow/example_dags/tutorial.py for tasks to queue
[2026-08-24T14:41:51.703+0000] {logging_mixin.py:188} INFO - [2026-08-24T14:41:51.703+0000] {dagbag.py:545} INFO - Filling up the DagBag from /home/airflow/.local/lib/python3.12/site-packages/airflow/example_dags/tutorial.py
[2026-08-24T14:41:51.715+0000] {processor.py:840} INFO - DAG(s) 'tutorial' retrieved from /home/airflow/.local/lib/python3.12/site-packages/airflow/example_dags/tutorial.py
[2026-08-24T14:41:51.752+0000] {logging_mixin.py:188} INFO - [2026-08-24T14:41:51.752+0000] {dag.py:3096} INFO - Sync 1 DAGs
[2026-08-24T14:41:51.791+0000] {logging_mixin.py:188} INFO - [2026-08-24T14:41:51.790+0000] {dag.py:3954} INFO - Setting next_dagrun for tutorial to 2026-08-23 00:00:00+00:00, run_after=2026-08-24 00:00:00+00:00
[2026-08-24T14:41:51.823+0000] {processor.py:183} INFO - Processing /home/airflow/.local/lib/python3.12/site-packages/airflow/example_dags/tutorial.py took 0.132 seconds
[2026-08-24T14:42:22.500+0000] {processor.py:161} INFO - Started process (PID=256) to work on /home/airflow/.local/lib/python3.12/site-packages/airflow/example_dags/tutorial.py
[2026-08-24T14:42:22.502+0000] {processor.py:830} INFO - Processing file /home/airflow/.local/lib/python3.12/site-packages/airflow/example_dags/tutorial.py for tasks to queue
[2026-08-24T14:42:22.506+0000] {logging_mixin.py:188} INFO - [2026-08-24T14:42:22.505+0000] {dagbag.py:545} INFO - Filling up the DagBag from /home/airflow/.local/lib/python3.12/site-packages/airflow/example_dags/tutorial.py
[2026-08-24T14:42:22.516+0000] {processor.py:840} INFO - DAG(s) 'tutorial' retrieved from /home/airflow/.local/lib/python3.12/site-packages/airflow/example_dags/tutorial.py
[2026-08-24T14:42:22.549+0000] {logging_mixin.py:188} INFO - [2026-08-24T14:42:22.548+0000] {dag.py:3096} INFO - Sync 1 DAGs
[2026-08-24T14:42:22.583+0000] {logging_mixin.py:188} INFO - [2026-08-24T14:42:22.583+0000] {dag.py:3954} INFO - Setting next_dagrun for tutorial to 2026-08-23 00:00:00+00:00, run_after=2026-08-24 00:00:00+00:00
[2026-08-24T14:42:22.617+0000] {processor.py:183} INFO - Processing /home/airflow/.local/lib/python3.12/site-packages/airflow/example_dags/tutorial.py took 0.130 seconds
[2026-08-24T14:42:53.353+0000] {processor.py:161} INFO - Started process (PID=316) to work on /home/airflow/.local/lib/python3.12/site-packages/airflow/example_dags/tutorial.py
[2026-08-24T14:42:53.354+0000] {processor.py:830} INFO - Processing file /home/airflow/.local/lib/python3.12/site-packages/airflow/example_dags/tutorial.py for tasks to queue
[2026-08-24T14:42:53.358+0000] {logging_mixin.py:188} INFO - [2026-08-24T14:42:53.357+0000] {dagbag.py:545} INFO - Filling up the DagBag from /home/airflow/.local/lib/python3.12/site-packages/airflow/example_dags/tutorial.py
[2026-08-24T14:42:53.369+0000] {processor.py:840} INFO - DAG(s) 'tutorial' retrieved from /home/airflow/.local/lib/python3.12/site-packages/airflow/example_dags/tutorial.py
[2026-08-24T14:42:53.395+0000] {logging_mixin.py:188} INFO - [2026-08-24T14:42:53.394+0000] {dag.py:3096} INFO - Sync 1 DAGs
[2026-08-24T14:42:53.424+0000] {logging_mixin.py:188} INFO - [2026-08-24T14:42:53.424+0000] {dag.py:3954} INFO - Setting next_dagrun for tutorial to 2026-08-23 00:00:00+00:00, run_after=2026-08-24 00:00:00+00:00
[2026-08-24T14:42:53.450+0000] {processor.py:183} INFO - Processing /home/airflow/.local/lib/python3.12/site-packages/airflow/example_dags/tutorial.py took 0.106 seconds
[2026-08-24T14:43:24.183+0000] {processor.py:161} INFO - Started process (PID=376) to work on /home/airflow/.local/lib/python3.12/site-packages/airflow/example_dags/tutorial.py
[2026-08-24T14:43:24.185+0000] {processor.py:830} INFO - Processing file /home/airflow/.local/lib/python3.12/site-packages/airflow/example_dags/tutorial.py for tasks to queue
[2026-08-24T14:43:24.188+0000] {logging_mixin.py:188} INFO - [2026-08-24T14:43:24.187+0000] {dagbag.py:545} INFO - Filling up the DagBag from /home/airflow/.local/lib/python3.12/site-packages/airflow/example_dags/tutorial.py
[2026-08-24T14:43:24.196+0000] {processor.py:840} INFO - DAG(s) 'tutorial' retrieved from /home/airflow/.local/lib/python3.12/site-packages/airflow/example_dags/tutorial.py
[2026-08-24T14:43:24.220+0000] {logging_mixin.py:188} INFO - [2026-08-24T14:43:24.219+0000] {dag.py:3096} INFO - Sync 1 DAGs
[2026-08-24T14:43:24.254+0000] {logging_mixin.py:188} INFO - [2026-08-24T14:43:24.254+0000] {dag.py:3954} INFO - Setting next_dagrun for tutorial to 2026-08-23 00:00:00+00:00, run_after=2026-08-24 00:00:00+00:00
[2026-08-24T14:43:24.279+0000] {processor.py:183} INFO - Processing /home/airflow/.local/lib/python3.12/site-packages/airflow/example_dags/tutorial.py took 0.105 seconds
[2026-08-24T14:43:54.646+0000] {processor.py:161} INFO - Started process (PID=436) to work on /home/airflow/.local/lib/python3.12/site-packages/airflow/example_dags/tutorial.py
[2026-08-24T14:43:54.648+0000] {processor.py:830} INFO - Processing file /home/airflow/.local/lib/python3.12/site-packages/airflow/example_dags/tutorial.py for tasks to queue
[2026-08-24T14:43:54.650+0000] {logging_mixin.py:188} INFO - [2026-08-24T14:43:54.650+0000] {dagbag.py:545} INFO - Filling up the DagBag from /home/airflow/.local/lib/python3.12/site-packages/airflow/example_dags/tutorial.py
[2026-08-24T14:43:54.658+0000] {processor.py:840} INFO - DAG(s) 'tutorial' retrieved from /home/airflow/.local/lib/python3.12/site-packages/airflow/example_dags/tutorial.py
[2026-08-24T14:43:54.691+0000] {logging_mixin.py:188} INFO - [2026-08-24T14:43:54.691+0000] {dag.py:3096} INFO - Sync 1 DAGs
[2026-08-24T14:43:54.722+0000] {logging_mixin.py:188} INFO - [2026-08-24T14:43:54.722+0000] {dag.py:3954} INFO - Setting next_dagrun for tutorial to 2026-08-23 00:00:00+00:00, run_after=2026-08-24 00:00:00+00:00
[2026-08-24T14:43:54.749+0000] {processor.py:183} INFO - Processing /home/airflow/.local/lib/python3.12/site-packages/airflow/example_dags/tutorial.py took 0.111 seconds
[2026-08-24T14:44:25.929+0000] {processor.py:161} INFO - Started process (PID=496) to work on /home/airflow/.local/lib/python3.12/site-packages/airflow/example_dags/tutorial.py
[2026-08-24T14:44:25.930+0000] {processor.py:830} INFO - Processing file /home/airflow/.local/lib/python3.12/site-packages/airflow/example_dags/tutorial.py for tasks to queue
[2026-08-24T14:44:25.932+0000] {logging_mixin.py:188} INFO - [2026-08-24T14:44:25.932+0000] {dagbag.py:545} INFO - Filling up the DagBag from /home/airflow/.local/lib/python3.12/site-packages/airflow/example_dags/tutorial.py
[2026-08-24T14:44:25.943+0000] {processor.py:840} INFO - DAG(s) 'tutorial' retrieved from /home/airflow/.local/lib/python3.12/site-packages/airflow/example_dags/tutorial.py
[2026-08-24T14:44:25.970+0000] {logging_mixin.py:188} INFO - [2026-08-24T14:44:25.970+0000] {dag.py:3096} INFO - Sync 1 DAGs
[2026-08-24T14:44:26.004+0000] {logging_mixin.py:188} INFO - [2026-08-24T14:44:26.003+0000] {dag.py:3954} INFO - Setting next_dagrun for tutorial to 2026-08-23 00:00:00+00:00, run_after=2026-08-24 00:00:00+00:00
[2026-08-24T14:44:26.032+0000] {processor.py:183} INFO - Processing /home/airflow/.local/lib/python3.12/site-packages/airflow/example_dags/tutorial.py took 0.112 seconds
[2026-08-24T14:44:56.237+0000] {processor.py:161} INFO - Started process (PID=555) to work on /home/airflow/.local/lib/python3.12/site-packages/airflow/example_dags/tutorial.py
[2026-08-24T14:44:56.240+0000] {processor.py:830} INFO - Processing file /home/airflow/.local/lib/python3.12/site-packages/airflow/example_dags/tutorial.py for tasks to queue
[2026-08-24T14:44:56.247+0000] {logging_mixin.py:188} INFO - [2026-08-24T14:44:56.246+0000] {dagbag.py:545} INFO - Filling up the DagBag from /home/airflow/.local/lib/python3.12/site-packages/airflow/example_dags/tutorial.py
[2026-08-24T14:44:56.261+0000] {processor.py:840} INFO - DAG(s) 'tutorial' retrieved from /home/airflow/.local/lib/python3.12/site-packages/airflow/example_dags/tutorial.py
[2026-08-24T14:44:56.318+0000] {logging_mixin.py:188} INFO - [2026-08-24T14:44:56.317+0000] {dag.py:3096} INFO - Sync 1 DAGs
[2026-08-24T14:44:56.383+0000] {logging_mixin.py:188} INFO - [2026-08-24T14:44:56.382+0000] {dag.py:3954} INFO - Setting next_dagrun for tutorial to 2026-08-23 00:00:00+00:00, run_after=2026-08-24 00:00:00+00:00
[2026-08-24T14:44:56.425+0000] {processor.py:183} INFO - Processing /home/airflow/.local/lib/python3.12/site-packages/airflow/example_dags/tutorial.py took 0.197 seconds
[2026-08-24T14:49:24.257+0000] {processor.py:161} INFO - Started process (PID=135) to work on /home/airflow/.local/lib/python3.12/site-packages/airflow/example_dags/tutorial.py
[2026-08-24T14:49:24.259+0000] {processor.py:830} INFO - Processing file /home/airflow/.local/lib/python3.12/site-packages/airflow/example_dags/tutorial.py for tasks to queue
[2026-08-24T14:49:24.263+0000] {logging_mixin.py:188} INFO - [2026-08-24T14:49:24.262+0000] {dagbag.py:545} INFO - Filling up the DagBag from /home/airflow/.local/lib/python3.12/site-packages/airflow/example_dags/tutorial.py
[2026-08-24T14:49:24.274+0000] {processor.py:840} INFO - DAG(s) 'tutorial' retrieved from /home/airflow/.local/lib/python3.12/site-packages/airflow/example_dags/tutorial.py
[2026-08-24T14:49:24.457+0000] {logging_mixin.py:188} INFO - [2026-08-24T14:49:24.457+0000] {dag.py:3096} INFO - Sync 1 DAGs
[2026-08-24T14:49:24.492+0000] {logging_mixin.py:188} INFO - [2026-08-24T14:49:24.492+0000] {dag.py:3954} INFO - Setting next_dagrun for tutorial to 2026-08-23 00:00:00+00:00, run_after=2026-08-24 00:00:00+00:00
[2026-08-24T14:49:24.523+0000] {processor.py:183} INFO - Processing /home/airflow/.local/lib/python3.12/site-packages/airflow/example_dags/tutorial.py took 0.276 seconds
[2026-08-24T14:50:18.167+0000] {processor.py:161} INFO - Started process (PID=115) to work on /home/airflow/.local/lib/python3.12/site-packages/airflow/example_dags/tutorial.py
[2026-08-24T14:50:18.169+0000] {processor.py:830} INFO - Processing file /home/airflow/.local/lib/python3.12/site-packages/airflow/example_dags/tutorial.py for tasks to queue
[2026-08-24T14:50:18.172+0000] {logging_mixin.py:188} INFO - [2026-08-24T14:50:18.172+0000] {dagbag.py:545} INFO - Filling up the DagBag from /home/airflow/.local/lib/python3.12/site-packages/airflow/example_dags/tutorial.py
[2026-08-24T14:50:18.183+0000] {processor.py:840} INFO - DAG(s) 'tutorial' retrieved from /home/airflow/.local/lib/python3.12/site-packages/airflow/example_dags/tutorial.py
[2026-08-24T14:50:18.214+0000] {logging_mixin.py:188} INFO - [2026-08-24T14:50:18.213+0000] {dag.py:3096} INFO - Sync 1 DAGs
[2026-08-24T14:50:18.252+0000] {logging_mixin.py:188} INFO - [2026-08-24T14:50:18.252+0000] {dag.py:3954} INFO - Setting next_dagrun for tutorial to 2026-08-23 00:00:00+00:00, run_after=2026-08-24 00:00:00+00:00
[2026-08-24T14:50:18.281+0000] {processor.py:183} INFO - Processing /home/airflow/.local/lib/python3.12/site-packages/airflow/example_dags/tutorial.py took 0.120 seconds
[2026-08-24T14:50:48.956+0000] {processor.py:161} INFO - Started process (PID=175) to work on /home/airflow/.local/lib/python3.12/site-packages/airflow/example_dags/tutorial.py
[2026-08-24T14:50:48.957+0000] {processor.py:830} INFO - Processing file /home/airflow/.local/lib/python3.12/site-packages/airflow/example_dags/tutorial.py for tasks to queue
[2026-08-24T14:50:48.960+0000] {logging_mixin.py:188} INFO - [2026-08-24T14:50:48.959+0000] {dagbag.py:545} INFO - Filling up the DagBag from /home/airflow/.local/lib/python3.12/site-packages/airflow/example_dags/tutorial.py
[2026-08-24T14:50:48.967+0000] {processor.py:840} INFO - DAG(s) 'tutorial' retrieved from /home/airflow/.local/lib/python3.12/site-packages/airflow/example_dags/tutorial.py
[2026-08-24T14:50:48.993+0000] {logging_mixin.py:188} INFO - [2026-08-24T14:50:48.993+0000] {dag.py:3096} INFO - Sync 1 DAGs
[2026-08-24T14:50:49.024+0000] {logging_mixin.py:188} INFO - [2026-08-24T14:50:49.023+0000] {dag.py:3954} INFO - Setting next_dagrun for tutorial to 2026-08-23 00:00:00+00:00, run_after=2026-08-24 00:00:00+00:00
[2026-08-24T14:50:49.055+0000] {processor.py:183} INFO - Processing /home/airflow/.local/lib/python3.12/site-packages/airflow/example_dags/tutorial.py took 0.107 seconds
[2026-08-24T14:51:19.630+0000] {processor.py:161} INFO - Started process (PID=235) to work on /home/airflow/.local/lib/python3.12/site-packages/airflow/example_dags/tutorial.py
[2026-08-24T14:51:19.632+0000] {processor.py:830} INFO - Processing file /home/airflow/.local/lib/python3.12/site-packages/airflow/example_dags/tutorial.py for tasks to queue
[2026-08-24T14:51:19.635+0000] {logging_mixin.py:188} INFO - [2026-08-24T14:51:19.634+0000] {dagbag.py:545} INFO - Filling up the DagBag from /home/airflow/.local/lib/python3.12/site-packages/airflow/example_dags/tutorial.py
[2026-08-24T14:51:19.642+0000] {processor.py:840} INFO - DAG(s) 'tutorial' retrieved from /home/airflow/.local/lib/python3.12/site-packages/airflow/example_dags/tutorial.py
[2026-08-24T14:51:19.667+0000] {logging_mixin.py:188} INFO - [2026-08-24T14:51:19.667+0000] {dag.py:3096} INFO - Sync 1 DAGs
[2026-08-24T14:51:19.695+0000] {logging_mixin.py:188} INFO - [2026-08-24T14:51:19.694+0000] {dag.py:3954} INFO - Setting next_dagrun for tutorial to 2026-08-23 00:00:00+00:00, run_after=2026-08-24 00:00:00+00:00
[2026-08-24T14:51:19.718+0000] {processor.py:183} INFO - Processing /home/airflow/.local/lib/python3.12/site-packages/airflow/example_dags/tutorial.py took 0.095 seconds
