[2026-08-27T14:55:31.308+0000] {local_task_job_runner.py:120} INFO - ::group::Pre task execution logs
[2026-08-27T14:55:31.336+0000] {taskinstance.py:2076} INFO - Dependencies all met for dep_context=non-requeueable deps ti=<TaskInstance: dag_pipeline_ecommerce_olist.mover_dados_para_bronze scheduled__2026-08-26T00:00:00+00:00 [queued]>
[2026-08-27T14:55:31.348+0000] {taskinstance.py:2076} INFO - Dependencies all met for dep_context=requeueable deps ti=<TaskInstance: dag_pipeline_ecommerce_olist.mover_dados_para_bronze scheduled__2026-08-26T00:00:00+00:00 [queued]>
[2026-08-27T14:55:31.349+0000] {taskinstance.py:2306} INFO - Starting attempt 1 of 3
[2026-08-27T14:55:31.368+0000] {taskinstance.py:2330} INFO - Executing <Task(PythonOperator): mover_dados_para_bronze> on 2026-08-26 00:00:00+00:00
[2026-08-27T14:55:31.377+0000] {warnings.py:110} WARNING - /home/***/.local/lib/python3.12/site-packages/***/task/task_runner/standard_task_runner.py:61: DeprecationWarning: This process (pid=100) is multi-threaded, use of fork() may lead to deadlocks in the child.
  pid = os.fork()

[2026-08-27T14:55:31.379+0000] {standard_task_runner.py:63} INFO - Started process 102 to run task
[2026-08-27T14:55:31.380+0000] {standard_task_runner.py:90} INFO - Running: ['***', 'tasks', 'run', 'dag_pipeline_ecommerce_olist', 'mover_dados_para_bronze', 'scheduled__2026-08-26T00:00:00+00:00', '--job-id', '173', '--raw', '--subdir', 'DAGS_FOLDER/dag_pipeline.py', '--cfg-path', '/tmp/tmp5s8hqcvv']
[2026-08-27T14:55:31.381+0000] {standard_task_runner.py:91} INFO - Job 173: Subtask mover_dados_para_bronze
[2026-08-27T14:55:31.553+0000] {task_command.py:426} INFO - Running <TaskInstance: dag_pipeline_ecommerce_olist.mover_dados_para_bronze scheduled__2026-08-26T00:00:00+00:00 [running]> on host ed2695f59d10
[2026-08-27T14:55:31.953+0000] {taskinstance.py:2648} INFO - Exporting env vars: AIRFLOW_CTX_DAG_OWNER='Tailan' AIRFLOW_CTX_DAG_ID='dag_pipeline_ecommerce_olist' AIRFLOW_CTX_TASK_ID='mover_dados_para_bronze' AIRFLOW_CTX_EXECUTION_DATE='2026-08-26T00:00:00+00:00' AIRFLOW_CTX_TRY_NUMBER='1' AIRFLOW_CTX_DAG_RUN_ID='scheduled__2026-08-26T00:00:00+00:00'
[2026-08-27T14:55:31.955+0000] {taskinstance.py:430} INFO - ::endgroup::
[2026-08-27T14:55:31.963+0000] {ingest_raw_to_bronze.py:34} INFO - Processando: olist_customers_dataset.csv -> /opt/***/data/bronze/customers.parquet
[2026-08-27T14:55:41.330+0000] {ingest_raw_to_bronze.py:34} INFO - Processando: olist_geolocation_dataset.csv -> /opt/***/data/bronze/geolocation.parquet
[2026-08-27T14:55:44.516+0000] {ingest_raw_to_bronze.py:34} INFO - Processando: olist_orders_dataset.csv -> /opt/***/data/bronze/orders.parquet
[2026-08-27T14:55:45.793+0000] {ingest_raw_to_bronze.py:34} INFO - Processando: olist_order_items_dataset.csv -> /opt/***/data/bronze/order_items.parquet
[2026-08-27T14:55:46.643+0000] {ingest_raw_to_bronze.py:34} INFO - Processando: olist_order_payments_dataset.csv -> /opt/***/data/bronze/order_payments.parquet
[2026-08-27T14:55:47.384+0000] {ingest_raw_to_bronze.py:34} INFO - Processando: olist_order_reviews_dataset.csv -> /opt/***/data/bronze/order_reviews.parquet
[2026-08-27T14:55:48.372+0000] {ingest_raw_to_bronze.py:34} INFO - Processando: olist_products_dataset.csv -> /opt/***/data/bronze/products.parquet
[2026-08-27T14:55:48.561+0000] {ingest_raw_to_bronze.py:34} INFO - Processando: olist_sellers_dataset.csv -> /opt/***/data/bronze/sellers.parquet
[2026-08-27T14:55:48.742+0000] {ingest_raw_to_bronze.py:34} INFO - Processando: product_category_name_translation.csv -> /opt/***/data/bronze/product_category_name_translation.parquet
[2026-08-27T14:55:48.785+0000] {python.py:237} INFO - Done. Returned value was: None
[2026-08-27T14:55:48.786+0000] {taskinstance.py:441} INFO - ::group::Post task execution logs
[2026-08-27T14:55:48.809+0000] {taskinstance.py:1206} INFO - Marking task as SUCCESS. dag_id=dag_pipeline_ecommerce_olist, task_id=mover_dados_para_bronze, run_id=scheduled__2026-08-26T00:00:00+00:00, execution_date=20260826T000000, start_date=20260827T145531, end_date=20260827T145548
[2026-08-27T14:55:48.864+0000] {local_task_job_runner.py:240} INFO - Task exited with return code 0
[2026-08-27T14:55:48.911+0000] {taskinstance.py:3498} INFO - 1 downstream tasks scheduled from follow-on schedule check
[2026-08-27T14:55:48.916+0000] {local_task_job_runner.py:222} INFO - ::endgroup::
