[2026-08-24T14:42:24.071+0000] {local_task_job_runner.py:120} INFO - ::group::Pre task execution logs
[2026-08-24T14:42:24.106+0000] {taskinstance.py:2076} INFO - Dependencies all met for dep_context=non-requeueable deps ti=<TaskInstance: dag_pipeline_ecommerce_olist.salvar_dados manual__2026-08-24T14:36:37.273639+00:00 [queued]>
[2026-08-24T14:42:24.119+0000] {taskinstance.py:2076} INFO - Dependencies all met for dep_context=requeueable deps ti=<TaskInstance: dag_pipeline_ecommerce_olist.salvar_dados manual__2026-08-24T14:36:37.273639+00:00 [queued]>
[2026-08-24T14:42:24.120+0000] {taskinstance.py:2306} INFO - Starting attempt 2 of 3
[2026-08-24T14:42:24.147+0000] {taskinstance.py:2330} INFO - Executing <Task(PythonOperator): salvar_dados> on 2026-08-24 14:36:37.273639+00:00
[2026-08-24T14:42:24.156+0000] {warnings.py:110} WARNING - /home/***/.local/lib/python3.12/site-packages/***/task/task_runner/standard_task_runner.py:61: DeprecationWarning: This process (pid=109) is multi-threaded, use of fork() may lead to deadlocks in the child.
  pid = os.fork()

[2026-08-24T14:42:24.159+0000] {standard_task_runner.py:63} INFO - Started process 120 to run task
[2026-08-24T14:42:24.159+0000] {standard_task_runner.py:90} INFO - Running: ['***', 'tasks', 'run', 'dag_pipeline_ecommerce_olist', 'salvar_dados', 'manual__2026-08-24T14:36:37.273639+00:00', '--job-id', '157', '--raw', '--subdir', 'DAGS_FOLDER/dag_pipeline.py', '--cfg-path', '/tmp/tmpfvjf320d']
[2026-08-24T14:42:24.164+0000] {standard_task_runner.py:91} INFO - Job 157: Subtask salvar_dados
[2026-08-24T14:42:24.260+0000] {task_command.py:426} INFO - Running <TaskInstance: dag_pipeline_ecommerce_olist.salvar_dados manual__2026-08-24T14:36:37.273639+00:00 [running]> on host 62a41669850e
[2026-08-24T14:42:24.405+0000] {taskinstance.py:2648} INFO - Exporting env vars: AIRFLOW_CTX_DAG_OWNER='Tailan' AIRFLOW_CTX_DAG_ID='dag_pipeline_ecommerce_olist' AIRFLOW_CTX_TASK_ID='salvar_dados' AIRFLOW_CTX_EXECUTION_DATE='2026-08-24T14:36:37.273639+00:00' AIRFLOW_CTX_TRY_NUMBER='2' AIRFLOW_CTX_DAG_RUN_ID='manual__2026-08-24T14:36:37.273639+00:00'
[2026-08-24T14:42:24.409+0000] {taskinstance.py:430} INFO - ::endgroup::
[2026-08-24T14:42:24.414+0000] {taskinstance.py:441} INFO - ::group::Post task execution logs
[2026-08-24T14:42:24.415+0000] {taskinstance.py:2905} ERROR - Task failed with exception
Traceback (most recent call last):
  File "/home/airflow/.local/lib/python3.12/site-packages/airflow/models/taskinstance.py", line 465, in _execute_task
    result = _execute_callable(context=context, **execute_callable_kwargs)
             ^^^^^^^^^^^^^^^^^^^^^^^^^^^^^^^^^^^^^^^^^^^^^^^^^^^^^^^^^^^^^
  File "/home/airflow/.local/lib/python3.12/site-packages/airflow/models/taskinstance.py", line 432, in _execute_callable
    return execute_callable(context=context, **execute_callable_kwargs)
           ^^^^^^^^^^^^^^^^^^^^^^^^^^^^^^^^^^^^^^^^^^^^^^^^^^^^^^^^^^^^
  File "/home/airflow/.local/lib/python3.12/site-packages/airflow/models/baseoperator.py", line 400, in wrapper
    return func(self, *args, **kwargs)
           ^^^^^^^^^^^^^^^^^^^^^^^^^^^
  File "/home/airflow/.local/lib/python3.12/site-packages/airflow/operators/python.py", line 235, in execute
    return_value = self.execute_callable()
                   ^^^^^^^^^^^^^^^^^^^^^^^
  File "/home/airflow/.local/lib/python3.12/site-packages/airflow/operators/python.py", line 252, in execute_callable
    return self.python_callable(*self.op_args, **self.op_kwargs)
           ^^^^^^^^^^^^^^^^^^^^^^^^^^^^^^^^^^^^^^^^^^^^^^^^^^^^^
  File "/opt/airflow/pipeline/load/load_bgq.py", line 22, in load_silver_to_bigquery
    client = bigquery.Client()
             ^^^^^^^^^^^^^^^^^
  File "/home/airflow/.local/lib/python3.12/site-packages/google/cloud/bigquery/client.py", line 241, in __init__
    super(Client, self).__init__(
  File "/home/airflow/.local/lib/python3.12/site-packages/google/cloud/client/__init__.py", line 320, in __init__
    _ClientProjectMixin.__init__(self, project=project, credentials=credentials)
  File "/home/airflow/.local/lib/python3.12/site-packages/google/cloud/client/__init__.py", line 268, in __init__
    project = self._determine_default(project)
              ^^^^^^^^^^^^^^^^^^^^^^^^^^^^^^^^
  File "/home/airflow/.local/lib/python3.12/site-packages/google/cloud/client/__init__.py", line 287, in _determine_default
    return _determine_default_project(project)
           ^^^^^^^^^^^^^^^^^^^^^^^^^^^^^^^^^^^
  File "/home/airflow/.local/lib/python3.12/site-packages/google/cloud/_helpers/__init__.py", line 152, in _determine_default_project
    _, project = google.auth.default()
                 ^^^^^^^^^^^^^^^^^^^^^
  File "/home/airflow/.local/lib/python3.12/site-packages/google/auth/_default.py", line 657, in default
    credentials, project_id = checker()
                              ^^^^^^^^^
  File "/home/airflow/.local/lib/python3.12/site-packages/google/auth/_default.py", line 650, in <lambda>
    lambda: _get_explicit_environ_credentials(quota_project_id=quota_project_id),
            ^^^^^^^^^^^^^^^^^^^^^^^^^^^^^^^^^^^^^^^^^^^^^^^^^^^^^^^^^^^^^^^^^^^^
  File "/home/airflow/.local/lib/python3.12/site-packages/google/auth/_default.py", line 270, in _get_explicit_environ_credentials
    credentials, project_id = load_credentials_from_file(
                              ^^^^^^^^^^^^^^^^^^^^^^^^^^^
  File "/home/airflow/.local/lib/python3.12/site-packages/google/auth/_default.py", line 114, in load_credentials_from_file
    raise exceptions.DefaultCredentialsError(
google.auth.exceptions.DefaultCredentialsError: File C:/E-commerce Analytics Olist/projeto-olist-elt-edaa00bbd190.json was not found.
[2026-08-24T14:42:24.438+0000] {taskinstance.py:1206} INFO - Marking task as UP_FOR_RETRY. dag_id=dag_pipeline_ecommerce_olist, task_id=salvar_dados, run_id=manual__2026-08-24T14:36:37.273639+00:00, execution_date=20260824T143637, start_date=20260824T144224, end_date=20260824T144224
[2026-08-24T14:42:24.460+0000] {standard_task_runner.py:110} ERROR - Failed to execute job 157 for task salvar_dados (File C:/E-commerce Analytics Olist/projeto-olist-elt-edaa00bbd190.json was not found.; 120)
[2026-08-24T14:42:24.499+0000] {local_task_job_runner.py:240} INFO - Task exited with return code 1
[2026-08-24T14:42:24.538+0000] {taskinstance.py:3498} INFO - 0 downstream tasks scheduled from follow-on schedule check
[2026-08-24T14:42:24.541+0000] {local_task_job_runner.py:222} INFO - ::endgroup::
