[2026-08-24T14:37:01.705+0000] {local_task_job_runner.py:120} INFO - ::group::Pre task execution logs
[2026-08-24T14:37:01.731+0000] {taskinstance.py:2076} INFO - Dependencies all met for dep_context=non-requeueable deps ti=<TaskInstance: dag_pipeline_ecommerce_olist.transformacao_dados manual__2026-08-24T14:36:37.273639+00:00 [queued]>
[2026-08-24T14:37:01.740+0000] {taskinstance.py:2076} INFO - Dependencies all met for dep_context=requeueable deps ti=<TaskInstance: dag_pipeline_ecommerce_olist.transformacao_dados manual__2026-08-24T14:36:37.273639+00:00 [queued]>
[2026-08-24T14:37:01.741+0000] {taskinstance.py:2306} INFO - Starting attempt 1 of 3
[2026-08-24T14:37:01.901+0000] {taskinstance.py:2330} INFO - Executing <Task(PythonOperator): transformacao_dados> on 2026-08-24 14:36:37.273639+00:00
[2026-08-24T14:37:01.916+0000] {warnings.py:110} WARNING - /home/***/.local/lib/python3.12/site-packages/***/task/task_runner/standard_task_runner.py:61: DeprecationWarning: This process (pid=153) is multi-threaded, use of fork() may lead to deadlocks in the child.
  pid = os.fork()

[2026-08-24T14:37:01.923+0000] {standard_task_runner.py:63} INFO - Started process 155 to run task
[2026-08-24T14:37:01.924+0000] {standard_task_runner.py:90} INFO - Running: ['***', 'tasks', 'run', 'dag_pipeline_ecommerce_olist', 'transformacao_dados', 'manual__2026-08-24T14:36:37.273639+00:00', '--job-id', '152', '--raw', '--subdir', 'DAGS_FOLDER/dag_pipeline.py', '--cfg-path', '/tmp/tmpihz2xaeo']
[2026-08-24T14:37:01.926+0000] {standard_task_runner.py:91} INFO - Job 152: Subtask transformacao_dados
[2026-08-24T14:37:02.076+0000] {task_command.py:426} INFO - Running <TaskInstance: dag_pipeline_ecommerce_olist.transformacao_dados manual__2026-08-24T14:36:37.273639+00:00 [running]> on host f152fe0e8f54
[2026-08-24T14:37:02.206+0000] {taskinstance.py:2648} INFO - Exporting env vars: AIRFLOW_CTX_DAG_OWNER='Tailan' AIRFLOW_CTX_DAG_ID='dag_pipeline_ecommerce_olist' AIRFLOW_CTX_TASK_ID='transformacao_dados' AIRFLOW_CTX_EXECUTION_DATE='2026-08-24T14:36:37.273639+00:00' AIRFLOW_CTX_TRY_NUMBER='1' AIRFLOW_CTX_DAG_RUN_ID='manual__2026-08-24T14:36:37.273639+00:00'
[2026-08-24T14:37:02.207+0000] {taskinstance.py:430} INFO - ::endgroup::
[2026-08-24T14:37:02.209+0000] {transform.py:92} INFO - Iniciando trasnformações da camada Silver
[2026-08-24T14:37:02.420+0000] {transform.py:33} INFO - Arquivo customers carregado com sucesso.
[2026-08-24T14:37:02.658+0000] {transform.py:33} INFO - Arquivo geolocation carregado com sucesso.
[2026-08-24T14:37:03.053+0000] {transform.py:33} INFO - Arquivo orders carregado com sucesso.
[2026-08-24T14:37:03.232+0000] {transform.py:33} INFO - Arquivo order_items carregado com sucesso.
[2026-08-24T14:37:03.294+0000] {transform.py:33} INFO - Arquivo order_payments carregado com sucesso.
[2026-08-24T14:37:03.466+0000] {transform.py:33} INFO - Arquivo order_reviews carregado com sucesso.
[2026-08-24T14:37:03.493+0000] {transform.py:33} INFO - Arquivo products carregado com sucesso.
[2026-08-24T14:37:03.499+0000] {transform.py:33} INFO - Arquivo product_category_name_translation carregado com sucesso.
[2026-08-24T14:37:03.508+0000] {transform.py:33} INFO - Arquivo sellers carregado com sucesso.
[2026-08-24T14:37:03.548+0000] {transform.py:49} INFO - Coluna order_purchase_timestamp mudada para o tipo DateTime.
[2026-08-24T14:37:03.579+0000] {transform.py:49} INFO - Coluna order_approved_at mudada para o tipo DateTime.
[2026-08-24T14:37:03.608+0000] {transform.py:49} INFO - Coluna order_delivered_carrier_date mudada para o tipo DateTime.
[2026-08-24T14:37:03.636+0000] {transform.py:49} INFO - Coluna order_delivered_customer_date mudada para o tipo DateTime.
[2026-08-24T14:37:03.651+0000] {transform.py:49} INFO - Coluna order_estimated_delivery_date mudada para o tipo DateTime.
[2026-08-24T14:37:03.744+0000] {transform.py:115} INFO - Iniciando carregamento para a camada Silver
[2026-08-24T14:37:03.889+0000] {transform.py:119} INFO - Tabela customers salva com sucesso.
[2026-08-24T14:37:03.981+0000] {transform.py:119} INFO - Tabela geolocation salva com sucesso.
[2026-08-24T14:37:04.213+0000] {transform.py:119} INFO - Tabela orders salva com sucesso.
[2026-08-24T14:37:04.381+0000] {transform.py:119} INFO - Tabela order_items salva com sucesso.
[2026-08-24T14:37:04.465+0000] {transform.py:119} INFO - Tabela order_payments salva com sucesso.
[2026-08-24T14:37:04.667+0000] {transform.py:119} INFO - Tabela order_reviews salva com sucesso.
[2026-08-24T14:37:04.722+0000] {transform.py:119} INFO - Tabela products salva com sucesso.
[2026-08-24T14:37:04.741+0000] {transform.py:119} INFO - Tabela product_category_name_translation salva com sucesso.
[2026-08-24T14:37:04.763+0000] {transform.py:119} INFO - Tabela sellers salva com sucesso.
[2026-08-24T14:37:04.804+0000] {python.py:237} INFO - Done. Returned value was: None
[2026-08-24T14:37:04.805+0000] {taskinstance.py:441} INFO - ::group::Post task execution logs
[2026-08-24T14:37:04.815+0000] {taskinstance.py:1206} INFO - Marking task as SUCCESS. dag_id=dag_pipeline_ecommerce_olist, task_id=transformacao_dados, run_id=manual__2026-08-24T14:36:37.273639+00:00, execution_date=20260824T143637, start_date=20260824T143701, end_date=20260824T143704
[2026-08-24T14:37:05.034+0000] {local_task_job_runner.py:240} INFO - Task exited with return code 0
[2026-08-24T14:37:05.065+0000] {taskinstance.py:3498} INFO - 1 downstream tasks scheduled from follow-on schedule check
[2026-08-24T14:37:05.464+0000] {local_task_job_runner.py:222} INFO - ::endgroup::
