[2026-08-24T14:36:53.334+0000] {local_task_job_runner.py:120} INFO - ::group::Pre task execution logs
[2026-08-24T14:36:53.360+0000] {taskinstance.py:2076} INFO - Dependencies all met for dep_context=non-requeueable deps ti=<TaskInstance: dag_pipeline_ecommerce_olist.mover_dados_para_bronze manual__2026-08-24T14:36:37.273639+00:00 [queued]>
[2026-08-24T14:36:53.369+0000] {taskinstance.py:2076} INFO - Dependencies all met for dep_context=requeueable deps ti=<TaskInstance: dag_pipeline_ecommerce_olist.mover_dados_para_bronze manual__2026-08-24T14:36:37.273639+00:00 [queued]>
[2026-08-24T14:36:53.370+0000] {taskinstance.py:2306} INFO - Starting attempt 1 of 3
[2026-08-24T14:36:53.387+0000] {taskinstance.py:2330} INFO - Executing <Task(PythonOperator): mover_dados_para_bronze> on 2026-08-24 14:36:37.273639+00:00
[2026-08-24T14:36:53.396+0000] {warnings.py:110} WARNING - /home/***/.local/lib/python3.12/site-packages/***/task/task_runner/standard_task_runner.py:61: DeprecationWarning: This process (pid=123) is multi-threaded, use of fork() may lead to deadlocks in the child.
  pid = os.fork()

[2026-08-24T14:36:53.398+0000] {standard_task_runner.py:90} INFO - Running: ['***', 'tasks', 'run', 'dag_pipeline_ecommerce_olist', 'mover_dados_para_bronze', 'manual__2026-08-24T14:36:37.273639+00:00', '--job-id', '151', '--raw', '--subdir', 'DAGS_FOLDER/dag_pipeline.py', '--cfg-path', '/tmp/tmpqcaf8g2y']
[2026-08-24T14:36:53.399+0000] {standard_task_runner.py:63} INFO - Started process 125 to run task
[2026-08-24T14:36:53.399+0000] {standard_task_runner.py:91} INFO - Job 151: Subtask mover_dados_para_bronze
[2026-08-24T14:36:53.478+0000] {task_command.py:426} INFO - Running <TaskInstance: dag_pipeline_ecommerce_olist.mover_dados_para_bronze manual__2026-08-24T14:36:37.273639+00:00 [running]> on host f152fe0e8f54
[2026-08-24T14:36:53.782+0000] {taskinstance.py:2648} INFO - Exporting env vars: AIRFLOW_CTX_DAG_OWNER='Tailan' AIRFLOW_CTX_DAG_ID='dag_pipeline_ecommerce_olist' AIRFLOW_CTX_TASK_ID='mover_dados_para_bronze' AIRFLOW_CTX_EXECUTION_DATE='2026-08-24T14:36:37.273639+00:00' AIRFLOW_CTX_TRY_NUMBER='1' AIRFLOW_CTX_DAG_RUN_ID='manual__2026-08-24T14:36:37.273639+00:00'
[2026-08-24T14:36:53.784+0000] {taskinstance.py:430} INFO - ::endgroup::
[2026-08-24T14:36:53.794+0000] {ingest_raw_to_bronze.py:34} INFO - Processando: olist_customers_dataset.csv -> /opt/***/data/bronze/customers.parquet
[2026-08-24T14:36:54.259+0000] {ingest_raw_to_bronze.py:34} INFO - Processando: olist_geolocation_dataset.csv -> /opt/***/data/bronze/geolocation.parquet
[2026-08-24T14:36:55.691+0000] {ingest_raw_to_bronze.py:34} INFO - Processando: olist_orders_dataset.csv -> /opt/***/data/bronze/orders.parquet
[2026-08-24T14:36:56.590+0000] {ingest_raw_to_bronze.py:34} INFO - Processando: olist_order_items_dataset.csv -> /opt/***/data/bronze/order_items.parquet
[2026-08-24T14:36:57.279+0000] {ingest_raw_to_bronze.py:34} INFO - Processando: olist_order_payments_dataset.csv -> /opt/***/data/bronze/order_payments.parquet
[2026-08-24T14:36:57.600+0000] {ingest_raw_to_bronze.py:34} INFO - Processando: olist_order_reviews_dataset.csv -> /opt/***/data/bronze/order_reviews.parquet
[2026-08-24T14:36:58.395+0000] {ingest_raw_to_bronze.py:34} INFO - Processando: olist_products_dataset.csv -> /opt/***/data/bronze/products.parquet
[2026-08-24T14:36:58.538+0000] {ingest_raw_to_bronze.py:34} INFO - Processando: olist_sellers_dataset.csv -> /opt/***/data/bronze/sellers.parquet
[2026-08-24T14:36:58.569+0000] {ingest_raw_to_bronze.py:34} INFO - Processando: product_category_name_translation.csv -> /opt/***/data/bronze/product_category_name_translation.parquet
[2026-08-24T14:36:58.588+0000] {python.py:237} INFO - Done. Returned value was: None
[2026-08-24T14:36:58.589+0000] {taskinstance.py:441} INFO - ::group::Post task execution logs
[2026-08-24T14:36:58.599+0000] {taskinstance.py:1206} INFO - Marking task as SUCCESS. dag_id=dag_pipeline_ecommerce_olist, task_id=mover_dados_para_bronze, run_id=manual__2026-08-24T14:36:37.273639+00:00, execution_date=20260824T143637, start_date=20260824T143653, end_date=20260824T143658
[2026-08-24T14:36:58.637+0000] {local_task_job_runner.py:240} INFO - Task exited with return code 0
[2026-08-24T14:36:58.666+0000] {taskinstance.py:3498} INFO - 1 downstream tasks scheduled from follow-on schedule check
[2026-08-24T14:36:58.669+0000] {local_task_job_runner.py:222} INFO - ::endgroup::
