[2026-08-24T14:35:29.008+0000] {local_task_job_runner.py:120} INFO - ::group::Pre task execution logs
[2026-08-24T14:35:29.038+0000] {taskinstance.py:2076} INFO - Dependencies all met for dep_context=non-requeueable deps ti=<TaskInstance: dag_pipeline_ecommerce_olist.salvar_dados scheduled__2026-08-23T00:00:00+00:00 [queued]>
[2026-08-24T14:35:29.049+0000] {taskinstance.py:2076} INFO - Dependencies all met for dep_context=requeueable deps ti=<TaskInstance: dag_pipeline_ecommerce_olist.salvar_dados scheduled__2026-08-23T00:00:00+00:00 [queued]>
[2026-08-24T14:35:29.050+0000] {taskinstance.py:2306} INFO - Starting attempt 3 of 3
[2026-08-24T14:35:29.080+0000] {taskinstance.py:2330} INFO - Executing <Task(PythonOperator): salvar_dados> on 2026-08-23 00:00:00+00:00
[2026-08-24T14:35:29.096+0000] {warnings.py:110} WARNING - /home/***/.local/lib/python3.12/site-packages/***/task/task_runner/standard_task_runner.py:61: DeprecationWarning: This process (pid=93) is multi-threaded, use of fork() may lead to deadlocks in the child.
  pid = os.fork()

[2026-08-24T14:35:29.101+0000] {standard_task_runner.py:63} INFO - Started process 104 to run task
[2026-08-24T14:35:29.102+0000] {standard_task_runner.py:90} INFO - Running: ['***', 'tasks', 'run', 'dag_pipeline_ecommerce_olist', 'salvar_dados', 'scheduled__2026-08-23T00:00:00+00:00', '--job-id', '149', '--raw', '--subdir', 'DAGS_FOLDER/dag_pipeline.py', '--cfg-path', '/tmp/tmp8da4y9_f']
[2026-08-24T14:35:29.104+0000] {standard_task_runner.py:91} INFO - Job 149: Subtask salvar_dados
[2026-08-24T14:35:29.199+0000] {task_command.py:426} INFO - Running <TaskInstance: dag_pipeline_ecommerce_olist.salvar_dados scheduled__2026-08-23T00:00:00+00:00 [running]> on host f152fe0e8f54
[2026-08-24T14:35:29.365+0000] {taskinstance.py:2648} INFO - Exporting env vars: AIRFLOW_CTX_DAG_OWNER='Tailan' AIRFLOW_CTX_DAG_ID='dag_pipeline_ecommerce_olist' AIRFLOW_CTX_TASK_ID='salvar_dados' AIRFLOW_CTX_EXECUTION_DATE='2026-08-23T00:00:00+00:00' AIRFLOW_CTX_TRY_NUMBER='3' AIRFLOW_CTX_DAG_RUN_ID='scheduled__2026-08-23T00:00:00+00:00'
[2026-08-24T14:35:29.367+0000] {taskinstance.py:430} INFO - ::endgroup::
[2026-08-24T14:35:29.373+0000] {taskinstance.py:441} INFO - ::group::Post task execution logs
[2026-08-24T14:35:29.374+0000] {taskinstance.py:2905} ERROR - Task failed with exception
Traceback (most recent call last):
  File "/home/airflow/.local/lib/python3.12/site-packages/airflow/models/taskinstance.py", line 465, in _execute_task
    result = _execute_callable(context=context, **execute_callable_kwargs)
             ^^^^^^^^^^^^^^^^^^^^^^^^^^^^^^^^^^^^^^^^^^^^^^^^^^^^^^^^^^^^^
  File "/home/airflow/.local/lib/python3.12/site-packages/airflow/models/taskinstance.py", line 432, in _execute_callable
    return execute_callable(context=context, **execute_callable_kwargs)
           ^^^^^^^^^^^^^^^^^^^^^^^^^^^^^^^^^^^^^^^^^^^^^^^^^^^^^^^^^^^^
  File "/home/airflow/.local/lib/python3.12/site-packages/airflow/models/baseoperator.py", line 400, in wrapper
    return func(self, *args, **kwargs)
           ^^^^^^^^^^^^^^^^^^^^^^^^^^^
  File "/home/airflow/.local/lib/python3.12/site-packages/airflow/operators/python.py", line 235, in execute
    return_value = self.execute_callable()
                   ^^^^^^^^^^^^^^^^^^^^^^^
  File "/home/airflow/.local/lib/python3.12/site-packages/airflow/operators/python.py", line 252, in execute_callable
    return self.python_callable(*self.op_args, **self.op_kwargs)
           ^^^^^^^^^^^^^^^^^^^^^^^^^^^^^^^^^^^^^^^^^^^^^^^^^^^^^
  File "/opt/airflow/pipeline/load/load_bgq.py", line 22, in load_silver_to_bigquery
    client = bigquery.Client()
             ^^^^^^^^^^^^^^^^^
  File "/home/airflow/.local/lib/python3.12/site-packages/google/cloud/bigquery/client.py", line 241, in __init__
    super(Client, self).__init__(
  File "/home/airflow/.local/lib/python3.12/site-packages/google/cloud/client/__init__.py", line 320, in __init__
    _ClientProjectMixin.__init__(self, project=project, credentials=credentials)
  File "/home/airflow/.local/lib/python3.12/site-packages/google/cloud/client/__init__.py", line 268, in __init__
    project = self._determine_default(project)
              ^^^^^^^^^^^^^^^^^^^^^^^^^^^^^^^^
  File "/home/airflow/.local/lib/python3.12/site-packages/google/cloud/client/__init__.py", line 287, in _determine_default
    return _determine_default_project(project)
           ^^^^^^^^^^^^^^^^^^^^^^^^^^^^^^^^^^^
  File "/home/airflow/.local/lib/python3.12/site-packages/google/cloud/_helpers/__init__.py", line 152, in _determine_default_project
    _, project = google.auth.default()
                 ^^^^^^^^^^^^^^^^^^^^^
  File "/home/airflow/.local/lib/python3.12/site-packages/google/auth/_default.py", line 657, in default
    credentials, project_id = checker()
                              ^^^^^^^^^
  File "/home/airflow/.local/lib/python3.12/site-packages/google/auth/_default.py", line 650, in <lambda>
    lambda: _get_explicit_environ_credentials(quota_project_id=quota_project_id),
            ^^^^^^^^^^^^^^^^^^^^^^^^^^^^^^^^^^^^^^^^^^^^^^^^^^^^^^^^^^^^^^^^^^^^
  File "/home/airflow/.local/lib/python3.12/site-packages/google/auth/_default.py", line 270, in _get_explicit_environ_credentials
    credentials, project_id = load_credentials_from_file(
                              ^^^^^^^^^^^^^^^^^^^^^^^^^^^
  File "/home/airflow/.local/lib/python3.12/site-packages/google/auth/_default.py", line 114, in load_credentials_from_file
    raise exceptions.DefaultCredentialsError(
google.auth.exceptions.DefaultCredentialsError: File C:/E-commerce Analytics Olist/projeto-olist-elt-edaa00bbd190.json was not found.
[2026-08-24T14:35:29.398+0000] {taskinstance.py:1206} INFO - Marking task as FAILED. dag_id=dag_pipeline_ecommerce_olist, task_id=salvar_dados, run_id=scheduled__2026-08-23T00:00:00+00:00, execution_date=20260823T000000, start_date=20260824T143529, end_date=20260824T143529
[2026-08-24T14:35:29.426+0000] {standard_task_runner.py:110} ERROR - Failed to execute job 149 for task salvar_dados (File C:/E-commerce Analytics Olist/projeto-olist-elt-edaa00bbd190.json was not found.; 104)
[2026-08-24T14:35:29.480+0000] {local_task_job_runner.py:240} INFO - Task exited with return code 1
[2026-08-24T14:35:29.520+0000] {taskinstance.py:3498} INFO - 0 downstream tasks scheduled from follow-on schedule check
[2026-08-24T14:35:29.528+0000] {local_task_job_runner.py:222} INFO - ::endgroup::
