[2026-08-27T14:54:49.078+0000] {processor.py:161} INFO - Started process (PID=85) to work on /home/airflow/.local/lib/python3.12/site-packages/airflow/example_dags/example_branch_operator_decorator.py
[2026-08-27T14:54:49.081+0000] {processor.py:830} INFO - Processing file /home/airflow/.local/lib/python3.12/site-packages/airflow/example_dags/example_branch_operator_decorator.py for tasks to queue
[2026-08-27T14:54:49.086+0000] {logging_mixin.py:188} INFO - [2026-08-27T14:54:49.085+0000] {dagbag.py:545} INFO - Filling up the DagBag from /home/airflow/.local/lib/python3.12/site-packages/airflow/example_dags/example_branch_operator_decorator.py
[2026-08-27T14:54:49.209+0000] {processor.py:840} INFO - DAG(s) 'example_branch_python_operator_decorator' retrieved from /home/airflow/.local/lib/python3.12/site-packages/airflow/example_dags/example_branch_operator_decorator.py
[2026-08-27T14:54:49.276+0000] {logging_mixin.py:188} INFO - [2026-08-27T14:54:49.275+0000] {dag.py:3096} INFO - Sync 1 DAGs
[2026-08-27T14:54:49.348+0000] {logging_mixin.py:188} INFO - [2026-08-27T14:54:49.348+0000] {dag.py:3954} INFO - Setting next_dagrun for example_branch_python_operator_decorator to 2026-08-26 00:00:00+00:00, run_after=2026-08-27 00:00:00+00:00
[2026-08-27T14:54:49.392+0000] {processor.py:183} INFO - Processing /home/airflow/.local/lib/python3.12/site-packages/airflow/example_dags/example_branch_operator_decorator.py took 0.328 seconds
[2026-08-27T14:55:19.733+0000] {processor.py:161} INFO - Started process (PID=144) to work on /home/airflow/.local/lib/python3.12/site-packages/airflow/example_dags/example_branch_operator_decorator.py
[2026-08-27T14:55:19.736+0000] {processor.py:830} INFO - Processing file /home/airflow/.local/lib/python3.12/site-packages/airflow/example_dags/example_branch_operator_decorator.py for tasks to queue
[2026-08-27T14:55:19.747+0000] {logging_mixin.py:188} INFO - [2026-08-27T14:55:19.743+0000] {dagbag.py:545} INFO - Filling up the DagBag from /home/airflow/.local/lib/python3.12/site-packages/airflow/example_dags/example_branch_operator_decorator.py
[2026-08-27T14:55:19.840+0000] {processor.py:840} INFO - DAG(s) 'example_branch_python_operator_decorator' retrieved from /home/airflow/.local/lib/python3.12/site-packages/airflow/example_dags/example_branch_operator_decorator.py
[2026-08-27T14:55:20.266+0000] {logging_mixin.py:188} INFO - [2026-08-27T14:55:20.266+0000] {dag.py:3096} INFO - Sync 1 DAGs
[2026-08-27T14:55:20.343+0000] {logging_mixin.py:188} INFO - [2026-08-27T14:55:20.342+0000] {dag.py:3954} INFO - Setting next_dagrun for example_branch_python_operator_decorator to 2026-08-26 00:00:00+00:00, run_after=2026-08-27 00:00:00+00:00
[2026-08-27T14:55:20.443+0000] {processor.py:183} INFO - Processing /home/airflow/.local/lib/python3.12/site-packages/airflow/example_dags/example_branch_operator_decorator.py took 0.735 seconds
[2026-08-27T14:55:50.888+0000] {processor.py:161} INFO - Started process (PID=204) to work on /home/airflow/.local/lib/python3.12/site-packages/airflow/example_dags/example_branch_operator_decorator.py
[2026-08-27T14:55:50.889+0000] {processor.py:830} INFO - Processing file /home/airflow/.local/lib/python3.12/site-packages/airflow/example_dags/example_branch_operator_decorator.py for tasks to queue
[2026-08-27T14:55:50.892+0000] {logging_mixin.py:188} INFO - [2026-08-27T14:55:50.891+0000] {dagbag.py:545} INFO - Filling up the DagBag from /home/airflow/.local/lib/python3.12/site-packages/airflow/example_dags/example_branch_operator_decorator.py
[2026-08-27T14:55:50.927+0000] {processor.py:840} INFO - DAG(s) 'example_branch_python_operator_decorator' retrieved from /home/airflow/.local/lib/python3.12/site-packages/airflow/example_dags/example_branch_operator_decorator.py
[2026-08-27T14:55:50.981+0000] {logging_mixin.py:188} INFO - [2026-08-27T14:55:50.981+0000] {dag.py:3096} INFO - Sync 1 DAGs
[2026-08-27T14:55:51.017+0000] {logging_mixin.py:188} INFO - [2026-08-27T14:55:51.016+0000] {dag.py:3954} INFO - Setting next_dagrun for example_branch_python_operator_decorator to 2026-08-26 00:00:00+00:00, run_after=2026-08-27 00:00:00+00:00
[2026-08-27T14:55:51.044+0000] {processor.py:183} INFO - Processing /home/airflow/.local/lib/python3.12/site-packages/airflow/example_dags/example_branch_operator_decorator.py took 0.165 seconds
[2026-08-27T14:56:21.513+0000] {processor.py:161} INFO - Started process (PID=264) to work on /home/airflow/.local/lib/python3.12/site-packages/airflow/example_dags/example_branch_operator_decorator.py
[2026-08-27T14:56:21.514+0000] {processor.py:830} INFO - Processing file /home/airflow/.local/lib/python3.12/site-packages/airflow/example_dags/example_branch_operator_decorator.py for tasks to queue
[2026-08-27T14:56:21.516+0000] {logging_mixin.py:188} INFO - [2026-08-27T14:56:21.516+0000] {dagbag.py:545} INFO - Filling up the DagBag from /home/airflow/.local/lib/python3.12/site-packages/airflow/example_dags/example_branch_operator_decorator.py
[2026-08-27T14:56:21.545+0000] {processor.py:840} INFO - DAG(s) 'example_branch_python_operator_decorator' retrieved from /home/airflow/.local/lib/python3.12/site-packages/airflow/example_dags/example_branch_operator_decorator.py
[2026-08-27T14:56:21.588+0000] {logging_mixin.py:188} INFO - [2026-08-27T14:56:21.588+0000] {dag.py:3096} INFO - Sync 1 DAGs
[2026-08-27T14:56:21.633+0000] {logging_mixin.py:188} INFO - [2026-08-27T14:56:21.633+0000] {dag.py:3954} INFO - Setting next_dagrun for example_branch_python_operator_decorator to 2026-08-26 00:00:00+00:00, run_after=2026-08-27 00:00:00+00:00
[2026-08-27T14:56:21.655+0000] {processor.py:183} INFO - Processing /home/airflow/.local/lib/python3.12/site-packages/airflow/example_dags/example_branch_operator_decorator.py took 0.152 seconds
[2026-08-27T14:56:52.074+0000] {processor.py:161} INFO - Started process (PID=324) to work on /home/airflow/.local/lib/python3.12/site-packages/airflow/example_dags/example_branch_operator_decorator.py
[2026-08-27T14:56:52.076+0000] {processor.py:830} INFO - Processing file /home/airflow/.local/lib/python3.12/site-packages/airflow/example_dags/example_branch_operator_decorator.py for tasks to queue
[2026-08-27T14:56:52.079+0000] {logging_mixin.py:188} INFO - [2026-08-27T14:56:52.079+0000] {dagbag.py:545} INFO - Filling up the DagBag from /home/airflow/.local/lib/python3.12/site-packages/airflow/example_dags/example_branch_operator_decorator.py
[2026-08-27T14:56:52.121+0000] {processor.py:840} INFO - DAG(s) 'example_branch_python_operator_decorator' retrieved from /home/airflow/.local/lib/python3.12/site-packages/airflow/example_dags/example_branch_operator_decorator.py
[2026-08-27T14:56:52.174+0000] {logging_mixin.py:188} INFO - [2026-08-27T14:56:52.174+0000] {dag.py:3096} INFO - Sync 1 DAGs
[2026-08-27T14:56:52.220+0000] {logging_mixin.py:188} INFO - [2026-08-27T14:56:52.219+0000] {dag.py:3954} INFO - Setting next_dagrun for example_branch_python_operator_decorator to 2026-08-26 00:00:00+00:00, run_after=2026-08-27 00:00:00+00:00
[2026-08-27T14:56:52.251+0000] {processor.py:183} INFO - Processing /home/airflow/.local/lib/python3.12/site-packages/airflow/example_dags/example_branch_operator_decorator.py took 0.187 seconds
[2026-08-27T14:57:22.651+0000] {processor.py:161} INFO - Started process (PID=384) to work on /home/airflow/.local/lib/python3.12/site-packages/airflow/example_dags/example_branch_operator_decorator.py
[2026-08-27T14:57:22.653+0000] {processor.py:830} INFO - Processing file /home/airflow/.local/lib/python3.12/site-packages/airflow/example_dags/example_branch_operator_decorator.py for tasks to queue
[2026-08-27T14:57:22.657+0000] {logging_mixin.py:188} INFO - [2026-08-27T14:57:22.655+0000] {dagbag.py:545} INFO - Filling up the DagBag from /home/airflow/.local/lib/python3.12/site-packages/airflow/example_dags/example_branch_operator_decorator.py
[2026-08-27T14:57:22.687+0000] {processor.py:840} INFO - DAG(s) 'example_branch_python_operator_decorator' retrieved from /home/airflow/.local/lib/python3.12/site-packages/airflow/example_dags/example_branch_operator_decorator.py
[2026-08-27T14:57:22.758+0000] {logging_mixin.py:188} INFO - [2026-08-27T14:57:22.758+0000] {dag.py:3096} INFO - Sync 1 DAGs
[2026-08-27T14:57:22.790+0000] {logging_mixin.py:188} INFO - [2026-08-27T14:57:22.789+0000] {dag.py:3954} INFO - Setting next_dagrun for example_branch_python_operator_decorator to 2026-08-26 00:00:00+00:00, run_after=2026-08-27 00:00:00+00:00
[2026-08-27T14:57:22.843+0000] {processor.py:183} INFO - Processing /home/airflow/.local/lib/python3.12/site-packages/airflow/example_dags/example_branch_operator_decorator.py took 0.203 seconds
[2026-08-27T14:57:53.276+0000] {processor.py:161} INFO - Started process (PID=444) to work on /home/airflow/.local/lib/python3.12/site-packages/airflow/example_dags/example_branch_operator_decorator.py
[2026-08-27T14:57:53.278+0000] {processor.py:830} INFO - Processing file /home/airflow/.local/lib/python3.12/site-packages/airflow/example_dags/example_branch_operator_decorator.py for tasks to queue
[2026-08-27T14:57:53.283+0000] {logging_mixin.py:188} INFO - [2026-08-27T14:57:53.283+0000] {dagbag.py:545} INFO - Filling up the DagBag from /home/airflow/.local/lib/python3.12/site-packages/airflow/example_dags/example_branch_operator_decorator.py
[2026-08-27T14:57:53.320+0000] {processor.py:840} INFO - DAG(s) 'example_branch_python_operator_decorator' retrieved from /home/airflow/.local/lib/python3.12/site-packages/airflow/example_dags/example_branch_operator_decorator.py
[2026-08-27T14:57:53.360+0000] {logging_mixin.py:188} INFO - [2026-08-27T14:57:53.360+0000] {dag.py:3096} INFO - Sync 1 DAGs
[2026-08-27T14:57:53.400+0000] {logging_mixin.py:188} INFO - [2026-08-27T14:57:53.400+0000] {dag.py:3954} INFO - Setting next_dagrun for example_branch_python_operator_decorator to 2026-08-26 00:00:00+00:00, run_after=2026-08-27 00:00:00+00:00
[2026-08-27T14:57:53.423+0000] {processor.py:183} INFO - Processing /home/airflow/.local/lib/python3.12/site-packages/airflow/example_dags/example_branch_operator_decorator.py took 0.156 seconds
[2026-08-27T14:58:23.935+0000] {processor.py:161} INFO - Started process (PID=504) to work on /home/airflow/.local/lib/python3.12/site-packages/airflow/example_dags/example_branch_operator_decorator.py
[2026-08-27T14:58:23.943+0000] {processor.py:830} INFO - Processing file /home/airflow/.local/lib/python3.12/site-packages/airflow/example_dags/example_branch_operator_decorator.py for tasks to queue
[2026-08-27T14:58:23.946+0000] {logging_mixin.py:188} INFO - [2026-08-27T14:58:23.946+0000] {dagbag.py:545} INFO - Filling up the DagBag from /home/airflow/.local/lib/python3.12/site-packages/airflow/example_dags/example_branch_operator_decorator.py
[2026-08-27T14:58:23.979+0000] {processor.py:840} INFO - DAG(s) 'example_branch_python_operator_decorator' retrieved from /home/airflow/.local/lib/python3.12/site-packages/airflow/example_dags/example_branch_operator_decorator.py
[2026-08-27T14:58:24.029+0000] {logging_mixin.py:188} INFO - [2026-08-27T14:58:24.029+0000] {dag.py:3096} INFO - Sync 1 DAGs
[2026-08-27T14:58:24.068+0000] {logging_mixin.py:188} INFO - [2026-08-27T14:58:24.068+0000] {dag.py:3954} INFO - Setting next_dagrun for example_branch_python_operator_decorator to 2026-08-26 00:00:00+00:00, run_after=2026-08-27 00:00:00+00:00
[2026-08-27T14:58:24.114+0000] {processor.py:183} INFO - Processing /home/airflow/.local/lib/python3.12/site-packages/airflow/example_dags/example_branch_operator_decorator.py took 0.187 seconds
