[2026-08-27T14:54:53.243+0000] {processor.py:161} INFO - Started process (PID=105) to work on /home/airflow/.local/lib/python3.12/site-packages/airflow/example_dags/example_kubernetes_executor.py
[2026-08-27T14:54:53.245+0000] {processor.py:830} INFO - Processing file /home/airflow/.local/lib/python3.12/site-packages/airflow/example_dags/example_kubernetes_executor.py for tasks to queue
[2026-08-27T14:54:53.247+0000] {logging_mixin.py:188} INFO - [2026-08-27T14:54:53.246+0000] {dagbag.py:545} INFO - Filling up the DagBag from /home/airflow/.local/lib/python3.12/site-packages/airflow/example_dags/example_kubernetes_executor.py
[2026-08-27T14:54:53.297+0000] {processor.py:840} INFO - DAG(s) 'example_kubernetes_executor' retrieved from /home/airflow/.local/lib/python3.12/site-packages/airflow/example_dags/example_kubernetes_executor.py
[2026-08-27T14:54:53.317+0000] {logging_mixin.py:188} INFO - [2026-08-27T14:54:53.316+0000] {dag.py:3096} INFO - Sync 1 DAGs
[2026-08-27T14:54:53.341+0000] {logging_mixin.py:188} INFO - [2026-08-27T14:54:53.341+0000] {dag.py:3954} INFO - Setting next_dagrun for example_kubernetes_executor to None, run_after=None
[2026-08-27T14:54:53.375+0000] {processor.py:183} INFO - Processing /home/airflow/.local/lib/python3.12/site-packages/airflow/example_dags/example_kubernetes_executor.py took 0.140 seconds
[2026-08-27T14:55:31.295+0000] {processor.py:161} INFO - Started process (PID=165) to work on /home/airflow/.local/lib/python3.12/site-packages/airflow/example_dags/example_kubernetes_executor.py
[2026-08-27T14:55:31.326+0000] {processor.py:830} INFO - Processing file /home/airflow/.local/lib/python3.12/site-packages/airflow/example_dags/example_kubernetes_executor.py for tasks to queue
[2026-08-27T14:55:31.329+0000] {logging_mixin.py:188} INFO - [2026-08-27T14:55:31.328+0000] {dagbag.py:545} INFO - Filling up the DagBag from /home/airflow/.local/lib/python3.12/site-packages/airflow/example_dags/example_kubernetes_executor.py
[2026-08-27T14:55:31.349+0000] {processor.py:840} INFO - DAG(s) 'example_kubernetes_executor' retrieved from /home/airflow/.local/lib/python3.12/site-packages/airflow/example_dags/example_kubernetes_executor.py
[2026-08-27T14:55:31.528+0000] {logging_mixin.py:188} INFO - [2026-08-27T14:55:31.528+0000] {dag.py:3096} INFO - Sync 1 DAGs
[2026-08-27T14:55:31.543+0000] {logging_mixin.py:188} INFO - [2026-08-27T14:55:31.542+0000] {dag.py:3954} INFO - Setting next_dagrun for example_kubernetes_executor to None, run_after=None
[2026-08-27T14:55:31.571+0000] {processor.py:183} INFO - Processing /home/airflow/.local/lib/python3.12/site-packages/airflow/example_dags/example_kubernetes_executor.py took 0.284 seconds
[2026-08-27T14:56:01.877+0000] {processor.py:161} INFO - Started process (PID=225) to work on /home/airflow/.local/lib/python3.12/site-packages/airflow/example_dags/example_kubernetes_executor.py
[2026-08-27T14:56:01.879+0000] {processor.py:830} INFO - Processing file /home/airflow/.local/lib/python3.12/site-packages/airflow/example_dags/example_kubernetes_executor.py for tasks to queue
[2026-08-27T14:56:01.882+0000] {logging_mixin.py:188} INFO - [2026-08-27T14:56:01.882+0000] {dagbag.py:545} INFO - Filling up the DagBag from /home/airflow/.local/lib/python3.12/site-packages/airflow/example_dags/example_kubernetes_executor.py
[2026-08-27T14:56:01.901+0000] {processor.py:840} INFO - DAG(s) 'example_kubernetes_executor' retrieved from /home/airflow/.local/lib/python3.12/site-packages/airflow/example_dags/example_kubernetes_executor.py
[2026-08-27T14:56:01.948+0000] {logging_mixin.py:188} INFO - [2026-08-27T14:56:01.948+0000] {dag.py:3096} INFO - Sync 1 DAGs
[2026-08-27T14:56:01.965+0000] {logging_mixin.py:188} INFO - [2026-08-27T14:56:01.964+0000] {dag.py:3954} INFO - Setting next_dagrun for example_kubernetes_executor to None, run_after=None
[2026-08-27T14:56:01.991+0000] {processor.py:183} INFO - Processing /home/airflow/.local/lib/python3.12/site-packages/airflow/example_dags/example_kubernetes_executor.py took 0.120 seconds
[2026-08-27T14:56:32.038+0000] {processor.py:161} INFO - Started process (PID=285) to work on /home/airflow/.local/lib/python3.12/site-packages/airflow/example_dags/example_kubernetes_executor.py
[2026-08-27T14:56:32.039+0000] {processor.py:830} INFO - Processing file /home/airflow/.local/lib/python3.12/site-packages/airflow/example_dags/example_kubernetes_executor.py for tasks to queue
[2026-08-27T14:56:32.041+0000] {logging_mixin.py:188} INFO - [2026-08-27T14:56:32.041+0000] {dagbag.py:545} INFO - Filling up the DagBag from /home/airflow/.local/lib/python3.12/site-packages/airflow/example_dags/example_kubernetes_executor.py
[2026-08-27T14:56:32.056+0000] {processor.py:840} INFO - DAG(s) 'example_kubernetes_executor' retrieved from /home/airflow/.local/lib/python3.12/site-packages/airflow/example_dags/example_kubernetes_executor.py
[2026-08-27T14:56:32.102+0000] {logging_mixin.py:188} INFO - [2026-08-27T14:56:32.102+0000] {dag.py:3096} INFO - Sync 1 DAGs
[2026-08-27T14:56:32.119+0000] {logging_mixin.py:188} INFO - [2026-08-27T14:56:32.119+0000] {dag.py:3954} INFO - Setting next_dagrun for example_kubernetes_executor to None, run_after=None
[2026-08-27T14:56:32.144+0000] {processor.py:183} INFO - Processing /home/airflow/.local/lib/python3.12/site-packages/airflow/example_dags/example_kubernetes_executor.py took 0.113 seconds
[2026-08-27T14:57:02.758+0000] {processor.py:161} INFO - Started process (PID=345) to work on /home/airflow/.local/lib/python3.12/site-packages/airflow/example_dags/example_kubernetes_executor.py
[2026-08-27T14:57:02.759+0000] {processor.py:830} INFO - Processing file /home/airflow/.local/lib/python3.12/site-packages/airflow/example_dags/example_kubernetes_executor.py for tasks to queue
[2026-08-27T14:57:02.762+0000] {logging_mixin.py:188} INFO - [2026-08-27T14:57:02.762+0000] {dagbag.py:545} INFO - Filling up the DagBag from /home/airflow/.local/lib/python3.12/site-packages/airflow/example_dags/example_kubernetes_executor.py
[2026-08-27T14:57:02.786+0000] {processor.py:840} INFO - DAG(s) 'example_kubernetes_executor' retrieved from /home/airflow/.local/lib/python3.12/site-packages/airflow/example_dags/example_kubernetes_executor.py
[2026-08-27T14:57:02.844+0000] {logging_mixin.py:188} INFO - [2026-08-27T14:57:02.844+0000] {dag.py:3096} INFO - Sync 1 DAGs
[2026-08-27T14:57:02.866+0000] {logging_mixin.py:188} INFO - [2026-08-27T14:57:02.865+0000] {dag.py:3954} INFO - Setting next_dagrun for example_kubernetes_executor to None, run_after=None
[2026-08-27T14:57:02.915+0000] {processor.py:183} INFO - Processing /home/airflow/.local/lib/python3.12/site-packages/airflow/example_dags/example_kubernetes_executor.py took 0.166 seconds
[2026-08-27T14:57:33.857+0000] {processor.py:161} INFO - Started process (PID=404) to work on /home/airflow/.local/lib/python3.12/site-packages/airflow/example_dags/example_kubernetes_executor.py
[2026-08-27T14:57:33.859+0000] {processor.py:830} INFO - Processing file /home/airflow/.local/lib/python3.12/site-packages/airflow/example_dags/example_kubernetes_executor.py for tasks to queue
[2026-08-27T14:57:33.861+0000] {logging_mixin.py:188} INFO - [2026-08-27T14:57:33.861+0000] {dagbag.py:545} INFO - Filling up the DagBag from /home/airflow/.local/lib/python3.12/site-packages/airflow/example_dags/example_kubernetes_executor.py
[2026-08-27T14:57:33.879+0000] {processor.py:840} INFO - DAG(s) 'example_kubernetes_executor' retrieved from /home/airflow/.local/lib/python3.12/site-packages/airflow/example_dags/example_kubernetes_executor.py
[2026-08-27T14:57:33.929+0000] {logging_mixin.py:188} INFO - [2026-08-27T14:57:33.929+0000] {dag.py:3096} INFO - Sync 1 DAGs
[2026-08-27T14:57:33.946+0000] {logging_mixin.py:188} INFO - [2026-08-27T14:57:33.946+0000] {dag.py:3954} INFO - Setting next_dagrun for example_kubernetes_executor to None, run_after=None
[2026-08-27T14:57:33.975+0000] {processor.py:183} INFO - Processing /home/airflow/.local/lib/python3.12/site-packages/airflow/example_dags/example_kubernetes_executor.py took 0.125 seconds
[2026-08-27T14:58:04.102+0000] {processor.py:161} INFO - Started process (PID=463) to work on /home/airflow/.local/lib/python3.12/site-packages/airflow/example_dags/example_kubernetes_executor.py
[2026-08-27T14:58:04.103+0000] {processor.py:830} INFO - Processing file /home/airflow/.local/lib/python3.12/site-packages/airflow/example_dags/example_kubernetes_executor.py for tasks to queue
[2026-08-27T14:58:04.106+0000] {logging_mixin.py:188} INFO - [2026-08-27T14:58:04.106+0000] {dagbag.py:545} INFO - Filling up the DagBag from /home/airflow/.local/lib/python3.12/site-packages/airflow/example_dags/example_kubernetes_executor.py
[2026-08-27T14:58:04.129+0000] {processor.py:840} INFO - DAG(s) 'example_kubernetes_executor' retrieved from /home/airflow/.local/lib/python3.12/site-packages/airflow/example_dags/example_kubernetes_executor.py
[2026-08-27T14:58:04.190+0000] {logging_mixin.py:188} INFO - [2026-08-27T14:58:04.190+0000] {dag.py:3096} INFO - Sync 1 DAGs
[2026-08-27T14:58:04.213+0000] {logging_mixin.py:188} INFO - [2026-08-27T14:58:04.213+0000] {dag.py:3954} INFO - Setting next_dagrun for example_kubernetes_executor to None, run_after=None
[2026-08-27T14:58:04.246+0000] {processor.py:183} INFO - Processing /home/airflow/.local/lib/python3.12/site-packages/airflow/example_dags/example_kubernetes_executor.py took 0.155 seconds
[2026-08-27T14:58:34.600+0000] {processor.py:161} INFO - Started process (PID=523) to work on /home/airflow/.local/lib/python3.12/site-packages/airflow/example_dags/example_kubernetes_executor.py
[2026-08-27T14:58:34.601+0000] {processor.py:830} INFO - Processing file /home/airflow/.local/lib/python3.12/site-packages/airflow/example_dags/example_kubernetes_executor.py for tasks to queue
[2026-08-27T14:58:34.603+0000] {logging_mixin.py:188} INFO - [2026-08-27T14:58:34.603+0000] {dagbag.py:545} INFO - Filling up the DagBag from /home/airflow/.local/lib/python3.12/site-packages/airflow/example_dags/example_kubernetes_executor.py
[2026-08-27T14:58:34.618+0000] {processor.py:840} INFO - DAG(s) 'example_kubernetes_executor' retrieved from /home/airflow/.local/lib/python3.12/site-packages/airflow/example_dags/example_kubernetes_executor.py
[2026-08-27T14:58:34.660+0000] {logging_mixin.py:188} INFO - [2026-08-27T14:58:34.660+0000] {dag.py:3096} INFO - Sync 1 DAGs
[2026-08-27T14:58:34.678+0000] {logging_mixin.py:188} INFO - [2026-08-27T14:58:34.678+0000] {dag.py:3954} INFO - Setting next_dagrun for example_kubernetes_executor to None, run_after=None
[2026-08-27T14:58:34.703+0000] {processor.py:183} INFO - Processing /home/airflow/.local/lib/python3.12/site-packages/airflow/example_dags/example_kubernetes_executor.py took 0.110 seconds
