[2026-08-27T14:54:50.437+0000] {processor.py:161} INFO - Started process (PID=91) to work on /home/airflow/.local/lib/python3.12/site-packages/airflow/example_dags/example_nested_branch_dag.py
[2026-08-27T14:54:50.439+0000] {processor.py:830} INFO - Processing file /home/airflow/.local/lib/python3.12/site-packages/airflow/example_dags/example_nested_branch_dag.py for tasks to queue
[2026-08-27T14:54:50.442+0000] {logging_mixin.py:188} INFO - [2026-08-27T14:54:50.441+0000] {dagbag.py:545} INFO - Filling up the DagBag from /home/airflow/.local/lib/python3.12/site-packages/airflow/example_dags/example_nested_branch_dag.py
[2026-08-27T14:54:50.464+0000] {processor.py:840} INFO - DAG(s) 'example_nested_branch_dag' retrieved from /home/airflow/.local/lib/python3.12/site-packages/airflow/example_dags/example_nested_branch_dag.py
[2026-08-27T14:54:50.489+0000] {logging_mixin.py:188} INFO - [2026-08-27T14:54:50.489+0000] {dag.py:3096} INFO - Sync 1 DAGs
[2026-08-27T14:54:50.536+0000] {logging_mixin.py:188} INFO - [2026-08-27T14:54:50.536+0000] {dag.py:3954} INFO - Setting next_dagrun for example_nested_branch_dag to 2026-08-26 00:00:00+00:00, run_after=2026-08-27 00:00:00+00:00
[2026-08-27T14:54:50.570+0000] {processor.py:183} INFO - Processing /home/airflow/.local/lib/python3.12/site-packages/airflow/example_dags/example_nested_branch_dag.py took 0.145 seconds
[2026-08-27T14:55:21.806+0000] {processor.py:161} INFO - Started process (PID=149) to work on /home/airflow/.local/lib/python3.12/site-packages/airflow/example_dags/example_nested_branch_dag.py
[2026-08-27T14:55:21.809+0000] {processor.py:830} INFO - Processing file /home/airflow/.local/lib/python3.12/site-packages/airflow/example_dags/example_nested_branch_dag.py for tasks to queue
[2026-08-27T14:55:21.822+0000] {logging_mixin.py:188} INFO - [2026-08-27T14:55:21.822+0000] {dagbag.py:545} INFO - Filling up the DagBag from /home/airflow/.local/lib/python3.12/site-packages/airflow/example_dags/example_nested_branch_dag.py
[2026-08-27T14:55:21.882+0000] {processor.py:840} INFO - DAG(s) 'example_nested_branch_dag' retrieved from /home/airflow/.local/lib/python3.12/site-packages/airflow/example_dags/example_nested_branch_dag.py
[2026-08-27T14:55:22.393+0000] {logging_mixin.py:188} INFO - [2026-08-27T14:55:22.393+0000] {dag.py:3096} INFO - Sync 1 DAGs
[2026-08-27T14:55:22.459+0000] {logging_mixin.py:188} INFO - [2026-08-27T14:55:22.459+0000] {dag.py:3954} INFO - Setting next_dagrun for example_nested_branch_dag to 2026-08-26 00:00:00+00:00, run_after=2026-08-27 00:00:00+00:00
[2026-08-27T14:55:22.587+0000] {processor.py:183} INFO - Processing /home/airflow/.local/lib/python3.12/site-packages/airflow/example_dags/example_nested_branch_dag.py took 0.805 seconds
[2026-08-27T14:55:53.271+0000] {processor.py:161} INFO - Started process (PID=209) to work on /home/airflow/.local/lib/python3.12/site-packages/airflow/example_dags/example_nested_branch_dag.py
[2026-08-27T14:55:53.273+0000] {processor.py:830} INFO - Processing file /home/airflow/.local/lib/python3.12/site-packages/airflow/example_dags/example_nested_branch_dag.py for tasks to queue
[2026-08-27T14:55:53.276+0000] {logging_mixin.py:188} INFO - [2026-08-27T14:55:53.275+0000] {dagbag.py:545} INFO - Filling up the DagBag from /home/airflow/.local/lib/python3.12/site-packages/airflow/example_dags/example_nested_branch_dag.py
[2026-08-27T14:55:53.292+0000] {processor.py:840} INFO - DAG(s) 'example_nested_branch_dag' retrieved from /home/airflow/.local/lib/python3.12/site-packages/airflow/example_dags/example_nested_branch_dag.py
[2026-08-27T14:55:53.323+0000] {logging_mixin.py:188} INFO - [2026-08-27T14:55:53.323+0000] {dag.py:3096} INFO - Sync 1 DAGs
[2026-08-27T14:55:53.355+0000] {logging_mixin.py:188} INFO - [2026-08-27T14:55:53.355+0000] {dag.py:3954} INFO - Setting next_dagrun for example_nested_branch_dag to 2026-08-26 00:00:00+00:00, run_after=2026-08-27 00:00:00+00:00
[2026-08-27T14:55:53.380+0000] {processor.py:183} INFO - Processing /home/airflow/.local/lib/python3.12/site-packages/airflow/example_dags/example_nested_branch_dag.py took 0.118 seconds
[2026-08-27T14:56:23.930+0000] {processor.py:161} INFO - Started process (PID=269) to work on /home/airflow/.local/lib/python3.12/site-packages/airflow/example_dags/example_nested_branch_dag.py
[2026-08-27T14:56:23.932+0000] {processor.py:830} INFO - Processing file /home/airflow/.local/lib/python3.12/site-packages/airflow/example_dags/example_nested_branch_dag.py for tasks to queue
[2026-08-27T14:56:23.934+0000] {logging_mixin.py:188} INFO - [2026-08-27T14:56:23.933+0000] {dagbag.py:545} INFO - Filling up the DagBag from /home/airflow/.local/lib/python3.12/site-packages/airflow/example_dags/example_nested_branch_dag.py
[2026-08-27T14:56:23.946+0000] {processor.py:840} INFO - DAG(s) 'example_nested_branch_dag' retrieved from /home/airflow/.local/lib/python3.12/site-packages/airflow/example_dags/example_nested_branch_dag.py
[2026-08-27T14:56:23.973+0000] {logging_mixin.py:188} INFO - [2026-08-27T14:56:23.972+0000] {dag.py:3096} INFO - Sync 1 DAGs
[2026-08-27T14:56:24.002+0000] {logging_mixin.py:188} INFO - [2026-08-27T14:56:24.002+0000] {dag.py:3954} INFO - Setting next_dagrun for example_nested_branch_dag to 2026-08-26 00:00:00+00:00, run_after=2026-08-27 00:00:00+00:00
[2026-08-27T14:56:24.027+0000] {processor.py:183} INFO - Processing /home/airflow/.local/lib/python3.12/site-packages/airflow/example_dags/example_nested_branch_dag.py took 0.105 seconds
[2026-08-27T14:56:54.470+0000] {processor.py:161} INFO - Started process (PID=329) to work on /home/airflow/.local/lib/python3.12/site-packages/airflow/example_dags/example_nested_branch_dag.py
[2026-08-27T14:56:54.472+0000] {processor.py:830} INFO - Processing file /home/airflow/.local/lib/python3.12/site-packages/airflow/example_dags/example_nested_branch_dag.py for tasks to queue
[2026-08-27T14:56:54.475+0000] {logging_mixin.py:188} INFO - [2026-08-27T14:56:54.475+0000] {dagbag.py:545} INFO - Filling up the DagBag from /home/airflow/.local/lib/python3.12/site-packages/airflow/example_dags/example_nested_branch_dag.py
[2026-08-27T14:56:54.491+0000] {processor.py:840} INFO - DAG(s) 'example_nested_branch_dag' retrieved from /home/airflow/.local/lib/python3.12/site-packages/airflow/example_dags/example_nested_branch_dag.py
[2026-08-27T14:56:54.525+0000] {logging_mixin.py:188} INFO - [2026-08-27T14:56:54.524+0000] {dag.py:3096} INFO - Sync 1 DAGs
[2026-08-27T14:56:54.565+0000] {logging_mixin.py:188} INFO - [2026-08-27T14:56:54.565+0000] {dag.py:3954} INFO - Setting next_dagrun for example_nested_branch_dag to 2026-08-26 00:00:00+00:00, run_after=2026-08-27 00:00:00+00:00
[2026-08-27T14:56:54.601+0000] {processor.py:183} INFO - Processing /home/airflow/.local/lib/python3.12/site-packages/airflow/example_dags/example_nested_branch_dag.py took 0.139 seconds
[2026-08-27T14:57:25.132+0000] {processor.py:161} INFO - Started process (PID=389) to work on /home/airflow/.local/lib/python3.12/site-packages/airflow/example_dags/example_nested_branch_dag.py
[2026-08-27T14:57:25.133+0000] {processor.py:830} INFO - Processing file /home/airflow/.local/lib/python3.12/site-packages/airflow/example_dags/example_nested_branch_dag.py for tasks to queue
[2026-08-27T14:57:25.137+0000] {logging_mixin.py:188} INFO - [2026-08-27T14:57:25.137+0000] {dagbag.py:545} INFO - Filling up the DagBag from /home/airflow/.local/lib/python3.12/site-packages/airflow/example_dags/example_nested_branch_dag.py
[2026-08-27T14:57:25.154+0000] {processor.py:840} INFO - DAG(s) 'example_nested_branch_dag' retrieved from /home/airflow/.local/lib/python3.12/site-packages/airflow/example_dags/example_nested_branch_dag.py
[2026-08-27T14:57:25.195+0000] {logging_mixin.py:188} INFO - [2026-08-27T14:57:25.194+0000] {dag.py:3096} INFO - Sync 1 DAGs
[2026-08-27T14:57:25.238+0000] {logging_mixin.py:188} INFO - [2026-08-27T14:57:25.238+0000] {dag.py:3954} INFO - Setting next_dagrun for example_nested_branch_dag to 2026-08-26 00:00:00+00:00, run_after=2026-08-27 00:00:00+00:00
[2026-08-27T14:57:25.286+0000] {processor.py:183} INFO - Processing /home/airflow/.local/lib/python3.12/site-packages/airflow/example_dags/example_nested_branch_dag.py took 0.165 seconds
[2026-08-27T14:57:55.624+0000] {processor.py:161} INFO - Started process (PID=449) to work on /home/airflow/.local/lib/python3.12/site-packages/airflow/example_dags/example_nested_branch_dag.py
[2026-08-27T14:57:55.628+0000] {processor.py:830} INFO - Processing file /home/airflow/.local/lib/python3.12/site-packages/airflow/example_dags/example_nested_branch_dag.py for tasks to queue
[2026-08-27T14:57:55.631+0000] {logging_mixin.py:188} INFO - [2026-08-27T14:57:55.630+0000] {dagbag.py:545} INFO - Filling up the DagBag from /home/airflow/.local/lib/python3.12/site-packages/airflow/example_dags/example_nested_branch_dag.py
[2026-08-27T14:57:55.646+0000] {processor.py:840} INFO - DAG(s) 'example_nested_branch_dag' retrieved from /home/airflow/.local/lib/python3.12/site-packages/airflow/example_dags/example_nested_branch_dag.py
[2026-08-27T14:57:55.675+0000] {logging_mixin.py:188} INFO - [2026-08-27T14:57:55.675+0000] {dag.py:3096} INFO - Sync 1 DAGs
[2026-08-27T14:57:55.702+0000] {logging_mixin.py:188} INFO - [2026-08-27T14:57:55.702+0000] {dag.py:3954} INFO - Setting next_dagrun for example_nested_branch_dag to 2026-08-26 00:00:00+00:00, run_after=2026-08-27 00:00:00+00:00
[2026-08-27T14:57:55.727+0000] {processor.py:183} INFO - Processing /home/airflow/.local/lib/python3.12/site-packages/airflow/example_dags/example_nested_branch_dag.py took 0.118 seconds
[2026-08-27T14:58:26.320+0000] {processor.py:161} INFO - Started process (PID=509) to work on /home/airflow/.local/lib/python3.12/site-packages/airflow/example_dags/example_nested_branch_dag.py
[2026-08-27T14:58:26.325+0000] {processor.py:830} INFO - Processing file /home/airflow/.local/lib/python3.12/site-packages/airflow/example_dags/example_nested_branch_dag.py for tasks to queue
[2026-08-27T14:58:26.327+0000] {logging_mixin.py:188} INFO - [2026-08-27T14:58:26.327+0000] {dagbag.py:545} INFO - Filling up the DagBag from /home/airflow/.local/lib/python3.12/site-packages/airflow/example_dags/example_nested_branch_dag.py
[2026-08-27T14:58:26.341+0000] {processor.py:840} INFO - DAG(s) 'example_nested_branch_dag' retrieved from /home/airflow/.local/lib/python3.12/site-packages/airflow/example_dags/example_nested_branch_dag.py
[2026-08-27T14:58:26.372+0000] {logging_mixin.py:188} INFO - [2026-08-27T14:58:26.371+0000] {dag.py:3096} INFO - Sync 1 DAGs
[2026-08-27T14:58:26.402+0000] {logging_mixin.py:188} INFO - [2026-08-27T14:58:26.402+0000] {dag.py:3954} INFO - Setting next_dagrun for example_nested_branch_dag to 2026-08-26 00:00:00+00:00, run_after=2026-08-27 00:00:00+00:00
[2026-08-27T14:58:26.433+0000] {processor.py:183} INFO - Processing /home/airflow/.local/lib/python3.12/site-packages/airflow/example_dags/example_nested_branch_dag.py took 0.122 seconds
