[2026-08-27T14:54:49.878+0000] {processor.py:161} INFO - Started process (PID=88) to work on /home/airflow/.local/lib/python3.12/site-packages/airflow/example_dags/example_branch_day_of_week_operator.py
[2026-08-27T14:54:49.881+0000] {processor.py:830} INFO - Processing file /home/airflow/.local/lib/python3.12/site-packages/airflow/example_dags/example_branch_day_of_week_operator.py for tasks to queue
[2026-08-27T14:54:49.884+0000] {logging_mixin.py:188} INFO - [2026-08-27T14:54:49.884+0000] {dagbag.py:545} INFO - Filling up the DagBag from /home/airflow/.local/lib/python3.12/site-packages/airflow/example_dags/example_branch_day_of_week_operator.py
[2026-08-27T14:54:49.907+0000] {processor.py:840} INFO - DAG(s) 'example_weekday_branch_operator' retrieved from /home/airflow/.local/lib/python3.12/site-packages/airflow/example_dags/example_branch_day_of_week_operator.py
[2026-08-27T14:54:49.932+0000] {logging_mixin.py:188} INFO - [2026-08-27T14:54:49.932+0000] {dag.py:3096} INFO - Sync 1 DAGs
[2026-08-27T14:54:50.036+0000] {logging_mixin.py:188} INFO - [2026-08-27T14:54:50.035+0000] {dag.py:3954} INFO - Setting next_dagrun for example_weekday_branch_operator to 2026-08-26 00:00:00+00:00, run_after=2026-08-27 00:00:00+00:00
[2026-08-27T14:54:50.085+0000] {processor.py:183} INFO - Processing /home/airflow/.local/lib/python3.12/site-packages/airflow/example_dags/example_branch_day_of_week_operator.py took 0.222 seconds
[2026-08-27T14:55:21.021+0000] {processor.py:161} INFO - Started process (PID=147) to work on /home/airflow/.local/lib/python3.12/site-packages/airflow/example_dags/example_branch_day_of_week_operator.py
[2026-08-27T14:55:21.035+0000] {processor.py:830} INFO - Processing file /home/airflow/.local/lib/python3.12/site-packages/airflow/example_dags/example_branch_day_of_week_operator.py for tasks to queue
[2026-08-27T14:55:21.047+0000] {logging_mixin.py:188} INFO - [2026-08-27T14:55:21.045+0000] {dagbag.py:545} INFO - Filling up the DagBag from /home/airflow/.local/lib/python3.12/site-packages/airflow/example_dags/example_branch_day_of_week_operator.py
[2026-08-27T14:55:21.081+0000] {processor.py:840} INFO - DAG(s) 'example_weekday_branch_operator' retrieved from /home/airflow/.local/lib/python3.12/site-packages/airflow/example_dags/example_branch_day_of_week_operator.py
[2026-08-27T14:55:21.565+0000] {logging_mixin.py:188} INFO - [2026-08-27T14:55:21.564+0000] {dag.py:3096} INFO - Sync 1 DAGs
[2026-08-27T14:55:21.613+0000] {logging_mixin.py:188} INFO - [2026-08-27T14:55:21.612+0000] {dag.py:3954} INFO - Setting next_dagrun for example_weekday_branch_operator to 2026-08-26 00:00:00+00:00, run_after=2026-08-27 00:00:00+00:00
[2026-08-27T14:55:21.694+0000] {processor.py:183} INFO - Processing /home/airflow/.local/lib/python3.12/site-packages/airflow/example_dags/example_branch_day_of_week_operator.py took 0.688 seconds
[2026-08-27T14:55:52.079+0000] {processor.py:161} INFO - Started process (PID=207) to work on /home/airflow/.local/lib/python3.12/site-packages/airflow/example_dags/example_branch_day_of_week_operator.py
[2026-08-27T14:55:52.081+0000] {processor.py:830} INFO - Processing file /home/airflow/.local/lib/python3.12/site-packages/airflow/example_dags/example_branch_day_of_week_operator.py for tasks to queue
[2026-08-27T14:55:52.084+0000] {logging_mixin.py:188} INFO - [2026-08-27T14:55:52.084+0000] {dagbag.py:545} INFO - Filling up the DagBag from /home/airflow/.local/lib/python3.12/site-packages/airflow/example_dags/example_branch_day_of_week_operator.py
[2026-08-27T14:55:52.095+0000] {processor.py:840} INFO - DAG(s) 'example_weekday_branch_operator' retrieved from /home/airflow/.local/lib/python3.12/site-packages/airflow/example_dags/example_branch_day_of_week_operator.py
[2026-08-27T14:55:52.131+0000] {logging_mixin.py:188} INFO - [2026-08-27T14:55:52.130+0000] {dag.py:3096} INFO - Sync 1 DAGs
[2026-08-27T14:55:52.170+0000] {logging_mixin.py:188} INFO - [2026-08-27T14:55:52.169+0000] {dag.py:3954} INFO - Setting next_dagrun for example_weekday_branch_operator to 2026-08-26 00:00:00+00:00, run_after=2026-08-27 00:00:00+00:00
[2026-08-27T14:55:52.205+0000] {processor.py:183} INFO - Processing /home/airflow/.local/lib/python3.12/site-packages/airflow/example_dags/example_branch_day_of_week_operator.py took 0.134 seconds
[2026-08-27T14:56:22.735+0000] {processor.py:161} INFO - Started process (PID=267) to work on /home/airflow/.local/lib/python3.12/site-packages/airflow/example_dags/example_branch_day_of_week_operator.py
[2026-08-27T14:56:22.737+0000] {processor.py:830} INFO - Processing file /home/airflow/.local/lib/python3.12/site-packages/airflow/example_dags/example_branch_day_of_week_operator.py for tasks to queue
[2026-08-27T14:56:22.742+0000] {logging_mixin.py:188} INFO - [2026-08-27T14:56:22.741+0000] {dagbag.py:545} INFO - Filling up the DagBag from /home/airflow/.local/lib/python3.12/site-packages/airflow/example_dags/example_branch_day_of_week_operator.py
[2026-08-27T14:56:22.759+0000] {processor.py:840} INFO - DAG(s) 'example_weekday_branch_operator' retrieved from /home/airflow/.local/lib/python3.12/site-packages/airflow/example_dags/example_branch_day_of_week_operator.py
[2026-08-27T14:56:22.802+0000] {logging_mixin.py:188} INFO - [2026-08-27T14:56:22.802+0000] {dag.py:3096} INFO - Sync 1 DAGs
[2026-08-27T14:56:22.841+0000] {logging_mixin.py:188} INFO - [2026-08-27T14:56:22.840+0000] {dag.py:3954} INFO - Setting next_dagrun for example_weekday_branch_operator to 2026-08-26 00:00:00+00:00, run_after=2026-08-27 00:00:00+00:00
[2026-08-27T14:56:22.868+0000] {processor.py:183} INFO - Processing /home/airflow/.local/lib/python3.12/site-packages/airflow/example_dags/example_branch_day_of_week_operator.py took 0.142 seconds
[2026-08-27T14:56:53.267+0000] {processor.py:161} INFO - Started process (PID=327) to work on /home/airflow/.local/lib/python3.12/site-packages/airflow/example_dags/example_branch_day_of_week_operator.py
[2026-08-27T14:56:53.271+0000] {processor.py:830} INFO - Processing file /home/airflow/.local/lib/python3.12/site-packages/airflow/example_dags/example_branch_day_of_week_operator.py for tasks to queue
[2026-08-27T14:56:53.276+0000] {logging_mixin.py:188} INFO - [2026-08-27T14:56:53.275+0000] {dagbag.py:545} INFO - Filling up the DagBag from /home/airflow/.local/lib/python3.12/site-packages/airflow/example_dags/example_branch_day_of_week_operator.py
[2026-08-27T14:56:53.292+0000] {processor.py:840} INFO - DAG(s) 'example_weekday_branch_operator' retrieved from /home/airflow/.local/lib/python3.12/site-packages/airflow/example_dags/example_branch_day_of_week_operator.py
[2026-08-27T14:56:53.331+0000] {logging_mixin.py:188} INFO - [2026-08-27T14:56:53.331+0000] {dag.py:3096} INFO - Sync 1 DAGs
[2026-08-27T14:56:53.372+0000] {logging_mixin.py:188} INFO - [2026-08-27T14:56:53.372+0000] {dag.py:3954} INFO - Setting next_dagrun for example_weekday_branch_operator to 2026-08-26 00:00:00+00:00, run_after=2026-08-27 00:00:00+00:00
[2026-08-27T14:56:53.411+0000] {processor.py:183} INFO - Processing /home/airflow/.local/lib/python3.12/site-packages/airflow/example_dags/example_branch_day_of_week_operator.py took 0.156 seconds
[2026-08-27T14:57:23.854+0000] {processor.py:161} INFO - Started process (PID=387) to work on /home/airflow/.local/lib/python3.12/site-packages/airflow/example_dags/example_branch_day_of_week_operator.py
[2026-08-27T14:57:23.856+0000] {processor.py:830} INFO - Processing file /home/airflow/.local/lib/python3.12/site-packages/airflow/example_dags/example_branch_day_of_week_operator.py for tasks to queue
[2026-08-27T14:57:23.860+0000] {logging_mixin.py:188} INFO - [2026-08-27T14:57:23.859+0000] {dagbag.py:545} INFO - Filling up the DagBag from /home/airflow/.local/lib/python3.12/site-packages/airflow/example_dags/example_branch_day_of_week_operator.py
[2026-08-27T14:57:23.876+0000] {processor.py:840} INFO - DAG(s) 'example_weekday_branch_operator' retrieved from /home/airflow/.local/lib/python3.12/site-packages/airflow/example_dags/example_branch_day_of_week_operator.py
[2026-08-27T14:57:23.913+0000] {logging_mixin.py:188} INFO - [2026-08-27T14:57:23.912+0000] {dag.py:3096} INFO - Sync 1 DAGs
[2026-08-27T14:57:23.955+0000] {logging_mixin.py:188} INFO - [2026-08-27T14:57:23.955+0000] {dag.py:3954} INFO - Setting next_dagrun for example_weekday_branch_operator to 2026-08-26 00:00:00+00:00, run_after=2026-08-27 00:00:00+00:00
[2026-08-27T14:57:24.042+0000] {processor.py:183} INFO - Processing /home/airflow/.local/lib/python3.12/site-packages/airflow/example_dags/example_branch_day_of_week_operator.py took 0.198 seconds
[2026-08-27T14:57:54.432+0000] {processor.py:161} INFO - Started process (PID=447) to work on /home/airflow/.local/lib/python3.12/site-packages/airflow/example_dags/example_branch_day_of_week_operator.py
[2026-08-27T14:57:54.434+0000] {processor.py:830} INFO - Processing file /home/airflow/.local/lib/python3.12/site-packages/airflow/example_dags/example_branch_day_of_week_operator.py for tasks to queue
[2026-08-27T14:57:54.436+0000] {logging_mixin.py:188} INFO - [2026-08-27T14:57:54.436+0000] {dagbag.py:545} INFO - Filling up the DagBag from /home/airflow/.local/lib/python3.12/site-packages/airflow/example_dags/example_branch_day_of_week_operator.py
[2026-08-27T14:57:54.446+0000] {processor.py:840} INFO - DAG(s) 'example_weekday_branch_operator' retrieved from /home/airflow/.local/lib/python3.12/site-packages/airflow/example_dags/example_branch_day_of_week_operator.py
[2026-08-27T14:57:54.473+0000] {logging_mixin.py:188} INFO - [2026-08-27T14:57:54.473+0000] {dag.py:3096} INFO - Sync 1 DAGs
[2026-08-27T14:57:54.502+0000] {logging_mixin.py:188} INFO - [2026-08-27T14:57:54.502+0000] {dag.py:3954} INFO - Setting next_dagrun for example_weekday_branch_operator to 2026-08-26 00:00:00+00:00, run_after=2026-08-27 00:00:00+00:00
[2026-08-27T14:57:54.534+0000] {processor.py:183} INFO - Processing /home/airflow/.local/lib/python3.12/site-packages/airflow/example_dags/example_branch_day_of_week_operator.py took 0.109 seconds
[2026-08-27T14:58:25.148+0000] {processor.py:161} INFO - Started process (PID=507) to work on /home/airflow/.local/lib/python3.12/site-packages/airflow/example_dags/example_branch_day_of_week_operator.py
[2026-08-27T14:58:25.168+0000] {processor.py:830} INFO - Processing file /home/airflow/.local/lib/python3.12/site-packages/airflow/example_dags/example_branch_day_of_week_operator.py for tasks to queue
[2026-08-27T14:58:25.171+0000] {logging_mixin.py:188} INFO - [2026-08-27T14:58:25.171+0000] {dagbag.py:545} INFO - Filling up the DagBag from /home/airflow/.local/lib/python3.12/site-packages/airflow/example_dags/example_branch_day_of_week_operator.py
[2026-08-27T14:58:25.180+0000] {processor.py:840} INFO - DAG(s) 'example_weekday_branch_operator' retrieved from /home/airflow/.local/lib/python3.12/site-packages/airflow/example_dags/example_branch_day_of_week_operator.py
[2026-08-27T14:58:25.207+0000] {logging_mixin.py:188} INFO - [2026-08-27T14:58:25.207+0000] {dag.py:3096} INFO - Sync 1 DAGs
[2026-08-27T14:58:25.235+0000] {logging_mixin.py:188} INFO - [2026-08-27T14:58:25.235+0000] {dag.py:3954} INFO - Setting next_dagrun for example_weekday_branch_operator to 2026-08-26 00:00:00+00:00, run_after=2026-08-27 00:00:00+00:00
[2026-08-27T14:58:25.261+0000] {processor.py:183} INFO - Processing /home/airflow/.local/lib/python3.12/site-packages/airflow/example_dags/example_branch_day_of_week_operator.py took 0.120 seconds
