[2026-08-27T14:54:56.209+0000] {processor.py:161} INFO - Started process (PID=124) to work on /home/airflow/.local/lib/python3.12/site-packages/airflow/example_dags/example_time_delta_sensor_async.py
[2026-08-27T14:54:56.211+0000] {processor.py:830} INFO - Processing file /home/airflow/.local/lib/python3.12/site-packages/airflow/example_dags/example_time_delta_sensor_async.py for tasks to queue
[2026-08-27T14:54:56.215+0000] {logging_mixin.py:188} INFO - [2026-08-27T14:54:56.215+0000] {dagbag.py:545} INFO - Filling up the DagBag from /home/airflow/.local/lib/python3.12/site-packages/airflow/example_dags/example_time_delta_sensor_async.py
[2026-08-27T14:54:56.229+0000] {processor.py:840} INFO - DAG(s) 'example_time_delta_sensor_async' retrieved from /home/airflow/.local/lib/python3.12/site-packages/airflow/example_dags/example_time_delta_sensor_async.py
[2026-08-27T14:54:56.256+0000] {logging_mixin.py:188} INFO - [2026-08-27T14:54:56.256+0000] {dag.py:3096} INFO - Sync 1 DAGs
[2026-08-27T14:54:56.295+0000] {logging_mixin.py:188} INFO - [2026-08-27T14:54:56.294+0000] {dag.py:3954} INFO - Setting next_dagrun for example_time_delta_sensor_async to None, run_after=None
[2026-08-27T14:54:56.336+0000] {processor.py:183} INFO - Processing /home/airflow/.local/lib/python3.12/site-packages/airflow/example_dags/example_time_delta_sensor_async.py took 0.139 seconds
[2026-08-27T14:55:43.519+0000] {processor.py:161} INFO - Started process (PID=190) to work on /home/airflow/.local/lib/python3.12/site-packages/airflow/example_dags/example_time_delta_sensor_async.py
[2026-08-27T14:55:43.530+0000] {processor.py:830} INFO - Processing file /home/airflow/.local/lib/python3.12/site-packages/airflow/example_dags/example_time_delta_sensor_async.py for tasks to queue
[2026-08-27T14:55:43.533+0000] {logging_mixin.py:188} INFO - [2026-08-27T14:55:43.532+0000] {dagbag.py:545} INFO - Filling up the DagBag from /home/airflow/.local/lib/python3.12/site-packages/airflow/example_dags/example_time_delta_sensor_async.py
[2026-08-27T14:55:43.542+0000] {processor.py:840} INFO - DAG(s) 'example_time_delta_sensor_async' retrieved from /home/airflow/.local/lib/python3.12/site-packages/airflow/example_dags/example_time_delta_sensor_async.py
[2026-08-27T14:55:43.781+0000] {logging_mixin.py:188} INFO - [2026-08-27T14:55:43.780+0000] {dag.py:3096} INFO - Sync 1 DAGs
[2026-08-27T14:55:43.809+0000] {logging_mixin.py:188} INFO - [2026-08-27T14:55:43.808+0000] {dag.py:3954} INFO - Setting next_dagrun for example_time_delta_sensor_async to None, run_after=None
[2026-08-27T14:55:43.855+0000] {processor.py:183} INFO - Processing /home/airflow/.local/lib/python3.12/site-packages/airflow/example_dags/example_time_delta_sensor_async.py took 0.349 seconds
[2026-08-27T14:56:14.046+0000] {processor.py:161} INFO - Started process (PID=250) to work on /home/airflow/.local/lib/python3.12/site-packages/airflow/example_dags/example_time_delta_sensor_async.py
[2026-08-27T14:56:14.047+0000] {processor.py:830} INFO - Processing file /home/airflow/.local/lib/python3.12/site-packages/airflow/example_dags/example_time_delta_sensor_async.py for tasks to queue
[2026-08-27T14:56:14.054+0000] {logging_mixin.py:188} INFO - [2026-08-27T14:56:14.054+0000] {dagbag.py:545} INFO - Filling up the DagBag from /home/airflow/.local/lib/python3.12/site-packages/airflow/example_dags/example_time_delta_sensor_async.py
[2026-08-27T14:56:14.060+0000] {processor.py:840} INFO - DAG(s) 'example_time_delta_sensor_async' retrieved from /home/airflow/.local/lib/python3.12/site-packages/airflow/example_dags/example_time_delta_sensor_async.py
[2026-08-27T14:56:14.087+0000] {logging_mixin.py:188} INFO - [2026-08-27T14:56:14.086+0000] {dag.py:3096} INFO - Sync 1 DAGs
[2026-08-27T14:56:14.105+0000] {logging_mixin.py:188} INFO - [2026-08-27T14:56:14.105+0000] {dag.py:3954} INFO - Setting next_dagrun for example_time_delta_sensor_async to None, run_after=None
[2026-08-27T14:56:14.130+0000] {processor.py:183} INFO - Processing /home/airflow/.local/lib/python3.12/site-packages/airflow/example_dags/example_time_delta_sensor_async.py took 0.090 seconds
[2026-08-27T14:56:44.487+0000] {processor.py:161} INFO - Started process (PID=310) to work on /home/airflow/.local/lib/python3.12/site-packages/airflow/example_dags/example_time_delta_sensor_async.py
[2026-08-27T14:56:44.489+0000] {processor.py:830} INFO - Processing file /home/airflow/.local/lib/python3.12/site-packages/airflow/example_dags/example_time_delta_sensor_async.py for tasks to queue
[2026-08-27T14:56:44.491+0000] {logging_mixin.py:188} INFO - [2026-08-27T14:56:44.491+0000] {dagbag.py:545} INFO - Filling up the DagBag from /home/airflow/.local/lib/python3.12/site-packages/airflow/example_dags/example_time_delta_sensor_async.py
[2026-08-27T14:56:44.496+0000] {processor.py:840} INFO - DAG(s) 'example_time_delta_sensor_async' retrieved from /home/airflow/.local/lib/python3.12/site-packages/airflow/example_dags/example_time_delta_sensor_async.py
[2026-08-27T14:56:44.522+0000] {logging_mixin.py:188} INFO - [2026-08-27T14:56:44.522+0000] {dag.py:3096} INFO - Sync 1 DAGs
[2026-08-27T14:56:44.544+0000] {logging_mixin.py:188} INFO - [2026-08-27T14:56:44.543+0000] {dag.py:3954} INFO - Setting next_dagrun for example_time_delta_sensor_async to None, run_after=None
[2026-08-27T14:56:44.569+0000] {processor.py:183} INFO - Processing /home/airflow/.local/lib/python3.12/site-packages/airflow/example_dags/example_time_delta_sensor_async.py took 0.090 seconds
[2026-08-27T14:57:15.108+0000] {processor.py:161} INFO - Started process (PID=370) to work on /home/airflow/.local/lib/python3.12/site-packages/airflow/example_dags/example_time_delta_sensor_async.py
[2026-08-27T14:57:15.110+0000] {processor.py:830} INFO - Processing file /home/airflow/.local/lib/python3.12/site-packages/airflow/example_dags/example_time_delta_sensor_async.py for tasks to queue
[2026-08-27T14:57:15.113+0000] {logging_mixin.py:188} INFO - [2026-08-27T14:57:15.112+0000] {dagbag.py:545} INFO - Filling up the DagBag from /home/airflow/.local/lib/python3.12/site-packages/airflow/example_dags/example_time_delta_sensor_async.py
[2026-08-27T14:57:15.119+0000] {processor.py:840} INFO - DAG(s) 'example_time_delta_sensor_async' retrieved from /home/airflow/.local/lib/python3.12/site-packages/airflow/example_dags/example_time_delta_sensor_async.py
[2026-08-27T14:57:15.144+0000] {logging_mixin.py:188} INFO - [2026-08-27T14:57:15.143+0000] {dag.py:3096} INFO - Sync 1 DAGs
[2026-08-27T14:57:15.161+0000] {logging_mixin.py:188} INFO - [2026-08-27T14:57:15.160+0000] {dag.py:3954} INFO - Setting next_dagrun for example_time_delta_sensor_async to None, run_after=None
[2026-08-27T14:57:15.184+0000] {processor.py:183} INFO - Processing /home/airflow/.local/lib/python3.12/site-packages/airflow/example_dags/example_time_delta_sensor_async.py took 0.082 seconds
[2026-08-27T14:57:45.774+0000] {processor.py:161} INFO - Started process (PID=430) to work on /home/airflow/.local/lib/python3.12/site-packages/airflow/example_dags/example_time_delta_sensor_async.py
[2026-08-27T14:57:45.775+0000] {processor.py:830} INFO - Processing file /home/airflow/.local/lib/python3.12/site-packages/airflow/example_dags/example_time_delta_sensor_async.py for tasks to queue
[2026-08-27T14:57:45.778+0000] {logging_mixin.py:188} INFO - [2026-08-27T14:57:45.777+0000] {dagbag.py:545} INFO - Filling up the DagBag from /home/airflow/.local/lib/python3.12/site-packages/airflow/example_dags/example_time_delta_sensor_async.py
[2026-08-27T14:57:45.786+0000] {processor.py:840} INFO - DAG(s) 'example_time_delta_sensor_async' retrieved from /home/airflow/.local/lib/python3.12/site-packages/airflow/example_dags/example_time_delta_sensor_async.py
[2026-08-27T14:57:45.818+0000] {logging_mixin.py:188} INFO - [2026-08-27T14:57:45.817+0000] {dag.py:3096} INFO - Sync 1 DAGs
[2026-08-27T14:57:45.838+0000] {logging_mixin.py:188} INFO - [2026-08-27T14:57:45.837+0000] {dag.py:3954} INFO - Setting next_dagrun for example_time_delta_sensor_async to None, run_after=None
[2026-08-27T14:57:45.872+0000] {processor.py:183} INFO - Processing /home/airflow/.local/lib/python3.12/site-packages/airflow/example_dags/example_time_delta_sensor_async.py took 0.107 seconds
[2026-08-27T14:58:16.176+0000] {processor.py:161} INFO - Started process (PID=490) to work on /home/airflow/.local/lib/python3.12/site-packages/airflow/example_dags/example_time_delta_sensor_async.py
[2026-08-27T14:58:16.178+0000] {processor.py:830} INFO - Processing file /home/airflow/.local/lib/python3.12/site-packages/airflow/example_dags/example_time_delta_sensor_async.py for tasks to queue
[2026-08-27T14:58:16.180+0000] {logging_mixin.py:188} INFO - [2026-08-27T14:58:16.180+0000] {dagbag.py:545} INFO - Filling up the DagBag from /home/airflow/.local/lib/python3.12/site-packages/airflow/example_dags/example_time_delta_sensor_async.py
[2026-08-27T14:58:16.186+0000] {processor.py:840} INFO - DAG(s) 'example_time_delta_sensor_async' retrieved from /home/airflow/.local/lib/python3.12/site-packages/airflow/example_dags/example_time_delta_sensor_async.py
[2026-08-27T14:58:16.211+0000] {logging_mixin.py:188} INFO - [2026-08-27T14:58:16.211+0000] {dag.py:3096} INFO - Sync 1 DAGs
[2026-08-27T14:58:16.228+0000] {logging_mixin.py:188} INFO - [2026-08-27T14:58:16.228+0000] {dag.py:3954} INFO - Setting next_dagrun for example_time_delta_sensor_async to None, run_after=None
[2026-08-27T14:58:16.256+0000] {processor.py:183} INFO - Processing /home/airflow/.local/lib/python3.12/site-packages/airflow/example_dags/example_time_delta_sensor_async.py took 0.087 seconds
[2026-08-27T14:58:46.372+0000] {processor.py:161} INFO - Started process (PID=550) to work on /home/airflow/.local/lib/python3.12/site-packages/airflow/example_dags/example_time_delta_sensor_async.py
[2026-08-27T14:58:46.374+0000] {processor.py:830} INFO - Processing file /home/airflow/.local/lib/python3.12/site-packages/airflow/example_dags/example_time_delta_sensor_async.py for tasks to queue
[2026-08-27T14:58:46.377+0000] {logging_mixin.py:188} INFO - [2026-08-27T14:58:46.377+0000] {dagbag.py:545} INFO - Filling up the DagBag from /home/airflow/.local/lib/python3.12/site-packages/airflow/example_dags/example_time_delta_sensor_async.py
[2026-08-27T14:58:46.384+0000] {processor.py:840} INFO - DAG(s) 'example_time_delta_sensor_async' retrieved from /home/airflow/.local/lib/python3.12/site-packages/airflow/example_dags/example_time_delta_sensor_async.py
[2026-08-27T14:58:46.424+0000] {logging_mixin.py:188} INFO - [2026-08-27T14:58:46.424+0000] {dag.py:3096} INFO - Sync 1 DAGs
[2026-08-27T14:58:46.483+0000] {logging_mixin.py:188} INFO - [2026-08-27T14:58:46.478+0000] {dag.py:3954} INFO - Setting next_dagrun for example_time_delta_sensor_async to None, run_after=None
[2026-08-27T14:58:46.548+0000] {processor.py:183} INFO - Processing /home/airflow/.local/lib/python3.12/site-packages/airflow/example_dags/example_time_delta_sensor_async.py took 0.186 seconds
