[2026-08-27T14:54:53.424+0000] {processor.py:161} INFO - Started process (PID=107) to work on /home/airflow/.local/lib/python3.12/site-packages/airflow/example_dags/example_latest_only_with_trigger.py
[2026-08-27T14:54:53.426+0000] {processor.py:830} INFO - Processing file /home/airflow/.local/lib/python3.12/site-packages/airflow/example_dags/example_latest_only_with_trigger.py for tasks to queue
[2026-08-27T14:54:53.429+0000] {logging_mixin.py:188} INFO - [2026-08-27T14:54:53.429+0000] {dagbag.py:545} INFO - Filling up the DagBag from /home/airflow/.local/lib/python3.12/site-packages/airflow/example_dags/example_latest_only_with_trigger.py
[2026-08-27T14:54:53.507+0000] {processor.py:840} INFO - DAG(s) 'latest_only_with_trigger' retrieved from /home/airflow/.local/lib/python3.12/site-packages/airflow/example_dags/example_latest_only_with_trigger.py
[2026-08-27T14:54:53.528+0000] {logging_mixin.py:188} INFO - [2026-08-27T14:54:53.528+0000] {dag.py:3096} INFO - Sync 1 DAGs
[2026-08-27T14:54:53.577+0000] {logging_mixin.py:188} INFO - [2026-08-27T14:54:53.577+0000] {dag.py:3954} INFO - Setting next_dagrun for latest_only_with_trigger to 2026-08-27 08:00:00+00:00, run_after=2026-08-27 12:00:00+00:00
[2026-08-27T14:54:53.627+0000] {processor.py:183} INFO - Processing /home/airflow/.local/lib/python3.12/site-packages/airflow/example_dags/example_latest_only_with_trigger.py took 0.215 seconds
[2026-08-27T14:55:32.306+0000] {processor.py:161} INFO - Started process (PID=167) to work on /home/airflow/.local/lib/python3.12/site-packages/airflow/example_dags/example_latest_only_with_trigger.py
[2026-08-27T14:55:32.390+0000] {processor.py:830} INFO - Processing file /home/airflow/.local/lib/python3.12/site-packages/airflow/example_dags/example_latest_only_with_trigger.py for tasks to queue
[2026-08-27T14:55:32.393+0000] {logging_mixin.py:188} INFO - [2026-08-27T14:55:32.393+0000] {dagbag.py:545} INFO - Filling up the DagBag from /home/airflow/.local/lib/python3.12/site-packages/airflow/example_dags/example_latest_only_with_trigger.py
[2026-08-27T14:55:32.400+0000] {processor.py:840} INFO - DAG(s) 'latest_only_with_trigger' retrieved from /home/airflow/.local/lib/python3.12/site-packages/airflow/example_dags/example_latest_only_with_trigger.py
[2026-08-27T14:55:32.581+0000] {logging_mixin.py:188} INFO - [2026-08-27T14:55:32.580+0000] {dag.py:3096} INFO - Sync 1 DAGs
[2026-08-27T14:55:32.613+0000] {logging_mixin.py:188} INFO - [2026-08-27T14:55:32.612+0000] {dag.py:3954} INFO - Setting next_dagrun for latest_only_with_trigger to 2026-08-27 08:00:00+00:00, run_after=2026-08-27 12:00:00+00:00
[2026-08-27T14:55:33.444+0000] {processor.py:183} INFO - Processing /home/airflow/.local/lib/python3.12/site-packages/airflow/example_dags/example_latest_only_with_trigger.py took 1.146 seconds
[2026-08-27T14:56:03.896+0000] {processor.py:161} INFO - Started process (PID=227) to work on /home/airflow/.local/lib/python3.12/site-packages/airflow/example_dags/example_latest_only_with_trigger.py
[2026-08-27T14:56:03.897+0000] {processor.py:830} INFO - Processing file /home/airflow/.local/lib/python3.12/site-packages/airflow/example_dags/example_latest_only_with_trigger.py for tasks to queue
[2026-08-27T14:56:03.900+0000] {logging_mixin.py:188} INFO - [2026-08-27T14:56:03.899+0000] {dagbag.py:545} INFO - Filling up the DagBag from /home/airflow/.local/lib/python3.12/site-packages/airflow/example_dags/example_latest_only_with_trigger.py
[2026-08-27T14:56:03.906+0000] {processor.py:840} INFO - DAG(s) 'latest_only_with_trigger' retrieved from /home/airflow/.local/lib/python3.12/site-packages/airflow/example_dags/example_latest_only_with_trigger.py
[2026-08-27T14:56:03.931+0000] {logging_mixin.py:188} INFO - [2026-08-27T14:56:03.930+0000] {dag.py:3096} INFO - Sync 1 DAGs
[2026-08-27T14:56:03.957+0000] {logging_mixin.py:188} INFO - [2026-08-27T14:56:03.957+0000] {dag.py:3954} INFO - Setting next_dagrun for latest_only_with_trigger to 2026-08-27 08:00:00+00:00, run_after=2026-08-27 12:00:00+00:00
[2026-08-27T14:56:03.981+0000] {processor.py:183} INFO - Processing /home/airflow/.local/lib/python3.12/site-packages/airflow/example_dags/example_latest_only_with_trigger.py took 0.092 seconds
[2026-08-27T14:56:34.067+0000] {processor.py:161} INFO - Started process (PID=287) to work on /home/airflow/.local/lib/python3.12/site-packages/airflow/example_dags/example_latest_only_with_trigger.py
[2026-08-27T14:56:34.068+0000] {processor.py:830} INFO - Processing file /home/airflow/.local/lib/python3.12/site-packages/airflow/example_dags/example_latest_only_with_trigger.py for tasks to queue
[2026-08-27T14:56:34.070+0000] {logging_mixin.py:188} INFO - [2026-08-27T14:56:34.070+0000] {dagbag.py:545} INFO - Filling up the DagBag from /home/airflow/.local/lib/python3.12/site-packages/airflow/example_dags/example_latest_only_with_trigger.py
[2026-08-27T14:56:34.077+0000] {processor.py:840} INFO - DAG(s) 'latest_only_with_trigger' retrieved from /home/airflow/.local/lib/python3.12/site-packages/airflow/example_dags/example_latest_only_with_trigger.py
[2026-08-27T14:56:34.101+0000] {logging_mixin.py:188} INFO - [2026-08-27T14:56:34.101+0000] {dag.py:3096} INFO - Sync 1 DAGs
[2026-08-27T14:56:34.127+0000] {logging_mixin.py:188} INFO - [2026-08-27T14:56:34.126+0000] {dag.py:3954} INFO - Setting next_dagrun for latest_only_with_trigger to 2026-08-27 08:00:00+00:00, run_after=2026-08-27 12:00:00+00:00
[2026-08-27T14:56:34.150+0000] {processor.py:183} INFO - Processing /home/airflow/.local/lib/python3.12/site-packages/airflow/example_dags/example_latest_only_with_trigger.py took 0.091 seconds
[2026-08-27T14:57:04.992+0000] {processor.py:161} INFO - Started process (PID=347) to work on /home/airflow/.local/lib/python3.12/site-packages/airflow/example_dags/example_latest_only_with_trigger.py
[2026-08-27T14:57:04.993+0000] {processor.py:830} INFO - Processing file /home/airflow/.local/lib/python3.12/site-packages/airflow/example_dags/example_latest_only_with_trigger.py for tasks to queue
[2026-08-27T14:57:04.996+0000] {logging_mixin.py:188} INFO - [2026-08-27T14:57:04.996+0000] {dagbag.py:545} INFO - Filling up the DagBag from /home/airflow/.local/lib/python3.12/site-packages/airflow/example_dags/example_latest_only_with_trigger.py
[2026-08-27T14:57:05.004+0000] {processor.py:840} INFO - DAG(s) 'latest_only_with_trigger' retrieved from /home/airflow/.local/lib/python3.12/site-packages/airflow/example_dags/example_latest_only_with_trigger.py
[2026-08-27T14:57:05.031+0000] {logging_mixin.py:188} INFO - [2026-08-27T14:57:05.031+0000] {dag.py:3096} INFO - Sync 1 DAGs
[2026-08-27T14:57:05.058+0000] {logging_mixin.py:188} INFO - [2026-08-27T14:57:05.058+0000] {dag.py:3954} INFO - Setting next_dagrun for latest_only_with_trigger to 2026-08-27 08:00:00+00:00, run_after=2026-08-27 12:00:00+00:00
[2026-08-27T14:57:05.081+0000] {processor.py:183} INFO - Processing /home/airflow/.local/lib/python3.12/site-packages/airflow/example_dags/example_latest_only_with_trigger.py took 0.097 seconds
[2026-08-27T14:57:35.783+0000] {processor.py:161} INFO - Started process (PID=407) to work on /home/airflow/.local/lib/python3.12/site-packages/airflow/example_dags/example_latest_only_with_trigger.py
[2026-08-27T14:57:35.785+0000] {processor.py:830} INFO - Processing file /home/airflow/.local/lib/python3.12/site-packages/airflow/example_dags/example_latest_only_with_trigger.py for tasks to queue
[2026-08-27T14:57:35.787+0000] {logging_mixin.py:188} INFO - [2026-08-27T14:57:35.786+0000] {dagbag.py:545} INFO - Filling up the DagBag from /home/airflow/.local/lib/python3.12/site-packages/airflow/example_dags/example_latest_only_with_trigger.py
[2026-08-27T14:57:35.794+0000] {processor.py:840} INFO - DAG(s) 'latest_only_with_trigger' retrieved from /home/airflow/.local/lib/python3.12/site-packages/airflow/example_dags/example_latest_only_with_trigger.py
[2026-08-27T14:57:35.823+0000] {logging_mixin.py:188} INFO - [2026-08-27T14:57:35.823+0000] {dag.py:3096} INFO - Sync 1 DAGs
[2026-08-27T14:57:35.861+0000] {logging_mixin.py:188} INFO - [2026-08-27T14:57:35.861+0000] {dag.py:3954} INFO - Setting next_dagrun for latest_only_with_trigger to 2026-08-27 08:00:00+00:00, run_after=2026-08-27 12:00:00+00:00
[2026-08-27T14:57:35.896+0000] {processor.py:183} INFO - Processing /home/airflow/.local/lib/python3.12/site-packages/airflow/example_dags/example_latest_only_with_trigger.py took 0.120 seconds
[2026-08-27T14:58:06.415+0000] {processor.py:161} INFO - Started process (PID=467) to work on /home/airflow/.local/lib/python3.12/site-packages/airflow/example_dags/example_latest_only_with_trigger.py
[2026-08-27T14:58:06.417+0000] {processor.py:830} INFO - Processing file /home/airflow/.local/lib/python3.12/site-packages/airflow/example_dags/example_latest_only_with_trigger.py for tasks to queue
[2026-08-27T14:58:06.421+0000] {logging_mixin.py:188} INFO - [2026-08-27T14:58:06.421+0000] {dagbag.py:545} INFO - Filling up the DagBag from /home/airflow/.local/lib/python3.12/site-packages/airflow/example_dags/example_latest_only_with_trigger.py
[2026-08-27T14:58:06.430+0000] {processor.py:840} INFO - DAG(s) 'latest_only_with_trigger' retrieved from /home/airflow/.local/lib/python3.12/site-packages/airflow/example_dags/example_latest_only_with_trigger.py
[2026-08-27T14:58:06.466+0000] {logging_mixin.py:188} INFO - [2026-08-27T14:58:06.466+0000] {dag.py:3096} INFO - Sync 1 DAGs
[2026-08-27T14:58:06.508+0000] {logging_mixin.py:188} INFO - [2026-08-27T14:58:06.508+0000] {dag.py:3954} INFO - Setting next_dagrun for latest_only_with_trigger to 2026-08-27 08:00:00+00:00, run_after=2026-08-27 12:00:00+00:00
[2026-08-27T14:58:06.543+0000] {processor.py:183} INFO - Processing /home/airflow/.local/lib/python3.12/site-packages/airflow/example_dags/example_latest_only_with_trigger.py took 0.141 seconds
[2026-08-27T14:58:36.781+0000] {processor.py:161} INFO - Started process (PID=531) to work on /home/airflow/.local/lib/python3.12/site-packages/airflow/example_dags/example_latest_only_with_trigger.py
[2026-08-27T14:58:36.783+0000] {processor.py:830} INFO - Processing file /home/airflow/.local/lib/python3.12/site-packages/airflow/example_dags/example_latest_only_with_trigger.py for tasks to queue
[2026-08-27T14:58:36.786+0000] {logging_mixin.py:188} INFO - [2026-08-27T14:58:36.786+0000] {dagbag.py:545} INFO - Filling up the DagBag from /home/airflow/.local/lib/python3.12/site-packages/airflow/example_dags/example_latest_only_with_trigger.py
[2026-08-27T14:58:36.795+0000] {processor.py:840} INFO - DAG(s) 'latest_only_with_trigger' retrieved from /home/airflow/.local/lib/python3.12/site-packages/airflow/example_dags/example_latest_only_with_trigger.py
[2026-08-27T14:58:36.831+0000] {logging_mixin.py:188} INFO - [2026-08-27T14:58:36.831+0000] {dag.py:3096} INFO - Sync 1 DAGs
[2026-08-27T14:58:36.864+0000] {logging_mixin.py:188} INFO - [2026-08-27T14:58:36.863+0000] {dag.py:3954} INFO - Setting next_dagrun for latest_only_with_trigger to 2026-08-27 08:00:00+00:00, run_after=2026-08-27 12:00:00+00:00
[2026-08-27T14:58:36.892+0000] {processor.py:183} INFO - Processing /home/airflow/.local/lib/python3.12/site-packages/airflow/example_dags/example_latest_only_with_trigger.py took 0.123 seconds
