[2026-08-27T14:54:51.701+0000] {processor.py:161} INFO - Started process (PID=96) to work on /home/airflow/.local/lib/python3.12/site-packages/airflow/example_dags/example_latest_only.py
[2026-08-27T14:54:51.704+0000] {processor.py:830} INFO - Processing file /home/airflow/.local/lib/python3.12/site-packages/airflow/example_dags/example_latest_only.py for tasks to queue
[2026-08-27T14:54:51.710+0000] {logging_mixin.py:188} INFO - [2026-08-27T14:54:51.708+0000] {dagbag.py:545} INFO - Filling up the DagBag from /home/airflow/.local/lib/python3.12/site-packages/airflow/example_dags/example_latest_only.py
[2026-08-27T14:54:51.767+0000] {processor.py:840} INFO - DAG(s) 'latest_only' retrieved from /home/airflow/.local/lib/python3.12/site-packages/airflow/example_dags/example_latest_only.py
[2026-08-27T14:54:51.789+0000] {logging_mixin.py:188} INFO - [2026-08-27T14:54:51.788+0000] {dag.py:3096} INFO - Sync 1 DAGs
[2026-08-27T14:54:51.875+0000] {logging_mixin.py:188} INFO - [2026-08-27T14:54:51.874+0000] {dag.py:3954} INFO - Setting next_dagrun for latest_only to 2026-08-27 08:00:00+00:00, run_after=2026-08-27 12:00:00+00:00
[2026-08-27T14:54:51.916+0000] {processor.py:183} INFO - Processing /home/airflow/.local/lib/python3.12/site-packages/airflow/example_dags/example_latest_only.py took 0.226 seconds
[2026-08-27T14:55:27.136+0000] {processor.py:161} INFO - Started process (PID=156) to work on /home/airflow/.local/lib/python3.12/site-packages/airflow/example_dags/example_latest_only.py
[2026-08-27T14:55:27.151+0000] {processor.py:830} INFO - Processing file /home/airflow/.local/lib/python3.12/site-packages/airflow/example_dags/example_latest_only.py for tasks to queue
[2026-08-27T14:55:27.155+0000] {logging_mixin.py:188} INFO - [2026-08-27T14:55:27.154+0000] {dagbag.py:545} INFO - Filling up the DagBag from /home/airflow/.local/lib/python3.12/site-packages/airflow/example_dags/example_latest_only.py
[2026-08-27T14:55:27.172+0000] {processor.py:840} INFO - DAG(s) 'latest_only' retrieved from /home/airflow/.local/lib/python3.12/site-packages/airflow/example_dags/example_latest_only.py
[2026-08-27T14:55:27.733+0000] {logging_mixin.py:188} INFO - [2026-08-27T14:55:27.723+0000] {dag.py:3096} INFO - Sync 1 DAGs
[2026-08-27T14:55:27.873+0000] {logging_mixin.py:188} INFO - [2026-08-27T14:55:27.872+0000] {dag.py:3954} INFO - Setting next_dagrun for latest_only to 2026-08-27 08:00:00+00:00, run_after=2026-08-27 12:00:00+00:00
[2026-08-27T14:55:27.974+0000] {processor.py:183} INFO - Processing /home/airflow/.local/lib/python3.12/site-packages/airflow/example_dags/example_latest_only.py took 0.851 seconds
[2026-08-27T14:55:58.750+0000] {processor.py:161} INFO - Started process (PID=214) to work on /home/airflow/.local/lib/python3.12/site-packages/airflow/example_dags/example_latest_only.py
[2026-08-27T14:55:58.752+0000] {processor.py:830} INFO - Processing file /home/airflow/.local/lib/python3.12/site-packages/airflow/example_dags/example_latest_only.py for tasks to queue
[2026-08-27T14:55:58.754+0000] {logging_mixin.py:188} INFO - [2026-08-27T14:55:58.754+0000] {dagbag.py:545} INFO - Filling up the DagBag from /home/airflow/.local/lib/python3.12/site-packages/airflow/example_dags/example_latest_only.py
[2026-08-27T14:55:58.762+0000] {processor.py:840} INFO - DAG(s) 'latest_only' retrieved from /home/airflow/.local/lib/python3.12/site-packages/airflow/example_dags/example_latest_only.py
[2026-08-27T14:55:58.788+0000] {logging_mixin.py:188} INFO - [2026-08-27T14:55:58.788+0000] {dag.py:3096} INFO - Sync 1 DAGs
[2026-08-27T14:55:58.822+0000] {logging_mixin.py:188} INFO - [2026-08-27T14:55:58.821+0000] {dag.py:3954} INFO - Setting next_dagrun for latest_only to 2026-08-27 08:00:00+00:00, run_after=2026-08-27 12:00:00+00:00
[2026-08-27T14:55:58.852+0000] {processor.py:183} INFO - Processing /home/airflow/.local/lib/python3.12/site-packages/airflow/example_dags/example_latest_only.py took 0.110 seconds
[2026-08-27T14:56:29.224+0000] {processor.py:161} INFO - Started process (PID=274) to work on /home/airflow/.local/lib/python3.12/site-packages/airflow/example_dags/example_latest_only.py
[2026-08-27T14:56:29.226+0000] {processor.py:830} INFO - Processing file /home/airflow/.local/lib/python3.12/site-packages/airflow/example_dags/example_latest_only.py for tasks to queue
[2026-08-27T14:56:29.228+0000] {logging_mixin.py:188} INFO - [2026-08-27T14:56:29.228+0000] {dagbag.py:545} INFO - Filling up the DagBag from /home/airflow/.local/lib/python3.12/site-packages/airflow/example_dags/example_latest_only.py
[2026-08-27T14:56:29.234+0000] {processor.py:840} INFO - DAG(s) 'latest_only' retrieved from /home/airflow/.local/lib/python3.12/site-packages/airflow/example_dags/example_latest_only.py
[2026-08-27T14:56:29.257+0000] {logging_mixin.py:188} INFO - [2026-08-27T14:56:29.257+0000] {dag.py:3096} INFO - Sync 1 DAGs
[2026-08-27T14:56:29.283+0000] {logging_mixin.py:188} INFO - [2026-08-27T14:56:29.283+0000] {dag.py:3954} INFO - Setting next_dagrun for latest_only to 2026-08-27 08:00:00+00:00, run_after=2026-08-27 12:00:00+00:00
[2026-08-27T14:56:29.306+0000] {processor.py:183} INFO - Processing /home/airflow/.local/lib/python3.12/site-packages/airflow/example_dags/example_latest_only.py took 0.090 seconds
[2026-08-27T14:56:59.761+0000] {processor.py:161} INFO - Started process (PID=334) to work on /home/airflow/.local/lib/python3.12/site-packages/airflow/example_dags/example_latest_only.py
[2026-08-27T14:56:59.763+0000] {processor.py:830} INFO - Processing file /home/airflow/.local/lib/python3.12/site-packages/airflow/example_dags/example_latest_only.py for tasks to queue
[2026-08-27T14:56:59.766+0000] {logging_mixin.py:188} INFO - [2026-08-27T14:56:59.765+0000] {dagbag.py:545} INFO - Filling up the DagBag from /home/airflow/.local/lib/python3.12/site-packages/airflow/example_dags/example_latest_only.py
[2026-08-27T14:56:59.775+0000] {processor.py:840} INFO - DAG(s) 'latest_only' retrieved from /home/airflow/.local/lib/python3.12/site-packages/airflow/example_dags/example_latest_only.py
[2026-08-27T14:56:59.805+0000] {logging_mixin.py:188} INFO - [2026-08-27T14:56:59.804+0000] {dag.py:3096} INFO - Sync 1 DAGs
[2026-08-27T14:56:59.844+0000] {logging_mixin.py:188} INFO - [2026-08-27T14:56:59.843+0000] {dag.py:3954} INFO - Setting next_dagrun for latest_only to 2026-08-27 08:00:00+00:00, run_after=2026-08-27 12:00:00+00:00
[2026-08-27T14:56:59.872+0000] {processor.py:183} INFO - Processing /home/airflow/.local/lib/python3.12/site-packages/airflow/example_dags/example_latest_only.py took 0.124 seconds
[2026-08-27T14:57:30.510+0000] {processor.py:161} INFO - Started process (PID=394) to work on /home/airflow/.local/lib/python3.12/site-packages/airflow/example_dags/example_latest_only.py
[2026-08-27T14:57:30.512+0000] {processor.py:830} INFO - Processing file /home/airflow/.local/lib/python3.12/site-packages/airflow/example_dags/example_latest_only.py for tasks to queue
[2026-08-27T14:57:30.515+0000] {logging_mixin.py:188} INFO - [2026-08-27T14:57:30.514+0000] {dagbag.py:545} INFO - Filling up the DagBag from /home/airflow/.local/lib/python3.12/site-packages/airflow/example_dags/example_latest_only.py
[2026-08-27T14:57:30.522+0000] {processor.py:840} INFO - DAG(s) 'latest_only' retrieved from /home/airflow/.local/lib/python3.12/site-packages/airflow/example_dags/example_latest_only.py
[2026-08-27T14:57:30.549+0000] {logging_mixin.py:188} INFO - [2026-08-27T14:57:30.549+0000] {dag.py:3096} INFO - Sync 1 DAGs
[2026-08-27T14:57:30.582+0000] {logging_mixin.py:188} INFO - [2026-08-27T14:57:30.582+0000] {dag.py:3954} INFO - Setting next_dagrun for latest_only to 2026-08-27 08:00:00+00:00, run_after=2026-08-27 12:00:00+00:00
[2026-08-27T14:57:30.605+0000] {processor.py:183} INFO - Processing /home/airflow/.local/lib/python3.12/site-packages/airflow/example_dags/example_latest_only.py took 0.103 seconds
[2026-08-27T14:58:01.000+0000] {processor.py:161} INFO - Started process (PID=454) to work on /home/airflow/.local/lib/python3.12/site-packages/airflow/example_dags/example_latest_only.py
[2026-08-27T14:58:01.002+0000] {processor.py:830} INFO - Processing file /home/airflow/.local/lib/python3.12/site-packages/airflow/example_dags/example_latest_only.py for tasks to queue
[2026-08-27T14:58:01.005+0000] {logging_mixin.py:188} INFO - [2026-08-27T14:58:01.005+0000] {dagbag.py:545} INFO - Filling up the DagBag from /home/airflow/.local/lib/python3.12/site-packages/airflow/example_dags/example_latest_only.py
[2026-08-27T14:58:01.014+0000] {processor.py:840} INFO - DAG(s) 'latest_only' retrieved from /home/airflow/.local/lib/python3.12/site-packages/airflow/example_dags/example_latest_only.py
[2026-08-27T14:58:01.048+0000] {logging_mixin.py:188} INFO - [2026-08-27T14:58:01.048+0000] {dag.py:3096} INFO - Sync 1 DAGs
[2026-08-27T14:58:01.076+0000] {logging_mixin.py:188} INFO - [2026-08-27T14:58:01.076+0000] {dag.py:3954} INFO - Setting next_dagrun for latest_only to 2026-08-27 08:00:00+00:00, run_after=2026-08-27 12:00:00+00:00
[2026-08-27T14:58:01.103+0000] {processor.py:183} INFO - Processing /home/airflow/.local/lib/python3.12/site-packages/airflow/example_dags/example_latest_only.py took 0.111 seconds
[2026-08-27T14:58:31.690+0000] {processor.py:161} INFO - Started process (PID=514) to work on /home/airflow/.local/lib/python3.12/site-packages/airflow/example_dags/example_latest_only.py
[2026-08-27T14:58:31.693+0000] {processor.py:830} INFO - Processing file /home/airflow/.local/lib/python3.12/site-packages/airflow/example_dags/example_latest_only.py for tasks to queue
[2026-08-27T14:58:31.696+0000] {logging_mixin.py:188} INFO - [2026-08-27T14:58:31.696+0000] {dagbag.py:545} INFO - Filling up the DagBag from /home/airflow/.local/lib/python3.12/site-packages/airflow/example_dags/example_latest_only.py
[2026-08-27T14:58:31.705+0000] {processor.py:840} INFO - DAG(s) 'latest_only' retrieved from /home/airflow/.local/lib/python3.12/site-packages/airflow/example_dags/example_latest_only.py
[2026-08-27T14:58:31.743+0000] {logging_mixin.py:188} INFO - [2026-08-27T14:58:31.742+0000] {dag.py:3096} INFO - Sync 1 DAGs
[2026-08-27T14:58:31.789+0000] {logging_mixin.py:188} INFO - [2026-08-27T14:58:31.789+0000] {dag.py:3954} INFO - Setting next_dagrun for latest_only to 2026-08-27 08:00:00+00:00, run_after=2026-08-27 12:00:00+00:00
[2026-08-27T14:58:31.843+0000] {processor.py:183} INFO - Processing /home/airflow/.local/lib/python3.12/site-packages/airflow/example_dags/example_latest_only.py took 0.162 seconds
