[2026-08-27T14:54:50.642+0000] {processor.py:161} INFO - Started process (PID=92) to work on /home/airflow/.local/lib/python3.12/site-packages/airflow/example_dags/example_task_group_decorator.py
[2026-08-27T14:54:50.644+0000] {processor.py:830} INFO - Processing file /home/airflow/.local/lib/python3.12/site-packages/airflow/example_dags/example_task_group_decorator.py for tasks to queue
[2026-08-27T14:54:50.647+0000] {logging_mixin.py:188} INFO - [2026-08-27T14:54:50.646+0000] {dagbag.py:545} INFO - Filling up the DagBag from /home/airflow/.local/lib/python3.12/site-packages/airflow/example_dags/example_task_group_decorator.py
[2026-08-27T14:54:50.688+0000] {processor.py:840} INFO - DAG(s) 'example_task_group_decorator' retrieved from /home/airflow/.local/lib/python3.12/site-packages/airflow/example_dags/example_task_group_decorator.py
[2026-08-27T14:54:50.714+0000] {logging_mixin.py:188} INFO - [2026-08-27T14:54:50.714+0000] {dag.py:3096} INFO - Sync 1 DAGs
[2026-08-27T14:54:50.760+0000] {logging_mixin.py:188} INFO - [2026-08-27T14:54:50.760+0000] {dag.py:3954} INFO - Setting next_dagrun for example_task_group_decorator to 2026-08-26 00:00:00+00:00, run_after=2026-08-27 00:00:00+00:00
[2026-08-27T14:54:50.791+0000] {processor.py:183} INFO - Processing /home/airflow/.local/lib/python3.12/site-packages/airflow/example_dags/example_task_group_decorator.py took 0.159 seconds
[2026-08-27T14:55:22.194+0000] {processor.py:161} INFO - Started process (PID=150) to work on /home/airflow/.local/lib/python3.12/site-packages/airflow/example_dags/example_task_group_decorator.py
[2026-08-27T14:55:22.228+0000] {processor.py:830} INFO - Processing file /home/airflow/.local/lib/python3.12/site-packages/airflow/example_dags/example_task_group_decorator.py for tasks to queue
[2026-08-27T14:55:22.239+0000] {logging_mixin.py:188} INFO - [2026-08-27T14:55:22.238+0000] {dagbag.py:545} INFO - Filling up the DagBag from /home/airflow/.local/lib/python3.12/site-packages/airflow/example_dags/example_task_group_decorator.py
[2026-08-27T14:55:22.336+0000] {processor.py:840} INFO - DAG(s) 'example_task_group_decorator' retrieved from /home/airflow/.local/lib/python3.12/site-packages/airflow/example_dags/example_task_group_decorator.py
[2026-08-27T14:55:23.002+0000] {logging_mixin.py:188} INFO - [2026-08-27T14:55:23.001+0000] {dag.py:3096} INFO - Sync 1 DAGs
[2026-08-27T14:55:23.157+0000] {logging_mixin.py:188} INFO - [2026-08-27T14:55:23.157+0000] {dag.py:3954} INFO - Setting next_dagrun for example_task_group_decorator to 2026-08-26 00:00:00+00:00, run_after=2026-08-27 00:00:00+00:00
[2026-08-27T14:55:23.259+0000] {processor.py:183} INFO - Processing /home/airflow/.local/lib/python3.12/site-packages/airflow/example_dags/example_task_group_decorator.py took 1.084 seconds
[2026-08-27T14:55:53.424+0000] {processor.py:161} INFO - Started process (PID=210) to work on /home/airflow/.local/lib/python3.12/site-packages/airflow/example_dags/example_task_group_decorator.py
[2026-08-27T14:55:53.425+0000] {processor.py:830} INFO - Processing file /home/airflow/.local/lib/python3.12/site-packages/airflow/example_dags/example_task_group_decorator.py for tasks to queue
[2026-08-27T14:55:53.427+0000] {logging_mixin.py:188} INFO - [2026-08-27T14:55:53.427+0000] {dagbag.py:545} INFO - Filling up the DagBag from /home/airflow/.local/lib/python3.12/site-packages/airflow/example_dags/example_task_group_decorator.py
[2026-08-27T14:55:53.444+0000] {processor.py:840} INFO - DAG(s) 'example_task_group_decorator' retrieved from /home/airflow/.local/lib/python3.12/site-packages/airflow/example_dags/example_task_group_decorator.py
[2026-08-27T14:55:53.479+0000] {logging_mixin.py:188} INFO - [2026-08-27T14:55:53.478+0000] {dag.py:3096} INFO - Sync 1 DAGs
[2026-08-27T14:55:53.513+0000] {logging_mixin.py:188} INFO - [2026-08-27T14:55:53.512+0000] {dag.py:3954} INFO - Setting next_dagrun for example_task_group_decorator to 2026-08-26 00:00:00+00:00, run_after=2026-08-27 00:00:00+00:00
[2026-08-27T14:55:53.545+0000] {processor.py:183} INFO - Processing /home/airflow/.local/lib/python3.12/site-packages/airflow/example_dags/example_task_group_decorator.py took 0.128 seconds
[2026-08-27T14:56:23.932+0000] {processor.py:161} INFO - Started process (PID=270) to work on /home/airflow/.local/lib/python3.12/site-packages/airflow/example_dags/example_task_group_decorator.py
[2026-08-27T14:56:23.934+0000] {processor.py:830} INFO - Processing file /home/airflow/.local/lib/python3.12/site-packages/airflow/example_dags/example_task_group_decorator.py for tasks to queue
[2026-08-27T14:56:23.936+0000] {logging_mixin.py:188} INFO - [2026-08-27T14:56:23.936+0000] {dagbag.py:545} INFO - Filling up the DagBag from /home/airflow/.local/lib/python3.12/site-packages/airflow/example_dags/example_task_group_decorator.py
[2026-08-27T14:56:23.956+0000] {processor.py:840} INFO - DAG(s) 'example_task_group_decorator' retrieved from /home/airflow/.local/lib/python3.12/site-packages/airflow/example_dags/example_task_group_decorator.py
[2026-08-27T14:56:23.986+0000] {logging_mixin.py:188} INFO - [2026-08-27T14:56:23.986+0000] {dag.py:3096} INFO - Sync 1 DAGs
[2026-08-27T14:56:24.015+0000] {logging_mixin.py:188} INFO - [2026-08-27T14:56:24.014+0000] {dag.py:3954} INFO - Setting next_dagrun for example_task_group_decorator to 2026-08-26 00:00:00+00:00, run_after=2026-08-27 00:00:00+00:00
[2026-08-27T14:56:24.040+0000] {processor.py:183} INFO - Processing /home/airflow/.local/lib/python3.12/site-packages/airflow/example_dags/example_task_group_decorator.py took 0.118 seconds
[2026-08-27T14:56:54.471+0000] {processor.py:161} INFO - Started process (PID=330) to work on /home/airflow/.local/lib/python3.12/site-packages/airflow/example_dags/example_task_group_decorator.py
[2026-08-27T14:56:54.472+0000] {processor.py:830} INFO - Processing file /home/airflow/.local/lib/python3.12/site-packages/airflow/example_dags/example_task_group_decorator.py for tasks to queue
[2026-08-27T14:56:54.476+0000] {logging_mixin.py:188} INFO - [2026-08-27T14:56:54.475+0000] {dagbag.py:545} INFO - Filling up the DagBag from /home/airflow/.local/lib/python3.12/site-packages/airflow/example_dags/example_task_group_decorator.py
[2026-08-27T14:56:54.507+0000] {processor.py:840} INFO - DAG(s) 'example_task_group_decorator' retrieved from /home/airflow/.local/lib/python3.12/site-packages/airflow/example_dags/example_task_group_decorator.py
[2026-08-27T14:56:54.552+0000] {logging_mixin.py:188} INFO - [2026-08-27T14:56:54.552+0000] {dag.py:3096} INFO - Sync 1 DAGs
[2026-08-27T14:56:54.594+0000] {logging_mixin.py:188} INFO - [2026-08-27T14:56:54.594+0000] {dag.py:3954} INFO - Setting next_dagrun for example_task_group_decorator to 2026-08-26 00:00:00+00:00, run_after=2026-08-27 00:00:00+00:00
[2026-08-27T14:56:54.626+0000] {processor.py:183} INFO - Processing /home/airflow/.local/lib/python3.12/site-packages/airflow/example_dags/example_task_group_decorator.py took 0.163 seconds
[2026-08-27T14:57:25.133+0000] {processor.py:161} INFO - Started process (PID=390) to work on /home/airflow/.local/lib/python3.12/site-packages/airflow/example_dags/example_task_group_decorator.py
[2026-08-27T14:57:25.135+0000] {processor.py:830} INFO - Processing file /home/airflow/.local/lib/python3.12/site-packages/airflow/example_dags/example_task_group_decorator.py for tasks to queue
[2026-08-27T14:57:25.139+0000] {logging_mixin.py:188} INFO - [2026-08-27T14:57:25.139+0000] {dagbag.py:545} INFO - Filling up the DagBag from /home/airflow/.local/lib/python3.12/site-packages/airflow/example_dags/example_task_group_decorator.py
[2026-08-27T14:57:25.166+0000] {processor.py:840} INFO - DAG(s) 'example_task_group_decorator' retrieved from /home/airflow/.local/lib/python3.12/site-packages/airflow/example_dags/example_task_group_decorator.py
[2026-08-27T14:57:25.207+0000] {logging_mixin.py:188} INFO - [2026-08-27T14:57:25.207+0000] {dag.py:3096} INFO - Sync 1 DAGs
[2026-08-27T14:57:25.249+0000] {logging_mixin.py:188} INFO - [2026-08-27T14:57:25.249+0000] {dag.py:3954} INFO - Setting next_dagrun for example_task_group_decorator to 2026-08-26 00:00:00+00:00, run_after=2026-08-27 00:00:00+00:00
[2026-08-27T14:57:25.300+0000] {processor.py:183} INFO - Processing /home/airflow/.local/lib/python3.12/site-packages/airflow/example_dags/example_task_group_decorator.py took 0.178 seconds
[2026-08-27T14:57:55.619+0000] {processor.py:161} INFO - Started process (PID=450) to work on /home/airflow/.local/lib/python3.12/site-packages/airflow/example_dags/example_task_group_decorator.py
[2026-08-27T14:57:55.627+0000] {processor.py:830} INFO - Processing file /home/airflow/.local/lib/python3.12/site-packages/airflow/example_dags/example_task_group_decorator.py for tasks to queue
[2026-08-27T14:57:55.630+0000] {logging_mixin.py:188} INFO - [2026-08-27T14:57:55.630+0000] {dagbag.py:545} INFO - Filling up the DagBag from /home/airflow/.local/lib/python3.12/site-packages/airflow/example_dags/example_task_group_decorator.py
[2026-08-27T14:57:55.650+0000] {processor.py:840} INFO - DAG(s) 'example_task_group_decorator' retrieved from /home/airflow/.local/lib/python3.12/site-packages/airflow/example_dags/example_task_group_decorator.py
[2026-08-27T14:57:55.683+0000] {logging_mixin.py:188} INFO - [2026-08-27T14:57:55.683+0000] {dag.py:3096} INFO - Sync 1 DAGs
[2026-08-27T14:57:55.711+0000] {logging_mixin.py:188} INFO - [2026-08-27T14:57:55.711+0000] {dag.py:3954} INFO - Setting next_dagrun for example_task_group_decorator to 2026-08-26 00:00:00+00:00, run_after=2026-08-27 00:00:00+00:00
[2026-08-27T14:57:55.739+0000] {processor.py:183} INFO - Processing /home/airflow/.local/lib/python3.12/site-packages/airflow/example_dags/example_task_group_decorator.py took 0.130 seconds
[2026-08-27T14:58:26.318+0000] {processor.py:161} INFO - Started process (PID=510) to work on /home/airflow/.local/lib/python3.12/site-packages/airflow/example_dags/example_task_group_decorator.py
[2026-08-27T14:58:26.325+0000] {processor.py:830} INFO - Processing file /home/airflow/.local/lib/python3.12/site-packages/airflow/example_dags/example_task_group_decorator.py for tasks to queue
[2026-08-27T14:58:26.327+0000] {logging_mixin.py:188} INFO - [2026-08-27T14:58:26.327+0000] {dagbag.py:545} INFO - Filling up the DagBag from /home/airflow/.local/lib/python3.12/site-packages/airflow/example_dags/example_task_group_decorator.py
[2026-08-27T14:58:26.351+0000] {processor.py:840} INFO - DAG(s) 'example_task_group_decorator' retrieved from /home/airflow/.local/lib/python3.12/site-packages/airflow/example_dags/example_task_group_decorator.py
[2026-08-27T14:58:26.390+0000] {logging_mixin.py:188} INFO - [2026-08-27T14:58:26.390+0000] {dag.py:3096} INFO - Sync 1 DAGs
[2026-08-27T14:58:26.425+0000] {logging_mixin.py:188} INFO - [2026-08-27T14:58:26.425+0000] {dag.py:3954} INFO - Setting next_dagrun for example_task_group_decorator to 2026-08-26 00:00:00+00:00, run_after=2026-08-27 00:00:00+00:00
[2026-08-27T14:58:26.456+0000] {processor.py:183} INFO - Processing /home/airflow/.local/lib/python3.12/site-packages/airflow/example_dags/example_task_group_decorator.py took 0.145 seconds
