[2026-08-27T14:54:53.683+0000] {processor.py:161} INFO - Started process (PID=109) to work on /home/airflow/.local/lib/python3.12/site-packages/airflow/example_dags/example_subdag_operator.py
[2026-08-27T14:54:53.684+0000] {processor.py:830} INFO - Processing file /home/airflow/.local/lib/python3.12/site-packages/airflow/example_dags/example_subdag_operator.py for tasks to queue
[2026-08-27T14:54:53.688+0000] {logging_mixin.py:188} INFO - [2026-08-27T14:54:53.687+0000] {dagbag.py:545} INFO - Filling up the DagBag from /home/airflow/.local/lib/python3.12/site-packages/airflow/example_dags/example_subdag_operator.py
[2026-08-27T14:54:53.729+0000] {processor.py:840} INFO - DAG(s) 'example_subdag_operator.section-1', 'example_subdag_operator.section-2', 'example_subdag_operator' retrieved from /home/airflow/.local/lib/python3.12/site-packages/airflow/example_dags/example_subdag_operator.py
[2026-08-27T14:54:53.736+0000] {logging_mixin.py:188} INFO - [2026-08-27T14:54:53.735+0000] {dag.py:3096} INFO - Sync 3 DAGs
[2026-08-27T14:54:53.782+0000] {logging_mixin.py:188} INFO - [2026-08-27T14:54:53.781+0000] {dag.py:3954} INFO - Setting next_dagrun for example_subdag_operator to 2022-01-01 00:00:00+00:00, run_after=2022-01-01 00:00:00+00:00
[2026-08-27T14:54:53.789+0000] {logging_mixin.py:188} INFO - [2026-08-27T14:54:53.789+0000] {dag.py:3954} INFO - Setting next_dagrun for example_subdag_operator.section-1 to None, run_after=None
[2026-08-27T14:54:53.793+0000] {logging_mixin.py:188} INFO - [2026-08-27T14:54:53.793+0000] {dag.py:3954} INFO - Setting next_dagrun for example_subdag_operator.section-2 to None, run_after=None
[2026-08-27T14:54:53.808+0000] {logging_mixin.py:188} INFO - [2026-08-27T14:54:53.807+0000] {dag.py:3096} INFO - Sync 2 DAGs
[2026-08-27T14:54:53.817+0000] {logging_mixin.py:188} INFO - [2026-08-27T14:54:53.817+0000] {dag.py:3954} INFO - Setting next_dagrun for example_subdag_operator.section-1 to None, run_after=None
[2026-08-27T14:54:53.818+0000] {logging_mixin.py:188} INFO - [2026-08-27T14:54:53.818+0000] {dag.py:3954} INFO - Setting next_dagrun for example_subdag_operator.section-2 to None, run_after=None
[2026-08-27T14:54:53.859+0000] {processor.py:183} INFO - Processing /home/airflow/.local/lib/python3.12/site-packages/airflow/example_dags/example_subdag_operator.py took 0.187 seconds
[2026-08-27T14:55:34.332+0000] {processor.py:161} INFO - Started process (PID=169) to work on /home/airflow/.local/lib/python3.12/site-packages/airflow/example_dags/example_subdag_operator.py
[2026-08-27T14:55:34.508+0000] {processor.py:830} INFO - Processing file /home/airflow/.local/lib/python3.12/site-packages/airflow/example_dags/example_subdag_operator.py for tasks to queue
[2026-08-27T14:55:34.512+0000] {logging_mixin.py:188} INFO - [2026-08-27T14:55:34.511+0000] {dagbag.py:545} INFO - Filling up the DagBag from /home/airflow/.local/lib/python3.12/site-packages/airflow/example_dags/example_subdag_operator.py
[2026-08-27T14:55:34.543+0000] {processor.py:840} INFO - DAG(s) 'example_subdag_operator.section-1', 'example_subdag_operator.section-2', 'example_subdag_operator' retrieved from /home/airflow/.local/lib/python3.12/site-packages/airflow/example_dags/example_subdag_operator.py
[2026-08-27T14:55:34.679+0000] {logging_mixin.py:188} INFO - [2026-08-27T14:55:34.679+0000] {dag.py:3096} INFO - Sync 3 DAGs
[2026-08-27T14:55:35.006+0000] {logging_mixin.py:188} INFO - [2026-08-27T14:55:35.006+0000] {dag.py:3954} INFO - Setting next_dagrun for example_subdag_operator to 2022-01-01 00:00:00+00:00, run_after=2022-01-01 00:00:00+00:00
[2026-08-27T14:55:35.011+0000] {logging_mixin.py:188} INFO - [2026-08-27T14:55:35.011+0000] {dag.py:3954} INFO - Setting next_dagrun for example_subdag_operator.section-1 to None, run_after=None
[2026-08-27T14:55:35.013+0000] {logging_mixin.py:188} INFO - [2026-08-27T14:55:35.013+0000] {dag.py:3954} INFO - Setting next_dagrun for example_subdag_operator.section-2 to None, run_after=None
[2026-08-27T14:55:35.027+0000] {logging_mixin.py:188} INFO - [2026-08-27T14:55:35.026+0000] {dag.py:3096} INFO - Sync 2 DAGs
[2026-08-27T14:55:35.036+0000] {logging_mixin.py:188} INFO - [2026-08-27T14:55:35.036+0000] {dag.py:3954} INFO - Setting next_dagrun for example_subdag_operator.section-1 to None, run_after=None
[2026-08-27T14:55:35.037+0000] {logging_mixin.py:188} INFO - [2026-08-27T14:55:35.037+0000] {dag.py:3954} INFO - Setting next_dagrun for example_subdag_operator.section-2 to None, run_after=None
[2026-08-27T14:55:36.518+0000] {processor.py:183} INFO - Processing /home/airflow/.local/lib/python3.12/site-packages/airflow/example_dags/example_subdag_operator.py took 2.195 seconds
[2026-08-27T14:56:07.050+0000] {processor.py:161} INFO - Started process (PID=235) to work on /home/airflow/.local/lib/python3.12/site-packages/airflow/example_dags/example_subdag_operator.py
[2026-08-27T14:56:07.051+0000] {processor.py:830} INFO - Processing file /home/airflow/.local/lib/python3.12/site-packages/airflow/example_dags/example_subdag_operator.py for tasks to queue
[2026-08-27T14:56:07.053+0000] {logging_mixin.py:188} INFO - [2026-08-27T14:56:07.053+0000] {dagbag.py:545} INFO - Filling up the DagBag from /home/airflow/.local/lib/python3.12/site-packages/airflow/example_dags/example_subdag_operator.py
[2026-08-27T14:56:07.087+0000] {processor.py:840} INFO - DAG(s) 'example_subdag_operator.section-1', 'example_subdag_operator.section-2', 'example_subdag_operator' retrieved from /home/airflow/.local/lib/python3.12/site-packages/airflow/example_dags/example_subdag_operator.py
[2026-08-27T14:56:07.115+0000] {logging_mixin.py:188} INFO - [2026-08-27T14:56:07.114+0000] {dag.py:3096} INFO - Sync 3 DAGs
[2026-08-27T14:56:07.146+0000] {logging_mixin.py:188} INFO - [2026-08-27T14:56:07.145+0000] {dag.py:3954} INFO - Setting next_dagrun for example_subdag_operator to 2022-01-01 00:00:00+00:00, run_after=2022-01-01 00:00:00+00:00
[2026-08-27T14:56:07.151+0000] {logging_mixin.py:188} INFO - [2026-08-27T14:56:07.151+0000] {dag.py:3954} INFO - Setting next_dagrun for example_subdag_operator.section-1 to None, run_after=None
[2026-08-27T14:56:07.153+0000] {logging_mixin.py:188} INFO - [2026-08-27T14:56:07.153+0000] {dag.py:3954} INFO - Setting next_dagrun for example_subdag_operator.section-2 to None, run_after=None
[2026-08-27T14:56:07.162+0000] {logging_mixin.py:188} INFO - [2026-08-27T14:56:07.162+0000] {dag.py:3096} INFO - Sync 2 DAGs
[2026-08-27T14:56:07.169+0000] {logging_mixin.py:188} INFO - [2026-08-27T14:56:07.169+0000] {dag.py:3954} INFO - Setting next_dagrun for example_subdag_operator.section-1 to None, run_after=None
[2026-08-27T14:56:07.170+0000] {logging_mixin.py:188} INFO - [2026-08-27T14:56:07.170+0000] {dag.py:3954} INFO - Setting next_dagrun for example_subdag_operator.section-2 to None, run_after=None
[2026-08-27T14:56:07.184+0000] {processor.py:183} INFO - Processing /home/airflow/.local/lib/python3.12/site-packages/airflow/example_dags/example_subdag_operator.py took 0.142 seconds
[2026-08-27T14:56:37.445+0000] {processor.py:161} INFO - Started process (PID=295) to work on /home/airflow/.local/lib/python3.12/site-packages/airflow/example_dags/example_subdag_operator.py
[2026-08-27T14:56:37.446+0000] {processor.py:830} INFO - Processing file /home/airflow/.local/lib/python3.12/site-packages/airflow/example_dags/example_subdag_operator.py for tasks to queue
[2026-08-27T14:56:37.449+0000] {logging_mixin.py:188} INFO - [2026-08-27T14:56:37.448+0000] {dagbag.py:545} INFO - Filling up the DagBag from /home/airflow/.local/lib/python3.12/site-packages/airflow/example_dags/example_subdag_operator.py
[2026-08-27T14:56:37.478+0000] {processor.py:840} INFO - DAG(s) 'example_subdag_operator.section-1', 'example_subdag_operator.section-2', 'example_subdag_operator' retrieved from /home/airflow/.local/lib/python3.12/site-packages/airflow/example_dags/example_subdag_operator.py
[2026-08-27T14:56:37.498+0000] {logging_mixin.py:188} INFO - [2026-08-27T14:56:37.497+0000] {dag.py:3096} INFO - Sync 3 DAGs
[2026-08-27T14:56:37.525+0000] {logging_mixin.py:188} INFO - [2026-08-27T14:56:37.525+0000] {dag.py:3954} INFO - Setting next_dagrun for example_subdag_operator to 2022-01-01 00:00:00+00:00, run_after=2022-01-01 00:00:00+00:00
[2026-08-27T14:56:37.530+0000] {logging_mixin.py:188} INFO - [2026-08-27T14:56:37.530+0000] {dag.py:3954} INFO - Setting next_dagrun for example_subdag_operator.section-1 to None, run_after=None
[2026-08-27T14:56:37.532+0000] {logging_mixin.py:188} INFO - [2026-08-27T14:56:37.532+0000] {dag.py:3954} INFO - Setting next_dagrun for example_subdag_operator.section-2 to None, run_after=None
[2026-08-27T14:56:37.540+0000] {logging_mixin.py:188} INFO - [2026-08-27T14:56:37.540+0000] {dag.py:3096} INFO - Sync 2 DAGs
[2026-08-27T14:56:37.546+0000] {logging_mixin.py:188} INFO - [2026-08-27T14:56:37.546+0000] {dag.py:3954} INFO - Setting next_dagrun for example_subdag_operator.section-1 to None, run_after=None
[2026-08-27T14:56:37.547+0000] {logging_mixin.py:188} INFO - [2026-08-27T14:56:37.547+0000] {dag.py:3954} INFO - Setting next_dagrun for example_subdag_operator.section-2 to None, run_after=None
[2026-08-27T14:56:37.561+0000] {processor.py:183} INFO - Processing /home/airflow/.local/lib/python3.12/site-packages/airflow/example_dags/example_subdag_operator.py took 0.127 seconds
[2026-08-27T14:57:08.152+0000] {processor.py:161} INFO - Started process (PID=355) to work on /home/airflow/.local/lib/python3.12/site-packages/airflow/example_dags/example_subdag_operator.py
[2026-08-27T14:57:08.153+0000] {processor.py:830} INFO - Processing file /home/airflow/.local/lib/python3.12/site-packages/airflow/example_dags/example_subdag_operator.py for tasks to queue
[2026-08-27T14:57:08.156+0000] {logging_mixin.py:188} INFO - [2026-08-27T14:57:08.156+0000] {dagbag.py:545} INFO - Filling up the DagBag from /home/airflow/.local/lib/python3.12/site-packages/airflow/example_dags/example_subdag_operator.py
[2026-08-27T14:57:08.191+0000] {processor.py:840} INFO - DAG(s) 'example_subdag_operator.section-1', 'example_subdag_operator.section-2', 'example_subdag_operator' retrieved from /home/airflow/.local/lib/python3.12/site-packages/airflow/example_dags/example_subdag_operator.py
[2026-08-27T14:57:08.211+0000] {logging_mixin.py:188} INFO - [2026-08-27T14:57:08.211+0000] {dag.py:3096} INFO - Sync 3 DAGs
[2026-08-27T14:57:08.242+0000] {logging_mixin.py:188} INFO - [2026-08-27T14:57:08.242+0000] {dag.py:3954} INFO - Setting next_dagrun for example_subdag_operator to 2022-01-01 00:00:00+00:00, run_after=2022-01-01 00:00:00+00:00
[2026-08-27T14:57:08.247+0000] {logging_mixin.py:188} INFO - [2026-08-27T14:57:08.247+0000] {dag.py:3954} INFO - Setting next_dagrun for example_subdag_operator.section-1 to None, run_after=None
[2026-08-27T14:57:08.249+0000] {logging_mixin.py:188} INFO - [2026-08-27T14:57:08.249+0000] {dag.py:3954} INFO - Setting next_dagrun for example_subdag_operator.section-2 to None, run_after=None
[2026-08-27T14:57:08.260+0000] {logging_mixin.py:188} INFO - [2026-08-27T14:57:08.260+0000] {dag.py:3096} INFO - Sync 2 DAGs
[2026-08-27T14:57:08.268+0000] {logging_mixin.py:188} INFO - [2026-08-27T14:57:08.268+0000] {dag.py:3954} INFO - Setting next_dagrun for example_subdag_operator.section-1 to None, run_after=None
[2026-08-27T14:57:08.269+0000] {logging_mixin.py:188} INFO - [2026-08-27T14:57:08.269+0000] {dag.py:3954} INFO - Setting next_dagrun for example_subdag_operator.section-2 to None, run_after=None
[2026-08-27T14:57:08.285+0000] {processor.py:183} INFO - Processing /home/airflow/.local/lib/python3.12/site-packages/airflow/example_dags/example_subdag_operator.py took 0.143 seconds
[2026-08-27T14:57:38.962+0000] {processor.py:161} INFO - Started process (PID=415) to work on /home/airflow/.local/lib/python3.12/site-packages/airflow/example_dags/example_subdag_operator.py
[2026-08-27T14:57:38.963+0000] {processor.py:830} INFO - Processing file /home/airflow/.local/lib/python3.12/site-packages/airflow/example_dags/example_subdag_operator.py for tasks to queue
[2026-08-27T14:57:38.966+0000] {logging_mixin.py:188} INFO - [2026-08-27T14:57:38.965+0000] {dagbag.py:545} INFO - Filling up the DagBag from /home/airflow/.local/lib/python3.12/site-packages/airflow/example_dags/example_subdag_operator.py
[2026-08-27T14:57:38.995+0000] {processor.py:840} INFO - DAG(s) 'example_subdag_operator.section-1', 'example_subdag_operator.section-2', 'example_subdag_operator' retrieved from /home/airflow/.local/lib/python3.12/site-packages/airflow/example_dags/example_subdag_operator.py
[2026-08-27T14:57:39.015+0000] {logging_mixin.py:188} INFO - [2026-08-27T14:57:39.015+0000] {dag.py:3096} INFO - Sync 3 DAGs
[2026-08-27T14:57:39.044+0000] {logging_mixin.py:188} INFO - [2026-08-27T14:57:39.043+0000] {dag.py:3954} INFO - Setting next_dagrun for example_subdag_operator to 2022-01-01 00:00:00+00:00, run_after=2022-01-01 00:00:00+00:00
[2026-08-27T14:57:39.050+0000] {logging_mixin.py:188} INFO - [2026-08-27T14:57:39.049+0000] {dag.py:3954} INFO - Setting next_dagrun for example_subdag_operator.section-1 to None, run_after=None
[2026-08-27T14:57:39.053+0000] {logging_mixin.py:188} INFO - [2026-08-27T14:57:39.052+0000] {dag.py:3954} INFO - Setting next_dagrun for example_subdag_operator.section-2 to None, run_after=None
[2026-08-27T14:57:39.066+0000] {logging_mixin.py:188} INFO - [2026-08-27T14:57:39.065+0000] {dag.py:3096} INFO - Sync 2 DAGs
[2026-08-27T14:57:39.074+0000] {logging_mixin.py:188} INFO - [2026-08-27T14:57:39.073+0000] {dag.py:3954} INFO - Setting next_dagrun for example_subdag_operator.section-1 to None, run_after=None
[2026-08-27T14:57:39.075+0000] {logging_mixin.py:188} INFO - [2026-08-27T14:57:39.074+0000] {dag.py:3954} INFO - Setting next_dagrun for example_subdag_operator.section-2 to None, run_after=None
[2026-08-27T14:57:39.089+0000] {processor.py:183} INFO - Processing /home/airflow/.local/lib/python3.12/site-packages/airflow/example_dags/example_subdag_operator.py took 0.134 seconds
[2026-08-27T14:58:09.683+0000] {processor.py:161} INFO - Started process (PID=475) to work on /home/airflow/.local/lib/python3.12/site-packages/airflow/example_dags/example_subdag_operator.py
[2026-08-27T14:58:09.687+0000] {processor.py:830} INFO - Processing file /home/airflow/.local/lib/python3.12/site-packages/airflow/example_dags/example_subdag_operator.py for tasks to queue
[2026-08-27T14:58:09.690+0000] {logging_mixin.py:188} INFO - [2026-08-27T14:58:09.690+0000] {dagbag.py:545} INFO - Filling up the DagBag from /home/airflow/.local/lib/python3.12/site-packages/airflow/example_dags/example_subdag_operator.py
[2026-08-27T14:58:09.757+0000] {processor.py:840} INFO - DAG(s) 'example_subdag_operator.section-1', 'example_subdag_operator.section-2', 'example_subdag_operator' retrieved from /home/airflow/.local/lib/python3.12/site-packages/airflow/example_dags/example_subdag_operator.py
[2026-08-27T14:58:09.789+0000] {logging_mixin.py:188} INFO - [2026-08-27T14:58:09.788+0000] {dag.py:3096} INFO - Sync 3 DAGs
[2026-08-27T14:58:09.833+0000] {logging_mixin.py:188} INFO - [2026-08-27T14:58:09.833+0000] {dag.py:3954} INFO - Setting next_dagrun for example_subdag_operator to 2022-01-01 00:00:00+00:00, run_after=2022-01-01 00:00:00+00:00
[2026-08-27T14:58:09.842+0000] {logging_mixin.py:188} INFO - [2026-08-27T14:58:09.842+0000] {dag.py:3954} INFO - Setting next_dagrun for example_subdag_operator.section-1 to None, run_after=None
[2026-08-27T14:58:09.845+0000] {logging_mixin.py:188} INFO - [2026-08-27T14:58:09.844+0000] {dag.py:3954} INFO - Setting next_dagrun for example_subdag_operator.section-2 to None, run_after=None
[2026-08-27T14:58:09.866+0000] {logging_mixin.py:188} INFO - [2026-08-27T14:58:09.866+0000] {dag.py:3096} INFO - Sync 2 DAGs
[2026-08-27T14:58:09.877+0000] {logging_mixin.py:188} INFO - [2026-08-27T14:58:09.877+0000] {dag.py:3954} INFO - Setting next_dagrun for example_subdag_operator.section-1 to None, run_after=None
[2026-08-27T14:58:09.878+0000] {logging_mixin.py:188} INFO - [2026-08-27T14:58:09.878+0000] {dag.py:3954} INFO - Setting next_dagrun for example_subdag_operator.section-2 to None, run_after=None
[2026-08-27T14:58:09.904+0000] {processor.py:183} INFO - Processing /home/airflow/.local/lib/python3.12/site-packages/airflow/example_dags/example_subdag_operator.py took 0.233 seconds
[2026-08-27T14:58:40.010+0000] {processor.py:161} INFO - Started process (PID=535) to work on /home/airflow/.local/lib/python3.12/site-packages/airflow/example_dags/example_subdag_operator.py
[2026-08-27T14:58:40.012+0000] {processor.py:830} INFO - Processing file /home/airflow/.local/lib/python3.12/site-packages/airflow/example_dags/example_subdag_operator.py for tasks to queue
[2026-08-27T14:58:40.016+0000] {logging_mixin.py:188} INFO - [2026-08-27T14:58:40.015+0000] {dagbag.py:545} INFO - Filling up the DagBag from /home/airflow/.local/lib/python3.12/site-packages/airflow/example_dags/example_subdag_operator.py
[2026-08-27T14:58:40.057+0000] {processor.py:840} INFO - DAG(s) 'example_subdag_operator.section-1', 'example_subdag_operator.section-2', 'example_subdag_operator' retrieved from /home/airflow/.local/lib/python3.12/site-packages/airflow/example_dags/example_subdag_operator.py
[2026-08-27T14:58:40.089+0000] {logging_mixin.py:188} INFO - [2026-08-27T14:58:40.089+0000] {dag.py:3096} INFO - Sync 3 DAGs
[2026-08-27T14:58:40.141+0000] {logging_mixin.py:188} INFO - [2026-08-27T14:58:40.140+0000] {dag.py:3954} INFO - Setting next_dagrun for example_subdag_operator to 2022-01-01 00:00:00+00:00, run_after=2022-01-01 00:00:00+00:00
[2026-08-27T14:58:40.151+0000] {logging_mixin.py:188} INFO - [2026-08-27T14:58:40.150+0000] {dag.py:3954} INFO - Setting next_dagrun for example_subdag_operator.section-1 to None, run_after=None
[2026-08-27T14:58:40.154+0000] {logging_mixin.py:188} INFO - [2026-08-27T14:58:40.153+0000] {dag.py:3954} INFO - Setting next_dagrun for example_subdag_operator.section-2 to None, run_after=None
[2026-08-27T14:58:40.166+0000] {logging_mixin.py:188} INFO - [2026-08-27T14:58:40.166+0000] {dag.py:3096} INFO - Sync 2 DAGs
[2026-08-27T14:58:40.178+0000] {logging_mixin.py:188} INFO - [2026-08-27T14:58:40.178+0000] {dag.py:3954} INFO - Setting next_dagrun for example_subdag_operator.section-1 to None, run_after=None
[2026-08-27T14:58:40.179+0000] {logging_mixin.py:188} INFO - [2026-08-27T14:58:40.179+0000] {dag.py:3954} INFO - Setting next_dagrun for example_subdag_operator.section-2 to None, run_after=None
[2026-08-27T14:58:40.200+0000] {processor.py:183} INFO - Processing /home/airflow/.local/lib/python3.12/site-packages/airflow/example_dags/example_subdag_operator.py took 0.206 seconds
