[2026-08-27T14:54:53.136+0000] {processor.py:161} INFO - Started process (PID=104) to work on /home/airflow/.local/lib/python3.12/site-packages/airflow/example_dags/example_python_operator.py
[2026-08-27T14:54:53.137+0000] {processor.py:830} INFO - Processing file /home/airflow/.local/lib/python3.12/site-packages/airflow/example_dags/example_python_operator.py for tasks to queue
[2026-08-27T14:54:53.140+0000] {logging_mixin.py:188} INFO - [2026-08-27T14:54:53.139+0000] {dagbag.py:545} INFO - Filling up the DagBag from /home/airflow/.local/lib/python3.12/site-packages/airflow/example_dags/example_python_operator.py
[2026-08-27T14:54:53.202+0000] {processor.py:840} INFO - DAG(s) 'example_python_operator' retrieved from /home/airflow/.local/lib/python3.12/site-packages/airflow/example_dags/example_python_operator.py
[2026-08-27T14:54:53.220+0000] {logging_mixin.py:188} INFO - [2026-08-27T14:54:53.220+0000] {dag.py:3096} INFO - Sync 1 DAGs
[2026-08-27T14:54:53.240+0000] {logging_mixin.py:188} INFO - [2026-08-27T14:54:53.239+0000] {dag.py:3954} INFO - Setting next_dagrun for example_python_operator to None, run_after=None
[2026-08-27T14:54:53.288+0000] {processor.py:183} INFO - Processing /home/airflow/.local/lib/python3.12/site-packages/airflow/example_dags/example_python_operator.py took 0.159 seconds
[2026-08-27T14:55:31.237+0000] {processor.py:161} INFO - Started process (PID=164) to work on /home/airflow/.local/lib/python3.12/site-packages/airflow/example_dags/example_python_operator.py
[2026-08-27T14:55:31.267+0000] {processor.py:830} INFO - Processing file /home/airflow/.local/lib/python3.12/site-packages/airflow/example_dags/example_python_operator.py for tasks to queue
[2026-08-27T14:55:31.270+0000] {logging_mixin.py:188} INFO - [2026-08-27T14:55:31.269+0000] {dagbag.py:545} INFO - Filling up the DagBag from /home/airflow/.local/lib/python3.12/site-packages/airflow/example_dags/example_python_operator.py
[2026-08-27T14:55:31.287+0000] {processor.py:840} INFO - DAG(s) 'example_python_operator' retrieved from /home/airflow/.local/lib/python3.12/site-packages/airflow/example_dags/example_python_operator.py
[2026-08-27T14:55:31.453+0000] {logging_mixin.py:188} INFO - [2026-08-27T14:55:31.453+0000] {dag.py:3096} INFO - Sync 1 DAGs
[2026-08-27T14:55:31.472+0000] {logging_mixin.py:188} INFO - [2026-08-27T14:55:31.472+0000] {dag.py:3954} INFO - Setting next_dagrun for example_python_operator to None, run_after=None
[2026-08-27T14:55:31.562+0000] {processor.py:183} INFO - Processing /home/airflow/.local/lib/python3.12/site-packages/airflow/example_dags/example_python_operator.py took 0.334 seconds
[2026-08-27T14:56:01.732+0000] {processor.py:161} INFO - Started process (PID=224) to work on /home/airflow/.local/lib/python3.12/site-packages/airflow/example_dags/example_python_operator.py
[2026-08-27T14:56:01.734+0000] {processor.py:830} INFO - Processing file /home/airflow/.local/lib/python3.12/site-packages/airflow/example_dags/example_python_operator.py for tasks to queue
[2026-08-27T14:56:01.737+0000] {logging_mixin.py:188} INFO - [2026-08-27T14:56:01.736+0000] {dagbag.py:545} INFO - Filling up the DagBag from /home/airflow/.local/lib/python3.12/site-packages/airflow/example_dags/example_python_operator.py
[2026-08-27T14:56:01.749+0000] {processor.py:840} INFO - DAG(s) 'example_python_operator' retrieved from /home/airflow/.local/lib/python3.12/site-packages/airflow/example_dags/example_python_operator.py
[2026-08-27T14:56:01.781+0000] {logging_mixin.py:188} INFO - [2026-08-27T14:56:01.781+0000] {dag.py:3096} INFO - Sync 1 DAGs
[2026-08-27T14:56:01.798+0000] {logging_mixin.py:188} INFO - [2026-08-27T14:56:01.798+0000] {dag.py:3954} INFO - Setting next_dagrun for example_python_operator to None, run_after=None
[2026-08-27T14:56:01.823+0000] {processor.py:183} INFO - Processing /home/airflow/.local/lib/python3.12/site-packages/airflow/example_dags/example_python_operator.py took 0.098 seconds
[2026-08-27T14:56:31.909+0000] {processor.py:161} INFO - Started process (PID=284) to work on /home/airflow/.local/lib/python3.12/site-packages/airflow/example_dags/example_python_operator.py
[2026-08-27T14:56:31.910+0000] {processor.py:830} INFO - Processing file /home/airflow/.local/lib/python3.12/site-packages/airflow/example_dags/example_python_operator.py for tasks to queue
[2026-08-27T14:56:31.912+0000] {logging_mixin.py:188} INFO - [2026-08-27T14:56:31.912+0000] {dagbag.py:545} INFO - Filling up the DagBag from /home/airflow/.local/lib/python3.12/site-packages/airflow/example_dags/example_python_operator.py
[2026-08-27T14:56:31.925+0000] {processor.py:840} INFO - DAG(s) 'example_python_operator' retrieved from /home/airflow/.local/lib/python3.12/site-packages/airflow/example_dags/example_python_operator.py
[2026-08-27T14:56:31.952+0000] {logging_mixin.py:188} INFO - [2026-08-27T14:56:31.951+0000] {dag.py:3096} INFO - Sync 1 DAGs
[2026-08-27T14:56:31.967+0000] {logging_mixin.py:188} INFO - [2026-08-27T14:56:31.966+0000] {dag.py:3954} INFO - Setting next_dagrun for example_python_operator to None, run_after=None
[2026-08-27T14:56:31.990+0000] {processor.py:183} INFO - Processing /home/airflow/.local/lib/python3.12/site-packages/airflow/example_dags/example_python_operator.py took 0.090 seconds
[2026-08-27T14:57:02.404+0000] {processor.py:161} INFO - Started process (PID=344) to work on /home/airflow/.local/lib/python3.12/site-packages/airflow/example_dags/example_python_operator.py
[2026-08-27T14:57:02.406+0000] {processor.py:830} INFO - Processing file /home/airflow/.local/lib/python3.12/site-packages/airflow/example_dags/example_python_operator.py for tasks to queue
[2026-08-27T14:57:02.410+0000] {logging_mixin.py:188} INFO - [2026-08-27T14:57:02.410+0000] {dagbag.py:545} INFO - Filling up the DagBag from /home/airflow/.local/lib/python3.12/site-packages/airflow/example_dags/example_python_operator.py
[2026-08-27T14:57:02.438+0000] {processor.py:840} INFO - DAG(s) 'example_python_operator' retrieved from /home/airflow/.local/lib/python3.12/site-packages/airflow/example_dags/example_python_operator.py
[2026-08-27T14:57:02.484+0000] {logging_mixin.py:188} INFO - [2026-08-27T14:57:02.483+0000] {dag.py:3096} INFO - Sync 1 DAGs
[2026-08-27T14:57:02.512+0000] {logging_mixin.py:188} INFO - [2026-08-27T14:57:02.512+0000] {dag.py:3954} INFO - Setting next_dagrun for example_python_operator to None, run_after=None
[2026-08-27T14:57:02.677+0000] {processor.py:183} INFO - Processing /home/airflow/.local/lib/python3.12/site-packages/airflow/example_dags/example_python_operator.py took 0.283 seconds
[2026-08-27T14:57:33.722+0000] {processor.py:161} INFO - Started process (PID=403) to work on /home/airflow/.local/lib/python3.12/site-packages/airflow/example_dags/example_python_operator.py
[2026-08-27T14:57:33.723+0000] {processor.py:830} INFO - Processing file /home/airflow/.local/lib/python3.12/site-packages/airflow/example_dags/example_python_operator.py for tasks to queue
[2026-08-27T14:57:33.726+0000] {logging_mixin.py:188} INFO - [2026-08-27T14:57:33.725+0000] {dagbag.py:545} INFO - Filling up the DagBag from /home/airflow/.local/lib/python3.12/site-packages/airflow/example_dags/example_python_operator.py
[2026-08-27T14:57:33.741+0000] {processor.py:840} INFO - DAG(s) 'example_python_operator' retrieved from /home/airflow/.local/lib/python3.12/site-packages/airflow/example_dags/example_python_operator.py
[2026-08-27T14:57:33.770+0000] {logging_mixin.py:188} INFO - [2026-08-27T14:57:33.770+0000] {dag.py:3096} INFO - Sync 1 DAGs
[2026-08-27T14:57:33.786+0000] {logging_mixin.py:188} INFO - [2026-08-27T14:57:33.786+0000] {dag.py:3954} INFO - Setting next_dagrun for example_python_operator to None, run_after=None
[2026-08-27T14:57:33.815+0000] {processor.py:183} INFO - Processing /home/airflow/.local/lib/python3.12/site-packages/airflow/example_dags/example_python_operator.py took 0.101 seconds
[2026-08-27T14:58:04.097+0000] {processor.py:161} INFO - Started process (PID=462) to work on /home/airflow/.local/lib/python3.12/site-packages/airflow/example_dags/example_python_operator.py
[2026-08-27T14:58:04.100+0000] {processor.py:830} INFO - Processing file /home/airflow/.local/lib/python3.12/site-packages/airflow/example_dags/example_python_operator.py for tasks to queue
[2026-08-27T14:58:04.103+0000] {logging_mixin.py:188} INFO - [2026-08-27T14:58:04.102+0000] {dagbag.py:545} INFO - Filling up the DagBag from /home/airflow/.local/lib/python3.12/site-packages/airflow/example_dags/example_python_operator.py
[2026-08-27T14:58:04.123+0000] {processor.py:840} INFO - DAG(s) 'example_python_operator' retrieved from /home/airflow/.local/lib/python3.12/site-packages/airflow/example_dags/example_python_operator.py
[2026-08-27T14:58:04.161+0000] {logging_mixin.py:188} INFO - [2026-08-27T14:58:04.161+0000] {dag.py:3096} INFO - Sync 1 DAGs
[2026-08-27T14:58:04.183+0000] {logging_mixin.py:188} INFO - [2026-08-27T14:58:04.183+0000] {dag.py:3954} INFO - Setting next_dagrun for example_python_operator to None, run_after=None
[2026-08-27T14:58:04.214+0000] {processor.py:183} INFO - Processing /home/airflow/.local/lib/python3.12/site-packages/airflow/example_dags/example_python_operator.py took 0.126 seconds
[2026-08-27T14:58:34.599+0000] {processor.py:161} INFO - Started process (PID=522) to work on /home/airflow/.local/lib/python3.12/site-packages/airflow/example_dags/example_python_operator.py
[2026-08-27T14:58:34.600+0000] {processor.py:830} INFO - Processing file /home/airflow/.local/lib/python3.12/site-packages/airflow/example_dags/example_python_operator.py for tasks to queue
[2026-08-27T14:58:34.603+0000] {logging_mixin.py:188} INFO - [2026-08-27T14:58:34.602+0000] {dagbag.py:545} INFO - Filling up the DagBag from /home/airflow/.local/lib/python3.12/site-packages/airflow/example_dags/example_python_operator.py
[2026-08-27T14:58:34.615+0000] {processor.py:840} INFO - DAG(s) 'example_python_operator' retrieved from /home/airflow/.local/lib/python3.12/site-packages/airflow/example_dags/example_python_operator.py
[2026-08-27T14:58:34.643+0000] {logging_mixin.py:188} INFO - [2026-08-27T14:58:34.643+0000] {dag.py:3096} INFO - Sync 1 DAGs
[2026-08-27T14:58:34.659+0000] {logging_mixin.py:188} INFO - [2026-08-27T14:58:34.659+0000] {dag.py:3954} INFO - Setting next_dagrun for example_python_operator to None, run_after=None
[2026-08-27T14:58:34.690+0000] {processor.py:183} INFO - Processing /home/airflow/.local/lib/python3.12/site-packages/airflow/example_dags/example_python_operator.py took 0.098 seconds
