[2026-08-27T14:54:55.677+0000] {processor.py:161} INFO - Started process (PID=120) to work on /home/airflow/.local/lib/python3.12/site-packages/airflow/example_dags/example_bash_operator.py
[2026-08-27T14:54:55.681+0000] {processor.py:830} INFO - Processing file /home/airflow/.local/lib/python3.12/site-packages/airflow/example_dags/example_bash_operator.py for tasks to queue
[2026-08-27T14:54:55.692+0000] {logging_mixin.py:188} INFO - [2026-08-27T14:54:55.692+0000] {dagbag.py:545} INFO - Filling up the DagBag from /home/airflow/.local/lib/python3.12/site-packages/airflow/example_dags/example_bash_operator.py
[2026-08-27T14:54:55.755+0000] {processor.py:840} INFO - DAG(s) 'example_bash_operator' retrieved from /home/airflow/.local/lib/python3.12/site-packages/airflow/example_dags/example_bash_operator.py
[2026-08-27T14:54:55.810+0000] {logging_mixin.py:188} INFO - [2026-08-27T14:54:55.809+0000] {dag.py:3096} INFO - Sync 1 DAGs
[2026-08-27T14:54:55.867+0000] {logging_mixin.py:188} INFO - [2026-08-27T14:54:55.866+0000] {dag.py:3954} INFO - Setting next_dagrun for example_bash_operator to 2026-08-26 00:00:00+00:00, run_after=2026-08-27 00:00:00+00:00
[2026-08-27T14:54:55.907+0000] {processor.py:183} INFO - Processing /home/airflow/.local/lib/python3.12/site-packages/airflow/example_dags/example_bash_operator.py took 0.267 seconds
[2026-08-27T14:55:42.475+0000] {processor.py:161} INFO - Started process (PID=186) to work on /home/airflow/.local/lib/python3.12/site-packages/airflow/example_dags/example_bash_operator.py
[2026-08-27T14:55:42.479+0000] {processor.py:830} INFO - Processing file /home/airflow/.local/lib/python3.12/site-packages/airflow/example_dags/example_bash_operator.py for tasks to queue
[2026-08-27T14:55:42.486+0000] {logging_mixin.py:188} INFO - [2026-08-27T14:55:42.485+0000] {dagbag.py:545} INFO - Filling up the DagBag from /home/airflow/.local/lib/python3.12/site-packages/airflow/example_dags/example_bash_operator.py
[2026-08-27T14:55:42.535+0000] {processor.py:840} INFO - DAG(s) 'example_bash_operator' retrieved from /home/airflow/.local/lib/python3.12/site-packages/airflow/example_dags/example_bash_operator.py
[2026-08-27T14:55:42.892+0000] {logging_mixin.py:188} INFO - [2026-08-27T14:55:42.891+0000] {dag.py:3096} INFO - Sync 1 DAGs
[2026-08-27T14:55:42.958+0000] {logging_mixin.py:188} INFO - [2026-08-27T14:55:42.957+0000] {dag.py:3954} INFO - Setting next_dagrun for example_bash_operator to 2026-08-26 00:00:00+00:00, run_after=2026-08-27 00:00:00+00:00
[2026-08-27T14:55:43.014+0000] {processor.py:183} INFO - Processing /home/airflow/.local/lib/python3.12/site-packages/airflow/example_dags/example_bash_operator.py took 0.559 seconds
[2026-08-27T14:56:13.722+0000] {processor.py:161} INFO - Started process (PID=246) to work on /home/airflow/.local/lib/python3.12/site-packages/airflow/example_dags/example_bash_operator.py
[2026-08-27T14:56:13.723+0000] {processor.py:830} INFO - Processing file /home/airflow/.local/lib/python3.12/site-packages/airflow/example_dags/example_bash_operator.py for tasks to queue
[2026-08-27T14:56:13.725+0000] {logging_mixin.py:188} INFO - [2026-08-27T14:56:13.725+0000] {dagbag.py:545} INFO - Filling up the DagBag from /home/airflow/.local/lib/python3.12/site-packages/airflow/example_dags/example_bash_operator.py
[2026-08-27T14:56:13.740+0000] {processor.py:840} INFO - DAG(s) 'example_bash_operator' retrieved from /home/airflow/.local/lib/python3.12/site-packages/airflow/example_dags/example_bash_operator.py
[2026-08-27T14:56:13.789+0000] {logging_mixin.py:188} INFO - [2026-08-27T14:56:13.789+0000] {dag.py:3096} INFO - Sync 1 DAGs
[2026-08-27T14:56:13.825+0000] {logging_mixin.py:188} INFO - [2026-08-27T14:56:13.824+0000] {dag.py:3954} INFO - Setting next_dagrun for example_bash_operator to 2026-08-26 00:00:00+00:00, run_after=2026-08-27 00:00:00+00:00
[2026-08-27T14:56:13.854+0000] {processor.py:183} INFO - Processing /home/airflow/.local/lib/python3.12/site-packages/airflow/example_dags/example_bash_operator.py took 0.139 seconds
[2026-08-27T14:56:44.194+0000] {processor.py:161} INFO - Started process (PID=306) to work on /home/airflow/.local/lib/python3.12/site-packages/airflow/example_dags/example_bash_operator.py
[2026-08-27T14:56:44.196+0000] {processor.py:830} INFO - Processing file /home/airflow/.local/lib/python3.12/site-packages/airflow/example_dags/example_bash_operator.py for tasks to queue
[2026-08-27T14:56:44.198+0000] {logging_mixin.py:188} INFO - [2026-08-27T14:56:44.198+0000] {dagbag.py:545} INFO - Filling up the DagBag from /home/airflow/.local/lib/python3.12/site-packages/airflow/example_dags/example_bash_operator.py
[2026-08-27T14:56:44.216+0000] {processor.py:840} INFO - DAG(s) 'example_bash_operator' retrieved from /home/airflow/.local/lib/python3.12/site-packages/airflow/example_dags/example_bash_operator.py
[2026-08-27T14:56:44.250+0000] {logging_mixin.py:188} INFO - [2026-08-27T14:56:44.250+0000] {dag.py:3096} INFO - Sync 1 DAGs
[2026-08-27T14:56:44.279+0000] {logging_mixin.py:188} INFO - [2026-08-27T14:56:44.279+0000] {dag.py:3954} INFO - Setting next_dagrun for example_bash_operator to 2026-08-26 00:00:00+00:00, run_after=2026-08-27 00:00:00+00:00
[2026-08-27T14:56:44.305+0000] {processor.py:183} INFO - Processing /home/airflow/.local/lib/python3.12/site-packages/airflow/example_dags/example_bash_operator.py took 0.121 seconds
[2026-08-27T14:57:14.821+0000] {processor.py:161} INFO - Started process (PID=366) to work on /home/airflow/.local/lib/python3.12/site-packages/airflow/example_dags/example_bash_operator.py
[2026-08-27T14:57:14.822+0000] {processor.py:830} INFO - Processing file /home/airflow/.local/lib/python3.12/site-packages/airflow/example_dags/example_bash_operator.py for tasks to queue
[2026-08-27T14:57:14.824+0000] {logging_mixin.py:188} INFO - [2026-08-27T14:57:14.824+0000] {dagbag.py:545} INFO - Filling up the DagBag from /home/airflow/.local/lib/python3.12/site-packages/airflow/example_dags/example_bash_operator.py
[2026-08-27T14:57:14.840+0000] {processor.py:840} INFO - DAG(s) 'example_bash_operator' retrieved from /home/airflow/.local/lib/python3.12/site-packages/airflow/example_dags/example_bash_operator.py
[2026-08-27T14:57:14.875+0000] {logging_mixin.py:188} INFO - [2026-08-27T14:57:14.875+0000] {dag.py:3096} INFO - Sync 1 DAGs
[2026-08-27T14:57:14.906+0000] {logging_mixin.py:188} INFO - [2026-08-27T14:57:14.906+0000] {dag.py:3954} INFO - Setting next_dagrun for example_bash_operator to 2026-08-26 00:00:00+00:00, run_after=2026-08-27 00:00:00+00:00
[2026-08-27T14:57:14.932+0000] {processor.py:183} INFO - Processing /home/airflow/.local/lib/python3.12/site-packages/airflow/example_dags/example_bash_operator.py took 0.118 seconds
[2026-08-27T14:57:45.422+0000] {processor.py:161} INFO - Started process (PID=426) to work on /home/airflow/.local/lib/python3.12/site-packages/airflow/example_dags/example_bash_operator.py
[2026-08-27T14:57:45.423+0000] {processor.py:830} INFO - Processing file /home/airflow/.local/lib/python3.12/site-packages/airflow/example_dags/example_bash_operator.py for tasks to queue
[2026-08-27T14:57:45.425+0000] {logging_mixin.py:188} INFO - [2026-08-27T14:57:45.425+0000] {dagbag.py:545} INFO - Filling up the DagBag from /home/airflow/.local/lib/python3.12/site-packages/airflow/example_dags/example_bash_operator.py
[2026-08-27T14:57:45.439+0000] {processor.py:840} INFO - DAG(s) 'example_bash_operator' retrieved from /home/airflow/.local/lib/python3.12/site-packages/airflow/example_dags/example_bash_operator.py
[2026-08-27T14:57:45.480+0000] {logging_mixin.py:188} INFO - [2026-08-27T14:57:45.479+0000] {dag.py:3096} INFO - Sync 1 DAGs
[2026-08-27T14:57:45.517+0000] {logging_mixin.py:188} INFO - [2026-08-27T14:57:45.516+0000] {dag.py:3954} INFO - Setting next_dagrun for example_bash_operator to 2026-08-26 00:00:00+00:00, run_after=2026-08-27 00:00:00+00:00
[2026-08-27T14:57:45.552+0000] {processor.py:183} INFO - Processing /home/airflow/.local/lib/python3.12/site-packages/airflow/example_dags/example_bash_operator.py took 0.138 seconds
[2026-08-27T14:58:15.679+0000] {processor.py:161} INFO - Started process (PID=486) to work on /home/airflow/.local/lib/python3.12/site-packages/airflow/example_dags/example_bash_operator.py
[2026-08-27T14:58:15.683+0000] {processor.py:830} INFO - Processing file /home/airflow/.local/lib/python3.12/site-packages/airflow/example_dags/example_bash_operator.py for tasks to queue
[2026-08-27T14:58:15.686+0000] {logging_mixin.py:188} INFO - [2026-08-27T14:58:15.685+0000] {dagbag.py:545} INFO - Filling up the DagBag from /home/airflow/.local/lib/python3.12/site-packages/airflow/example_dags/example_bash_operator.py
[2026-08-27T14:58:15.705+0000] {processor.py:840} INFO - DAG(s) 'example_bash_operator' retrieved from /home/airflow/.local/lib/python3.12/site-packages/airflow/example_dags/example_bash_operator.py
[2026-08-27T14:58:15.745+0000] {logging_mixin.py:188} INFO - [2026-08-27T14:58:15.745+0000] {dag.py:3096} INFO - Sync 1 DAGs
[2026-08-27T14:58:15.775+0000] {logging_mixin.py:188} INFO - [2026-08-27T14:58:15.775+0000] {dag.py:3954} INFO - Setting next_dagrun for example_bash_operator to 2026-08-26 00:00:00+00:00, run_after=2026-08-27 00:00:00+00:00
[2026-08-27T14:58:15.800+0000] {processor.py:183} INFO - Processing /home/airflow/.local/lib/python3.12/site-packages/airflow/example_dags/example_bash_operator.py took 0.132 seconds
[2026-08-27T14:58:45.870+0000] {processor.py:161} INFO - Started process (PID=546) to work on /home/airflow/.local/lib/python3.12/site-packages/airflow/example_dags/example_bash_operator.py
[2026-08-27T14:58:45.873+0000] {processor.py:830} INFO - Processing file /home/airflow/.local/lib/python3.12/site-packages/airflow/example_dags/example_bash_operator.py for tasks to queue
[2026-08-27T14:58:45.876+0000] {logging_mixin.py:188} INFO - [2026-08-27T14:58:45.876+0000] {dagbag.py:545} INFO - Filling up the DagBag from /home/airflow/.local/lib/python3.12/site-packages/airflow/example_dags/example_bash_operator.py
[2026-08-27T14:58:45.899+0000] {processor.py:840} INFO - DAG(s) 'example_bash_operator' retrieved from /home/airflow/.local/lib/python3.12/site-packages/airflow/example_dags/example_bash_operator.py
[2026-08-27T14:58:45.957+0000] {logging_mixin.py:188} INFO - [2026-08-27T14:58:45.956+0000] {dag.py:3096} INFO - Sync 1 DAGs
[2026-08-27T14:58:46.006+0000] {logging_mixin.py:188} INFO - [2026-08-27T14:58:46.006+0000] {dag.py:3954} INFO - Setting next_dagrun for example_bash_operator to 2026-08-26 00:00:00+00:00, run_after=2026-08-27 00:00:00+00:00
[2026-08-27T14:58:46.046+0000] {processor.py:183} INFO - Processing /home/airflow/.local/lib/python3.12/site-packages/airflow/example_dags/example_bash_operator.py took 0.192 seconds
