[2026-08-27T14:54:55.063+0000] {processor.py:161} INFO - Started process (PID=117) to work on /home/airflow/.local/lib/python3.12/site-packages/airflow/example_dags/example_skip_dag.py
[2026-08-27T14:54:55.064+0000] {processor.py:830} INFO - Processing file /home/airflow/.local/lib/python3.12/site-packages/airflow/example_dags/example_skip_dag.py for tasks to queue
[2026-08-27T14:54:55.067+0000] {logging_mixin.py:188} INFO - [2026-08-27T14:54:55.067+0000] {dagbag.py:545} INFO - Filling up the DagBag from /home/airflow/.local/lib/python3.12/site-packages/airflow/example_dags/example_skip_dag.py
[2026-08-27T14:54:55.094+0000] {processor.py:840} INFO - DAG(s) 'example_skip_dag' retrieved from /home/airflow/.local/lib/python3.12/site-packages/airflow/example_dags/example_skip_dag.py
[2026-08-27T14:54:55.112+0000] {logging_mixin.py:188} INFO - [2026-08-27T14:54:55.112+0000] {dag.py:3096} INFO - Sync 1 DAGs
[2026-08-27T14:54:55.144+0000] {logging_mixin.py:188} INFO - [2026-08-27T14:54:55.144+0000] {dag.py:3954} INFO - Setting next_dagrun for example_skip_dag to 2026-08-26 00:00:00+00:00, run_after=2026-08-27 00:00:00+00:00
[2026-08-27T14:54:55.209+0000] {processor.py:183} INFO - Processing /home/airflow/.local/lib/python3.12/site-packages/airflow/example_dags/example_skip_dag.py took 0.158 seconds
[2026-08-27T14:55:41.788+0000] {processor.py:161} INFO - Started process (PID=183) to work on /home/airflow/.local/lib/python3.12/site-packages/airflow/example_dags/example_skip_dag.py
[2026-08-27T14:55:41.793+0000] {processor.py:830} INFO - Processing file /home/airflow/.local/lib/python3.12/site-packages/airflow/example_dags/example_skip_dag.py for tasks to queue
[2026-08-27T14:55:41.807+0000] {logging_mixin.py:188} INFO - [2026-08-27T14:55:41.806+0000] {dagbag.py:545} INFO - Filling up the DagBag from /home/airflow/.local/lib/python3.12/site-packages/airflow/example_dags/example_skip_dag.py
[2026-08-27T14:55:41.846+0000] {processor.py:840} INFO - DAG(s) 'example_skip_dag' retrieved from /home/airflow/.local/lib/python3.12/site-packages/airflow/example_dags/example_skip_dag.py
[2026-08-27T14:55:42.268+0000] {logging_mixin.py:188} INFO - [2026-08-27T14:55:42.267+0000] {dag.py:3096} INFO - Sync 1 DAGs
[2026-08-27T14:55:42.336+0000] {logging_mixin.py:188} INFO - [2026-08-27T14:55:42.336+0000] {dag.py:3954} INFO - Setting next_dagrun for example_skip_dag to 2026-08-26 00:00:00+00:00, run_after=2026-08-27 00:00:00+00:00
[2026-08-27T14:55:42.390+0000] {processor.py:183} INFO - Processing /home/airflow/.local/lib/python3.12/site-packages/airflow/example_dags/example_skip_dag.py took 0.619 seconds
[2026-08-27T14:56:12.557+0000] {processor.py:161} INFO - Started process (PID=243) to work on /home/airflow/.local/lib/python3.12/site-packages/airflow/example_dags/example_skip_dag.py
[2026-08-27T14:56:12.559+0000] {processor.py:830} INFO - Processing file /home/airflow/.local/lib/python3.12/site-packages/airflow/example_dags/example_skip_dag.py for tasks to queue
[2026-08-27T14:56:12.562+0000] {logging_mixin.py:188} INFO - [2026-08-27T14:56:12.562+0000] {dagbag.py:545} INFO - Filling up the DagBag from /home/airflow/.local/lib/python3.12/site-packages/airflow/example_dags/example_skip_dag.py
[2026-08-27T14:56:12.574+0000] {processor.py:840} INFO - DAG(s) 'example_skip_dag' retrieved from /home/airflow/.local/lib/python3.12/site-packages/airflow/example_dags/example_skip_dag.py
[2026-08-27T14:56:12.603+0000] {logging_mixin.py:188} INFO - [2026-08-27T14:56:12.603+0000] {dag.py:3096} INFO - Sync 1 DAGs
[2026-08-27T14:56:12.633+0000] {logging_mixin.py:188} INFO - [2026-08-27T14:56:12.632+0000] {dag.py:3954} INFO - Setting next_dagrun for example_skip_dag to 2026-08-26 00:00:00+00:00, run_after=2026-08-27 00:00:00+00:00
[2026-08-27T14:56:12.661+0000] {processor.py:183} INFO - Processing /home/airflow/.local/lib/python3.12/site-packages/airflow/example_dags/example_skip_dag.py took 0.112 seconds
[2026-08-27T14:56:43.028+0000] {processor.py:161} INFO - Started process (PID=303) to work on /home/airflow/.local/lib/python3.12/site-packages/airflow/example_dags/example_skip_dag.py
[2026-08-27T14:56:43.030+0000] {processor.py:830} INFO - Processing file /home/airflow/.local/lib/python3.12/site-packages/airflow/example_dags/example_skip_dag.py for tasks to queue
[2026-08-27T14:56:43.033+0000] {logging_mixin.py:188} INFO - [2026-08-27T14:56:43.033+0000] {dagbag.py:545} INFO - Filling up the DagBag from /home/airflow/.local/lib/python3.12/site-packages/airflow/example_dags/example_skip_dag.py
[2026-08-27T14:56:43.043+0000] {processor.py:840} INFO - DAG(s) 'example_skip_dag' retrieved from /home/airflow/.local/lib/python3.12/site-packages/airflow/example_dags/example_skip_dag.py
[2026-08-27T14:56:43.072+0000] {logging_mixin.py:188} INFO - [2026-08-27T14:56:43.072+0000] {dag.py:3096} INFO - Sync 1 DAGs
[2026-08-27T14:56:43.102+0000] {logging_mixin.py:188} INFO - [2026-08-27T14:56:43.102+0000] {dag.py:3954} INFO - Setting next_dagrun for example_skip_dag to 2026-08-26 00:00:00+00:00, run_after=2026-08-27 00:00:00+00:00
[2026-08-27T14:56:43.129+0000] {processor.py:183} INFO - Processing /home/airflow/.local/lib/python3.12/site-packages/airflow/example_dags/example_skip_dag.py took 0.109 seconds
[2026-08-27T14:57:13.674+0000] {processor.py:161} INFO - Started process (PID=363) to work on /home/airflow/.local/lib/python3.12/site-packages/airflow/example_dags/example_skip_dag.py
[2026-08-27T14:57:13.675+0000] {processor.py:830} INFO - Processing file /home/airflow/.local/lib/python3.12/site-packages/airflow/example_dags/example_skip_dag.py for tasks to queue
[2026-08-27T14:57:13.678+0000] {logging_mixin.py:188} INFO - [2026-08-27T14:57:13.677+0000] {dagbag.py:545} INFO - Filling up the DagBag from /home/airflow/.local/lib/python3.12/site-packages/airflow/example_dags/example_skip_dag.py
[2026-08-27T14:57:13.685+0000] {processor.py:840} INFO - DAG(s) 'example_skip_dag' retrieved from /home/airflow/.local/lib/python3.12/site-packages/airflow/example_dags/example_skip_dag.py
[2026-08-27T14:57:13.711+0000] {logging_mixin.py:188} INFO - [2026-08-27T14:57:13.711+0000] {dag.py:3096} INFO - Sync 1 DAGs
[2026-08-27T14:57:13.738+0000] {logging_mixin.py:188} INFO - [2026-08-27T14:57:13.738+0000] {dag.py:3954} INFO - Setting next_dagrun for example_skip_dag to 2026-08-26 00:00:00+00:00, run_after=2026-08-27 00:00:00+00:00
[2026-08-27T14:57:13.762+0000] {processor.py:183} INFO - Processing /home/airflow/.local/lib/python3.12/site-packages/airflow/example_dags/example_skip_dag.py took 0.095 seconds
[2026-08-27T14:57:44.279+0000] {processor.py:161} INFO - Started process (PID=423) to work on /home/airflow/.local/lib/python3.12/site-packages/airflow/example_dags/example_skip_dag.py
[2026-08-27T14:57:44.280+0000] {processor.py:830} INFO - Processing file /home/airflow/.local/lib/python3.12/site-packages/airflow/example_dags/example_skip_dag.py for tasks to queue
[2026-08-27T14:57:44.283+0000] {logging_mixin.py:188} INFO - [2026-08-27T14:57:44.282+0000] {dagbag.py:545} INFO - Filling up the DagBag from /home/airflow/.local/lib/python3.12/site-packages/airflow/example_dags/example_skip_dag.py
[2026-08-27T14:57:44.290+0000] {processor.py:840} INFO - DAG(s) 'example_skip_dag' retrieved from /home/airflow/.local/lib/python3.12/site-packages/airflow/example_dags/example_skip_dag.py
[2026-08-27T14:57:44.318+0000] {logging_mixin.py:188} INFO - [2026-08-27T14:57:44.317+0000] {dag.py:3096} INFO - Sync 1 DAGs
[2026-08-27T14:57:44.346+0000] {logging_mixin.py:188} INFO - [2026-08-27T14:57:44.346+0000] {dag.py:3954} INFO - Setting next_dagrun for example_skip_dag to 2026-08-26 00:00:00+00:00, run_after=2026-08-27 00:00:00+00:00
[2026-08-27T14:57:44.372+0000] {processor.py:183} INFO - Processing /home/airflow/.local/lib/python3.12/site-packages/airflow/example_dags/example_skip_dag.py took 0.101 seconds
[2026-08-27T14:58:14.461+0000] {processor.py:161} INFO - Started process (PID=483) to work on /home/airflow/.local/lib/python3.12/site-packages/airflow/example_dags/example_skip_dag.py
[2026-08-27T14:58:14.463+0000] {processor.py:830} INFO - Processing file /home/airflow/.local/lib/python3.12/site-packages/airflow/example_dags/example_skip_dag.py for tasks to queue
[2026-08-27T14:58:14.466+0000] {logging_mixin.py:188} INFO - [2026-08-27T14:58:14.465+0000] {dagbag.py:545} INFO - Filling up the DagBag from /home/airflow/.local/lib/python3.12/site-packages/airflow/example_dags/example_skip_dag.py
[2026-08-27T14:58:14.473+0000] {processor.py:840} INFO - DAG(s) 'example_skip_dag' retrieved from /home/airflow/.local/lib/python3.12/site-packages/airflow/example_dags/example_skip_dag.py
[2026-08-27T14:58:14.503+0000] {logging_mixin.py:188} INFO - [2026-08-27T14:58:14.502+0000] {dag.py:3096} INFO - Sync 1 DAGs
[2026-08-27T14:58:14.542+0000] {logging_mixin.py:188} INFO - [2026-08-27T14:58:14.542+0000] {dag.py:3954} INFO - Setting next_dagrun for example_skip_dag to 2026-08-26 00:00:00+00:00, run_after=2026-08-27 00:00:00+00:00
[2026-08-27T14:58:14.593+0000] {processor.py:183} INFO - Processing /home/airflow/.local/lib/python3.12/site-packages/airflow/example_dags/example_skip_dag.py took 0.139 seconds
[2026-08-27T14:58:44.710+0000] {processor.py:161} INFO - Started process (PID=543) to work on /home/airflow/.local/lib/python3.12/site-packages/airflow/example_dags/example_skip_dag.py
[2026-08-27T14:58:44.711+0000] {processor.py:830} INFO - Processing file /home/airflow/.local/lib/python3.12/site-packages/airflow/example_dags/example_skip_dag.py for tasks to queue
[2026-08-27T14:58:44.714+0000] {logging_mixin.py:188} INFO - [2026-08-27T14:58:44.713+0000] {dagbag.py:545} INFO - Filling up the DagBag from /home/airflow/.local/lib/python3.12/site-packages/airflow/example_dags/example_skip_dag.py
[2026-08-27T14:58:44.722+0000] {processor.py:840} INFO - DAG(s) 'example_skip_dag' retrieved from /home/airflow/.local/lib/python3.12/site-packages/airflow/example_dags/example_skip_dag.py
[2026-08-27T14:58:44.747+0000] {logging_mixin.py:188} INFO - [2026-08-27T14:58:44.747+0000] {dag.py:3096} INFO - Sync 1 DAGs
[2026-08-27T14:58:44.778+0000] {logging_mixin.py:188} INFO - [2026-08-27T14:58:44.778+0000] {dag.py:3954} INFO - Setting next_dagrun for example_skip_dag to 2026-08-26 00:00:00+00:00, run_after=2026-08-27 00:00:00+00:00
[2026-08-27T14:58:44.803+0000] {processor.py:183} INFO - Processing /home/airflow/.local/lib/python3.12/site-packages/airflow/example_dags/example_skip_dag.py took 0.100 seconds
