[2026-08-27T14:54:55.106+0000] {processor.py:161} INFO - Started process (PID=118) to work on /home/airflow/.local/lib/python3.12/site-packages/airflow/example_dags/example_bash_decorator.py
[2026-08-27T14:54:55.109+0000] {processor.py:830} INFO - Processing file /home/airflow/.local/lib/python3.12/site-packages/airflow/example_dags/example_bash_decorator.py for tasks to queue
[2026-08-27T14:54:55.111+0000] {logging_mixin.py:188} INFO - [2026-08-27T14:54:55.111+0000] {dagbag.py:545} INFO - Filling up the DagBag from /home/airflow/.local/lib/python3.12/site-packages/airflow/example_dags/example_bash_decorator.py
[2026-08-27T14:54:55.139+0000] {processor.py:840} INFO - DAG(s) 'example_bash_decorator' retrieved from /home/airflow/.local/lib/python3.12/site-packages/airflow/example_dags/example_bash_decorator.py
[2026-08-27T14:54:55.155+0000] {logging_mixin.py:188} INFO - [2026-08-27T14:54:55.155+0000] {dag.py:3096} INFO - Sync 1 DAGs
[2026-08-27T14:54:55.177+0000] {logging_mixin.py:188} INFO - [2026-08-27T14:54:55.177+0000] {dag.py:3954} INFO - Setting next_dagrun for example_bash_decorator to None, run_after=None
[2026-08-27T14:54:55.218+0000] {processor.py:183} INFO - Processing /home/airflow/.local/lib/python3.12/site-packages/airflow/example_dags/example_bash_decorator.py took 0.120 seconds
[2026-08-27T14:55:41.801+0000] {processor.py:161} INFO - Started process (PID=184) to work on /home/airflow/.local/lib/python3.12/site-packages/airflow/example_dags/example_bash_decorator.py
[2026-08-27T14:55:41.810+0000] {processor.py:830} INFO - Processing file /home/airflow/.local/lib/python3.12/site-packages/airflow/example_dags/example_bash_decorator.py for tasks to queue
[2026-08-27T14:55:41.822+0000] {logging_mixin.py:188} INFO - [2026-08-27T14:55:41.821+0000] {dagbag.py:545} INFO - Filling up the DagBag from /home/airflow/.local/lib/python3.12/site-packages/airflow/example_dags/example_bash_decorator.py
[2026-08-27T14:55:41.872+0000] {processor.py:840} INFO - DAG(s) 'example_bash_decorator' retrieved from /home/airflow/.local/lib/python3.12/site-packages/airflow/example_dags/example_bash_decorator.py
[2026-08-27T14:55:42.261+0000] {logging_mixin.py:188} INFO - [2026-08-27T14:55:42.260+0000] {dag.py:3096} INFO - Sync 1 DAGs
[2026-08-27T14:55:42.300+0000] {logging_mixin.py:188} INFO - [2026-08-27T14:55:42.299+0000] {dag.py:3954} INFO - Setting next_dagrun for example_bash_decorator to None, run_after=None
[2026-08-27T14:55:42.359+0000] {processor.py:183} INFO - Processing /home/airflow/.local/lib/python3.12/site-packages/airflow/example_dags/example_bash_decorator.py took 0.580 seconds
[2026-08-27T14:56:12.683+0000] {processor.py:161} INFO - Started process (PID=244) to work on /home/airflow/.local/lib/python3.12/site-packages/airflow/example_dags/example_bash_decorator.py
[2026-08-27T14:56:12.684+0000] {processor.py:830} INFO - Processing file /home/airflow/.local/lib/python3.12/site-packages/airflow/example_dags/example_bash_decorator.py for tasks to queue
[2026-08-27T14:56:12.688+0000] {logging_mixin.py:188} INFO - [2026-08-27T14:56:12.687+0000] {dagbag.py:545} INFO - Filling up the DagBag from /home/airflow/.local/lib/python3.12/site-packages/airflow/example_dags/example_bash_decorator.py
[2026-08-27T14:56:12.705+0000] {processor.py:840} INFO - DAG(s) 'example_bash_decorator' retrieved from /home/airflow/.local/lib/python3.12/site-packages/airflow/example_dags/example_bash_decorator.py
[2026-08-27T14:56:12.735+0000] {logging_mixin.py:188} INFO - [2026-08-27T14:56:12.734+0000] {dag.py:3096} INFO - Sync 1 DAGs
[2026-08-27T14:56:12.752+0000] {logging_mixin.py:188} INFO - [2026-08-27T14:56:12.752+0000] {dag.py:3954} INFO - Setting next_dagrun for example_bash_decorator to None, run_after=None
[2026-08-27T14:56:12.783+0000] {processor.py:183} INFO - Processing /home/airflow/.local/lib/python3.12/site-packages/airflow/example_dags/example_bash_decorator.py took 0.108 seconds
[2026-08-27T14:56:43.152+0000] {processor.py:161} INFO - Started process (PID=304) to work on /home/airflow/.local/lib/python3.12/site-packages/airflow/example_dags/example_bash_decorator.py
[2026-08-27T14:56:43.153+0000] {processor.py:830} INFO - Processing file /home/airflow/.local/lib/python3.12/site-packages/airflow/example_dags/example_bash_decorator.py for tasks to queue
[2026-08-27T14:56:43.155+0000] {logging_mixin.py:188} INFO - [2026-08-27T14:56:43.155+0000] {dagbag.py:545} INFO - Filling up the DagBag from /home/airflow/.local/lib/python3.12/site-packages/airflow/example_dags/example_bash_decorator.py
[2026-08-27T14:56:43.173+0000] {processor.py:840} INFO - DAG(s) 'example_bash_decorator' retrieved from /home/airflow/.local/lib/python3.12/site-packages/airflow/example_dags/example_bash_decorator.py
[2026-08-27T14:56:43.200+0000] {logging_mixin.py:188} INFO - [2026-08-27T14:56:43.200+0000] {dag.py:3096} INFO - Sync 1 DAGs
[2026-08-27T14:56:43.216+0000] {logging_mixin.py:188} INFO - [2026-08-27T14:56:43.216+0000] {dag.py:3954} INFO - Setting next_dagrun for example_bash_decorator to None, run_after=None
[2026-08-27T14:56:43.240+0000] {processor.py:183} INFO - Processing /home/airflow/.local/lib/python3.12/site-packages/airflow/example_dags/example_bash_decorator.py took 0.097 seconds
[2026-08-27T14:57:13.795+0000] {processor.py:161} INFO - Started process (PID=364) to work on /home/airflow/.local/lib/python3.12/site-packages/airflow/example_dags/example_bash_decorator.py
[2026-08-27T14:57:13.796+0000] {processor.py:830} INFO - Processing file /home/airflow/.local/lib/python3.12/site-packages/airflow/example_dags/example_bash_decorator.py for tasks to queue
[2026-08-27T14:57:13.799+0000] {logging_mixin.py:188} INFO - [2026-08-27T14:57:13.799+0000] {dagbag.py:545} INFO - Filling up the DagBag from /home/airflow/.local/lib/python3.12/site-packages/airflow/example_dags/example_bash_decorator.py
[2026-08-27T14:57:13.816+0000] {processor.py:840} INFO - DAG(s) 'example_bash_decorator' retrieved from /home/airflow/.local/lib/python3.12/site-packages/airflow/example_dags/example_bash_decorator.py
[2026-08-27T14:57:13.844+0000] {logging_mixin.py:188} INFO - [2026-08-27T14:57:13.843+0000] {dag.py:3096} INFO - Sync 1 DAGs
[2026-08-27T14:57:13.859+0000] {logging_mixin.py:188} INFO - [2026-08-27T14:57:13.858+0000] {dag.py:3954} INFO - Setting next_dagrun for example_bash_decorator to None, run_after=None
[2026-08-27T14:57:13.880+0000] {processor.py:183} INFO - Processing /home/airflow/.local/lib/python3.12/site-packages/airflow/example_dags/example_bash_decorator.py took 0.091 seconds
[2026-08-27T14:57:44.393+0000] {processor.py:161} INFO - Started process (PID=424) to work on /home/airflow/.local/lib/python3.12/site-packages/airflow/example_dags/example_bash_decorator.py
[2026-08-27T14:57:44.394+0000] {processor.py:830} INFO - Processing file /home/airflow/.local/lib/python3.12/site-packages/airflow/example_dags/example_bash_decorator.py for tasks to queue
[2026-08-27T14:57:44.396+0000] {logging_mixin.py:188} INFO - [2026-08-27T14:57:44.396+0000] {dagbag.py:545} INFO - Filling up the DagBag from /home/airflow/.local/lib/python3.12/site-packages/airflow/example_dags/example_bash_decorator.py
[2026-08-27T14:57:44.412+0000] {processor.py:840} INFO - DAG(s) 'example_bash_decorator' retrieved from /home/airflow/.local/lib/python3.12/site-packages/airflow/example_dags/example_bash_decorator.py
[2026-08-27T14:57:44.440+0000] {logging_mixin.py:188} INFO - [2026-08-27T14:57:44.440+0000] {dag.py:3096} INFO - Sync 1 DAGs
[2026-08-27T14:57:44.455+0000] {logging_mixin.py:188} INFO - [2026-08-27T14:57:44.455+0000] {dag.py:3954} INFO - Setting next_dagrun for example_bash_decorator to None, run_after=None
[2026-08-27T14:57:44.477+0000] {processor.py:183} INFO - Processing /home/airflow/.local/lib/python3.12/site-packages/airflow/example_dags/example_bash_decorator.py took 0.091 seconds
[2026-08-27T14:58:14.649+0000] {processor.py:161} INFO - Started process (PID=484) to work on /home/airflow/.local/lib/python3.12/site-packages/airflow/example_dags/example_bash_decorator.py
[2026-08-27T14:58:14.664+0000] {processor.py:830} INFO - Processing file /home/airflow/.local/lib/python3.12/site-packages/airflow/example_dags/example_bash_decorator.py for tasks to queue
[2026-08-27T14:58:14.666+0000] {logging_mixin.py:188} INFO - [2026-08-27T14:58:14.666+0000] {dagbag.py:545} INFO - Filling up the DagBag from /home/airflow/.local/lib/python3.12/site-packages/airflow/example_dags/example_bash_decorator.py
[2026-08-27T14:58:14.690+0000] {processor.py:840} INFO - DAG(s) 'example_bash_decorator' retrieved from /home/airflow/.local/lib/python3.12/site-packages/airflow/example_dags/example_bash_decorator.py
[2026-08-27T14:58:14.724+0000] {logging_mixin.py:188} INFO - [2026-08-27T14:58:14.723+0000] {dag.py:3096} INFO - Sync 1 DAGs
[2026-08-27T14:58:14.740+0000] {logging_mixin.py:188} INFO - [2026-08-27T14:58:14.740+0000] {dag.py:3954} INFO - Setting next_dagrun for example_bash_decorator to None, run_after=None
[2026-08-27T14:58:14.766+0000] {processor.py:183} INFO - Processing /home/airflow/.local/lib/python3.12/site-packages/airflow/example_dags/example_bash_decorator.py took 0.126 seconds
[2026-08-27T14:58:44.837+0000] {processor.py:161} INFO - Started process (PID=544) to work on /home/airflow/.local/lib/python3.12/site-packages/airflow/example_dags/example_bash_decorator.py
[2026-08-27T14:58:44.838+0000] {processor.py:830} INFO - Processing file /home/airflow/.local/lib/python3.12/site-packages/airflow/example_dags/example_bash_decorator.py for tasks to queue
[2026-08-27T14:58:44.841+0000] {logging_mixin.py:188} INFO - [2026-08-27T14:58:44.841+0000] {dagbag.py:545} INFO - Filling up the DagBag from /home/airflow/.local/lib/python3.12/site-packages/airflow/example_dags/example_bash_decorator.py
[2026-08-27T14:58:44.858+0000] {processor.py:840} INFO - DAG(s) 'example_bash_decorator' retrieved from /home/airflow/.local/lib/python3.12/site-packages/airflow/example_dags/example_bash_decorator.py
[2026-08-27T14:58:44.889+0000] {logging_mixin.py:188} INFO - [2026-08-27T14:58:44.889+0000] {dag.py:3096} INFO - Sync 1 DAGs
[2026-08-27T14:58:44.908+0000] {logging_mixin.py:188} INFO - [2026-08-27T14:58:44.907+0000] {dag.py:3954} INFO - Setting next_dagrun for example_bash_decorator to None, run_after=None
[2026-08-27T14:58:44.929+0000] {processor.py:183} INFO - Processing /home/airflow/.local/lib/python3.12/site-packages/airflow/example_dags/example_bash_decorator.py took 0.101 seconds
