[2026-08-27T14:54:53.538+0000] {processor.py:161} INFO - Started process (PID=108) to work on /home/airflow/.local/lib/python3.12/site-packages/airflow/example_dags/example_datasets.py
[2026-08-27T14:54:53.540+0000] {processor.py:830} INFO - Processing file /home/airflow/.local/lib/python3.12/site-packages/airflow/example_dags/example_datasets.py for tasks to queue
[2026-08-27T14:54:53.543+0000] {logging_mixin.py:188} INFO - [2026-08-27T14:54:53.542+0000] {dagbag.py:545} INFO - Filling up the DagBag from /home/airflow/.local/lib/python3.12/site-packages/airflow/example_dags/example_datasets.py
[2026-08-27T14:54:53.588+0000] {processor.py:840} INFO - DAG(s) 'dataset_consumes_1_and_2', 'dataset_produces_1', 'dataset_produces_2', 'consume_1_or_both_2_and_3_with_dataset_expressions', 'dataset_consumes_1_never_scheduled', 'consume_1_or_2_with_dataset_expressions', 'dataset_consumes_1', 'dataset_consumes_unknown_never_scheduled', 'conditional_dataset_and_time_based_timetable', 'consume_1_and_2_with_dataset_expressions' retrieved from /home/airflow/.local/lib/python3.12/site-packages/airflow/example_dags/example_datasets.py
[2026-08-27T14:54:53.623+0000] {logging_mixin.py:188} INFO - [2026-08-27T14:54:53.623+0000] {dag.py:3096} INFO - Sync 10 DAGs
[2026-08-27T14:54:53.671+0000] {logging_mixin.py:188} INFO - [2026-08-27T14:54:53.671+0000] {dag.py:3954} INFO - Setting next_dagrun for conditional_dataset_and_time_based_timetable to 2026-08-26 01:00:00+00:00, run_after=2026-08-26 01:00:00+00:00
[2026-08-27T14:54:53.677+0000] {logging_mixin.py:188} INFO - [2026-08-27T14:54:53.676+0000] {dag.py:3954} INFO - Setting next_dagrun for consume_1_and_2_with_dataset_expressions to None, run_after=None
[2026-08-27T14:54:53.679+0000] {logging_mixin.py:188} INFO - [2026-08-27T14:54:53.679+0000] {dag.py:3954} INFO - Setting next_dagrun for consume_1_or_2_with_dataset_expressions to None, run_after=None
[2026-08-27T14:54:53.682+0000] {logging_mixin.py:188} INFO - [2026-08-27T14:54:53.681+0000] {dag.py:3954} INFO - Setting next_dagrun for consume_1_or_both_2_and_3_with_dataset_expressions to None, run_after=None
[2026-08-27T14:54:53.685+0000] {logging_mixin.py:188} INFO - [2026-08-27T14:54:53.684+0000] {dag.py:3954} INFO - Setting next_dagrun for dataset_consumes_1 to None, run_after=None
[2026-08-27T14:54:53.688+0000] {logging_mixin.py:188} INFO - [2026-08-27T14:54:53.687+0000] {dag.py:3954} INFO - Setting next_dagrun for dataset_consumes_1_and_2 to None, run_after=None
[2026-08-27T14:54:53.690+0000] {logging_mixin.py:188} INFO - [2026-08-27T14:54:53.690+0000] {dag.py:3954} INFO - Setting next_dagrun for dataset_consumes_1_never_scheduled to None, run_after=None
[2026-08-27T14:54:53.693+0000] {logging_mixin.py:188} INFO - [2026-08-27T14:54:53.692+0000] {dag.py:3954} INFO - Setting next_dagrun for dataset_consumes_unknown_never_scheduled to None, run_after=None
[2026-08-27T14:54:53.697+0000] {logging_mixin.py:188} INFO - [2026-08-27T14:54:53.696+0000] {dag.py:3954} INFO - Setting next_dagrun for dataset_produces_1 to 2026-08-26 00:00:00+00:00, run_after=2026-08-27 00:00:00+00:00
[2026-08-27T14:54:53.699+0000] {logging_mixin.py:188} INFO - [2026-08-27T14:54:53.699+0000] {dag.py:3954} INFO - Setting next_dagrun for dataset_produces_2 to None, run_after=None
[2026-08-27T14:54:53.769+0000] {processor.py:183} INFO - Processing /home/airflow/.local/lib/python3.12/site-packages/airflow/example_dags/example_datasets.py took 0.241 seconds
[2026-08-27T14:55:32.565+0000] {processor.py:161} INFO - Started process (PID=168) to work on /home/airflow/.local/lib/python3.12/site-packages/airflow/example_dags/example_datasets.py
[2026-08-27T14:55:32.647+0000] {processor.py:830} INFO - Processing file /home/airflow/.local/lib/python3.12/site-packages/airflow/example_dags/example_datasets.py for tasks to queue
[2026-08-27T14:55:32.651+0000] {logging_mixin.py:188} INFO - [2026-08-27T14:55:32.651+0000] {dagbag.py:545} INFO - Filling up the DagBag from /home/airflow/.local/lib/python3.12/site-packages/airflow/example_dags/example_datasets.py
[2026-08-27T14:55:32.675+0000] {processor.py:840} INFO - DAG(s) 'conditional_dataset_and_time_based_timetable', 'dataset_consumes_1_never_scheduled', 'dataset_produces_1', 'dataset_produces_2', 'dataset_consumes_unknown_never_scheduled', 'consume_1_or_both_2_and_3_with_dataset_expressions', 'dataset_consumes_1_and_2', 'dataset_consumes_1', 'consume_1_or_2_with_dataset_expressions', 'consume_1_and_2_with_dataset_expressions' retrieved from /home/airflow/.local/lib/python3.12/site-packages/airflow/example_dags/example_datasets.py
[2026-08-27T14:55:33.009+0000] {logging_mixin.py:188} INFO - [2026-08-27T14:55:33.008+0000] {dag.py:3096} INFO - Sync 10 DAGs
[2026-08-27T14:55:33.037+0000] {logging_mixin.py:188} INFO - [2026-08-27T14:55:33.036+0000] {dag.py:3954} INFO - Setting next_dagrun for conditional_dataset_and_time_based_timetable to 2026-08-26 01:00:00+00:00, run_after=2026-08-26 01:00:00+00:00
[2026-08-27T14:55:33.041+0000] {logging_mixin.py:188} INFO - [2026-08-27T14:55:33.040+0000] {dag.py:3954} INFO - Setting next_dagrun for consume_1_and_2_with_dataset_expressions to None, run_after=None
[2026-08-27T14:55:33.042+0000] {logging_mixin.py:188} INFO - [2026-08-27T14:55:33.042+0000] {dag.py:3954} INFO - Setting next_dagrun for consume_1_or_2_with_dataset_expressions to None, run_after=None
[2026-08-27T14:55:33.044+0000] {logging_mixin.py:188} INFO - [2026-08-27T14:55:33.044+0000] {dag.py:3954} INFO - Setting next_dagrun for consume_1_or_both_2_and_3_with_dataset_expressions to None, run_after=None
[2026-08-27T14:55:33.046+0000] {logging_mixin.py:188} INFO - [2026-08-27T14:55:33.046+0000] {dag.py:3954} INFO - Setting next_dagrun for dataset_consumes_1 to None, run_after=None
[2026-08-27T14:55:33.049+0000] {logging_mixin.py:188} INFO - [2026-08-27T14:55:33.048+0000] {dag.py:3954} INFO - Setting next_dagrun for dataset_consumes_1_and_2 to None, run_after=None
[2026-08-27T14:55:33.051+0000] {logging_mixin.py:188} INFO - [2026-08-27T14:55:33.050+0000] {dag.py:3954} INFO - Setting next_dagrun for dataset_consumes_1_never_scheduled to None, run_after=None
[2026-08-27T14:55:33.052+0000] {logging_mixin.py:188} INFO - [2026-08-27T14:55:33.052+0000] {dag.py:3954} INFO - Setting next_dagrun for dataset_consumes_unknown_never_scheduled to None, run_after=None
[2026-08-27T14:55:33.055+0000] {logging_mixin.py:188} INFO - [2026-08-27T14:55:33.055+0000] {dag.py:3954} INFO - Setting next_dagrun for dataset_produces_1 to 2026-08-26 00:00:00+00:00, run_after=2026-08-27 00:00:00+00:00
[2026-08-27T14:55:33.058+0000] {logging_mixin.py:188} INFO - [2026-08-27T14:55:33.057+0000] {dag.py:3954} INFO - Setting next_dagrun for dataset_produces_2 to None, run_after=None
[2026-08-27T14:55:34.557+0000] {processor.py:183} INFO - Processing /home/airflow/.local/lib/python3.12/site-packages/airflow/example_dags/example_datasets.py took 2.001 seconds
[2026-08-27T14:56:04.911+0000] {processor.py:161} INFO - Started process (PID=228) to work on /home/airflow/.local/lib/python3.12/site-packages/airflow/example_dags/example_datasets.py
[2026-08-27T14:56:04.912+0000] {processor.py:830} INFO - Processing file /home/airflow/.local/lib/python3.12/site-packages/airflow/example_dags/example_datasets.py for tasks to queue
[2026-08-27T14:56:04.915+0000] {logging_mixin.py:188} INFO - [2026-08-27T14:56:04.914+0000] {dagbag.py:545} INFO - Filling up the DagBag from /home/airflow/.local/lib/python3.12/site-packages/airflow/example_dags/example_datasets.py
[2026-08-27T14:56:04.936+0000] {processor.py:840} INFO - DAG(s) 'dataset_consumes_1', 'dataset_produces_2', 'consume_1_or_2_with_dataset_expressions', 'dataset_produces_1', 'dataset_consumes_1_and_2', 'consume_1_or_both_2_and_3_with_dataset_expressions', 'dataset_consumes_1_never_scheduled', 'consume_1_and_2_with_dataset_expressions', 'conditional_dataset_and_time_based_timetable', 'dataset_consumes_unknown_never_scheduled' retrieved from /home/airflow/.local/lib/python3.12/site-packages/airflow/example_dags/example_datasets.py
[2026-08-27T14:56:05.000+0000] {logging_mixin.py:188} INFO - [2026-08-27T14:56:04.999+0000] {dag.py:3096} INFO - Sync 10 DAGs
[2026-08-27T14:56:05.037+0000] {logging_mixin.py:188} INFO - [2026-08-27T14:56:05.037+0000] {dag.py:3954} INFO - Setting next_dagrun for conditional_dataset_and_time_based_timetable to 2026-08-26 01:00:00+00:00, run_after=2026-08-26 01:00:00+00:00
[2026-08-27T14:56:05.046+0000] {logging_mixin.py:188} INFO - [2026-08-27T14:56:05.045+0000] {dag.py:3954} INFO - Setting next_dagrun for consume_1_and_2_with_dataset_expressions to None, run_after=None
[2026-08-27T14:56:05.048+0000] {logging_mixin.py:188} INFO - [2026-08-27T14:56:05.048+0000] {dag.py:3954} INFO - Setting next_dagrun for consume_1_or_2_with_dataset_expressions to None, run_after=None
[2026-08-27T14:56:05.050+0000] {logging_mixin.py:188} INFO - [2026-08-27T14:56:05.050+0000] {dag.py:3954} INFO - Setting next_dagrun for consume_1_or_both_2_and_3_with_dataset_expressions to None, run_after=None
[2026-08-27T14:56:05.052+0000] {logging_mixin.py:188} INFO - [2026-08-27T14:56:05.052+0000] {dag.py:3954} INFO - Setting next_dagrun for dataset_consumes_1 to None, run_after=None
[2026-08-27T14:56:05.055+0000] {logging_mixin.py:188} INFO - [2026-08-27T14:56:05.054+0000] {dag.py:3954} INFO - Setting next_dagrun for dataset_consumes_1_and_2 to None, run_after=None
[2026-08-27T14:56:05.057+0000] {logging_mixin.py:188} INFO - [2026-08-27T14:56:05.057+0000] {dag.py:3954} INFO - Setting next_dagrun for dataset_consumes_1_never_scheduled to None, run_after=None
[2026-08-27T14:56:05.060+0000] {logging_mixin.py:188} INFO - [2026-08-27T14:56:05.059+0000] {dag.py:3954} INFO - Setting next_dagrun for dataset_consumes_unknown_never_scheduled to None, run_after=None
[2026-08-27T14:56:05.064+0000] {logging_mixin.py:188} INFO - [2026-08-27T14:56:05.064+0000] {dag.py:3954} INFO - Setting next_dagrun for dataset_produces_1 to 2026-08-26 00:00:00+00:00, run_after=2026-08-27 00:00:00+00:00
[2026-08-27T14:56:05.066+0000] {logging_mixin.py:188} INFO - [2026-08-27T14:56:05.066+0000] {dag.py:3954} INFO - Setting next_dagrun for dataset_produces_2 to None, run_after=None
[2026-08-27T14:56:05.117+0000] {processor.py:183} INFO - Processing /home/airflow/.local/lib/python3.12/site-packages/airflow/example_dags/example_datasets.py took 0.213 seconds
[2026-08-27T14:56:35.195+0000] {processor.py:161} INFO - Started process (PID=288) to work on /home/airflow/.local/lib/python3.12/site-packages/airflow/example_dags/example_datasets.py
[2026-08-27T14:56:35.196+0000] {processor.py:830} INFO - Processing file /home/airflow/.local/lib/python3.12/site-packages/airflow/example_dags/example_datasets.py for tasks to queue
[2026-08-27T14:56:35.198+0000] {logging_mixin.py:188} INFO - [2026-08-27T14:56:35.198+0000] {dagbag.py:545} INFO - Filling up the DagBag from /home/airflow/.local/lib/python3.12/site-packages/airflow/example_dags/example_datasets.py
[2026-08-27T14:56:35.215+0000] {processor.py:840} INFO - DAG(s) 'dataset_produces_1', 'dataset_produces_2', 'dataset_consumes_unknown_never_scheduled', 'consume_1_and_2_with_dataset_expressions', 'dataset_consumes_1_and_2', 'dataset_consumes_1', 'consume_1_or_2_with_dataset_expressions', 'conditional_dataset_and_time_based_timetable', 'dataset_consumes_1_never_scheduled', 'consume_1_or_both_2_and_3_with_dataset_expressions' retrieved from /home/airflow/.local/lib/python3.12/site-packages/airflow/example_dags/example_datasets.py
[2026-08-27T14:56:35.288+0000] {logging_mixin.py:188} INFO - [2026-08-27T14:56:35.288+0000] {dag.py:3096} INFO - Sync 10 DAGs
[2026-08-27T14:56:35.325+0000] {logging_mixin.py:188} INFO - [2026-08-27T14:56:35.325+0000] {dag.py:3954} INFO - Setting next_dagrun for conditional_dataset_and_time_based_timetable to 2026-08-26 01:00:00+00:00, run_after=2026-08-26 01:00:00+00:00
[2026-08-27T14:56:35.330+0000] {logging_mixin.py:188} INFO - [2026-08-27T14:56:35.330+0000] {dag.py:3954} INFO - Setting next_dagrun for consume_1_and_2_with_dataset_expressions to None, run_after=None
[2026-08-27T14:56:35.332+0000] {logging_mixin.py:188} INFO - [2026-08-27T14:56:35.332+0000] {dag.py:3954} INFO - Setting next_dagrun for consume_1_or_2_with_dataset_expressions to None, run_after=None
[2026-08-27T14:56:35.335+0000] {logging_mixin.py:188} INFO - [2026-08-27T14:56:35.334+0000] {dag.py:3954} INFO - Setting next_dagrun for consume_1_or_both_2_and_3_with_dataset_expressions to None, run_after=None
[2026-08-27T14:56:35.336+0000] {logging_mixin.py:188} INFO - [2026-08-27T14:56:35.336+0000] {dag.py:3954} INFO - Setting next_dagrun for dataset_consumes_1 to None, run_after=None
[2026-08-27T14:56:35.338+0000] {logging_mixin.py:188} INFO - [2026-08-27T14:56:35.338+0000] {dag.py:3954} INFO - Setting next_dagrun for dataset_consumes_1_and_2 to None, run_after=None
[2026-08-27T14:56:35.340+0000] {logging_mixin.py:188} INFO - [2026-08-27T14:56:35.339+0000] {dag.py:3954} INFO - Setting next_dagrun for dataset_consumes_1_never_scheduled to None, run_after=None
[2026-08-27T14:56:35.342+0000] {logging_mixin.py:188} INFO - [2026-08-27T14:56:35.342+0000] {dag.py:3954} INFO - Setting next_dagrun for dataset_consumes_unknown_never_scheduled to None, run_after=None
[2026-08-27T14:56:35.345+0000] {logging_mixin.py:188} INFO - [2026-08-27T14:56:35.345+0000] {dag.py:3954} INFO - Setting next_dagrun for dataset_produces_1 to 2026-08-26 00:00:00+00:00, run_after=2026-08-27 00:00:00+00:00
[2026-08-27T14:56:35.347+0000] {logging_mixin.py:188} INFO - [2026-08-27T14:56:35.347+0000] {dag.py:3954} INFO - Setting next_dagrun for dataset_produces_2 to None, run_after=None
[2026-08-27T14:56:35.387+0000] {processor.py:183} INFO - Processing /home/airflow/.local/lib/python3.12/site-packages/airflow/example_dags/example_datasets.py took 0.199 seconds
[2026-08-27T14:57:06.128+0000] {processor.py:161} INFO - Started process (PID=348) to work on /home/airflow/.local/lib/python3.12/site-packages/airflow/example_dags/example_datasets.py
[2026-08-27T14:57:06.129+0000] {processor.py:830} INFO - Processing file /home/airflow/.local/lib/python3.12/site-packages/airflow/example_dags/example_datasets.py for tasks to queue
[2026-08-27T14:57:06.132+0000] {logging_mixin.py:188} INFO - [2026-08-27T14:57:06.132+0000] {dagbag.py:545} INFO - Filling up the DagBag from /home/airflow/.local/lib/python3.12/site-packages/airflow/example_dags/example_datasets.py
[2026-08-27T14:57:06.153+0000] {processor.py:840} INFO - DAG(s) 'dataset_consumes_1', 'conditional_dataset_and_time_based_timetable', 'dataset_consumes_1_never_scheduled', 'consume_1_or_2_with_dataset_expressions', 'dataset_consumes_1_and_2', 'consume_1_or_both_2_and_3_with_dataset_expressions', 'dataset_consumes_unknown_never_scheduled', 'dataset_produces_2', 'dataset_produces_1', 'consume_1_and_2_with_dataset_expressions' retrieved from /home/airflow/.local/lib/python3.12/site-packages/airflow/example_dags/example_datasets.py
[2026-08-27T14:57:06.208+0000] {logging_mixin.py:188} INFO - [2026-08-27T14:57:06.208+0000] {dag.py:3096} INFO - Sync 10 DAGs
[2026-08-27T14:57:06.241+0000] {logging_mixin.py:188} INFO - [2026-08-27T14:57:06.241+0000] {dag.py:3954} INFO - Setting next_dagrun for conditional_dataset_and_time_based_timetable to 2026-08-26 01:00:00+00:00, run_after=2026-08-26 01:00:00+00:00
[2026-08-27T14:57:06.246+0000] {logging_mixin.py:188} INFO - [2026-08-27T14:57:06.246+0000] {dag.py:3954} INFO - Setting next_dagrun for consume_1_and_2_with_dataset_expressions to None, run_after=None
[2026-08-27T14:57:06.248+0000] {logging_mixin.py:188} INFO - [2026-08-27T14:57:06.248+0000] {dag.py:3954} INFO - Setting next_dagrun for consume_1_or_2_with_dataset_expressions to None, run_after=None
[2026-08-27T14:57:06.250+0000] {logging_mixin.py:188} INFO - [2026-08-27T14:57:06.250+0000] {dag.py:3954} INFO - Setting next_dagrun for consume_1_or_both_2_and_3_with_dataset_expressions to None, run_after=None
[2026-08-27T14:57:06.252+0000] {logging_mixin.py:188} INFO - [2026-08-27T14:57:06.252+0000] {dag.py:3954} INFO - Setting next_dagrun for dataset_consumes_1 to None, run_after=None
[2026-08-27T14:57:06.254+0000] {logging_mixin.py:188} INFO - [2026-08-27T14:57:06.254+0000] {dag.py:3954} INFO - Setting next_dagrun for dataset_consumes_1_and_2 to None, run_after=None
[2026-08-27T14:57:06.255+0000] {logging_mixin.py:188} INFO - [2026-08-27T14:57:06.255+0000] {dag.py:3954} INFO - Setting next_dagrun for dataset_consumes_1_never_scheduled to None, run_after=None
[2026-08-27T14:57:06.257+0000] {logging_mixin.py:188} INFO - [2026-08-27T14:57:06.257+0000] {dag.py:3954} INFO - Setting next_dagrun for dataset_consumes_unknown_never_scheduled to None, run_after=None
[2026-08-27T14:57:06.260+0000] {logging_mixin.py:188} INFO - [2026-08-27T14:57:06.259+0000] {dag.py:3954} INFO - Setting next_dagrun for dataset_produces_1 to 2026-08-26 00:00:00+00:00, run_after=2026-08-27 00:00:00+00:00
[2026-08-27T14:57:06.261+0000] {logging_mixin.py:188} INFO - [2026-08-27T14:57:06.261+0000] {dag.py:3954} INFO - Setting next_dagrun for dataset_produces_2 to None, run_after=None
[2026-08-27T14:57:06.299+0000] {processor.py:183} INFO - Processing /home/airflow/.local/lib/python3.12/site-packages/airflow/example_dags/example_datasets.py took 0.179 seconds
[2026-08-27T14:57:36.918+0000] {processor.py:161} INFO - Started process (PID=414) to work on /home/airflow/.local/lib/python3.12/site-packages/airflow/example_dags/example_datasets.py
[2026-08-27T14:57:36.919+0000] {processor.py:830} INFO - Processing file /home/airflow/.local/lib/python3.12/site-packages/airflow/example_dags/example_datasets.py for tasks to queue
[2026-08-27T14:57:36.921+0000] {logging_mixin.py:188} INFO - [2026-08-27T14:57:36.921+0000] {dagbag.py:545} INFO - Filling up the DagBag from /home/airflow/.local/lib/python3.12/site-packages/airflow/example_dags/example_datasets.py
[2026-08-27T14:57:36.937+0000] {processor.py:840} INFO - DAG(s) 'consume_1_or_both_2_and_3_with_dataset_expressions', 'dataset_consumes_unknown_never_scheduled', 'dataset_produces_2', 'consume_1_and_2_with_dataset_expressions', 'dataset_consumes_1_and_2', 'dataset_consumes_1_never_scheduled', 'consume_1_or_2_with_dataset_expressions', 'dataset_produces_1', 'dataset_consumes_1', 'conditional_dataset_and_time_based_timetable' retrieved from /home/airflow/.local/lib/python3.12/site-packages/airflow/example_dags/example_datasets.py
[2026-08-27T14:57:36.991+0000] {logging_mixin.py:188} INFO - [2026-08-27T14:57:36.990+0000] {dag.py:3096} INFO - Sync 10 DAGs
[2026-08-27T14:57:37.025+0000] {logging_mixin.py:188} INFO - [2026-08-27T14:57:37.024+0000] {dag.py:3954} INFO - Setting next_dagrun for conditional_dataset_and_time_based_timetable to 2026-08-26 01:00:00+00:00, run_after=2026-08-26 01:00:00+00:00
[2026-08-27T14:57:37.030+0000] {logging_mixin.py:188} INFO - [2026-08-27T14:57:37.030+0000] {dag.py:3954} INFO - Setting next_dagrun for consume_1_and_2_with_dataset_expressions to None, run_after=None
[2026-08-27T14:57:37.032+0000] {logging_mixin.py:188} INFO - [2026-08-27T14:57:37.031+0000] {dag.py:3954} INFO - Setting next_dagrun for consume_1_or_2_with_dataset_expressions to None, run_after=None
[2026-08-27T14:57:37.034+0000] {logging_mixin.py:188} INFO - [2026-08-27T14:57:37.034+0000] {dag.py:3954} INFO - Setting next_dagrun for consume_1_or_both_2_and_3_with_dataset_expressions to None, run_after=None
[2026-08-27T14:57:37.036+0000] {logging_mixin.py:188} INFO - [2026-08-27T14:57:37.035+0000] {dag.py:3954} INFO - Setting next_dagrun for dataset_consumes_1 to None, run_after=None
[2026-08-27T14:57:37.038+0000] {logging_mixin.py:188} INFO - [2026-08-27T14:57:37.037+0000] {dag.py:3954} INFO - Setting next_dagrun for dataset_consumes_1_and_2 to None, run_after=None
[2026-08-27T14:57:37.040+0000] {logging_mixin.py:188} INFO - [2026-08-27T14:57:37.040+0000] {dag.py:3954} INFO - Setting next_dagrun for dataset_consumes_1_never_scheduled to None, run_after=None
[2026-08-27T14:57:37.042+0000] {logging_mixin.py:188} INFO - [2026-08-27T14:57:37.041+0000] {dag.py:3954} INFO - Setting next_dagrun for dataset_consumes_unknown_never_scheduled to None, run_after=None
[2026-08-27T14:57:37.045+0000] {logging_mixin.py:188} INFO - [2026-08-27T14:57:37.045+0000] {dag.py:3954} INFO - Setting next_dagrun for dataset_produces_1 to 2026-08-26 00:00:00+00:00, run_after=2026-08-27 00:00:00+00:00
[2026-08-27T14:57:37.047+0000] {logging_mixin.py:188} INFO - [2026-08-27T14:57:37.046+0000] {dag.py:3954} INFO - Setting next_dagrun for dataset_produces_2 to None, run_after=None
[2026-08-27T14:57:37.094+0000] {processor.py:183} INFO - Processing /home/airflow/.local/lib/python3.12/site-packages/airflow/example_dags/example_datasets.py took 0.184 seconds
[2026-08-27T14:58:07.629+0000] {processor.py:161} INFO - Started process (PID=474) to work on /home/airflow/.local/lib/python3.12/site-packages/airflow/example_dags/example_datasets.py
[2026-08-27T14:58:07.631+0000] {processor.py:830} INFO - Processing file /home/airflow/.local/lib/python3.12/site-packages/airflow/example_dags/example_datasets.py for tasks to queue
[2026-08-27T14:58:07.636+0000] {logging_mixin.py:188} INFO - [2026-08-27T14:58:07.635+0000] {dagbag.py:545} INFO - Filling up the DagBag from /home/airflow/.local/lib/python3.12/site-packages/airflow/example_dags/example_datasets.py
[2026-08-27T14:58:07.656+0000] {processor.py:840} INFO - DAG(s) 'dataset_consumes_1', 'dataset_produces_2', 'dataset_consumes_1_and_2', 'dataset_consumes_unknown_never_scheduled', 'consume_1_or_both_2_and_3_with_dataset_expressions', 'conditional_dataset_and_time_based_timetable', 'consume_1_and_2_with_dataset_expressions', 'consume_1_or_2_with_dataset_expressions', 'dataset_consumes_1_never_scheduled', 'dataset_produces_1' retrieved from /home/airflow/.local/lib/python3.12/site-packages/airflow/example_dags/example_datasets.py
[2026-08-27T14:58:07.739+0000] {logging_mixin.py:188} INFO - [2026-08-27T14:58:07.739+0000] {dag.py:3096} INFO - Sync 10 DAGs
[2026-08-27T14:58:07.776+0000] {logging_mixin.py:188} INFO - [2026-08-27T14:58:07.775+0000] {dag.py:3954} INFO - Setting next_dagrun for conditional_dataset_and_time_based_timetable to 2026-08-26 01:00:00+00:00, run_after=2026-08-26 01:00:00+00:00
[2026-08-27T14:58:07.782+0000] {logging_mixin.py:188} INFO - [2026-08-27T14:58:07.782+0000] {dag.py:3954} INFO - Setting next_dagrun for consume_1_and_2_with_dataset_expressions to None, run_after=None
[2026-08-27T14:58:07.784+0000] {logging_mixin.py:188} INFO - [2026-08-27T14:58:07.784+0000] {dag.py:3954} INFO - Setting next_dagrun for consume_1_or_2_with_dataset_expressions to None, run_after=None
[2026-08-27T14:58:07.786+0000] {logging_mixin.py:188} INFO - [2026-08-27T14:58:07.786+0000] {dag.py:3954} INFO - Setting next_dagrun for consume_1_or_both_2_and_3_with_dataset_expressions to None, run_after=None
[2026-08-27T14:58:07.788+0000] {logging_mixin.py:188} INFO - [2026-08-27T14:58:07.788+0000] {dag.py:3954} INFO - Setting next_dagrun for dataset_consumes_1 to None, run_after=None
[2026-08-27T14:58:07.790+0000] {logging_mixin.py:188} INFO - [2026-08-27T14:58:07.790+0000] {dag.py:3954} INFO - Setting next_dagrun for dataset_consumes_1_and_2 to None, run_after=None
[2026-08-27T14:58:07.793+0000] {logging_mixin.py:188} INFO - [2026-08-27T14:58:07.793+0000] {dag.py:3954} INFO - Setting next_dagrun for dataset_consumes_1_never_scheduled to None, run_after=None
[2026-08-27T14:58:07.795+0000] {logging_mixin.py:188} INFO - [2026-08-27T14:58:07.795+0000] {dag.py:3954} INFO - Setting next_dagrun for dataset_consumes_unknown_never_scheduled to None, run_after=None
[2026-08-27T14:58:07.798+0000] {logging_mixin.py:188} INFO - [2026-08-27T14:58:07.798+0000] {dag.py:3954} INFO - Setting next_dagrun for dataset_produces_1 to 2026-08-26 00:00:00+00:00, run_after=2026-08-27 00:00:00+00:00
[2026-08-27T14:58:07.800+0000] {logging_mixin.py:188} INFO - [2026-08-27T14:58:07.800+0000] {dag.py:3954} INFO - Setting next_dagrun for dataset_produces_2 to None, run_after=None
[2026-08-27T14:58:07.856+0000] {processor.py:183} INFO - Processing /home/airflow/.local/lib/python3.12/site-packages/airflow/example_dags/example_datasets.py took 0.235 seconds
[2026-08-27T14:58:37.959+0000] {processor.py:161} INFO - Started process (PID=533) to work on /home/airflow/.local/lib/python3.12/site-packages/airflow/example_dags/example_datasets.py
[2026-08-27T14:58:37.965+0000] {processor.py:830} INFO - Processing file /home/airflow/.local/lib/python3.12/site-packages/airflow/example_dags/example_datasets.py for tasks to queue
[2026-08-27T14:58:37.971+0000] {logging_mixin.py:188} INFO - [2026-08-27T14:58:37.970+0000] {dagbag.py:545} INFO - Filling up the DagBag from /home/airflow/.local/lib/python3.12/site-packages/airflow/example_dags/example_datasets.py
[2026-08-27T14:58:38.011+0000] {processor.py:840} INFO - DAG(s) 'dataset_consumes_1_never_scheduled', 'consume_1_and_2_with_dataset_expressions', 'dataset_consumes_1_and_2', 'dataset_consumes_1', 'dataset_consumes_unknown_never_scheduled', 'consume_1_or_both_2_and_3_with_dataset_expressions', 'dataset_produces_1', 'consume_1_or_2_with_dataset_expressions', 'conditional_dataset_and_time_based_timetable', 'dataset_produces_2' retrieved from /home/airflow/.local/lib/python3.12/site-packages/airflow/example_dags/example_datasets.py
[2026-08-27T14:58:38.106+0000] {logging_mixin.py:188} INFO - [2026-08-27T14:58:38.105+0000] {dag.py:3096} INFO - Sync 10 DAGs
[2026-08-27T14:58:38.147+0000] {logging_mixin.py:188} INFO - [2026-08-27T14:58:38.146+0000] {dag.py:3954} INFO - Setting next_dagrun for conditional_dataset_and_time_based_timetable to 2026-08-26 01:00:00+00:00, run_after=2026-08-26 01:00:00+00:00
[2026-08-27T14:58:38.154+0000] {logging_mixin.py:188} INFO - [2026-08-27T14:58:38.154+0000] {dag.py:3954} INFO - Setting next_dagrun for consume_1_and_2_with_dataset_expressions to None, run_after=None
[2026-08-27T14:58:38.156+0000] {logging_mixin.py:188} INFO - [2026-08-27T14:58:38.156+0000] {dag.py:3954} INFO - Setting next_dagrun for consume_1_or_2_with_dataset_expressions to None, run_after=None
[2026-08-27T14:58:38.161+0000] {logging_mixin.py:188} INFO - [2026-08-27T14:58:38.160+0000] {dag.py:3954} INFO - Setting next_dagrun for consume_1_or_both_2_and_3_with_dataset_expressions to None, run_after=None
[2026-08-27T14:58:38.165+0000] {logging_mixin.py:188} INFO - [2026-08-27T14:58:38.165+0000] {dag.py:3954} INFO - Setting next_dagrun for dataset_consumes_1 to None, run_after=None
[2026-08-27T14:58:38.168+0000] {logging_mixin.py:188} INFO - [2026-08-27T14:58:38.168+0000] {dag.py:3954} INFO - Setting next_dagrun for dataset_consumes_1_and_2 to None, run_after=None
[2026-08-27T14:58:38.171+0000] {logging_mixin.py:188} INFO - [2026-08-27T14:58:38.171+0000] {dag.py:3954} INFO - Setting next_dagrun for dataset_consumes_1_never_scheduled to None, run_after=None
[2026-08-27T14:58:38.173+0000] {logging_mixin.py:188} INFO - [2026-08-27T14:58:38.173+0000] {dag.py:3954} INFO - Setting next_dagrun for dataset_consumes_unknown_never_scheduled to None, run_after=None
[2026-08-27T14:58:38.180+0000] {logging_mixin.py:188} INFO - [2026-08-27T14:58:38.180+0000] {dag.py:3954} INFO - Setting next_dagrun for dataset_produces_1 to 2026-08-26 00:00:00+00:00, run_after=2026-08-27 00:00:00+00:00
[2026-08-27T14:58:38.183+0000] {logging_mixin.py:188} INFO - [2026-08-27T14:58:38.183+0000] {dag.py:3954} INFO - Setting next_dagrun for dataset_produces_2 to None, run_after=None
[2026-08-27T14:58:38.252+0000] {processor.py:183} INFO - Processing /home/airflow/.local/lib/python3.12/site-packages/airflow/example_dags/example_datasets.py took 0.315 seconds
