[2026-08-27T14:54:56.213+0000] {processor.py:161} INFO - Started process (PID=125) to work on /home/airflow/.local/lib/python3.12/site-packages/airflow/example_dags/example_short_circuit_decorator.py
[2026-08-27T14:54:56.215+0000] {processor.py:830} INFO - Processing file /home/airflow/.local/lib/python3.12/site-packages/airflow/example_dags/example_short_circuit_decorator.py for tasks to queue
[2026-08-27T14:54:56.219+0000] {logging_mixin.py:188} INFO - [2026-08-27T14:54:56.219+0000] {dagbag.py:545} INFO - Filling up the DagBag from /home/airflow/.local/lib/python3.12/site-packages/airflow/example_dags/example_short_circuit_decorator.py
[2026-08-27T14:54:56.242+0000] {processor.py:840} INFO - DAG(s) 'example_short_circuit_decorator' retrieved from /home/airflow/.local/lib/python3.12/site-packages/airflow/example_dags/example_short_circuit_decorator.py
[2026-08-27T14:54:56.270+0000] {logging_mixin.py:188} INFO - [2026-08-27T14:54:56.270+0000] {dag.py:3096} INFO - Sync 1 DAGs
[2026-08-27T14:54:56.325+0000] {logging_mixin.py:188} INFO - [2026-08-27T14:54:56.324+0000] {dag.py:3954} INFO - Setting next_dagrun for example_short_circuit_decorator to 2026-08-26 00:00:00+00:00, run_after=2026-08-27 00:00:00+00:00
[2026-08-27T14:54:56.383+0000] {processor.py:183} INFO - Processing /home/airflow/.local/lib/python3.12/site-packages/airflow/example_dags/example_short_circuit_decorator.py took 0.184 seconds
[2026-08-27T14:55:43.825+0000] {processor.py:161} INFO - Started process (PID=191) to work on /home/airflow/.local/lib/python3.12/site-packages/airflow/example_dags/example_short_circuit_decorator.py
[2026-08-27T14:55:43.831+0000] {processor.py:830} INFO - Processing file /home/airflow/.local/lib/python3.12/site-packages/airflow/example_dags/example_short_circuit_decorator.py for tasks to queue
[2026-08-27T14:55:43.834+0000] {logging_mixin.py:188} INFO - [2026-08-27T14:55:43.834+0000] {dagbag.py:545} INFO - Filling up the DagBag from /home/airflow/.local/lib/python3.12/site-packages/airflow/example_dags/example_short_circuit_decorator.py
[2026-08-27T14:55:43.855+0000] {processor.py:840} INFO - DAG(s) 'example_short_circuit_decorator' retrieved from /home/airflow/.local/lib/python3.12/site-packages/airflow/example_dags/example_short_circuit_decorator.py
[2026-08-27T14:55:44.177+0000] {logging_mixin.py:188} INFO - [2026-08-27T14:55:44.176+0000] {dag.py:3096} INFO - Sync 1 DAGs
[2026-08-27T14:55:44.233+0000] {logging_mixin.py:188} INFO - [2026-08-27T14:55:44.232+0000] {dag.py:3954} INFO - Setting next_dagrun for example_short_circuit_decorator to 2026-08-26 00:00:00+00:00, run_after=2026-08-27 00:00:00+00:00
[2026-08-27T14:55:44.336+0000] {processor.py:183} INFO - Processing /home/airflow/.local/lib/python3.12/site-packages/airflow/example_dags/example_short_circuit_decorator.py took 0.522 seconds
[2026-08-27T14:56:15.138+0000] {processor.py:161} INFO - Started process (PID=251) to work on /home/airflow/.local/lib/python3.12/site-packages/airflow/example_dags/example_short_circuit_decorator.py
[2026-08-27T14:56:15.139+0000] {processor.py:830} INFO - Processing file /home/airflow/.local/lib/python3.12/site-packages/airflow/example_dags/example_short_circuit_decorator.py for tasks to queue
[2026-08-27T14:56:15.142+0000] {logging_mixin.py:188} INFO - [2026-08-27T14:56:15.142+0000] {dagbag.py:545} INFO - Filling up the DagBag from /home/airflow/.local/lib/python3.12/site-packages/airflow/example_dags/example_short_circuit_decorator.py
[2026-08-27T14:56:15.154+0000] {processor.py:840} INFO - DAG(s) 'example_short_circuit_decorator' retrieved from /home/airflow/.local/lib/python3.12/site-packages/airflow/example_dags/example_short_circuit_decorator.py
[2026-08-27T14:56:15.184+0000] {logging_mixin.py:188} INFO - [2026-08-27T14:56:15.184+0000] {dag.py:3096} INFO - Sync 1 DAGs
[2026-08-27T14:56:15.212+0000] {logging_mixin.py:188} INFO - [2026-08-27T14:56:15.212+0000] {dag.py:3954} INFO - Setting next_dagrun for example_short_circuit_decorator to 2026-08-26 00:00:00+00:00, run_after=2026-08-27 00:00:00+00:00
[2026-08-27T14:56:15.235+0000] {processor.py:183} INFO - Processing /home/airflow/.local/lib/python3.12/site-packages/airflow/example_dags/example_short_circuit_decorator.py took 0.104 seconds
[2026-08-27T14:56:45.592+0000] {processor.py:161} INFO - Started process (PID=311) to work on /home/airflow/.local/lib/python3.12/site-packages/airflow/example_dags/example_short_circuit_decorator.py
[2026-08-27T14:56:45.593+0000] {processor.py:830} INFO - Processing file /home/airflow/.local/lib/python3.12/site-packages/airflow/example_dags/example_short_circuit_decorator.py for tasks to queue
[2026-08-27T14:56:45.596+0000] {logging_mixin.py:188} INFO - [2026-08-27T14:56:45.595+0000] {dagbag.py:545} INFO - Filling up the DagBag from /home/airflow/.local/lib/python3.12/site-packages/airflow/example_dags/example_short_circuit_decorator.py
[2026-08-27T14:56:45.607+0000] {processor.py:840} INFO - DAG(s) 'example_short_circuit_decorator' retrieved from /home/airflow/.local/lib/python3.12/site-packages/airflow/example_dags/example_short_circuit_decorator.py
[2026-08-27T14:56:45.635+0000] {logging_mixin.py:188} INFO - [2026-08-27T14:56:45.635+0000] {dag.py:3096} INFO - Sync 1 DAGs
[2026-08-27T14:56:45.665+0000] {logging_mixin.py:188} INFO - [2026-08-27T14:56:45.665+0000] {dag.py:3954} INFO - Setting next_dagrun for example_short_circuit_decorator to 2026-08-26 00:00:00+00:00, run_after=2026-08-27 00:00:00+00:00
[2026-08-27T14:56:45.689+0000] {processor.py:183} INFO - Processing /home/airflow/.local/lib/python3.12/site-packages/airflow/example_dags/example_short_circuit_decorator.py took 0.106 seconds
[2026-08-27T14:57:16.196+0000] {processor.py:161} INFO - Started process (PID=371) to work on /home/airflow/.local/lib/python3.12/site-packages/airflow/example_dags/example_short_circuit_decorator.py
[2026-08-27T14:57:16.198+0000] {processor.py:830} INFO - Processing file /home/airflow/.local/lib/python3.12/site-packages/airflow/example_dags/example_short_circuit_decorator.py for tasks to queue
[2026-08-27T14:57:16.200+0000] {logging_mixin.py:188} INFO - [2026-08-27T14:57:16.200+0000] {dagbag.py:545} INFO - Filling up the DagBag from /home/airflow/.local/lib/python3.12/site-packages/airflow/example_dags/example_short_circuit_decorator.py
[2026-08-27T14:57:16.211+0000] {processor.py:840} INFO - DAG(s) 'example_short_circuit_decorator' retrieved from /home/airflow/.local/lib/python3.12/site-packages/airflow/example_dags/example_short_circuit_decorator.py
[2026-08-27T14:57:16.237+0000] {logging_mixin.py:188} INFO - [2026-08-27T14:57:16.237+0000] {dag.py:3096} INFO - Sync 1 DAGs
[2026-08-27T14:57:16.264+0000] {logging_mixin.py:188} INFO - [2026-08-27T14:57:16.264+0000] {dag.py:3954} INFO - Setting next_dagrun for example_short_circuit_decorator to 2026-08-26 00:00:00+00:00, run_after=2026-08-27 00:00:00+00:00
[2026-08-27T14:57:16.286+0000] {processor.py:183} INFO - Processing /home/airflow/.local/lib/python3.12/site-packages/airflow/example_dags/example_short_circuit_decorator.py took 0.097 seconds
[2026-08-27T14:57:46.884+0000] {processor.py:161} INFO - Started process (PID=431) to work on /home/airflow/.local/lib/python3.12/site-packages/airflow/example_dags/example_short_circuit_decorator.py
[2026-08-27T14:57:46.886+0000] {processor.py:830} INFO - Processing file /home/airflow/.local/lib/python3.12/site-packages/airflow/example_dags/example_short_circuit_decorator.py for tasks to queue
[2026-08-27T14:57:46.889+0000] {logging_mixin.py:188} INFO - [2026-08-27T14:57:46.889+0000] {dagbag.py:545} INFO - Filling up the DagBag from /home/airflow/.local/lib/python3.12/site-packages/airflow/example_dags/example_short_circuit_decorator.py
[2026-08-27T14:57:46.902+0000] {processor.py:840} INFO - DAG(s) 'example_short_circuit_decorator' retrieved from /home/airflow/.local/lib/python3.12/site-packages/airflow/example_dags/example_short_circuit_decorator.py
[2026-08-27T14:57:46.933+0000] {logging_mixin.py:188} INFO - [2026-08-27T14:57:46.933+0000] {dag.py:3096} INFO - Sync 1 DAGs
[2026-08-27T14:57:46.960+0000] {logging_mixin.py:188} INFO - [2026-08-27T14:57:46.960+0000] {dag.py:3954} INFO - Setting next_dagrun for example_short_circuit_decorator to 2026-08-26 00:00:00+00:00, run_after=2026-08-27 00:00:00+00:00
[2026-08-27T14:57:46.987+0000] {processor.py:183} INFO - Processing /home/airflow/.local/lib/python3.12/site-packages/airflow/example_dags/example_short_circuit_decorator.py took 0.110 seconds
[2026-08-27T14:58:17.198+0000] {processor.py:161} INFO - Started process (PID=491) to work on /home/airflow/.local/lib/python3.12/site-packages/airflow/example_dags/example_short_circuit_decorator.py
[2026-08-27T14:58:17.212+0000] {processor.py:830} INFO - Processing file /home/airflow/.local/lib/python3.12/site-packages/airflow/example_dags/example_short_circuit_decorator.py for tasks to queue
[2026-08-27T14:58:17.215+0000] {logging_mixin.py:188} INFO - [2026-08-27T14:58:17.214+0000] {dagbag.py:545} INFO - Filling up the DagBag from /home/airflow/.local/lib/python3.12/site-packages/airflow/example_dags/example_short_circuit_decorator.py
[2026-08-27T14:58:17.228+0000] {processor.py:840} INFO - DAG(s) 'example_short_circuit_decorator' retrieved from /home/airflow/.local/lib/python3.12/site-packages/airflow/example_dags/example_short_circuit_decorator.py
[2026-08-27T14:58:17.261+0000] {logging_mixin.py:188} INFO - [2026-08-27T14:58:17.261+0000] {dag.py:3096} INFO - Sync 1 DAGs
[2026-08-27T14:58:17.290+0000] {logging_mixin.py:188} INFO - [2026-08-27T14:58:17.290+0000] {dag.py:3954} INFO - Setting next_dagrun for example_short_circuit_decorator to 2026-08-26 00:00:00+00:00, run_after=2026-08-27 00:00:00+00:00
[2026-08-27T14:58:17.313+0000] {processor.py:183} INFO - Processing /home/airflow/.local/lib/python3.12/site-packages/airflow/example_dags/example_short_circuit_decorator.py took 0.123 seconds
[2026-08-27T14:58:47.426+0000] {processor.py:161} INFO - Started process (PID=551) to work on /home/airflow/.local/lib/python3.12/site-packages/airflow/example_dags/example_short_circuit_decorator.py
[2026-08-27T14:58:47.439+0000] {processor.py:830} INFO - Processing file /home/airflow/.local/lib/python3.12/site-packages/airflow/example_dags/example_short_circuit_decorator.py for tasks to queue
[2026-08-27T14:58:47.444+0000] {logging_mixin.py:188} INFO - [2026-08-27T14:58:47.443+0000] {dagbag.py:545} INFO - Filling up the DagBag from /home/airflow/.local/lib/python3.12/site-packages/airflow/example_dags/example_short_circuit_decorator.py
