[2026-08-27T14:54:52.904+0000] {processor.py:161} INFO - Started process (PID=102) to work on /home/airflow/.local/lib/python3.12/site-packages/airflow/example_dags/example_external_task_marker_dag.py
[2026-08-27T14:54:52.906+0000] {processor.py:830} INFO - Processing file /home/airflow/.local/lib/python3.12/site-packages/airflow/example_dags/example_external_task_marker_dag.py for tasks to queue
[2026-08-27T14:54:52.910+0000] {logging_mixin.py:188} INFO - [2026-08-27T14:54:52.909+0000] {dagbag.py:545} INFO - Filling up the DagBag from /home/airflow/.local/lib/python3.12/site-packages/airflow/example_dags/example_external_task_marker_dag.py
[2026-08-27T14:54:52.935+0000] {processor.py:840} INFO - DAG(s) 'example_external_task_marker_parent', 'example_external_task_marker_child' retrieved from /home/airflow/.local/lib/python3.12/site-packages/airflow/example_dags/example_external_task_marker_dag.py
[2026-08-27T14:54:52.961+0000] {logging_mixin.py:188} INFO - [2026-08-27T14:54:52.960+0000] {dag.py:3096} INFO - Sync 2 DAGs
[2026-08-27T14:54:52.993+0000] {logging_mixin.py:188} INFO - [2026-08-27T14:54:52.992+0000] {dag.py:3954} INFO - Setting next_dagrun for example_external_task_marker_child to None, run_after=None
[2026-08-27T14:54:53.000+0000] {logging_mixin.py:188} INFO - [2026-08-27T14:54:52.999+0000] {dag.py:3954} INFO - Setting next_dagrun for example_external_task_marker_parent to None, run_after=None
[2026-08-27T14:54:53.078+0000] {processor.py:183} INFO - Processing /home/airflow/.local/lib/python3.12/site-packages/airflow/example_dags/example_external_task_marker_dag.py took 0.185 seconds
[2026-08-27T14:55:30.728+0000] {processor.py:161} INFO - Started process (PID=162) to work on /home/airflow/.local/lib/python3.12/site-packages/airflow/example_dags/example_external_task_marker_dag.py
[2026-08-27T14:55:30.744+0000] {processor.py:830} INFO - Processing file /home/airflow/.local/lib/python3.12/site-packages/airflow/example_dags/example_external_task_marker_dag.py for tasks to queue
[2026-08-27T14:55:30.764+0000] {logging_mixin.py:188} INFO - [2026-08-27T14:55:30.763+0000] {dagbag.py:545} INFO - Filling up the DagBag from /home/airflow/.local/lib/python3.12/site-packages/airflow/example_dags/example_external_task_marker_dag.py
[2026-08-27T14:55:30.791+0000] {processor.py:840} INFO - DAG(s) 'example_external_task_marker_child', 'example_external_task_marker_parent' retrieved from /home/airflow/.local/lib/python3.12/site-packages/airflow/example_dags/example_external_task_marker_dag.py
[2026-08-27T14:55:31.116+0000] {logging_mixin.py:188} INFO - [2026-08-27T14:55:31.115+0000] {dag.py:3096} INFO - Sync 2 DAGs
[2026-08-27T14:55:31.139+0000] {logging_mixin.py:188} INFO - [2026-08-27T14:55:31.138+0000] {dag.py:3954} INFO - Setting next_dagrun for example_external_task_marker_child to None, run_after=None
[2026-08-27T14:55:31.144+0000] {logging_mixin.py:188} INFO - [2026-08-27T14:55:31.143+0000] {dag.py:3954} INFO - Setting next_dagrun for example_external_task_marker_parent to None, run_after=None
[2026-08-27T14:55:31.173+0000] {processor.py:183} INFO - Processing /home/airflow/.local/lib/python3.12/site-packages/airflow/example_dags/example_external_task_marker_dag.py took 0.483 seconds
[2026-08-27T14:56:01.459+0000] {processor.py:161} INFO - Started process (PID=222) to work on /home/airflow/.local/lib/python3.12/site-packages/airflow/example_dags/example_external_task_marker_dag.py
[2026-08-27T14:56:01.460+0000] {processor.py:830} INFO - Processing file /home/airflow/.local/lib/python3.12/site-packages/airflow/example_dags/example_external_task_marker_dag.py for tasks to queue
[2026-08-27T14:56:01.462+0000] {logging_mixin.py:188} INFO - [2026-08-27T14:56:01.462+0000] {dagbag.py:545} INFO - Filling up the DagBag from /home/airflow/.local/lib/python3.12/site-packages/airflow/example_dags/example_external_task_marker_dag.py
[2026-08-27T14:56:01.469+0000] {processor.py:840} INFO - DAG(s) 'example_external_task_marker_parent', 'example_external_task_marker_child' retrieved from /home/airflow/.local/lib/python3.12/site-packages/airflow/example_dags/example_external_task_marker_dag.py
[2026-08-27T14:56:01.499+0000] {logging_mixin.py:188} INFO - [2026-08-27T14:56:01.498+0000] {dag.py:3096} INFO - Sync 2 DAGs
[2026-08-27T14:56:01.515+0000] {logging_mixin.py:188} INFO - [2026-08-27T14:56:01.515+0000] {dag.py:3954} INFO - Setting next_dagrun for example_external_task_marker_child to None, run_after=None
[2026-08-27T14:56:01.522+0000] {logging_mixin.py:188} INFO - [2026-08-27T14:56:01.521+0000] {dag.py:3954} INFO - Setting next_dagrun for example_external_task_marker_parent to None, run_after=None
[2026-08-27T14:56:01.549+0000] {processor.py:183} INFO - Processing /home/airflow/.local/lib/python3.12/site-packages/airflow/example_dags/example_external_task_marker_dag.py took 0.098 seconds
[2026-08-27T14:56:31.653+0000] {processor.py:161} INFO - Started process (PID=282) to work on /home/airflow/.local/lib/python3.12/site-packages/airflow/example_dags/example_external_task_marker_dag.py
[2026-08-27T14:56:31.654+0000] {processor.py:830} INFO - Processing file /home/airflow/.local/lib/python3.12/site-packages/airflow/example_dags/example_external_task_marker_dag.py for tasks to queue
[2026-08-27T14:56:31.657+0000] {logging_mixin.py:188} INFO - [2026-08-27T14:56:31.657+0000] {dagbag.py:545} INFO - Filling up the DagBag from /home/airflow/.local/lib/python3.12/site-packages/airflow/example_dags/example_external_task_marker_dag.py
[2026-08-27T14:56:31.667+0000] {processor.py:840} INFO - DAG(s) 'example_external_task_marker_parent', 'example_external_task_marker_child' retrieved from /home/airflow/.local/lib/python3.12/site-packages/airflow/example_dags/example_external_task_marker_dag.py
[2026-08-27T14:56:31.698+0000] {logging_mixin.py:188} INFO - [2026-08-27T14:56:31.698+0000] {dag.py:3096} INFO - Sync 2 DAGs
[2026-08-27T14:56:31.716+0000] {logging_mixin.py:188} INFO - [2026-08-27T14:56:31.716+0000] {dag.py:3954} INFO - Setting next_dagrun for example_external_task_marker_child to None, run_after=None
[2026-08-27T14:56:31.722+0000] {logging_mixin.py:188} INFO - [2026-08-27T14:56:31.721+0000] {dag.py:3954} INFO - Setting next_dagrun for example_external_task_marker_parent to None, run_after=None
[2026-08-27T14:56:31.743+0000] {processor.py:183} INFO - Processing /home/airflow/.local/lib/python3.12/site-packages/airflow/example_dags/example_external_task_marker_dag.py took 0.098 seconds
[2026-08-27T14:57:02.120+0000] {processor.py:161} INFO - Started process (PID=341) to work on /home/airflow/.local/lib/python3.12/site-packages/airflow/example_dags/example_external_task_marker_dag.py
[2026-08-27T14:57:02.121+0000] {processor.py:830} INFO - Processing file /home/airflow/.local/lib/python3.12/site-packages/airflow/example_dags/example_external_task_marker_dag.py for tasks to queue
[2026-08-27T14:57:02.124+0000] {logging_mixin.py:188} INFO - [2026-08-27T14:57:02.124+0000] {dagbag.py:545} INFO - Filling up the DagBag from /home/airflow/.local/lib/python3.12/site-packages/airflow/example_dags/example_external_task_marker_dag.py
[2026-08-27T14:57:02.132+0000] {processor.py:840} INFO - DAG(s) 'example_external_task_marker_child', 'example_external_task_marker_parent' retrieved from /home/airflow/.local/lib/python3.12/site-packages/airflow/example_dags/example_external_task_marker_dag.py
[2026-08-27T14:57:02.172+0000] {logging_mixin.py:188} INFO - [2026-08-27T14:57:02.171+0000] {dag.py:3096} INFO - Sync 2 DAGs
[2026-08-27T14:57:02.191+0000] {logging_mixin.py:188} INFO - [2026-08-27T14:57:02.191+0000] {dag.py:3954} INFO - Setting next_dagrun for example_external_task_marker_child to None, run_after=None
[2026-08-27T14:57:02.197+0000] {logging_mixin.py:188} INFO - [2026-08-27T14:57:02.196+0000] {dag.py:3954} INFO - Setting next_dagrun for example_external_task_marker_parent to None, run_after=None
[2026-08-27T14:57:02.220+0000] {processor.py:183} INFO - Processing /home/airflow/.local/lib/python3.12/site-packages/airflow/example_dags/example_external_task_marker_dag.py took 0.108 seconds
[2026-08-27T14:57:32.559+0000] {processor.py:161} INFO - Started process (PID=400) to work on /home/airflow/.local/lib/python3.12/site-packages/airflow/example_dags/example_external_task_marker_dag.py
[2026-08-27T14:57:32.561+0000] {processor.py:830} INFO - Processing file /home/airflow/.local/lib/python3.12/site-packages/airflow/example_dags/example_external_task_marker_dag.py for tasks to queue
[2026-08-27T14:57:32.564+0000] {logging_mixin.py:188} INFO - [2026-08-27T14:57:32.563+0000] {dagbag.py:545} INFO - Filling up the DagBag from /home/airflow/.local/lib/python3.12/site-packages/airflow/example_dags/example_external_task_marker_dag.py
[2026-08-27T14:57:32.573+0000] {processor.py:840} INFO - DAG(s) 'example_external_task_marker_child', 'example_external_task_marker_parent' retrieved from /home/airflow/.local/lib/python3.12/site-packages/airflow/example_dags/example_external_task_marker_dag.py
[2026-08-27T14:57:32.610+0000] {logging_mixin.py:188} INFO - [2026-08-27T14:57:32.609+0000] {dag.py:3096} INFO - Sync 2 DAGs
[2026-08-27T14:57:32.632+0000] {logging_mixin.py:188} INFO - [2026-08-27T14:57:32.632+0000] {dag.py:3954} INFO - Setting next_dagrun for example_external_task_marker_child to None, run_after=None
[2026-08-27T14:57:32.639+0000] {logging_mixin.py:188} INFO - [2026-08-27T14:57:32.639+0000] {dag.py:3954} INFO - Setting next_dagrun for example_external_task_marker_parent to None, run_after=None
[2026-08-27T14:57:32.669+0000] {processor.py:183} INFO - Processing /home/airflow/.local/lib/python3.12/site-packages/airflow/example_dags/example_external_task_marker_dag.py took 0.120 seconds
[2026-08-27T14:58:03.037+0000] {processor.py:161} INFO - Started process (PID=460) to work on /home/airflow/.local/lib/python3.12/site-packages/airflow/example_dags/example_external_task_marker_dag.py
[2026-08-27T14:58:03.046+0000] {processor.py:830} INFO - Processing file /home/airflow/.local/lib/python3.12/site-packages/airflow/example_dags/example_external_task_marker_dag.py for tasks to queue
[2026-08-27T14:58:03.049+0000] {logging_mixin.py:188} INFO - [2026-08-27T14:58:03.049+0000] {dagbag.py:545} INFO - Filling up the DagBag from /home/airflow/.local/lib/python3.12/site-packages/airflow/example_dags/example_external_task_marker_dag.py
[2026-08-27T14:58:03.100+0000] {processor.py:840} INFO - DAG(s) 'example_external_task_marker_parent', 'example_external_task_marker_child' retrieved from /home/airflow/.local/lib/python3.12/site-packages/airflow/example_dags/example_external_task_marker_dag.py
[2026-08-27T14:58:03.145+0000] {logging_mixin.py:188} INFO - [2026-08-27T14:58:03.145+0000] {dag.py:3096} INFO - Sync 2 DAGs
[2026-08-27T14:58:03.178+0000] {logging_mixin.py:188} INFO - [2026-08-27T14:58:03.178+0000] {dag.py:3954} INFO - Setting next_dagrun for example_external_task_marker_child to None, run_after=None
[2026-08-27T14:58:03.188+0000] {logging_mixin.py:188} INFO - [2026-08-27T14:58:03.188+0000] {dag.py:3954} INFO - Setting next_dagrun for example_external_task_marker_parent to None, run_after=None
[2026-08-27T14:58:03.220+0000] {processor.py:183} INFO - Processing /home/airflow/.local/lib/python3.12/site-packages/airflow/example_dags/example_external_task_marker_dag.py took 0.195 seconds
[2026-08-27T14:58:33.467+0000] {processor.py:161} INFO - Started process (PID=520) to work on /home/airflow/.local/lib/python3.12/site-packages/airflow/example_dags/example_external_task_marker_dag.py
[2026-08-27T14:58:33.468+0000] {processor.py:830} INFO - Processing file /home/airflow/.local/lib/python3.12/site-packages/airflow/example_dags/example_external_task_marker_dag.py for tasks to queue
[2026-08-27T14:58:33.470+0000] {logging_mixin.py:188} INFO - [2026-08-27T14:58:33.470+0000] {dagbag.py:545} INFO - Filling up the DagBag from /home/airflow/.local/lib/python3.12/site-packages/airflow/example_dags/example_external_task_marker_dag.py
[2026-08-27T14:58:33.478+0000] {processor.py:840} INFO - DAG(s) 'example_external_task_marker_parent', 'example_external_task_marker_child' retrieved from /home/airflow/.local/lib/python3.12/site-packages/airflow/example_dags/example_external_task_marker_dag.py
[2026-08-27T14:58:33.507+0000] {logging_mixin.py:188} INFO - [2026-08-27T14:58:33.506+0000] {dag.py:3096} INFO - Sync 2 DAGs
[2026-08-27T14:58:33.526+0000] {logging_mixin.py:188} INFO - [2026-08-27T14:58:33.526+0000] {dag.py:3954} INFO - Setting next_dagrun for example_external_task_marker_child to None, run_after=None
[2026-08-27T14:58:33.531+0000] {logging_mixin.py:188} INFO - [2026-08-27T14:58:33.530+0000] {dag.py:3954} INFO - Setting next_dagrun for example_external_task_marker_parent to None, run_after=None
[2026-08-27T14:58:33.555+0000] {processor.py:183} INFO - Processing /home/airflow/.local/lib/python3.12/site-packages/airflow/example_dags/example_external_task_marker_dag.py took 0.096 seconds
