[2026-08-27T14:54:52.655+0000] {processor.py:161} INFO - Started process (PID=100) to work on /home/airflow/.local/lib/python3.12/site-packages/airflow/example_dags/example_branch_datetime_operator.py
[2026-08-27T14:54:52.658+0000] {processor.py:830} INFO - Processing file /home/airflow/.local/lib/python3.12/site-packages/airflow/example_dags/example_branch_datetime_operator.py for tasks to queue
[2026-08-27T14:54:52.662+0000] {logging_mixin.py:188} INFO - [2026-08-27T14:54:52.661+0000] {dagbag.py:545} INFO - Filling up the DagBag from /home/airflow/.local/lib/python3.12/site-packages/airflow/example_dags/example_branch_datetime_operator.py
[2026-08-27T14:54:52.694+0000] {processor.py:840} INFO - DAG(s) 'example_branch_datetime_operator', 'example_branch_datetime_operator_2', 'example_branch_datetime_operator_3' retrieved from /home/airflow/.local/lib/python3.12/site-packages/airflow/example_dags/example_branch_datetime_operator.py
[2026-08-27T14:54:52.717+0000] {logging_mixin.py:188} INFO - [2026-08-27T14:54:52.717+0000] {dag.py:3096} INFO - Sync 3 DAGs
[2026-08-27T14:54:52.769+0000] {logging_mixin.py:188} INFO - [2026-08-27T14:54:52.769+0000] {dag.py:3954} INFO - Setting next_dagrun for example_branch_datetime_operator to 2026-08-26 00:00:00+00:00, run_after=2026-08-27 00:00:00+00:00
[2026-08-27T14:54:52.777+0000] {logging_mixin.py:188} INFO - [2026-08-27T14:54:52.777+0000] {dag.py:3954} INFO - Setting next_dagrun for example_branch_datetime_operator_2 to 2026-08-26 00:00:00+00:00, run_after=2026-08-27 00:00:00+00:00
[2026-08-27T14:54:52.782+0000] {logging_mixin.py:188} INFO - [2026-08-27T14:54:52.782+0000] {dag.py:3954} INFO - Setting next_dagrun for example_branch_datetime_operator_3 to 2026-08-26 00:00:00+00:00, run_after=2026-08-27 00:00:00+00:00
[2026-08-27T14:54:52.819+0000] {processor.py:183} INFO - Processing /home/airflow/.local/lib/python3.12/site-packages/airflow/example_dags/example_branch_datetime_operator.py took 0.176 seconds
[2026-08-27T14:55:29.943+0000] {processor.py:161} INFO - Started process (PID=160) to work on /home/airflow/.local/lib/python3.12/site-packages/airflow/example_dags/example_branch_datetime_operator.py
[2026-08-27T14:55:29.946+0000] {processor.py:830} INFO - Processing file /home/airflow/.local/lib/python3.12/site-packages/airflow/example_dags/example_branch_datetime_operator.py for tasks to queue
[2026-08-27T14:55:29.950+0000] {logging_mixin.py:188} INFO - [2026-08-27T14:55:29.949+0000] {dagbag.py:545} INFO - Filling up the DagBag from /home/airflow/.local/lib/python3.12/site-packages/airflow/example_dags/example_branch_datetime_operator.py
[2026-08-27T14:55:29.978+0000] {processor.py:840} INFO - DAG(s) 'example_branch_datetime_operator_2', 'example_branch_datetime_operator_3', 'example_branch_datetime_operator' retrieved from /home/airflow/.local/lib/python3.12/site-packages/airflow/example_dags/example_branch_datetime_operator.py
[2026-08-27T14:55:30.351+0000] {logging_mixin.py:188} INFO - [2026-08-27T14:55:30.351+0000] {dag.py:3096} INFO - Sync 3 DAGs
[2026-08-27T14:55:30.446+0000] {logging_mixin.py:188} INFO - [2026-08-27T14:55:30.446+0000] {dag.py:3954} INFO - Setting next_dagrun for example_branch_datetime_operator to 2026-08-26 00:00:00+00:00, run_after=2026-08-27 00:00:00+00:00
[2026-08-27T14:55:30.472+0000] {logging_mixin.py:188} INFO - [2026-08-27T14:55:30.472+0000] {dag.py:3954} INFO - Setting next_dagrun for example_branch_datetime_operator_2 to 2026-08-26 00:00:00+00:00, run_after=2026-08-27 00:00:00+00:00
[2026-08-27T14:55:30.479+0000] {logging_mixin.py:188} INFO - [2026-08-27T14:55:30.478+0000] {dag.py:3954} INFO - Setting next_dagrun for example_branch_datetime_operator_3 to 2026-08-26 00:00:00+00:00, run_after=2026-08-27 00:00:00+00:00
[2026-08-27T14:55:30.553+0000] {processor.py:183} INFO - Processing /home/airflow/.local/lib/python3.12/site-packages/airflow/example_dags/example_branch_datetime_operator.py took 0.629 seconds
[2026-08-27T14:56:01.285+0000] {processor.py:161} INFO - Started process (PID=220) to work on /home/airflow/.local/lib/python3.12/site-packages/airflow/example_dags/example_branch_datetime_operator.py
[2026-08-27T14:56:01.287+0000] {processor.py:830} INFO - Processing file /home/airflow/.local/lib/python3.12/site-packages/airflow/example_dags/example_branch_datetime_operator.py for tasks to queue
[2026-08-27T14:56:01.289+0000] {logging_mixin.py:188} INFO - [2026-08-27T14:56:01.288+0000] {dagbag.py:545} INFO - Filling up the DagBag from /home/airflow/.local/lib/python3.12/site-packages/airflow/example_dags/example_branch_datetime_operator.py
[2026-08-27T14:56:01.301+0000] {processor.py:840} INFO - DAG(s) 'example_branch_datetime_operator_3', 'example_branch_datetime_operator', 'example_branch_datetime_operator_2' retrieved from /home/airflow/.local/lib/python3.12/site-packages/airflow/example_dags/example_branch_datetime_operator.py
[2026-08-27T14:56:01.335+0000] {logging_mixin.py:188} INFO - [2026-08-27T14:56:01.334+0000] {dag.py:3096} INFO - Sync 3 DAGs
[2026-08-27T14:56:01.369+0000] {logging_mixin.py:188} INFO - [2026-08-27T14:56:01.368+0000] {dag.py:3954} INFO - Setting next_dagrun for example_branch_datetime_operator to 2026-08-26 00:00:00+00:00, run_after=2026-08-27 00:00:00+00:00
[2026-08-27T14:56:01.379+0000] {logging_mixin.py:188} INFO - [2026-08-27T14:56:01.379+0000] {dag.py:3954} INFO - Setting next_dagrun for example_branch_datetime_operator_2 to 2026-08-26 00:00:00+00:00, run_after=2026-08-27 00:00:00+00:00
[2026-08-27T14:56:01.388+0000] {logging_mixin.py:188} INFO - [2026-08-27T14:56:01.387+0000] {dag.py:3954} INFO - Setting next_dagrun for example_branch_datetime_operator_3 to 2026-08-26 00:00:00+00:00, run_after=2026-08-27 00:00:00+00:00
[2026-08-27T14:56:01.414+0000] {processor.py:183} INFO - Processing /home/airflow/.local/lib/python3.12/site-packages/airflow/example_dags/example_branch_datetime_operator.py took 0.136 seconds
[2026-08-27T14:56:31.509+0000] {processor.py:161} INFO - Started process (PID=280) to work on /home/airflow/.local/lib/python3.12/site-packages/airflow/example_dags/example_branch_datetime_operator.py
[2026-08-27T14:56:31.510+0000] {processor.py:830} INFO - Processing file /home/airflow/.local/lib/python3.12/site-packages/airflow/example_dags/example_branch_datetime_operator.py for tasks to queue
[2026-08-27T14:56:31.512+0000] {logging_mixin.py:188} INFO - [2026-08-27T14:56:31.512+0000] {dagbag.py:545} INFO - Filling up the DagBag from /home/airflow/.local/lib/python3.12/site-packages/airflow/example_dags/example_branch_datetime_operator.py
[2026-08-27T14:56:31.524+0000] {processor.py:840} INFO - DAG(s) 'example_branch_datetime_operator_2', 'example_branch_datetime_operator', 'example_branch_datetime_operator_3' retrieved from /home/airflow/.local/lib/python3.12/site-packages/airflow/example_dags/example_branch_datetime_operator.py
[2026-08-27T14:56:31.558+0000] {logging_mixin.py:188} INFO - [2026-08-27T14:56:31.557+0000] {dag.py:3096} INFO - Sync 3 DAGs
[2026-08-27T14:56:31.587+0000] {logging_mixin.py:188} INFO - [2026-08-27T14:56:31.587+0000] {dag.py:3954} INFO - Setting next_dagrun for example_branch_datetime_operator to 2026-08-26 00:00:00+00:00, run_after=2026-08-27 00:00:00+00:00
[2026-08-27T14:56:31.593+0000] {logging_mixin.py:188} INFO - [2026-08-27T14:56:31.593+0000] {dag.py:3954} INFO - Setting next_dagrun for example_branch_datetime_operator_2 to 2026-08-26 00:00:00+00:00, run_after=2026-08-27 00:00:00+00:00
[2026-08-27T14:56:31.596+0000] {logging_mixin.py:188} INFO - [2026-08-27T14:56:31.596+0000] {dag.py:3954} INFO - Setting next_dagrun for example_branch_datetime_operator_3 to 2026-08-26 00:00:00+00:00, run_after=2026-08-27 00:00:00+00:00
[2026-08-27T14:56:31.619+0000] {processor.py:183} INFO - Processing /home/airflow/.local/lib/python3.12/site-packages/airflow/example_dags/example_branch_datetime_operator.py took 0.117 seconds
[2026-08-27T14:57:01.670+0000] {processor.py:161} INFO - Started process (PID=339) to work on /home/airflow/.local/lib/python3.12/site-packages/airflow/example_dags/example_branch_datetime_operator.py
[2026-08-27T14:57:01.672+0000] {processor.py:830} INFO - Processing file /home/airflow/.local/lib/python3.12/site-packages/airflow/example_dags/example_branch_datetime_operator.py for tasks to queue
[2026-08-27T14:57:01.676+0000] {logging_mixin.py:188} INFO - [2026-08-27T14:57:01.675+0000] {dagbag.py:545} INFO - Filling up the DagBag from /home/airflow/.local/lib/python3.12/site-packages/airflow/example_dags/example_branch_datetime_operator.py
[2026-08-27T14:57:01.696+0000] {processor.py:840} INFO - DAG(s) 'example_branch_datetime_operator', 'example_branch_datetime_operator_2', 'example_branch_datetime_operator_3' retrieved from /home/airflow/.local/lib/python3.12/site-packages/airflow/example_dags/example_branch_datetime_operator.py
[2026-08-27T14:57:01.745+0000] {logging_mixin.py:188} INFO - [2026-08-27T14:57:01.745+0000] {dag.py:3096} INFO - Sync 3 DAGs
[2026-08-27T14:57:01.808+0000] {logging_mixin.py:188} INFO - [2026-08-27T14:57:01.808+0000] {dag.py:3954} INFO - Setting next_dagrun for example_branch_datetime_operator to 2026-08-26 00:00:00+00:00, run_after=2026-08-27 00:00:00+00:00
[2026-08-27T14:57:01.836+0000] {logging_mixin.py:188} INFO - [2026-08-27T14:57:01.835+0000] {dag.py:3954} INFO - Setting next_dagrun for example_branch_datetime_operator_2 to 2026-08-26 00:00:00+00:00, run_after=2026-08-27 00:00:00+00:00
[2026-08-27T14:57:01.842+0000] {logging_mixin.py:188} INFO - [2026-08-27T14:57:01.841+0000] {dag.py:3954} INFO - Setting next_dagrun for example_branch_datetime_operator_3 to 2026-08-26 00:00:00+00:00, run_after=2026-08-27 00:00:00+00:00
[2026-08-27T14:57:01.881+0000] {processor.py:183} INFO - Processing /home/airflow/.local/lib/python3.12/site-packages/airflow/example_dags/example_branch_datetime_operator.py took 0.220 seconds
[2026-08-27T14:57:32.025+0000] {processor.py:161} INFO - Started process (PID=398) to work on /home/airflow/.local/lib/python3.12/site-packages/airflow/example_dags/example_branch_datetime_operator.py
[2026-08-27T14:57:32.027+0000] {processor.py:830} INFO - Processing file /home/airflow/.local/lib/python3.12/site-packages/airflow/example_dags/example_branch_datetime_operator.py for tasks to queue
[2026-08-27T14:57:32.029+0000] {logging_mixin.py:188} INFO - [2026-08-27T14:57:32.028+0000] {dagbag.py:545} INFO - Filling up the DagBag from /home/airflow/.local/lib/python3.12/site-packages/airflow/example_dags/example_branch_datetime_operator.py
[2026-08-27T14:57:32.040+0000] {processor.py:840} INFO - DAG(s) 'example_branch_datetime_operator_2', 'example_branch_datetime_operator', 'example_branch_datetime_operator_3' retrieved from /home/airflow/.local/lib/python3.12/site-packages/airflow/example_dags/example_branch_datetime_operator.py
[2026-08-27T14:57:32.089+0000] {logging_mixin.py:188} INFO - [2026-08-27T14:57:32.089+0000] {dag.py:3096} INFO - Sync 3 DAGs
[2026-08-27T14:57:32.130+0000] {logging_mixin.py:188} INFO - [2026-08-27T14:57:32.130+0000] {dag.py:3954} INFO - Setting next_dagrun for example_branch_datetime_operator to 2026-08-26 00:00:00+00:00, run_after=2026-08-27 00:00:00+00:00
[2026-08-27T14:57:32.138+0000] {logging_mixin.py:188} INFO - [2026-08-27T14:57:32.138+0000] {dag.py:3954} INFO - Setting next_dagrun for example_branch_datetime_operator_2 to 2026-08-26 00:00:00+00:00, run_after=2026-08-27 00:00:00+00:00
[2026-08-27T14:57:32.142+0000] {logging_mixin.py:188} INFO - [2026-08-27T14:57:32.142+0000] {dag.py:3954} INFO - Setting next_dagrun for example_branch_datetime_operator_3 to 2026-08-26 00:00:00+00:00, run_after=2026-08-27 00:00:00+00:00
[2026-08-27T14:57:32.167+0000] {processor.py:183} INFO - Processing /home/airflow/.local/lib/python3.12/site-packages/airflow/example_dags/example_branch_datetime_operator.py took 0.149 seconds
[2026-08-27T14:58:02.846+0000] {processor.py:161} INFO - Started process (PID=458) to work on /home/airflow/.local/lib/python3.12/site-packages/airflow/example_dags/example_branch_datetime_operator.py
[2026-08-27T14:58:02.849+0000] {processor.py:830} INFO - Processing file /home/airflow/.local/lib/python3.12/site-packages/airflow/example_dags/example_branch_datetime_operator.py for tasks to queue
[2026-08-27T14:58:02.851+0000] {logging_mixin.py:188} INFO - [2026-08-27T14:58:02.851+0000] {dagbag.py:545} INFO - Filling up the DagBag from /home/airflow/.local/lib/python3.12/site-packages/airflow/example_dags/example_branch_datetime_operator.py
[2026-08-27T14:58:02.864+0000] {processor.py:840} INFO - DAG(s) 'example_branch_datetime_operator', 'example_branch_datetime_operator_2', 'example_branch_datetime_operator_3' retrieved from /home/airflow/.local/lib/python3.12/site-packages/airflow/example_dags/example_branch_datetime_operator.py
[2026-08-27T14:58:02.915+0000] {logging_mixin.py:188} INFO - [2026-08-27T14:58:02.915+0000] {dag.py:3096} INFO - Sync 3 DAGs
[2026-08-27T14:58:02.967+0000] {logging_mixin.py:188} INFO - [2026-08-27T14:58:02.966+0000] {dag.py:3954} INFO - Setting next_dagrun for example_branch_datetime_operator to 2026-08-26 00:00:00+00:00, run_after=2026-08-27 00:00:00+00:00
[2026-08-27T14:58:02.976+0000] {logging_mixin.py:188} INFO - [2026-08-27T14:58:02.975+0000] {dag.py:3954} INFO - Setting next_dagrun for example_branch_datetime_operator_2 to 2026-08-26 00:00:00+00:00, run_after=2026-08-27 00:00:00+00:00
[2026-08-27T14:58:02.980+0000] {logging_mixin.py:188} INFO - [2026-08-27T14:58:02.980+0000] {dag.py:3954} INFO - Setting next_dagrun for example_branch_datetime_operator_3 to 2026-08-26 00:00:00+00:00, run_after=2026-08-27 00:00:00+00:00
[2026-08-27T14:58:03.017+0000] {processor.py:183} INFO - Processing /home/airflow/.local/lib/python3.12/site-packages/airflow/example_dags/example_branch_datetime_operator.py took 0.181 seconds
[2026-08-27T14:58:33.297+0000] {processor.py:161} INFO - Started process (PID=518) to work on /home/airflow/.local/lib/python3.12/site-packages/airflow/example_dags/example_branch_datetime_operator.py
[2026-08-27T14:58:33.298+0000] {processor.py:830} INFO - Processing file /home/airflow/.local/lib/python3.12/site-packages/airflow/example_dags/example_branch_datetime_operator.py for tasks to queue
[2026-08-27T14:58:33.301+0000] {logging_mixin.py:188} INFO - [2026-08-27T14:58:33.300+0000] {dagbag.py:545} INFO - Filling up the DagBag from /home/airflow/.local/lib/python3.12/site-packages/airflow/example_dags/example_branch_datetime_operator.py
[2026-08-27T14:58:33.314+0000] {processor.py:840} INFO - DAG(s) 'example_branch_datetime_operator', 'example_branch_datetime_operator_3', 'example_branch_datetime_operator_2' retrieved from /home/airflow/.local/lib/python3.12/site-packages/airflow/example_dags/example_branch_datetime_operator.py
[2026-08-27T14:58:33.356+0000] {logging_mixin.py:188} INFO - [2026-08-27T14:58:33.356+0000] {dag.py:3096} INFO - Sync 3 DAGs
[2026-08-27T14:58:33.391+0000] {logging_mixin.py:188} INFO - [2026-08-27T14:58:33.391+0000] {dag.py:3954} INFO - Setting next_dagrun for example_branch_datetime_operator to 2026-08-26 00:00:00+00:00, run_after=2026-08-27 00:00:00+00:00
[2026-08-27T14:58:33.397+0000] {logging_mixin.py:188} INFO - [2026-08-27T14:58:33.396+0000] {dag.py:3954} INFO - Setting next_dagrun for example_branch_datetime_operator_2 to 2026-08-26 00:00:00+00:00, run_after=2026-08-27 00:00:00+00:00
[2026-08-27T14:58:33.401+0000] {logging_mixin.py:188} INFO - [2026-08-27T14:58:33.401+0000] {dag.py:3954} INFO - Setting next_dagrun for example_branch_datetime_operator_3 to 2026-08-26 00:00:00+00:00, run_after=2026-08-27 00:00:00+00:00
[2026-08-27T14:58:33.427+0000] {processor.py:183} INFO - Processing /home/airflow/.local/lib/python3.12/site-packages/airflow/example_dags/example_branch_datetime_operator.py took 0.138 seconds
