[2026-08-27T14:54:53.340+0000] {processor.py:161} INFO - Started process (PID=106) to work on /home/airflow/.local/lib/python3.12/site-packages/airflow/example_dags/example_python_decorator.py
[2026-08-27T14:54:53.341+0000] {processor.py:830} INFO - Processing file /home/airflow/.local/lib/python3.12/site-packages/airflow/example_dags/example_python_decorator.py for tasks to queue
[2026-08-27T14:54:53.344+0000] {logging_mixin.py:188} INFO - [2026-08-27T14:54:53.343+0000] {dagbag.py:545} INFO - Filling up the DagBag from /home/airflow/.local/lib/python3.12/site-packages/airflow/example_dags/example_python_decorator.py
[2026-08-27T14:54:53.376+0000] {processor.py:840} INFO - DAG(s) 'example_python_decorator' retrieved from /home/airflow/.local/lib/python3.12/site-packages/airflow/example_dags/example_python_decorator.py
[2026-08-27T14:54:53.395+0000] {logging_mixin.py:188} INFO - [2026-08-27T14:54:53.394+0000] {dag.py:3096} INFO - Sync 1 DAGs
[2026-08-27T14:54:53.420+0000] {logging_mixin.py:188} INFO - [2026-08-27T14:54:53.419+0000] {dag.py:3954} INFO - Setting next_dagrun for example_python_decorator to None, run_after=None
[2026-08-27T14:54:53.474+0000] {processor.py:183} INFO - Processing /home/airflow/.local/lib/python3.12/site-packages/airflow/example_dags/example_python_decorator.py took 0.144 seconds
[2026-08-27T14:55:31.872+0000] {processor.py:161} INFO - Started process (PID=166) to work on /home/airflow/.local/lib/python3.12/site-packages/airflow/example_dags/example_python_decorator.py
[2026-08-27T14:55:31.936+0000] {processor.py:830} INFO - Processing file /home/airflow/.local/lib/python3.12/site-packages/airflow/example_dags/example_python_decorator.py for tasks to queue
[2026-08-27T14:55:31.940+0000] {logging_mixin.py:188} INFO - [2026-08-27T14:55:31.939+0000] {dagbag.py:545} INFO - Filling up the DagBag from /home/airflow/.local/lib/python3.12/site-packages/airflow/example_dags/example_python_decorator.py
[2026-08-27T14:55:31.963+0000] {processor.py:840} INFO - DAG(s) 'example_python_decorator' retrieved from /home/airflow/.local/lib/python3.12/site-packages/airflow/example_dags/example_python_decorator.py
[2026-08-27T14:55:32.145+0000] {logging_mixin.py:188} INFO - [2026-08-27T14:55:32.145+0000] {dag.py:3096} INFO - Sync 1 DAGs
[2026-08-27T14:55:32.169+0000] {logging_mixin.py:188} INFO - [2026-08-27T14:55:32.169+0000] {dag.py:3954} INFO - Setting next_dagrun for example_python_decorator to None, run_after=None
[2026-08-27T14:55:32.441+0000] {processor.py:183} INFO - Processing /home/airflow/.local/lib/python3.12/site-packages/airflow/example_dags/example_python_decorator.py took 0.579 seconds
[2026-08-27T14:56:02.891+0000] {processor.py:161} INFO - Started process (PID=226) to work on /home/airflow/.local/lib/python3.12/site-packages/airflow/example_dags/example_python_decorator.py
[2026-08-27T14:56:02.892+0000] {processor.py:830} INFO - Processing file /home/airflow/.local/lib/python3.12/site-packages/airflow/example_dags/example_python_decorator.py for tasks to queue
[2026-08-27T14:56:02.896+0000] {logging_mixin.py:188} INFO - [2026-08-27T14:56:02.895+0000] {dagbag.py:545} INFO - Filling up the DagBag from /home/airflow/.local/lib/python3.12/site-packages/airflow/example_dags/example_python_decorator.py
[2026-08-27T14:56:02.916+0000] {processor.py:840} INFO - DAG(s) 'example_python_decorator' retrieved from /home/airflow/.local/lib/python3.12/site-packages/airflow/example_dags/example_python_decorator.py
[2026-08-27T14:56:02.945+0000] {logging_mixin.py:188} INFO - [2026-08-27T14:56:02.945+0000] {dag.py:3096} INFO - Sync 1 DAGs
[2026-08-27T14:56:02.965+0000] {logging_mixin.py:188} INFO - [2026-08-27T14:56:02.965+0000] {dag.py:3954} INFO - Setting next_dagrun for example_python_decorator to None, run_after=None
[2026-08-27T14:56:02.991+0000] {processor.py:183} INFO - Processing /home/airflow/.local/lib/python3.12/site-packages/airflow/example_dags/example_python_decorator.py took 0.107 seconds
[2026-08-27T14:56:33.050+0000] {processor.py:161} INFO - Started process (PID=286) to work on /home/airflow/.local/lib/python3.12/site-packages/airflow/example_dags/example_python_decorator.py
[2026-08-27T14:56:33.051+0000] {processor.py:830} INFO - Processing file /home/airflow/.local/lib/python3.12/site-packages/airflow/example_dags/example_python_decorator.py for tasks to queue
[2026-08-27T14:56:33.054+0000] {logging_mixin.py:188} INFO - [2026-08-27T14:56:33.054+0000] {dagbag.py:545} INFO - Filling up the DagBag from /home/airflow/.local/lib/python3.12/site-packages/airflow/example_dags/example_python_decorator.py
[2026-08-27T14:56:33.072+0000] {processor.py:840} INFO - DAG(s) 'example_python_decorator' retrieved from /home/airflow/.local/lib/python3.12/site-packages/airflow/example_dags/example_python_decorator.py
[2026-08-27T14:56:33.100+0000] {logging_mixin.py:188} INFO - [2026-08-27T14:56:33.100+0000] {dag.py:3096} INFO - Sync 1 DAGs
[2026-08-27T14:56:33.115+0000] {logging_mixin.py:188} INFO - [2026-08-27T14:56:33.115+0000] {dag.py:3954} INFO - Setting next_dagrun for example_python_decorator to None, run_after=None
[2026-08-27T14:56:33.137+0000] {processor.py:183} INFO - Processing /home/airflow/.local/lib/python3.12/site-packages/airflow/example_dags/example_python_decorator.py took 0.095 seconds
[2026-08-27T14:57:03.973+0000] {processor.py:161} INFO - Started process (PID=346) to work on /home/airflow/.local/lib/python3.12/site-packages/airflow/example_dags/example_python_decorator.py
[2026-08-27T14:57:03.974+0000] {processor.py:830} INFO - Processing file /home/airflow/.local/lib/python3.12/site-packages/airflow/example_dags/example_python_decorator.py for tasks to queue
[2026-08-27T14:57:03.977+0000] {logging_mixin.py:188} INFO - [2026-08-27T14:57:03.976+0000] {dagbag.py:545} INFO - Filling up the DagBag from /home/airflow/.local/lib/python3.12/site-packages/airflow/example_dags/example_python_decorator.py
[2026-08-27T14:57:03.994+0000] {processor.py:840} INFO - DAG(s) 'example_python_decorator' retrieved from /home/airflow/.local/lib/python3.12/site-packages/airflow/example_dags/example_python_decorator.py
[2026-08-27T14:57:04.022+0000] {logging_mixin.py:188} INFO - [2026-08-27T14:57:04.022+0000] {dag.py:3096} INFO - Sync 1 DAGs
[2026-08-27T14:57:04.038+0000] {logging_mixin.py:188} INFO - [2026-08-27T14:57:04.038+0000] {dag.py:3954} INFO - Setting next_dagrun for example_python_decorator to None, run_after=None
[2026-08-27T14:57:04.063+0000] {processor.py:183} INFO - Processing /home/airflow/.local/lib/python3.12/site-packages/airflow/example_dags/example_python_decorator.py took 0.099 seconds
[2026-08-27T14:57:34.773+0000] {processor.py:161} INFO - Started process (PID=406) to work on /home/airflow/.local/lib/python3.12/site-packages/airflow/example_dags/example_python_decorator.py
[2026-08-27T14:57:34.775+0000] {processor.py:830} INFO - Processing file /home/airflow/.local/lib/python3.12/site-packages/airflow/example_dags/example_python_decorator.py for tasks to queue
[2026-08-27T14:57:34.777+0000] {logging_mixin.py:188} INFO - [2026-08-27T14:57:34.777+0000] {dagbag.py:545} INFO - Filling up the DagBag from /home/airflow/.local/lib/python3.12/site-packages/airflow/example_dags/example_python_decorator.py
[2026-08-27T14:57:34.793+0000] {processor.py:840} INFO - DAG(s) 'example_python_decorator' retrieved from /home/airflow/.local/lib/python3.12/site-packages/airflow/example_dags/example_python_decorator.py
[2026-08-27T14:57:34.823+0000] {logging_mixin.py:188} INFO - [2026-08-27T14:57:34.823+0000] {dag.py:3096} INFO - Sync 1 DAGs
[2026-08-27T14:57:34.839+0000] {logging_mixin.py:188} INFO - [2026-08-27T14:57:34.838+0000] {dag.py:3954} INFO - Setting next_dagrun for example_python_decorator to None, run_after=None
[2026-08-27T14:57:34.860+0000] {processor.py:183} INFO - Processing /home/airflow/.local/lib/python3.12/site-packages/airflow/example_dags/example_python_decorator.py took 0.094 seconds
[2026-08-27T14:58:05.387+0000] {processor.py:161} INFO - Started process (PID=465) to work on /home/airflow/.local/lib/python3.12/site-packages/airflow/example_dags/example_python_decorator.py
[2026-08-27T14:58:05.404+0000] {processor.py:830} INFO - Processing file /home/airflow/.local/lib/python3.12/site-packages/airflow/example_dags/example_python_decorator.py for tasks to queue
[2026-08-27T14:58:05.407+0000] {logging_mixin.py:188} INFO - [2026-08-27T14:58:05.407+0000] {dagbag.py:545} INFO - Filling up the DagBag from /home/airflow/.local/lib/python3.12/site-packages/airflow/example_dags/example_python_decorator.py
[2026-08-27T14:58:05.441+0000] {processor.py:840} INFO - DAG(s) 'example_python_decorator' retrieved from /home/airflow/.local/lib/python3.12/site-packages/airflow/example_dags/example_python_decorator.py
[2026-08-27T14:58:05.495+0000] {logging_mixin.py:188} INFO - [2026-08-27T14:58:05.495+0000] {dag.py:3096} INFO - Sync 1 DAGs
[2026-08-27T14:58:05.527+0000] {logging_mixin.py:188} INFO - [2026-08-27T14:58:05.527+0000] {dag.py:3954} INFO - Setting next_dagrun for example_python_decorator to None, run_after=None
[2026-08-27T14:58:05.606+0000] {processor.py:183} INFO - Processing /home/airflow/.local/lib/python3.12/site-packages/airflow/example_dags/example_python_decorator.py took 0.229 seconds
[2026-08-27T14:58:35.742+0000] {processor.py:161} INFO - Started process (PID=524) to work on /home/airflow/.local/lib/python3.12/site-packages/airflow/example_dags/example_python_decorator.py
[2026-08-27T14:58:35.743+0000] {processor.py:830} INFO - Processing file /home/airflow/.local/lib/python3.12/site-packages/airflow/example_dags/example_python_decorator.py for tasks to queue
[2026-08-27T14:58:35.745+0000] {logging_mixin.py:188} INFO - [2026-08-27T14:58:35.745+0000] {dagbag.py:545} INFO - Filling up the DagBag from /home/airflow/.local/lib/python3.12/site-packages/airflow/example_dags/example_python_decorator.py
[2026-08-27T14:58:35.763+0000] {processor.py:840} INFO - DAG(s) 'example_python_decorator' retrieved from /home/airflow/.local/lib/python3.12/site-packages/airflow/example_dags/example_python_decorator.py
[2026-08-27T14:58:35.789+0000] {logging_mixin.py:188} INFO - [2026-08-27T14:58:35.789+0000] {dag.py:3096} INFO - Sync 1 DAGs
[2026-08-27T14:58:35.810+0000] {logging_mixin.py:188} INFO - [2026-08-27T14:58:35.810+0000] {dag.py:3954} INFO - Setting next_dagrun for example_python_decorator to None, run_after=None
[2026-08-27T14:58:35.836+0000] {processor.py:183} INFO - Processing /home/airflow/.local/lib/python3.12/site-packages/airflow/example_dags/example_python_decorator.py took 0.100 seconds
