[2026-08-27T14:54:52.754+0000] {processor.py:161} INFO - Started process (PID=101) to work on /home/airflow/.local/lib/python3.12/site-packages/airflow/example_dags/example_complex.py
[2026-08-27T14:54:52.756+0000] {processor.py:830} INFO - Processing file /home/airflow/.local/lib/python3.12/site-packages/airflow/example_dags/example_complex.py for tasks to queue
[2026-08-27T14:54:52.758+0000] {logging_mixin.py:188} INFO - [2026-08-27T14:54:52.758+0000] {dagbag.py:545} INFO - Filling up the DagBag from /home/airflow/.local/lib/python3.12/site-packages/airflow/example_dags/example_complex.py
[2026-08-27T14:54:52.783+0000] {processor.py:840} INFO - DAG(s) 'example_complex' retrieved from /home/airflow/.local/lib/python3.12/site-packages/airflow/example_dags/example_complex.py
[2026-08-27T14:54:52.809+0000] {logging_mixin.py:188} INFO - [2026-08-27T14:54:52.809+0000] {dag.py:3096} INFO - Sync 1 DAGs
[2026-08-27T14:54:52.842+0000] {logging_mixin.py:188} INFO - [2026-08-27T14:54:52.842+0000] {dag.py:3954} INFO - Setting next_dagrun for example_complex to None, run_after=None
[2026-08-27T14:54:52.893+0000] {processor.py:183} INFO - Processing /home/airflow/.local/lib/python3.12/site-packages/airflow/example_dags/example_complex.py took 0.147 seconds
[2026-08-27T14:55:30.179+0000] {processor.py:161} INFO - Started process (PID=161) to work on /home/airflow/.local/lib/python3.12/site-packages/airflow/example_dags/example_complex.py
[2026-08-27T14:55:30.185+0000] {processor.py:830} INFO - Processing file /home/airflow/.local/lib/python3.12/site-packages/airflow/example_dags/example_complex.py for tasks to queue
[2026-08-27T14:55:30.190+0000] {logging_mixin.py:188} INFO - [2026-08-27T14:55:30.189+0000] {dagbag.py:545} INFO - Filling up the DagBag from /home/airflow/.local/lib/python3.12/site-packages/airflow/example_dags/example_complex.py
[2026-08-27T14:55:30.224+0000] {processor.py:840} INFO - DAG(s) 'example_complex' retrieved from /home/airflow/.local/lib/python3.12/site-packages/airflow/example_dags/example_complex.py
[2026-08-27T14:55:30.729+0000] {logging_mixin.py:188} INFO - [2026-08-27T14:55:30.728+0000] {dag.py:3096} INFO - Sync 1 DAGs
[2026-08-27T14:55:30.780+0000] {logging_mixin.py:188} INFO - [2026-08-27T14:55:30.778+0000] {dag.py:3954} INFO - Setting next_dagrun for example_complex to None, run_after=None
[2026-08-27T14:55:30.893+0000] {processor.py:183} INFO - Processing /home/airflow/.local/lib/python3.12/site-packages/airflow/example_dags/example_complex.py took 0.725 seconds
[2026-08-27T14:56:01.296+0000] {processor.py:161} INFO - Started process (PID=221) to work on /home/airflow/.local/lib/python3.12/site-packages/airflow/example_dags/example_complex.py
[2026-08-27T14:56:01.298+0000] {processor.py:830} INFO - Processing file /home/airflow/.local/lib/python3.12/site-packages/airflow/example_dags/example_complex.py for tasks to queue
[2026-08-27T14:56:01.301+0000] {logging_mixin.py:188} INFO - [2026-08-27T14:56:01.300+0000] {dagbag.py:545} INFO - Filling up the DagBag from /home/airflow/.local/lib/python3.12/site-packages/airflow/example_dags/example_complex.py
[2026-08-27T14:56:01.316+0000] {processor.py:840} INFO - DAG(s) 'example_complex' retrieved from /home/airflow/.local/lib/python3.12/site-packages/airflow/example_dags/example_complex.py
[2026-08-27T14:56:01.365+0000] {logging_mixin.py:188} INFO - [2026-08-27T14:56:01.365+0000] {dag.py:3096} INFO - Sync 1 DAGs
[2026-08-27T14:56:01.395+0000] {logging_mixin.py:188} INFO - [2026-08-27T14:56:01.395+0000] {dag.py:3954} INFO - Setting next_dagrun for example_complex to None, run_after=None
[2026-08-27T14:56:01.424+0000] {processor.py:183} INFO - Processing /home/airflow/.local/lib/python3.12/site-packages/airflow/example_dags/example_complex.py took 0.136 seconds
[2026-08-27T14:56:31.509+0000] {processor.py:161} INFO - Started process (PID=281) to work on /home/airflow/.local/lib/python3.12/site-packages/airflow/example_dags/example_complex.py
[2026-08-27T14:56:31.510+0000] {processor.py:830} INFO - Processing file /home/airflow/.local/lib/python3.12/site-packages/airflow/example_dags/example_complex.py for tasks to queue
[2026-08-27T14:56:31.513+0000] {logging_mixin.py:188} INFO - [2026-08-27T14:56:31.512+0000] {dagbag.py:545} INFO - Filling up the DagBag from /home/airflow/.local/lib/python3.12/site-packages/airflow/example_dags/example_complex.py
[2026-08-27T14:56:31.525+0000] {processor.py:840} INFO - DAG(s) 'example_complex' retrieved from /home/airflow/.local/lib/python3.12/site-packages/airflow/example_dags/example_complex.py
[2026-08-27T14:56:31.564+0000] {logging_mixin.py:188} INFO - [2026-08-27T14:56:31.564+0000] {dag.py:3096} INFO - Sync 1 DAGs
[2026-08-27T14:56:31.580+0000] {logging_mixin.py:188} INFO - [2026-08-27T14:56:31.579+0000] {dag.py:3954} INFO - Setting next_dagrun for example_complex to None, run_after=None
[2026-08-27T14:56:31.603+0000] {processor.py:183} INFO - Processing /home/airflow/.local/lib/python3.12/site-packages/airflow/example_dags/example_complex.py took 0.102 seconds
[2026-08-27T14:57:01.936+0000] {processor.py:161} INFO - Started process (PID=340) to work on /home/airflow/.local/lib/python3.12/site-packages/airflow/example_dags/example_complex.py
[2026-08-27T14:57:01.939+0000] {processor.py:830} INFO - Processing file /home/airflow/.local/lib/python3.12/site-packages/airflow/example_dags/example_complex.py for tasks to queue
[2026-08-27T14:57:01.943+0000] {logging_mixin.py:188} INFO - [2026-08-27T14:57:01.943+0000] {dagbag.py:545} INFO - Filling up the DagBag from /home/airflow/.local/lib/python3.12/site-packages/airflow/example_dags/example_complex.py
[2026-08-27T14:57:01.961+0000] {processor.py:840} INFO - DAG(s) 'example_complex' retrieved from /home/airflow/.local/lib/python3.12/site-packages/airflow/example_dags/example_complex.py
[2026-08-27T14:57:02.015+0000] {logging_mixin.py:188} INFO - [2026-08-27T14:57:02.014+0000] {dag.py:3096} INFO - Sync 1 DAGs
[2026-08-27T14:57:02.035+0000] {logging_mixin.py:188} INFO - [2026-08-27T14:57:02.035+0000] {dag.py:3954} INFO - Setting next_dagrun for example_complex to None, run_after=None
[2026-08-27T14:57:02.070+0000] {processor.py:183} INFO - Processing /home/airflow/.local/lib/python3.12/site-packages/airflow/example_dags/example_complex.py took 0.143 seconds
[2026-08-27T14:57:32.240+0000] {processor.py:161} INFO - Started process (PID=399) to work on /home/airflow/.local/lib/python3.12/site-packages/airflow/example_dags/example_complex.py
[2026-08-27T14:57:32.258+0000] {processor.py:830} INFO - Processing file /home/airflow/.local/lib/python3.12/site-packages/airflow/example_dags/example_complex.py for tasks to queue
[2026-08-27T14:57:32.275+0000] {logging_mixin.py:188} INFO - [2026-08-27T14:57:32.274+0000] {dagbag.py:545} INFO - Filling up the DagBag from /home/airflow/.local/lib/python3.12/site-packages/airflow/example_dags/example_complex.py
[2026-08-27T14:57:32.305+0000] {processor.py:840} INFO - DAG(s) 'example_complex' retrieved from /home/airflow/.local/lib/python3.12/site-packages/airflow/example_dags/example_complex.py
[2026-08-27T14:57:32.431+0000] {logging_mixin.py:188} INFO - [2026-08-27T14:57:32.430+0000] {dag.py:3096} INFO - Sync 1 DAGs
[2026-08-27T14:57:32.461+0000] {logging_mixin.py:188} INFO - [2026-08-27T14:57:32.460+0000] {dag.py:3954} INFO - Setting next_dagrun for example_complex to None, run_after=None
[2026-08-27T14:57:32.495+0000] {processor.py:183} INFO - Processing /home/airflow/.local/lib/python3.12/site-packages/airflow/example_dags/example_complex.py took 0.272 seconds
[2026-08-27T14:58:02.848+0000] {processor.py:161} INFO - Started process (PID=459) to work on /home/airflow/.local/lib/python3.12/site-packages/airflow/example_dags/example_complex.py
[2026-08-27T14:58:02.850+0000] {processor.py:830} INFO - Processing file /home/airflow/.local/lib/python3.12/site-packages/airflow/example_dags/example_complex.py for tasks to queue
[2026-08-27T14:58:02.853+0000] {logging_mixin.py:188} INFO - [2026-08-27T14:58:02.852+0000] {dagbag.py:545} INFO - Filling up the DagBag from /home/airflow/.local/lib/python3.12/site-packages/airflow/example_dags/example_complex.py
[2026-08-27T14:58:02.875+0000] {processor.py:840} INFO - DAG(s) 'example_complex' retrieved from /home/airflow/.local/lib/python3.12/site-packages/airflow/example_dags/example_complex.py
[2026-08-27T14:58:02.920+0000] {logging_mixin.py:188} INFO - [2026-08-27T14:58:02.919+0000] {dag.py:3096} INFO - Sync 1 DAGs
[2026-08-27T14:58:02.940+0000] {logging_mixin.py:188} INFO - [2026-08-27T14:58:02.939+0000] {dag.py:3954} INFO - Setting next_dagrun for example_complex to None, run_after=None
[2026-08-27T14:58:02.984+0000] {processor.py:183} INFO - Processing /home/airflow/.local/lib/python3.12/site-packages/airflow/example_dags/example_complex.py took 0.149 seconds
[2026-08-27T14:58:33.299+0000] {processor.py:161} INFO - Started process (PID=519) to work on /home/airflow/.local/lib/python3.12/site-packages/airflow/example_dags/example_complex.py
[2026-08-27T14:58:33.300+0000] {processor.py:830} INFO - Processing file /home/airflow/.local/lib/python3.12/site-packages/airflow/example_dags/example_complex.py for tasks to queue
[2026-08-27T14:58:33.303+0000] {logging_mixin.py:188} INFO - [2026-08-27T14:58:33.303+0000] {dagbag.py:545} INFO - Filling up the DagBag from /home/airflow/.local/lib/python3.12/site-packages/airflow/example_dags/example_complex.py
[2026-08-27T14:58:33.316+0000] {processor.py:840} INFO - DAG(s) 'example_complex' retrieved from /home/airflow/.local/lib/python3.12/site-packages/airflow/example_dags/example_complex.py
[2026-08-27T14:58:33.364+0000] {logging_mixin.py:188} INFO - [2026-08-27T14:58:33.364+0000] {dag.py:3096} INFO - Sync 1 DAGs
[2026-08-27T14:58:33.383+0000] {logging_mixin.py:188} INFO - [2026-08-27T14:58:33.382+0000] {dag.py:3954} INFO - Setting next_dagrun for example_complex to None, run_after=None
[2026-08-27T14:58:33.411+0000] {processor.py:183} INFO - Processing /home/airflow/.local/lib/python3.12/site-packages/airflow/example_dags/example_complex.py took 0.122 seconds
