[2026-08-27T14:54:55.929+0000] {processor.py:161} INFO - Started process (PID=122) to work on /home/airflow/.local/lib/python3.12/site-packages/airflow/example_dags/example_branch_python_dop_operator_3.py
[2026-08-27T14:54:55.931+0000] {processor.py:830} INFO - Processing file /home/airflow/.local/lib/python3.12/site-packages/airflow/example_dags/example_branch_python_dop_operator_3.py for tasks to queue
[2026-08-27T14:54:55.936+0000] {logging_mixin.py:188} INFO - [2026-08-27T14:54:55.935+0000] {dagbag.py:545} INFO - Filling up the DagBag from /home/airflow/.local/lib/python3.12/site-packages/airflow/example_dags/example_branch_python_dop_operator_3.py
[2026-08-27T14:54:55.963+0000] {processor.py:840} INFO - DAG(s) 'example_branch_dop_operator_v3' retrieved from /home/airflow/.local/lib/python3.12/site-packages/airflow/example_dags/example_branch_python_dop_operator_3.py
[2026-08-27T14:54:55.990+0000] {logging_mixin.py:188} INFO - [2026-08-27T14:54:55.989+0000] {dag.py:3096} INFO - Sync 1 DAGs
[2026-08-27T14:54:56.077+0000] {logging_mixin.py:188} INFO - [2026-08-27T14:54:56.077+0000] {dag.py:3954} INFO - Setting next_dagrun for example_branch_dop_operator_v3 to 2026-08-27 14:53:00+00:00, run_after=2026-08-27 14:54:00+00:00
[2026-08-27T14:54:56.126+0000] {processor.py:183} INFO - Processing /home/airflow/.local/lib/python3.12/site-packages/airflow/example_dags/example_branch_python_dop_operator_3.py took 0.210 seconds
[2026-08-27T14:55:43.095+0000] {processor.py:161} INFO - Started process (PID=188) to work on /home/airflow/.local/lib/python3.12/site-packages/airflow/example_dags/example_branch_python_dop_operator_3.py
[2026-08-27T14:55:43.097+0000] {processor.py:830} INFO - Processing file /home/airflow/.local/lib/python3.12/site-packages/airflow/example_dags/example_branch_python_dop_operator_3.py for tasks to queue
[2026-08-27T14:55:43.101+0000] {logging_mixin.py:188} INFO - [2026-08-27T14:55:43.100+0000] {dagbag.py:545} INFO - Filling up the DagBag from /home/airflow/.local/lib/python3.12/site-packages/airflow/example_dags/example_branch_python_dop_operator_3.py
[2026-08-27T14:55:43.120+0000] {processor.py:840} INFO - DAG(s) 'example_branch_dop_operator_v3' retrieved from /home/airflow/.local/lib/python3.12/site-packages/airflow/example_dags/example_branch_python_dop_operator_3.py
[2026-08-27T14:55:43.366+0000] {logging_mixin.py:188} INFO - [2026-08-27T14:55:43.365+0000] {dag.py:3096} INFO - Sync 1 DAGs
[2026-08-27T14:55:43.421+0000] {logging_mixin.py:188} INFO - [2026-08-27T14:55:43.420+0000] {dag.py:3954} INFO - Setting next_dagrun for example_branch_dop_operator_v3 to 2026-08-27 14:54:00+00:00, run_after=2026-08-27 14:55:00+00:00
[2026-08-27T14:55:43.463+0000] {processor.py:183} INFO - Processing /home/airflow/.local/lib/python3.12/site-packages/airflow/example_dags/example_branch_python_dop_operator_3.py took 0.381 seconds
[2026-08-27T14:56:13.895+0000] {processor.py:161} INFO - Started process (PID=248) to work on /home/airflow/.local/lib/python3.12/site-packages/airflow/example_dags/example_branch_python_dop_operator_3.py
[2026-08-27T14:56:13.897+0000] {processor.py:830} INFO - Processing file /home/airflow/.local/lib/python3.12/site-packages/airflow/example_dags/example_branch_python_dop_operator_3.py for tasks to queue
[2026-08-27T14:56:13.900+0000] {logging_mixin.py:188} INFO - [2026-08-27T14:56:13.899+0000] {dagbag.py:545} INFO - Filling up the DagBag from /home/airflow/.local/lib/python3.12/site-packages/airflow/example_dags/example_branch_python_dop_operator_3.py
[2026-08-27T14:56:13.911+0000] {processor.py:840} INFO - DAG(s) 'example_branch_dop_operator_v3' retrieved from /home/airflow/.local/lib/python3.12/site-packages/airflow/example_dags/example_branch_python_dop_operator_3.py
[2026-08-27T14:56:13.938+0000] {logging_mixin.py:188} INFO - [2026-08-27T14:56:13.937+0000] {dag.py:3096} INFO - Sync 1 DAGs
[2026-08-27T14:56:13.971+0000] {logging_mixin.py:188} INFO - [2026-08-27T14:56:13.971+0000] {dag.py:3954} INFO - Setting next_dagrun for example_branch_dop_operator_v3 to 2026-08-27 14:55:00+00:00, run_after=2026-08-27 14:56:00+00:00
[2026-08-27T14:56:14.002+0000] {processor.py:183} INFO - Processing /home/airflow/.local/lib/python3.12/site-packages/airflow/example_dags/example_branch_python_dop_operator_3.py took 0.116 seconds
[2026-08-27T14:56:44.346+0000] {processor.py:161} INFO - Started process (PID=308) to work on /home/airflow/.local/lib/python3.12/site-packages/airflow/example_dags/example_branch_python_dop_operator_3.py
[2026-08-27T14:56:44.347+0000] {processor.py:830} INFO - Processing file /home/airflow/.local/lib/python3.12/site-packages/airflow/example_dags/example_branch_python_dop_operator_3.py for tasks to queue
[2026-08-27T14:56:44.350+0000] {logging_mixin.py:188} INFO - [2026-08-27T14:56:44.349+0000] {dagbag.py:545} INFO - Filling up the DagBag from /home/airflow/.local/lib/python3.12/site-packages/airflow/example_dags/example_branch_python_dop_operator_3.py
[2026-08-27T14:56:44.362+0000] {processor.py:840} INFO - DAG(s) 'example_branch_dop_operator_v3' retrieved from /home/airflow/.local/lib/python3.12/site-packages/airflow/example_dags/example_branch_python_dop_operator_3.py
[2026-08-27T14:56:44.387+0000] {logging_mixin.py:188} INFO - [2026-08-27T14:56:44.386+0000] {dag.py:3096} INFO - Sync 1 DAGs
[2026-08-27T14:56:44.421+0000] {logging_mixin.py:188} INFO - [2026-08-27T14:56:44.421+0000] {dag.py:3954} INFO - Setting next_dagrun for example_branch_dop_operator_v3 to 2026-08-27 14:55:00+00:00, run_after=2026-08-27 14:56:00+00:00
[2026-08-27T14:56:44.447+0000] {processor.py:183} INFO - Processing /home/airflow/.local/lib/python3.12/site-packages/airflow/example_dags/example_branch_python_dop_operator_3.py took 0.108 seconds
[2026-08-27T14:57:14.971+0000] {processor.py:161} INFO - Started process (PID=368) to work on /home/airflow/.local/lib/python3.12/site-packages/airflow/example_dags/example_branch_python_dop_operator_3.py
[2026-08-27T14:57:14.972+0000] {processor.py:830} INFO - Processing file /home/airflow/.local/lib/python3.12/site-packages/airflow/example_dags/example_branch_python_dop_operator_3.py for tasks to queue
[2026-08-27T14:57:14.975+0000] {logging_mixin.py:188} INFO - [2026-08-27T14:57:14.974+0000] {dagbag.py:545} INFO - Filling up the DagBag from /home/airflow/.local/lib/python3.12/site-packages/airflow/example_dags/example_branch_python_dop_operator_3.py
[2026-08-27T14:57:14.989+0000] {processor.py:840} INFO - DAG(s) 'example_branch_dop_operator_v3' retrieved from /home/airflow/.local/lib/python3.12/site-packages/airflow/example_dags/example_branch_python_dop_operator_3.py
[2026-08-27T14:57:15.013+0000] {logging_mixin.py:188} INFO - [2026-08-27T14:57:15.013+0000] {dag.py:3096} INFO - Sync 1 DAGs
[2026-08-27T14:57:15.047+0000] {logging_mixin.py:188} INFO - [2026-08-27T14:57:15.046+0000] {dag.py:3954} INFO - Setting next_dagrun for example_branch_dop_operator_v3 to 2026-08-27 14:56:00+00:00, run_after=2026-08-27 14:57:00+00:00
[2026-08-27T14:57:15.071+0000] {processor.py:183} INFO - Processing /home/airflow/.local/lib/python3.12/site-packages/airflow/example_dags/example_branch_python_dop_operator_3.py took 0.107 seconds
[2026-08-27T14:57:45.622+0000] {processor.py:161} INFO - Started process (PID=428) to work on /home/airflow/.local/lib/python3.12/site-packages/airflow/example_dags/example_branch_python_dop_operator_3.py
[2026-08-27T14:57:45.624+0000] {processor.py:830} INFO - Processing file /home/airflow/.local/lib/python3.12/site-packages/airflow/example_dags/example_branch_python_dop_operator_3.py for tasks to queue
[2026-08-27T14:57:45.628+0000] {logging_mixin.py:188} INFO - [2026-08-27T14:57:45.627+0000] {dagbag.py:545} INFO - Filling up the DagBag from /home/airflow/.local/lib/python3.12/site-packages/airflow/example_dags/example_branch_python_dop_operator_3.py
[2026-08-27T14:57:45.646+0000] {processor.py:840} INFO - DAG(s) 'example_branch_dop_operator_v3' retrieved from /home/airflow/.local/lib/python3.12/site-packages/airflow/example_dags/example_branch_python_dop_operator_3.py
[2026-08-27T14:57:45.678+0000] {logging_mixin.py:188} INFO - [2026-08-27T14:57:45.678+0000] {dag.py:3096} INFO - Sync 1 DAGs
[2026-08-27T14:57:45.710+0000] {logging_mixin.py:188} INFO - [2026-08-27T14:57:45.710+0000] {dag.py:3954} INFO - Setting next_dagrun for example_branch_dop_operator_v3 to 2026-08-27 14:56:00+00:00, run_after=2026-08-27 14:57:00+00:00
[2026-08-27T14:57:45.735+0000] {processor.py:183} INFO - Processing /home/airflow/.local/lib/python3.12/site-packages/airflow/example_dags/example_branch_python_dop_operator_3.py took 0.127 seconds
[2026-08-27T14:58:15.846+0000] {processor.py:161} INFO - Started process (PID=488) to work on /home/airflow/.local/lib/python3.12/site-packages/airflow/example_dags/example_branch_python_dop_operator_3.py
[2026-08-27T14:58:15.849+0000] {processor.py:830} INFO - Processing file /home/airflow/.local/lib/python3.12/site-packages/airflow/example_dags/example_branch_python_dop_operator_3.py for tasks to queue
[2026-08-27T14:58:15.852+0000] {logging_mixin.py:188} INFO - [2026-08-27T14:58:15.852+0000] {dagbag.py:545} INFO - Filling up the DagBag from /home/airflow/.local/lib/python3.12/site-packages/airflow/example_dags/example_branch_python_dop_operator_3.py
[2026-08-27T14:58:15.866+0000] {processor.py:840} INFO - DAG(s) 'example_branch_dop_operator_v3' retrieved from /home/airflow/.local/lib/python3.12/site-packages/airflow/example_dags/example_branch_python_dop_operator_3.py
[2026-08-27T14:58:15.899+0000] {logging_mixin.py:188} INFO - [2026-08-27T14:58:15.898+0000] {dag.py:3096} INFO - Sync 1 DAGs
[2026-08-27T14:58:15.932+0000] {logging_mixin.py:188} INFO - [2026-08-27T14:58:15.932+0000] {dag.py:3954} INFO - Setting next_dagrun for example_branch_dop_operator_v3 to 2026-08-27 14:57:00+00:00, run_after=2026-08-27 14:58:00+00:00
[2026-08-27T14:58:15.974+0000] {processor.py:183} INFO - Processing /home/airflow/.local/lib/python3.12/site-packages/airflow/example_dags/example_branch_python_dop_operator_3.py took 0.137 seconds
[2026-08-27T14:58:46.092+0000] {processor.py:161} INFO - Started process (PID=548) to work on /home/airflow/.local/lib/python3.12/site-packages/airflow/example_dags/example_branch_python_dop_operator_3.py
[2026-08-27T14:58:46.093+0000] {processor.py:830} INFO - Processing file /home/airflow/.local/lib/python3.12/site-packages/airflow/example_dags/example_branch_python_dop_operator_3.py for tasks to queue
[2026-08-27T14:58:46.096+0000] {logging_mixin.py:188} INFO - [2026-08-27T14:58:46.096+0000] {dagbag.py:545} INFO - Filling up the DagBag from /home/airflow/.local/lib/python3.12/site-packages/airflow/example_dags/example_branch_python_dop_operator_3.py
[2026-08-27T14:58:46.113+0000] {processor.py:840} INFO - DAG(s) 'example_branch_dop_operator_v3' retrieved from /home/airflow/.local/lib/python3.12/site-packages/airflow/example_dags/example_branch_python_dop_operator_3.py
[2026-08-27T14:58:46.140+0000] {logging_mixin.py:188} INFO - [2026-08-27T14:58:46.140+0000] {dag.py:3096} INFO - Sync 1 DAGs
[2026-08-27T14:58:46.176+0000] {logging_mixin.py:188} INFO - [2026-08-27T14:58:46.176+0000] {dag.py:3954} INFO - Setting next_dagrun for example_branch_dop_operator_v3 to 2026-08-27 14:57:00+00:00, run_after=2026-08-27 14:58:00+00:00
[2026-08-27T14:58:46.206+0000] {processor.py:183} INFO - Processing /home/airflow/.local/lib/python3.12/site-packages/airflow/example_dags/example_branch_python_dop_operator_3.py took 0.122 seconds
