[2026-08-27T14:54:55.681+0000] {processor.py:161} INFO - Started process (PID=121) to work on /home/airflow/.local/lib/python3.12/site-packages/airflow/example_dags/tutorial.py
[2026-08-27T14:54:55.690+0000] {processor.py:830} INFO - Processing file /home/airflow/.local/lib/python3.12/site-packages/airflow/example_dags/tutorial.py for tasks to queue
[2026-08-27T14:54:55.697+0000] {logging_mixin.py:188} INFO - [2026-08-27T14:54:55.695+0000] {dagbag.py:545} INFO - Filling up the DagBag from /home/airflow/.local/lib/python3.12/site-packages/airflow/example_dags/tutorial.py
[2026-08-27T14:54:55.718+0000] {processor.py:840} INFO - DAG(s) 'tutorial' retrieved from /home/airflow/.local/lib/python3.12/site-packages/airflow/example_dags/tutorial.py
[2026-08-27T14:54:55.759+0000] {logging_mixin.py:188} INFO - [2026-08-27T14:54:55.759+0000] {dag.py:3096} INFO - Sync 1 DAGs
[2026-08-27T14:54:55.835+0000] {logging_mixin.py:188} INFO - [2026-08-27T14:54:55.835+0000] {dag.py:3954} INFO - Setting next_dagrun for tutorial to 2026-08-26 00:00:00+00:00, run_after=2026-08-27 00:00:00+00:00
[2026-08-27T14:54:55.874+0000] {processor.py:183} INFO - Processing /home/airflow/.local/lib/python3.12/site-packages/airflow/example_dags/tutorial.py took 0.230 seconds
[2026-08-27T14:55:42.997+0000] {processor.py:161} INFO - Started process (PID=187) to work on /home/airflow/.local/lib/python3.12/site-packages/airflow/example_dags/tutorial.py
[2026-08-27T14:55:42.999+0000] {processor.py:830} INFO - Processing file /home/airflow/.local/lib/python3.12/site-packages/airflow/example_dags/tutorial.py for tasks to queue
[2026-08-27T14:55:43.004+0000] {logging_mixin.py:188} INFO - [2026-08-27T14:55:43.003+0000] {dagbag.py:545} INFO - Filling up the DagBag from /home/airflow/.local/lib/python3.12/site-packages/airflow/example_dags/tutorial.py
[2026-08-27T14:55:43.018+0000] {processor.py:840} INFO - DAG(s) 'tutorial' retrieved from /home/airflow/.local/lib/python3.12/site-packages/airflow/example_dags/tutorial.py
[2026-08-27T14:55:43.299+0000] {logging_mixin.py:188} INFO - [2026-08-27T14:55:43.298+0000] {dag.py:3096} INFO - Sync 1 DAGs
[2026-08-27T14:55:43.343+0000] {logging_mixin.py:188} INFO - [2026-08-27T14:55:43.343+0000] {dag.py:3954} INFO - Setting next_dagrun for tutorial to 2026-08-26 00:00:00+00:00, run_after=2026-08-27 00:00:00+00:00
[2026-08-27T14:55:43.379+0000] {processor.py:183} INFO - Processing /home/airflow/.local/lib/python3.12/site-packages/airflow/example_dags/tutorial.py took 0.395 seconds
[2026-08-27T14:56:13.872+0000] {processor.py:161} INFO - Started process (PID=247) to work on /home/airflow/.local/lib/python3.12/site-packages/airflow/example_dags/tutorial.py
[2026-08-27T14:56:13.873+0000] {processor.py:830} INFO - Processing file /home/airflow/.local/lib/python3.12/site-packages/airflow/example_dags/tutorial.py for tasks to queue
[2026-08-27T14:56:13.877+0000] {logging_mixin.py:188} INFO - [2026-08-27T14:56:13.876+0000] {dagbag.py:545} INFO - Filling up the DagBag from /home/airflow/.local/lib/python3.12/site-packages/airflow/example_dags/tutorial.py
[2026-08-27T14:56:13.884+0000] {processor.py:840} INFO - DAG(s) 'tutorial' retrieved from /home/airflow/.local/lib/python3.12/site-packages/airflow/example_dags/tutorial.py
[2026-08-27T14:56:13.912+0000] {logging_mixin.py:188} INFO - [2026-08-27T14:56:13.912+0000] {dag.py:3096} INFO - Sync 1 DAGs
[2026-08-27T14:56:13.940+0000] {logging_mixin.py:188} INFO - [2026-08-27T14:56:13.940+0000] {dag.py:3954} INFO - Setting next_dagrun for tutorial to 2026-08-26 00:00:00+00:00, run_after=2026-08-27 00:00:00+00:00
[2026-08-27T14:56:13.965+0000] {processor.py:183} INFO - Processing /home/airflow/.local/lib/python3.12/site-packages/airflow/example_dags/tutorial.py took 0.100 seconds
[2026-08-27T14:56:44.316+0000] {processor.py:161} INFO - Started process (PID=307) to work on /home/airflow/.local/lib/python3.12/site-packages/airflow/example_dags/tutorial.py
[2026-08-27T14:56:44.318+0000] {processor.py:830} INFO - Processing file /home/airflow/.local/lib/python3.12/site-packages/airflow/example_dags/tutorial.py for tasks to queue
[2026-08-27T14:56:44.320+0000] {logging_mixin.py:188} INFO - [2026-08-27T14:56:44.320+0000] {dagbag.py:545} INFO - Filling up the DagBag from /home/airflow/.local/lib/python3.12/site-packages/airflow/example_dags/tutorial.py
[2026-08-27T14:56:44.328+0000] {processor.py:840} INFO - DAG(s) 'tutorial' retrieved from /home/airflow/.local/lib/python3.12/site-packages/airflow/example_dags/tutorial.py
[2026-08-27T14:56:44.353+0000] {logging_mixin.py:188} INFO - [2026-08-27T14:56:44.353+0000] {dag.py:3096} INFO - Sync 1 DAGs
[2026-08-27T14:56:44.382+0000] {logging_mixin.py:188} INFO - [2026-08-27T14:56:44.381+0000] {dag.py:3954} INFO - Setting next_dagrun for tutorial to 2026-08-26 00:00:00+00:00, run_after=2026-08-27 00:00:00+00:00
[2026-08-27T14:56:44.406+0000] {processor.py:183} INFO - Processing /home/airflow/.local/lib/python3.12/site-packages/airflow/example_dags/tutorial.py took 0.098 seconds
[2026-08-27T14:57:14.944+0000] {processor.py:161} INFO - Started process (PID=367) to work on /home/airflow/.local/lib/python3.12/site-packages/airflow/example_dags/tutorial.py
[2026-08-27T14:57:14.946+0000] {processor.py:830} INFO - Processing file /home/airflow/.local/lib/python3.12/site-packages/airflow/example_dags/tutorial.py for tasks to queue
[2026-08-27T14:57:14.948+0000] {logging_mixin.py:188} INFO - [2026-08-27T14:57:14.948+0000] {dagbag.py:545} INFO - Filling up the DagBag from /home/airflow/.local/lib/python3.12/site-packages/airflow/example_dags/tutorial.py
[2026-08-27T14:57:14.956+0000] {processor.py:840} INFO - DAG(s) 'tutorial' retrieved from /home/airflow/.local/lib/python3.12/site-packages/airflow/example_dags/tutorial.py
[2026-08-27T14:57:14.980+0000] {logging_mixin.py:188} INFO - [2026-08-27T14:57:14.980+0000] {dag.py:3096} INFO - Sync 1 DAGs
[2026-08-27T14:57:15.010+0000] {logging_mixin.py:188} INFO - [2026-08-27T14:57:15.009+0000] {dag.py:3954} INFO - Setting next_dagrun for tutorial to 2026-08-26 00:00:00+00:00, run_after=2026-08-27 00:00:00+00:00
[2026-08-27T14:57:15.032+0000] {processor.py:183} INFO - Processing /home/airflow/.local/lib/python3.12/site-packages/airflow/example_dags/tutorial.py took 0.096 seconds
[2026-08-27T14:57:45.583+0000] {processor.py:161} INFO - Started process (PID=427) to work on /home/airflow/.local/lib/python3.12/site-packages/airflow/example_dags/tutorial.py
[2026-08-27T14:57:45.591+0000] {processor.py:830} INFO - Processing file /home/airflow/.local/lib/python3.12/site-packages/airflow/example_dags/tutorial.py for tasks to queue
[2026-08-27T14:57:45.595+0000] {logging_mixin.py:188} INFO - [2026-08-27T14:57:45.594+0000] {dagbag.py:545} INFO - Filling up the DagBag from /home/airflow/.local/lib/python3.12/site-packages/airflow/example_dags/tutorial.py
[2026-08-27T14:57:45.607+0000] {processor.py:840} INFO - DAG(s) 'tutorial' retrieved from /home/airflow/.local/lib/python3.12/site-packages/airflow/example_dags/tutorial.py
[2026-08-27T14:57:45.645+0000] {logging_mixin.py:188} INFO - [2026-08-27T14:57:45.645+0000] {dag.py:3096} INFO - Sync 1 DAGs
[2026-08-27T14:57:45.680+0000] {logging_mixin.py:188} INFO - [2026-08-27T14:57:45.680+0000] {dag.py:3954} INFO - Setting next_dagrun for tutorial to 2026-08-26 00:00:00+00:00, run_after=2026-08-27 00:00:00+00:00
[2026-08-27T14:57:45.703+0000] {processor.py:183} INFO - Processing /home/airflow/.local/lib/python3.12/site-packages/airflow/example_dags/tutorial.py took 0.130 seconds
[2026-08-27T14:58:15.823+0000] {processor.py:161} INFO - Started process (PID=487) to work on /home/airflow/.local/lib/python3.12/site-packages/airflow/example_dags/tutorial.py
[2026-08-27T14:58:15.825+0000] {processor.py:830} INFO - Processing file /home/airflow/.local/lib/python3.12/site-packages/airflow/example_dags/tutorial.py for tasks to queue
[2026-08-27T14:58:15.828+0000] {logging_mixin.py:188} INFO - [2026-08-27T14:58:15.828+0000] {dagbag.py:545} INFO - Filling up the DagBag from /home/airflow/.local/lib/python3.12/site-packages/airflow/example_dags/tutorial.py
[2026-08-27T14:58:15.841+0000] {processor.py:840} INFO - DAG(s) 'tutorial' retrieved from /home/airflow/.local/lib/python3.12/site-packages/airflow/example_dags/tutorial.py
[2026-08-27T14:58:15.873+0000] {logging_mixin.py:188} INFO - [2026-08-27T14:58:15.872+0000] {dag.py:3096} INFO - Sync 1 DAGs
[2026-08-27T14:58:15.907+0000] {logging_mixin.py:188} INFO - [2026-08-27T14:58:15.906+0000] {dag.py:3954} INFO - Setting next_dagrun for tutorial to 2026-08-26 00:00:00+00:00, run_after=2026-08-27 00:00:00+00:00
[2026-08-27T14:58:15.956+0000] {processor.py:183} INFO - Processing /home/airflow/.local/lib/python3.12/site-packages/airflow/example_dags/tutorial.py took 0.143 seconds
[2026-08-27T14:58:46.065+0000] {processor.py:161} INFO - Started process (PID=547) to work on /home/airflow/.local/lib/python3.12/site-packages/airflow/example_dags/tutorial.py
[2026-08-27T14:58:46.066+0000] {processor.py:830} INFO - Processing file /home/airflow/.local/lib/python3.12/site-packages/airflow/example_dags/tutorial.py for tasks to queue
[2026-08-27T14:58:46.069+0000] {logging_mixin.py:188} INFO - [2026-08-27T14:58:46.068+0000] {dagbag.py:545} INFO - Filling up the DagBag from /home/airflow/.local/lib/python3.12/site-packages/airflow/example_dags/tutorial.py
[2026-08-27T14:58:46.078+0000] {processor.py:840} INFO - DAG(s) 'tutorial' retrieved from /home/airflow/.local/lib/python3.12/site-packages/airflow/example_dags/tutorial.py
[2026-08-27T14:58:46.106+0000] {logging_mixin.py:188} INFO - [2026-08-27T14:58:46.105+0000] {dag.py:3096} INFO - Sync 1 DAGs
[2026-08-27T14:58:46.139+0000] {logging_mixin.py:188} INFO - [2026-08-27T14:58:46.138+0000] {dag.py:3954} INFO - Setting next_dagrun for tutorial to 2026-08-26 00:00:00+00:00, run_after=2026-08-27 00:00:00+00:00
[2026-08-27T14:58:46.163+0000] {processor.py:183} INFO - Processing /home/airflow/.local/lib/python3.12/site-packages/airflow/example_dags/tutorial.py took 0.110 seconds
