[2026-08-27T14:54:54.518+0000] {processor.py:161} INFO - Started process (PID=114) to work on /home/airflow/.local/lib/python3.12/site-packages/airflow/example_dags/tutorial_objectstorage.py
[2026-08-27T14:54:54.521+0000] {processor.py:830} INFO - Processing file /home/airflow/.local/lib/python3.12/site-packages/airflow/example_dags/tutorial_objectstorage.py for tasks to queue
[2026-08-27T14:54:54.526+0000] {logging_mixin.py:188} INFO - [2026-08-27T14:54:54.526+0000] {dagbag.py:545} INFO - Filling up the DagBag from /home/airflow/.local/lib/python3.12/site-packages/airflow/example_dags/tutorial_objectstorage.py
[2026-08-27T14:54:54.554+0000] {processor.py:840} INFO - DAG(s) 'tutorial_objectstorage' retrieved from /home/airflow/.local/lib/python3.12/site-packages/airflow/example_dags/tutorial_objectstorage.py
[2026-08-27T14:54:54.606+0000] {logging_mixin.py:188} INFO - [2026-08-27T14:54:54.605+0000] {dag.py:3096} INFO - Sync 1 DAGs
[2026-08-27T14:54:54.663+0000] {logging_mixin.py:188} INFO - [2026-08-27T14:54:54.662+0000] {dag.py:3954} INFO - Setting next_dagrun for tutorial_objectstorage to None, run_after=None
[2026-08-27T14:54:54.722+0000] {processor.py:183} INFO - Processing /home/airflow/.local/lib/python3.12/site-packages/airflow/example_dags/tutorial_objectstorage.py took 0.221 seconds
[2026-08-27T14:55:40.018+0000] {processor.py:161} INFO - Started process (PID=180) to work on /home/airflow/.local/lib/python3.12/site-packages/airflow/example_dags/tutorial_objectstorage.py
[2026-08-27T14:55:40.058+0000] {processor.py:830} INFO - Processing file /home/airflow/.local/lib/python3.12/site-packages/airflow/example_dags/tutorial_objectstorage.py for tasks to queue
[2026-08-27T14:55:40.062+0000] {logging_mixin.py:188} INFO - [2026-08-27T14:55:40.061+0000] {dagbag.py:545} INFO - Filling up the DagBag from /home/airflow/.local/lib/python3.12/site-packages/airflow/example_dags/tutorial_objectstorage.py
[2026-08-27T14:55:40.082+0000] {processor.py:840} INFO - DAG(s) 'tutorial_objectstorage' retrieved from /home/airflow/.local/lib/python3.12/site-packages/airflow/example_dags/tutorial_objectstorage.py
[2026-08-27T14:55:40.452+0000] {logging_mixin.py:188} INFO - [2026-08-27T14:55:40.452+0000] {dag.py:3096} INFO - Sync 1 DAGs
[2026-08-27T14:55:40.502+0000] {logging_mixin.py:188} INFO - [2026-08-27T14:55:40.502+0000] {dag.py:3954} INFO - Setting next_dagrun for tutorial_objectstorage to None, run_after=None
[2026-08-27T14:55:40.652+0000] {processor.py:183} INFO - Processing /home/airflow/.local/lib/python3.12/site-packages/airflow/example_dags/tutorial_objectstorage.py took 0.644 seconds
[2026-08-27T14:56:11.410+0000] {processor.py:161} INFO - Started process (PID=240) to work on /home/airflow/.local/lib/python3.12/site-packages/airflow/example_dags/tutorial_objectstorage.py
[2026-08-27T14:56:11.412+0000] {processor.py:830} INFO - Processing file /home/airflow/.local/lib/python3.12/site-packages/airflow/example_dags/tutorial_objectstorage.py for tasks to queue
[2026-08-27T14:56:11.414+0000] {logging_mixin.py:188} INFO - [2026-08-27T14:56:11.414+0000] {dagbag.py:545} INFO - Filling up the DagBag from /home/airflow/.local/lib/python3.12/site-packages/airflow/example_dags/tutorial_objectstorage.py
[2026-08-27T14:56:11.424+0000] {processor.py:840} INFO - DAG(s) 'tutorial_objectstorage' retrieved from /home/airflow/.local/lib/python3.12/site-packages/airflow/example_dags/tutorial_objectstorage.py
[2026-08-27T14:56:11.449+0000] {logging_mixin.py:188} INFO - [2026-08-27T14:56:11.448+0000] {dag.py:3096} INFO - Sync 1 DAGs
[2026-08-27T14:56:11.465+0000] {logging_mixin.py:188} INFO - [2026-08-27T14:56:11.465+0000] {dag.py:3954} INFO - Setting next_dagrun for tutorial_objectstorage to None, run_after=None
[2026-08-27T14:56:11.491+0000] {processor.py:183} INFO - Processing /home/airflow/.local/lib/python3.12/site-packages/airflow/example_dags/tutorial_objectstorage.py took 0.089 seconds
[2026-08-27T14:56:41.860+0000] {processor.py:161} INFO - Started process (PID=300) to work on /home/airflow/.local/lib/python3.12/site-packages/airflow/example_dags/tutorial_objectstorage.py
[2026-08-27T14:56:41.861+0000] {processor.py:830} INFO - Processing file /home/airflow/.local/lib/python3.12/site-packages/airflow/example_dags/tutorial_objectstorage.py for tasks to queue
[2026-08-27T14:56:41.865+0000] {logging_mixin.py:188} INFO - [2026-08-27T14:56:41.864+0000] {dagbag.py:545} INFO - Filling up the DagBag from /home/airflow/.local/lib/python3.12/site-packages/airflow/example_dags/tutorial_objectstorage.py
[2026-08-27T14:56:41.879+0000] {processor.py:840} INFO - DAG(s) 'tutorial_objectstorage' retrieved from /home/airflow/.local/lib/python3.12/site-packages/airflow/example_dags/tutorial_objectstorage.py
[2026-08-27T14:56:41.917+0000] {logging_mixin.py:188} INFO - [2026-08-27T14:56:41.917+0000] {dag.py:3096} INFO - Sync 1 DAGs
[2026-08-27T14:56:41.939+0000] {logging_mixin.py:188} INFO - [2026-08-27T14:56:41.939+0000] {dag.py:3954} INFO - Setting next_dagrun for tutorial_objectstorage to None, run_after=None
[2026-08-27T14:56:41.968+0000] {processor.py:183} INFO - Processing /home/airflow/.local/lib/python3.12/site-packages/airflow/example_dags/tutorial_objectstorage.py took 0.117 seconds
[2026-08-27T14:57:12.520+0000] {processor.py:161} INFO - Started process (PID=360) to work on /home/airflow/.local/lib/python3.12/site-packages/airflow/example_dags/tutorial_objectstorage.py
[2026-08-27T14:57:12.521+0000] {processor.py:830} INFO - Processing file /home/airflow/.local/lib/python3.12/site-packages/airflow/example_dags/tutorial_objectstorage.py for tasks to queue
[2026-08-27T14:57:12.524+0000] {logging_mixin.py:188} INFO - [2026-08-27T14:57:12.524+0000] {dagbag.py:545} INFO - Filling up the DagBag from /home/airflow/.local/lib/python3.12/site-packages/airflow/example_dags/tutorial_objectstorage.py
[2026-08-27T14:57:12.536+0000] {processor.py:840} INFO - DAG(s) 'tutorial_objectstorage' retrieved from /home/airflow/.local/lib/python3.12/site-packages/airflow/example_dags/tutorial_objectstorage.py
[2026-08-27T14:57:12.569+0000] {logging_mixin.py:188} INFO - [2026-08-27T14:57:12.568+0000] {dag.py:3096} INFO - Sync 1 DAGs
[2026-08-27T14:57:12.591+0000] {logging_mixin.py:188} INFO - [2026-08-27T14:57:12.590+0000] {dag.py:3954} INFO - Setting next_dagrun for tutorial_objectstorage to None, run_after=None
[2026-08-27T14:57:12.620+0000] {processor.py:183} INFO - Processing /home/airflow/.local/lib/python3.12/site-packages/airflow/example_dags/tutorial_objectstorage.py took 0.108 seconds
[2026-08-27T14:57:43.151+0000] {processor.py:161} INFO - Started process (PID=420) to work on /home/airflow/.local/lib/python3.12/site-packages/airflow/example_dags/tutorial_objectstorage.py
[2026-08-27T14:57:43.152+0000] {processor.py:830} INFO - Processing file /home/airflow/.local/lib/python3.12/site-packages/airflow/example_dags/tutorial_objectstorage.py for tasks to queue
[2026-08-27T14:57:43.155+0000] {logging_mixin.py:188} INFO - [2026-08-27T14:57:43.154+0000] {dagbag.py:545} INFO - Filling up the DagBag from /home/airflow/.local/lib/python3.12/site-packages/airflow/example_dags/tutorial_objectstorage.py
[2026-08-27T14:57:43.164+0000] {processor.py:840} INFO - DAG(s) 'tutorial_objectstorage' retrieved from /home/airflow/.local/lib/python3.12/site-packages/airflow/example_dags/tutorial_objectstorage.py
[2026-08-27T14:57:43.188+0000] {logging_mixin.py:188} INFO - [2026-08-27T14:57:43.188+0000] {dag.py:3096} INFO - Sync 1 DAGs
[2026-08-27T14:57:43.203+0000] {logging_mixin.py:188} INFO - [2026-08-27T14:57:43.203+0000] {dag.py:3954} INFO - Setting next_dagrun for tutorial_objectstorage to None, run_after=None
[2026-08-27T14:57:43.228+0000] {processor.py:183} INFO - Processing /home/airflow/.local/lib/python3.12/site-packages/airflow/example_dags/tutorial_objectstorage.py took 0.084 seconds
[2026-08-27T14:58:13.327+0000] {processor.py:161} INFO - Started process (PID=480) to work on /home/airflow/.local/lib/python3.12/site-packages/airflow/example_dags/tutorial_objectstorage.py
[2026-08-27T14:58:13.329+0000] {processor.py:830} INFO - Processing file /home/airflow/.local/lib/python3.12/site-packages/airflow/example_dags/tutorial_objectstorage.py for tasks to queue
[2026-08-27T14:58:13.332+0000] {logging_mixin.py:188} INFO - [2026-08-27T14:58:13.332+0000] {dagbag.py:545} INFO - Filling up the DagBag from /home/airflow/.local/lib/python3.12/site-packages/airflow/example_dags/tutorial_objectstorage.py
[2026-08-27T14:58:13.343+0000] {processor.py:840} INFO - DAG(s) 'tutorial_objectstorage' retrieved from /home/airflow/.local/lib/python3.12/site-packages/airflow/example_dags/tutorial_objectstorage.py
[2026-08-27T14:58:13.366+0000] {logging_mixin.py:188} INFO - [2026-08-27T14:58:13.366+0000] {dag.py:3096} INFO - Sync 1 DAGs
[2026-08-27T14:58:13.384+0000] {logging_mixin.py:188} INFO - [2026-08-27T14:58:13.383+0000] {dag.py:3954} INFO - Setting next_dagrun for tutorial_objectstorage to None, run_after=None
[2026-08-27T14:58:13.408+0000] {processor.py:183} INFO - Processing /home/airflow/.local/lib/python3.12/site-packages/airflow/example_dags/tutorial_objectstorage.py took 0.089 seconds
[2026-08-27T14:58:43.579+0000] {processor.py:161} INFO - Started process (PID=540) to work on /home/airflow/.local/lib/python3.12/site-packages/airflow/example_dags/tutorial_objectstorage.py
[2026-08-27T14:58:43.580+0000] {processor.py:830} INFO - Processing file /home/airflow/.local/lib/python3.12/site-packages/airflow/example_dags/tutorial_objectstorage.py for tasks to queue
[2026-08-27T14:58:43.583+0000] {logging_mixin.py:188} INFO - [2026-08-27T14:58:43.582+0000] {dagbag.py:545} INFO - Filling up the DagBag from /home/airflow/.local/lib/python3.12/site-packages/airflow/example_dags/tutorial_objectstorage.py
[2026-08-27T14:58:43.592+0000] {processor.py:840} INFO - DAG(s) 'tutorial_objectstorage' retrieved from /home/airflow/.local/lib/python3.12/site-packages/airflow/example_dags/tutorial_objectstorage.py
[2026-08-27T14:58:43.616+0000] {logging_mixin.py:188} INFO - [2026-08-27T14:58:43.616+0000] {dag.py:3096} INFO - Sync 1 DAGs
[2026-08-27T14:58:43.636+0000] {logging_mixin.py:188} INFO - [2026-08-27T14:58:43.635+0000] {dag.py:3954} INFO - Setting next_dagrun for tutorial_objectstorage to None, run_after=None
[2026-08-27T14:58:43.665+0000] {processor.py:183} INFO - Processing /home/airflow/.local/lib/python3.12/site-packages/airflow/example_dags/tutorial_objectstorage.py took 0.093 seconds
