[2026-08-27T14:54:51.127+0000] {processor.py:161} INFO - Started process (PID=94) to work on /home/airflow/.local/lib/python3.12/site-packages/airflow/example_dags/tutorial_dag.py
[2026-08-27T14:54:51.129+0000] {processor.py:830} INFO - Processing file /home/airflow/.local/lib/python3.12/site-packages/airflow/example_dags/tutorial_dag.py for tasks to queue
[2026-08-27T14:54:51.132+0000] {logging_mixin.py:188} INFO - [2026-08-27T14:54:51.131+0000] {dagbag.py:545} INFO - Filling up the DagBag from /home/airflow/.local/lib/python3.12/site-packages/airflow/example_dags/tutorial_dag.py
[2026-08-27T14:54:51.146+0000] {processor.py:840} INFO - DAG(s) 'tutorial_dag' retrieved from /home/airflow/.local/lib/python3.12/site-packages/airflow/example_dags/tutorial_dag.py
[2026-08-27T14:54:51.196+0000] {logging_mixin.py:188} INFO - [2026-08-27T14:54:51.195+0000] {dag.py:3096} INFO - Sync 1 DAGs
[2026-08-27T14:54:51.227+0000] {logging_mixin.py:188} INFO - [2026-08-27T14:54:51.226+0000] {dag.py:3954} INFO - Setting next_dagrun for tutorial_dag to None, run_after=None
[2026-08-27T14:54:51.263+0000] {processor.py:183} INFO - Processing /home/airflow/.local/lib/python3.12/site-packages/airflow/example_dags/tutorial_dag.py took 0.146 seconds
[2026-08-27T14:55:24.802+0000] {processor.py:161} INFO - Started process (PID=153) to work on /home/airflow/.local/lib/python3.12/site-packages/airflow/example_dags/tutorial_dag.py
[2026-08-27T14:55:24.815+0000] {processor.py:830} INFO - Processing file /home/airflow/.local/lib/python3.12/site-packages/airflow/example_dags/tutorial_dag.py for tasks to queue
[2026-08-27T14:55:24.820+0000] {logging_mixin.py:188} INFO - [2026-08-27T14:55:24.819+0000] {dagbag.py:545} INFO - Filling up the DagBag from /home/airflow/.local/lib/python3.12/site-packages/airflow/example_dags/tutorial_dag.py
[2026-08-27T14:55:24.866+0000] {processor.py:840} INFO - DAG(s) 'tutorial_dag' retrieved from /home/airflow/.local/lib/python3.12/site-packages/airflow/example_dags/tutorial_dag.py
[2026-08-27T14:55:25.612+0000] {logging_mixin.py:188} INFO - [2026-08-27T14:55:25.611+0000] {dag.py:3096} INFO - Sync 1 DAGs
[2026-08-27T14:55:25.698+0000] {logging_mixin.py:188} INFO - [2026-08-27T14:55:25.697+0000] {dag.py:3954} INFO - Setting next_dagrun for tutorial_dag to None, run_after=None
[2026-08-27T14:55:25.865+0000] {processor.py:183} INFO - Processing /home/airflow/.local/lib/python3.12/site-packages/airflow/example_dags/tutorial_dag.py took 1.094 seconds
[2026-08-27T14:55:56.612+0000] {processor.py:161} INFO - Started process (PID=212) to work on /home/airflow/.local/lib/python3.12/site-packages/airflow/example_dags/tutorial_dag.py
[2026-08-27T14:55:56.613+0000] {processor.py:830} INFO - Processing file /home/airflow/.local/lib/python3.12/site-packages/airflow/example_dags/tutorial_dag.py for tasks to queue
[2026-08-27T14:55:56.615+0000] {logging_mixin.py:188} INFO - [2026-08-27T14:55:56.615+0000] {dagbag.py:545} INFO - Filling up the DagBag from /home/airflow/.local/lib/python3.12/site-packages/airflow/example_dags/tutorial_dag.py
[2026-08-27T14:55:56.623+0000] {processor.py:840} INFO - DAG(s) 'tutorial_dag' retrieved from /home/airflow/.local/lib/python3.12/site-packages/airflow/example_dags/tutorial_dag.py
[2026-08-27T14:55:56.646+0000] {logging_mixin.py:188} INFO - [2026-08-27T14:55:56.645+0000] {dag.py:3096} INFO - Sync 1 DAGs
[2026-08-27T14:55:56.662+0000] {logging_mixin.py:188} INFO - [2026-08-27T14:55:56.661+0000] {dag.py:3954} INFO - Setting next_dagrun for tutorial_dag to None, run_after=None
[2026-08-27T14:55:56.691+0000] {processor.py:183} INFO - Processing /home/airflow/.local/lib/python3.12/site-packages/airflow/example_dags/tutorial_dag.py took 0.086 seconds
[2026-08-27T14:56:27.096+0000] {processor.py:161} INFO - Started process (PID=272) to work on /home/airflow/.local/lib/python3.12/site-packages/airflow/example_dags/tutorial_dag.py
[2026-08-27T14:56:27.098+0000] {processor.py:830} INFO - Processing file /home/airflow/.local/lib/python3.12/site-packages/airflow/example_dags/tutorial_dag.py for tasks to queue
[2026-08-27T14:56:27.100+0000] {logging_mixin.py:188} INFO - [2026-08-27T14:56:27.099+0000] {dagbag.py:545} INFO - Filling up the DagBag from /home/airflow/.local/lib/python3.12/site-packages/airflow/example_dags/tutorial_dag.py
[2026-08-27T14:56:27.106+0000] {processor.py:840} INFO - DAG(s) 'tutorial_dag' retrieved from /home/airflow/.local/lib/python3.12/site-packages/airflow/example_dags/tutorial_dag.py
[2026-08-27T14:56:27.130+0000] {logging_mixin.py:188} INFO - [2026-08-27T14:56:27.130+0000] {dag.py:3096} INFO - Sync 1 DAGs
[2026-08-27T14:56:27.146+0000] {logging_mixin.py:188} INFO - [2026-08-27T14:56:27.145+0000] {dag.py:3954} INFO - Setting next_dagrun for tutorial_dag to None, run_after=None
[2026-08-27T14:56:27.167+0000] {processor.py:183} INFO - Processing /home/airflow/.local/lib/python3.12/site-packages/airflow/example_dags/tutorial_dag.py took 0.078 seconds
[2026-08-27T14:56:57.751+0000] {processor.py:161} INFO - Started process (PID=332) to work on /home/airflow/.local/lib/python3.12/site-packages/airflow/example_dags/tutorial_dag.py
[2026-08-27T14:56:57.753+0000] {processor.py:830} INFO - Processing file /home/airflow/.local/lib/python3.12/site-packages/airflow/example_dags/tutorial_dag.py for tasks to queue
[2026-08-27T14:56:57.757+0000] {logging_mixin.py:188} INFO - [2026-08-27T14:56:57.756+0000] {dagbag.py:545} INFO - Filling up the DagBag from /home/airflow/.local/lib/python3.12/site-packages/airflow/example_dags/tutorial_dag.py
[2026-08-27T14:56:57.771+0000] {processor.py:840} INFO - DAG(s) 'tutorial_dag' retrieved from /home/airflow/.local/lib/python3.12/site-packages/airflow/example_dags/tutorial_dag.py
[2026-08-27T14:56:57.810+0000] {logging_mixin.py:188} INFO - [2026-08-27T14:56:57.810+0000] {dag.py:3096} INFO - Sync 1 DAGs
[2026-08-27T14:56:57.831+0000] {logging_mixin.py:188} INFO - [2026-08-27T14:56:57.830+0000] {dag.py:3954} INFO - Setting next_dagrun for tutorial_dag to None, run_after=None
[2026-08-27T14:56:57.863+0000] {processor.py:183} INFO - Processing /home/airflow/.local/lib/python3.12/site-packages/airflow/example_dags/tutorial_dag.py took 0.124 seconds
[2026-08-27T14:57:28.362+0000] {processor.py:161} INFO - Started process (PID=392) to work on /home/airflow/.local/lib/python3.12/site-packages/airflow/example_dags/tutorial_dag.py
[2026-08-27T14:57:28.364+0000] {processor.py:830} INFO - Processing file /home/airflow/.local/lib/python3.12/site-packages/airflow/example_dags/tutorial_dag.py for tasks to queue
[2026-08-27T14:57:28.366+0000] {logging_mixin.py:188} INFO - [2026-08-27T14:57:28.366+0000] {dagbag.py:545} INFO - Filling up the DagBag from /home/airflow/.local/lib/python3.12/site-packages/airflow/example_dags/tutorial_dag.py
[2026-08-27T14:57:28.374+0000] {processor.py:840} INFO - DAG(s) 'tutorial_dag' retrieved from /home/airflow/.local/lib/python3.12/site-packages/airflow/example_dags/tutorial_dag.py
[2026-08-27T14:57:28.403+0000] {logging_mixin.py:188} INFO - [2026-08-27T14:57:28.403+0000] {dag.py:3096} INFO - Sync 1 DAGs
[2026-08-27T14:57:28.420+0000] {logging_mixin.py:188} INFO - [2026-08-27T14:57:28.419+0000] {dag.py:3954} INFO - Setting next_dagrun for tutorial_dag to None, run_after=None
[2026-08-27T14:57:28.447+0000] {processor.py:183} INFO - Processing /home/airflow/.local/lib/python3.12/site-packages/airflow/example_dags/tutorial_dag.py took 0.092 seconds
[2026-08-27T14:57:58.818+0000] {processor.py:161} INFO - Started process (PID=452) to work on /home/airflow/.local/lib/python3.12/site-packages/airflow/example_dags/tutorial_dag.py
[2026-08-27T14:57:58.819+0000] {processor.py:830} INFO - Processing file /home/airflow/.local/lib/python3.12/site-packages/airflow/example_dags/tutorial_dag.py for tasks to queue
[2026-08-27T14:57:58.823+0000] {logging_mixin.py:188} INFO - [2026-08-27T14:57:58.822+0000] {dagbag.py:545} INFO - Filling up the DagBag from /home/airflow/.local/lib/python3.12/site-packages/airflow/example_dags/tutorial_dag.py
[2026-08-27T14:57:58.832+0000] {processor.py:840} INFO - DAG(s) 'tutorial_dag' retrieved from /home/airflow/.local/lib/python3.12/site-packages/airflow/example_dags/tutorial_dag.py
[2026-08-27T14:57:58.861+0000] {logging_mixin.py:188} INFO - [2026-08-27T14:57:58.860+0000] {dag.py:3096} INFO - Sync 1 DAGs
[2026-08-27T14:57:58.879+0000] {logging_mixin.py:188} INFO - [2026-08-27T14:57:58.878+0000] {dag.py:3954} INFO - Setting next_dagrun for tutorial_dag to None, run_after=None
[2026-08-27T14:57:58.937+0000] {processor.py:183} INFO - Processing /home/airflow/.local/lib/python3.12/site-packages/airflow/example_dags/tutorial_dag.py took 0.129 seconds
[2026-08-27T14:58:29.524+0000] {processor.py:161} INFO - Started process (PID=512) to work on /home/airflow/.local/lib/python3.12/site-packages/airflow/example_dags/tutorial_dag.py
[2026-08-27T14:58:29.543+0000] {processor.py:830} INFO - Processing file /home/airflow/.local/lib/python3.12/site-packages/airflow/example_dags/tutorial_dag.py for tasks to queue
[2026-08-27T14:58:29.546+0000] {logging_mixin.py:188} INFO - [2026-08-27T14:58:29.545+0000] {dagbag.py:545} INFO - Filling up the DagBag from /home/airflow/.local/lib/python3.12/site-packages/airflow/example_dags/tutorial_dag.py
[2026-08-27T14:58:29.553+0000] {processor.py:840} INFO - DAG(s) 'tutorial_dag' retrieved from /home/airflow/.local/lib/python3.12/site-packages/airflow/example_dags/tutorial_dag.py
[2026-08-27T14:58:29.581+0000] {logging_mixin.py:188} INFO - [2026-08-27T14:58:29.581+0000] {dag.py:3096} INFO - Sync 1 DAGs
[2026-08-27T14:58:29.598+0000] {logging_mixin.py:188} INFO - [2026-08-27T14:58:29.597+0000] {dag.py:3954} INFO - Setting next_dagrun for tutorial_dag to None, run_after=None
[2026-08-27T14:58:29.622+0000] {processor.py:183} INFO - Processing /home/airflow/.local/lib/python3.12/site-packages/airflow/example_dags/tutorial_dag.py took 0.105 seconds
