[2026-08-24T14:50:36.505+0000] {local_task_job_runner.py:120} INFO - ::group::Pre task execution logs
[2026-08-24T14:50:36.531+0000] {taskinstance.py:2076} INFO - Dependencies all met for dep_context=non-requeueable deps ti=<TaskInstance: dag_pipeline_ecommerce_olist.modelagem_datawarehouse manual__2026-08-24T14:36:37.273639+00:00 [queued]>
[2026-08-24T14:50:36.541+0000] {taskinstance.py:2076} INFO - Dependencies all met for dep_context=requeueable deps ti=<TaskInstance: dag_pipeline_ecommerce_olist.modelagem_datawarehouse manual__2026-08-24T14:36:37.273639+00:00 [queued]>
[2026-08-24T14:50:36.542+0000] {taskinstance.py:2306} INFO - Starting attempt 1 of 3
[2026-08-24T14:50:36.561+0000] {taskinstance.py:2330} INFO - Executing <Task(PythonOperator): modelagem_datawarehouse> on 2026-08-24 14:36:37.273639+00:00
[2026-08-24T14:50:36.571+0000] {warnings.py:110} WARNING - /home/***/.local/lib/python3.12/site-packages/***/task/task_runner/standard_task_runner.py:61: DeprecationWarning: This process (pid=134) is multi-threaded, use of fork() may lead to deadlocks in the child.
  pid = os.fork()

[2026-08-24T14:50:36.573+0000] {standard_task_runner.py:63} INFO - Started process 137 to run task
[2026-08-24T14:50:36.573+0000] {standard_task_runner.py:90} INFO - Running: ['***', 'tasks', 'run', 'dag_pipeline_ecommerce_olist', 'modelagem_datawarehouse', 'manual__2026-08-24T14:36:37.273639+00:00', '--job-id', '167', '--raw', '--subdir', 'DAGS_FOLDER/dag_pipeline.py', '--cfg-path', '/tmp/tmp4wdurq26']
[2026-08-24T14:50:36.575+0000] {standard_task_runner.py:91} INFO - Job 167: Subtask modelagem_datawarehouse
[2026-08-24T14:50:36.645+0000] {task_command.py:426} INFO - Running <TaskInstance: dag_pipeline_ecommerce_olist.modelagem_datawarehouse manual__2026-08-24T14:36:37.273639+00:00 [running]> on host ed2695f59d10
[2026-08-24T14:50:36.775+0000] {taskinstance.py:2648} INFO - Exporting env vars: AIRFLOW_CTX_DAG_OWNER='Tailan' AIRFLOW_CTX_DAG_ID='dag_pipeline_ecommerce_olist' AIRFLOW_CTX_TASK_ID='modelagem_datawarehouse' AIRFLOW_CTX_EXECUTION_DATE='2026-08-24T14:36:37.273639+00:00' AIRFLOW_CTX_TRY_NUMBER='1' AIRFLOW_CTX_DAG_RUN_ID='manual__2026-08-24T14:36:37.273639+00:00'
[2026-08-24T14:50:36.777+0000] {taskinstance.py:430} INFO - ::endgroup::
[2026-08-24T14:50:36.895+0000] {transform_bqg.py:25} WARNING - Nenhum arquivo sql encontrado na pasta /opt/***/pipeline/sql
[2026-08-24T14:50:36.896+0000] {python.py:237} INFO - Done. Returned value was: None
[2026-08-24T14:50:36.897+0000] {taskinstance.py:441} INFO - ::group::Post task execution logs
[2026-08-24T14:50:36.907+0000] {taskinstance.py:1206} INFO - Marking task as SUCCESS. dag_id=dag_pipeline_ecommerce_olist, task_id=modelagem_datawarehouse, run_id=manual__2026-08-24T14:36:37.273639+00:00, execution_date=20260824T143637, start_date=20260824T145036, end_date=20260824T145036
[2026-08-24T14:50:36.949+0000] {local_task_job_runner.py:240} INFO - Task exited with return code 0
[2026-08-24T14:50:36.968+0000] {taskinstance.py:3498} INFO - 0 downstream tasks scheduled from follow-on schedule check
[2026-08-24T14:50:36.975+0000] {local_task_job_runner.py:222} INFO - ::endgroup::
