[2026-08-24T14:24:05.700+0000] {local_task_job_runner.py:120} INFO - ::group::Pre task execution logs
[2026-08-24T14:24:05.734+0000] {taskinstance.py:2076} INFO - Dependencies all met for dep_context=non-requeueable deps ti=<TaskInstance: dag_pipeline_ecommerce_olist.transformacao_dados scheduled__2026-08-23T00:00:00+00:00 [queued]>
[2026-08-24T14:24:05.745+0000] {taskinstance.py:2076} INFO - Dependencies all met for dep_context=requeueable deps ti=<TaskInstance: dag_pipeline_ecommerce_olist.transformacao_dados scheduled__2026-08-23T00:00:00+00:00 [queued]>
[2026-08-24T14:24:05.746+0000] {taskinstance.py:2306} INFO - Starting attempt 1 of 3
[2026-08-24T14:24:05.768+0000] {taskinstance.py:2330} INFO - Executing <Task(PythonOperator): transformacao_dados> on 2026-08-23 00:00:00+00:00
[2026-08-24T14:24:05.777+0000] {warnings.py:110} WARNING - /home/***/.local/lib/python3.12/site-packages/***/task/task_runner/standard_task_runner.py:61: DeprecationWarning: This process (pid=143) is multi-threaded, use of fork() may lead to deadlocks in the child.
  pid = os.fork()

[2026-08-24T14:24:05.779+0000] {standard_task_runner.py:63} INFO - Started process 145 to run task
[2026-08-24T14:24:05.780+0000] {standard_task_runner.py:90} INFO - Running: ['***', 'tasks', 'run', 'dag_pipeline_ecommerce_olist', 'transformacao_dados', 'scheduled__2026-08-23T00:00:00+00:00', '--job-id', '144', '--raw', '--subdir', 'DAGS_FOLDER/dag_pipeline.py', '--cfg-path', '/tmp/tmpnzk8o9gm']
[2026-08-24T14:24:05.782+0000] {standard_task_runner.py:91} INFO - Job 144: Subtask transformacao_dados
[2026-08-24T14:24:05.861+0000] {task_command.py:426} INFO - Running <TaskInstance: dag_pipeline_ecommerce_olist.transformacao_dados scheduled__2026-08-23T00:00:00+00:00 [running]> on host 615f54c85a69
[2026-08-24T14:24:05.979+0000] {taskinstance.py:2648} INFO - Exporting env vars: AIRFLOW_CTX_DAG_OWNER='Tailan' AIRFLOW_CTX_DAG_ID='dag_pipeline_ecommerce_olist' AIRFLOW_CTX_TASK_ID='transformacao_dados' AIRFLOW_CTX_EXECUTION_DATE='2026-08-23T00:00:00+00:00' AIRFLOW_CTX_TRY_NUMBER='1' AIRFLOW_CTX_DAG_RUN_ID='scheduled__2026-08-23T00:00:00+00:00'
[2026-08-24T14:24:05.981+0000] {taskinstance.py:430} INFO - ::endgroup::
[2026-08-24T14:24:05.982+0000] {transform.py:92} INFO - Iniciando trasnformações da camada Silver
[2026-08-24T14:24:06.208+0000] {transform.py:33} INFO - Arquivo customers carregado com sucesso.
[2026-08-24T14:24:06.443+0000] {transform.py:33} INFO - Arquivo geolocation carregado com sucesso.
[2026-08-24T14:24:06.822+0000] {transform.py:33} INFO - Arquivo orders carregado com sucesso.
[2026-08-24T14:24:06.957+0000] {transform.py:33} INFO - Arquivo order_items carregado com sucesso.
[2026-08-24T14:24:07.019+0000] {transform.py:33} INFO - Arquivo order_payments carregado com sucesso.
[2026-08-24T14:24:07.200+0000] {transform.py:33} INFO - Arquivo order_reviews carregado com sucesso.
[2026-08-24T14:24:07.226+0000] {transform.py:33} INFO - Arquivo products carregado com sucesso.
[2026-08-24T14:24:07.234+0000] {transform.py:33} INFO - Arquivo product_category_name_translation carregado com sucesso.
[2026-08-24T14:24:07.243+0000] {transform.py:33} INFO - Arquivo sellers carregado com sucesso.
[2026-08-24T14:24:07.284+0000] {transform.py:49} INFO - Coluna order_purchase_timestamp mudada para o tipo DateTime.
[2026-08-24T14:24:07.314+0000] {transform.py:49} INFO - Coluna order_approved_at mudada para o tipo DateTime.
[2026-08-24T14:24:07.345+0000] {transform.py:49} INFO - Coluna order_delivered_carrier_date mudada para o tipo DateTime.
[2026-08-24T14:24:07.374+0000] {transform.py:49} INFO - Coluna order_delivered_customer_date mudada para o tipo DateTime.
[2026-08-24T14:24:07.388+0000] {transform.py:49} INFO - Coluna order_estimated_delivery_date mudada para o tipo DateTime.
[2026-08-24T14:24:07.483+0000] {transform.py:115} INFO - Iniciando carregamento para a camada Silver
[2026-08-24T14:24:07.637+0000] {transform.py:119} INFO - Tabela customers salva com sucesso.
[2026-08-24T14:24:07.674+0000] {transform.py:119} INFO - Tabela geolocation salva com sucesso.
[2026-08-24T14:24:07.876+0000] {transform.py:119} INFO - Tabela orders salva com sucesso.
[2026-08-24T14:24:08.040+0000] {transform.py:119} INFO - Tabela order_items salva com sucesso.
[2026-08-24T14:24:08.164+0000] {transform.py:119} INFO - Tabela order_payments salva com sucesso.
[2026-08-24T14:24:08.379+0000] {transform.py:119} INFO - Tabela order_reviews salva com sucesso.
[2026-08-24T14:24:08.454+0000] {transform.py:119} INFO - Tabela products salva com sucesso.
[2026-08-24T14:24:08.471+0000] {transform.py:119} INFO - Tabela product_category_name_translation salva com sucesso.
[2026-08-24T14:24:08.504+0000] {transform.py:119} INFO - Tabela sellers salva com sucesso.
[2026-08-24T14:24:08.542+0000] {python.py:237} INFO - Done. Returned value was: None
[2026-08-24T14:24:08.543+0000] {taskinstance.py:441} INFO - ::group::Post task execution logs
[2026-08-24T14:24:08.554+0000] {taskinstance.py:1206} INFO - Marking task as SUCCESS. dag_id=dag_pipeline_ecommerce_olist, task_id=transformacao_dados, run_id=scheduled__2026-08-23T00:00:00+00:00, execution_date=20260823T000000, start_date=20260824T142405, end_date=20260824T142408
[2026-08-24T14:24:08.604+0000] {local_task_job_runner.py:240} INFO - Task exited with return code 0
[2026-08-24T14:24:08.634+0000] {taskinstance.py:3498} INFO - 1 downstream tasks scheduled from follow-on schedule check
[2026-08-24T14:24:08.639+0000] {local_task_job_runner.py:222} INFO - ::endgroup::
